running chunk 1/1 (1 files)
{
  "engine": "ts",
  "cycles": 1550,
  "timeoutMs": 360000,
  "processLimitMs": 3600000,
  "ts_cli": "/data/data/com.termux/files/home/A137442/nars/OpenNARS-304-TS/scripts/cli.mjs",
  "files": 1,
  "passed": 0,
  "failed": 1,
  "java_artifact": null,
  "java_baseline": {
    "path": "/data/data/com.termux/files/home/A137442/nars/OpenNARS-304-TS/.local/304-ts-assets/OpenNARS-304-ts-evidence-archive/g0-java-baseline-frozen-26772af-20260917.jsonl",
    "sha256": "264A3998076869683B374F65584BAA4C0939BF3567E3FC3B76883789A4AEB954",
    "baseline_id": "g0-java-baseline-26772af-20260917",
    "schema": "opennars-304-ts.java-functional-baseline.v1",
    "java_source_commit": "8675b76fe8c21ee20a7b8c1b63408fb05327210d",
    "java_artifact_sha256": "2CF519E1F85C38E38384C7076AA750C730580C612C97CC70C70B361361F273F5"
  },
  "failures": [
    {
      "file": "/data/data/com.termux/files/home/A137442/nars/OpenNARS-304-TS/java-master/src/main/resources/nal/application/toothbrush2.nal",
      "expected": [
        "(^lighter,{SELF},cup)! %1.00;0.39%",
        "(^reshape,{SELF},cup)! %1.00;0.24%"
      ],
      "timeout_ms": 360000,
      "embedded_cycles": 200000,
      "extra_cycles": 1550,
      "duration_ms": 3600014,
      "java": {
        "expected": 2,
        "passed": 2,
        "matched": [
          true,
          true
        ],
        "ok": true
      },
      "ts": {
        "expected": 2,
        "passed": 0,
        "matched": [],
        "ok": false,
        "error": "TypeScript runner stopped at process safety limit of 3600000 ms"
      },
      "parity": false,
      "java_ts_diff": true,
      "both_wrong": false,
      "functional_pass": false,
      "long_cycle_equivalence": {
        "target_cycles": 131072,
        "observed_cycles": 201550,
        "cycle_target_reached": true,
        "marker_standard": "failed",
        "internal_event_standard": "unverified",
        "equivalence_route": "unverified",
        "equivalent": false,
        "status": "marker_failed"
      },
      "performance_budget_ms_per_1024_cycles": 120000,
      "java_marker_time_per_1024_ms": null,
      "ts_marker_time_per_1024_ms": null,
      "marker_time_delta_ms": null,
      "marker_time_delta_per_1024_ms": null,
      "java_marker_timing_complete": null,
      "ts_marker_timing_complete": null,
      "marker_delta_timing_complete": null,
      "ts_performance_within_budget": null,
      "marker_delta_within_budget": null,
      "java_runtime_ms": null,
      "ts_runtime_ms": 3600014,
      "java_runtime_observation": "missing",
      "ts_runtime_observation": "process_limited",
      "reasoning_cycles": 201550,
      "runtime_budget_ms_per_cycle": 117.1875,
      "java_runtime_ms_per_cycle": null,
      "ts_runtime_ms_per_cycle": 17.861642272388984,
      "runtime_delta_ms": null,
      "runtime_delta_ms_per_cycle": null,
      "ts_runtime_slowdown_ratio": null,
      "ts_runtime_within_budget": false,
      "performance_warning": true,
      "timeout_classification": "process_limit",
      "java_thread_mode": null,
      "ts_thread_mode": null,
      "java_exception": false,
      "java_timeout": false,
      "java_stalled": false,
      "java_timeout_reason": null,
      "java_last_progress_cycle": null,
      "java_not_run": null,
      "java_marker_missing": false,
      "ts_exception": false,
      "ts_timeout": false,
      "ts_stalled": false,
      "ts_timeout_reason": null,
      "ts_last_progress_cycle": 185036,
      "ts_not_run": false,
      "ts_marker_missing": true,
      "process_limited": true,
      "java_process_limited": false,
      "ts_process_limited": true,
      "java_process_mode": "frozen-baseline",
      "ts_process_mode": "cold",
      "chunk_index": 0,
      "sequence": 0,
      "process_limit_ms": 3600000,
      "run_key": "{\"engine\":\"ts\",\"cycles\":1550,\"timeoutMs\":360000,\"processLimitMs\":3600000,\"tsMode\":\"cold\",\"tsCli\":\"/data/data/com.termux/files/home/A137442/nars/OpenNARS-304-TS/scripts/cli.mjs\",\"resourceMetrics\":true,\"javaArtifactSha256\":null,\"javaBaselineSha256\":\"264A3998076869683B374F65584BAA4C0939BF3567E3FC3B76883789A4AEB954\"}"
    }
  ]
}
running chunk 1/1 (1 files)
{
  "engine": "ts",
  "cycles": 1550,
  "timeoutMs": 360000,
  "processLimitMs": 3600000,
  "ts_cli": "/data/data/com.termux/files/home/A137442/nars/OpenNARS-304-TS/scripts/cli.mjs",
  "files": 1,
  "passed": 0,
  "failed": 1,
  "java_artifact": null,
  "java_baseline": {
    "path": "/data/data/com.termux/files/home/A137442/nars/OpenNARS-304-TS/.local/304-ts-assets/OpenNARS-304-ts-evidence-archive/g0-java-baseline-frozen-26772af-20260917.jsonl",
    "sha256": "264A3998076869683B374F65584BAA4C0939BF3567E3FC3B76883789A4AEB954",
    "baseline_id": "g0-java-baseline-26772af-20260917",
    "schema": "opennars-304-ts.java-functional-baseline.v1",
    "java_source_commit": "8675b76fe8c21ee20a7b8c1b63408fb05327210d",
    "java_artifact_sha256": "2CF519E1F85C38E38384C7076AA750C730580C612C97CC70C70B361361F273F5"
  },
  "failures": [
    {
      "file": "/data/data/com.termux/files/home/A137442/nars/OpenNARS-304-TS/java-master/src/main/resources/nal/multi_step/nars_multistep_3.nal",
      "expected": [
        "<boy --> (/,taller_than,{Tom},_)>. %1.00;0.45%",
        "<boy --> (/,taller_than,{Tom},_)>. %0.67;0.71%"
      ],
      "timeout_ms": 360000,
      "embedded_cycles": 501012,
      "extra_cycles": 1550,
      "duration_ms": 3600015,
      "java": {
        "expected": 2,
        "passed": 2,
        "matched": [
          true,
          true
        ],
        "ok": true
      },
      "ts": {
        "expected": 2,
        "passed": 0,
        "matched": [],
        "ok": false,
        "error": "TypeScript runner stopped at process safety limit of 3600000 ms"
      },
      "parity": false,
      "java_ts_diff": true,
      "both_wrong": false,
      "functional_pass": false,
      "long_cycle_equivalence": {
        "target_cycles": 131072,
        "observed_cycles": 502562,
        "cycle_target_reached": true,
        "marker_standard": "failed",
        "internal_event_standard": "unverified",
        "equivalence_route": "unverified",
        "equivalent": false,
        "status": "marker_failed"
      },
      "performance_budget_ms_per_1024_cycles": 120000,
      "java_marker_time_per_1024_ms": null,
      "ts_marker_time_per_1024_ms": null,
      "marker_time_delta_ms": null,
      "marker_time_delta_per_1024_ms": null,
      "java_marker_timing_complete": null,
      "ts_marker_timing_complete": null,
      "marker_delta_timing_complete": null,
      "ts_performance_within_budget": null,
      "marker_delta_within_budget": null,
      "java_runtime_ms": null,
      "ts_runtime_ms": 3600015,
      "java_runtime_observation": "missing",
      "ts_runtime_observation": "process_limited",
      "reasoning_cycles": 502562,
      "runtime_budget_ms_per_cycle": 117.1875,
      "java_runtime_ms_per_cycle": null,
      "ts_runtime_ms_per_cycle": 7.1633251220744905,
      "runtime_delta_ms": null,
      "runtime_delta_ms_per_cycle": null,
      "ts_runtime_slowdown_ratio": null,
      "ts_runtime_within_budget": false,
      "performance_warning": true,
      "timeout_classification": "process_limit",
      "java_thread_mode": null,
      "ts_thread_mode": null,
      "java_exception": false,
      "java_timeout": false,
      "java_stalled": false,
      "java_timeout_reason": null,
      "java_last_progress_cycle": null,
      "java_not_run": null,
      "java_marker_missing": false,
      "ts_exception": false,
      "ts_timeout": false,
      "ts_stalled": false,
      "ts_timeout_reason": null,
      "ts_last_progress_cycle": 341112,
      "ts_not_run": false,
      "ts_marker_missing": true,
      "process_limited": true,
      "java_process_limited": false,
      "ts_process_limited": true,
      "java_process_mode": "frozen-baseline",
      "ts_process_mode": "cold",
      "chunk_index": 0,
      "sequence": 0,
      "process_limit_ms": 3600000,
      "run_key": "{\"engine\":\"ts\",\"cycles\":1550,\"timeoutMs\":360000,\"processLimitMs\":3600000,\"tsMode\":\"cold\",\"tsCli\":\"/data/data/com.termux/files/home/A137442/nars/OpenNARS-304-TS/scripts/cli.mjs\",\"resourceMetrics\":true,\"javaArtifactSha256\":null,\"javaBaselineSha256\":\"264A3998076869683B374F65584BAA4C0939BF3567E3FC3B76883789A4AEB954\"}"
    }
  ]
}
