running chunk 1/244 (1 files)
running chunk 2/244 (1 files)
running chunk 3/244 (1 files)
running chunk 4/244 (1 files)
running chunk 5/244 (1 files)
running chunk 6/244 (1 files)
running chunk 7/244 (1 files)
running chunk 8/244 (1 files)
running chunk 9/244 (1 files)
running chunk 10/244 (1 files)
running chunk 11/244 (1 files)
running chunk 12/244 (1 files)
running chunk 13/244 (1 files)
running chunk 14/244 (1 files)
running chunk 15/244 (1 files)
running chunk 16/244 (1 files)
running chunk 17/244 (1 files)
running chunk 18/244 (1 files)
running chunk 19/244 (1 files)
running chunk 20/244 (1 files)
running chunk 21/244 (1 files)
running chunk 22/244 (1 files)
running chunk 23/244 (1 files)
running chunk 24/244 (1 files)
running chunk 25/244 (1 files)
running chunk 26/244 (1 files)
running chunk 27/244 (1 files)
running chunk 28/244 (1 files)
running chunk 29/244 (1 files)
running chunk 30/244 (1 files)
running chunk 31/244 (1 files)
running chunk 32/244 (1 files)
running chunk 33/244 (1 files)
running chunk 34/244 (1 files)
running chunk 35/244 (1 files)
running chunk 36/244 (1 files)
running chunk 37/244 (1 files)
running chunk 38/244 (1 files)
running chunk 39/244 (1 files)
running chunk 40/244 (1 files)
running chunk 41/244 (1 files)
running chunk 42/244 (1 files)
running chunk 43/244 (1 files)
running chunk 44/244 (1 files)
running chunk 45/244 (1 files)
running chunk 46/244 (1 files)
running chunk 47/244 (1 files)
running chunk 48/244 (1 files)
running chunk 49/244 (1 files)
running chunk 50/244 (1 files)
running chunk 51/244 (1 files)
running chunk 52/244 (1 files)
running chunk 53/244 (1 files)
running chunk 54/244 (1 files)
running chunk 55/244 (1 files)
running chunk 56/244 (1 files)
running chunk 57/244 (1 files)
running chunk 58/244 (1 files)
running chunk 59/244 (1 files)
running chunk 60/244 (1 files)
running chunk 61/244 (1 files)
running chunk 62/244 (1 files)
running chunk 63/244 (1 files)
running chunk 64/244 (1 files)
running chunk 65/244 (1 files)
running chunk 66/244 (1 files)
running chunk 67/244 (1 files)
running chunk 68/244 (1 files)
running chunk 69/244 (1 files)
running chunk 70/244 (1 files)
running chunk 71/244 (1 files)
running chunk 72/244 (1 files)
running chunk 73/244 (1 files)
running chunk 74/244 (1 files)
running chunk 75/244 (1 files)
running chunk 76/244 (1 files)
running chunk 77/244 (1 files)
running chunk 78/244 (1 files)
running chunk 79/244 (1 files)
running chunk 80/244 (1 files)
running chunk 81/244 (1 files)
running chunk 82/244 (1 files)
running chunk 83/244 (1 files)
running chunk 84/244 (1 files)
running chunk 85/244 (1 files)
running chunk 86/244 (1 files)
running chunk 87/244 (1 files)
running chunk 88/244 (1 files)
running chunk 89/244 (1 files)
running chunk 90/244 (1 files)
running chunk 91/244 (1 files)
running chunk 92/244 (1 files)
running chunk 93/244 (1 files)
running chunk 94/244 (1 files)
running chunk 95/244 (1 files)
running chunk 96/244 (1 files)
running chunk 97/244 (1 files)
running chunk 98/244 (1 files)
running chunk 99/244 (1 files)
running chunk 100/244 (1 files)
running chunk 101/244 (1 files)
running chunk 102/244 (1 files)
running chunk 103/244 (1 files)
running chunk 104/244 (1 files)
running chunk 105/244 (1 files)
running chunk 106/244 (1 files)
running chunk 107/244 (1 files)
running chunk 108/244 (1 files)
running chunk 109/244 (1 files)
running chunk 110/244 (1 files)
running chunk 111/244 (1 files)
running chunk 112/244 (1 files)
running chunk 113/244 (1 files)
running chunk 114/244 (1 files)
running chunk 115/244 (1 files)
running chunk 116/244 (1 files)
running chunk 117/244 (1 files)
running chunk 118/244 (1 files)
running chunk 119/244 (1 files)
running chunk 120/244 (1 files)
running chunk 121/244 (1 files)
running chunk 122/244 (1 files)
running chunk 123/244 (1 files)
running chunk 124/244 (1 files)
running chunk 125/244 (1 files)
running chunk 126/244 (1 files)
running chunk 127/244 (1 files)
running chunk 128/244 (1 files)
running chunk 129/244 (1 files)
running chunk 130/244 (1 files)
running chunk 131/244 (1 files)
running chunk 132/244 (1 files)
running chunk 133/244 (1 files)
running chunk 134/244 (1 files)
running chunk 135/244 (1 files)
running chunk 136/244 (1 files)
running chunk 137/244 (1 files)
running chunk 138/244 (1 files)
running chunk 139/244 (1 files)
running chunk 140/244 (1 files)
running chunk 141/244 (1 files)
running chunk 142/244 (1 files)
running chunk 143/244 (1 files)
running chunk 144/244 (1 files)
running chunk 145/244 (1 files)
running chunk 146/244 (1 files)
running chunk 147/244 (1 files)
running chunk 148/244 (1 files)
running chunk 149/244 (1 files)
running chunk 150/244 (1 files)
running chunk 151/244 (1 files)
running chunk 152/244 (1 files)
running chunk 153/244 (1 files)
running chunk 154/244 (1 files)
running chunk 155/244 (1 files)
running chunk 156/244 (1 files)
running chunk 157/244 (1 files)
running chunk 158/244 (1 files)
running chunk 159/244 (1 files)
running chunk 160/244 (1 files)
running chunk 161/244 (1 files)
running chunk 162/244 (1 files)
running chunk 163/244 (1 files)
running chunk 164/244 (1 files)
running chunk 165/244 (1 files)
running chunk 166/244 (1 files)
running chunk 167/244 (1 files)
running chunk 168/244 (1 files)
running chunk 169/244 (1 files)
running chunk 170/244 (1 files)
running chunk 171/244 (1 files)
running chunk 172/244 (1 files)
running chunk 173/244 (1 files)
running chunk 174/244 (1 files)
running chunk 175/244 (1 files)
running chunk 176/244 (1 files)
running chunk 177/244 (1 files)
running chunk 178/244 (1 files)
running chunk 179/244 (1 files)
running chunk 180/244 (1 files)
running chunk 181/244 (1 files)
running chunk 182/244 (1 files)
running chunk 183/244 (1 files)
running chunk 184/244 (1 files)
running chunk 185/244 (1 files)
running chunk 186/244 (1 files)
running chunk 187/244 (1 files)
running chunk 188/244 (1 files)
running chunk 189/244 (1 files)
running chunk 190/244 (1 files)
running chunk 191/244 (1 files)
running chunk 192/244 (1 files)
running chunk 193/244 (1 files)
running chunk 194/244 (1 files)
running chunk 195/244 (1 files)
running chunk 196/244 (1 files)
running chunk 197/244 (1 files)
running chunk 198/244 (1 files)
running chunk 199/244 (1 files)
running chunk 200/244 (1 files)
running chunk 201/244 (1 files)
running chunk 202/244 (1 files)
running chunk 203/244 (1 files)
running chunk 204/244 (1 files)
running chunk 205/244 (1 files)
running chunk 206/244 (1 files)
running chunk 207/244 (1 files)
running chunk 208/244 (1 files)
running chunk 209/244 (1 files)
running chunk 210/244 (1 files)
running chunk 211/244 (1 files)
running chunk 212/244 (1 files)
running chunk 213/244 (1 files)
running chunk 214/244 (1 files)
running chunk 215/244 (1 files)
running chunk 216/244 (1 files)
running chunk 217/244 (1 files)
running chunk 218/244 (1 files)
running chunk 219/244 (1 files)
running chunk 220/244 (1 files)
running chunk 221/244 (1 files)
running chunk 222/244 (1 files)
running chunk 223/244 (1 files)
running chunk 224/244 (1 files)
running chunk 225/244 (1 files)
running chunk 226/244 (1 files)
running chunk 227/244 (1 files)
running chunk 228/244 (1 files)
running chunk 229/244 (1 files)
running chunk 230/244 (1 files)
running chunk 231/244 (1 files)
running chunk 232/244 (1 files)
running chunk 233/244 (1 files)
running chunk 234/244 (1 files)
running chunk 235/244 (1 files)
running chunk 236/244 (1 files)
running chunk 237/244 (1 files)
running chunk 238/244 (1 files)
running chunk 239/244 (1 files)
running chunk 240/244 (1 files)
running chunk 241/244 (1 files)
running chunk 242/244 (1 files)
running chunk 243/244 (1 files)
running chunk 244/244 (1 files)
{
  "engine": "ts",
  "cycles": 1550,
  "timeoutMs": 180000,
  "processLimitMs": 1800000,
  "ts_cli": "/data/data/com.termux/files/home/A137442/nars/OpenNARS-304-TS/scripts/cli.mjs",
  "files": 244,
  "passed": 242,
  "failed": 2,
  "java_artifact": null,
  "java_baseline": {
    "path": "/data/data/com.termux/files/home/A137442/nars/OpenNARS-304-TS/.local/304-ts-assets/OpenNARS-304-ts-evidence-archive/g0-java-baseline-frozen-26772af-20260917.jsonl",
    "sha256": "264A3998076869683B374F65584BAA4C0939BF3567E3FC3B76883789A4AEB954",
    "baseline_id": "g0-java-baseline-26772af-20260917",
    "schema": "opennars-304-ts.java-functional-baseline.v1",
    "java_source_commit": "8675b76fe8c21ee20a7b8c1b63408fb05327210d",
    "java_artifact_sha256": "2CF519E1F85C38E38384C7076AA750C730580C612C97CC70C70B361361F273F5"
  },
  "failures": [
    {
      "file": "/data/data/com.termux/files/home/A137442/nars/OpenNARS-304-TS/java-master/src/main/resources/nal/application/toothbrush2.nal",
      "expected": [
        "(^lighter,{SELF},cup)! %1.00;0.39%",
        "(^reshape,{SELF},cup)! %1.00;0.24%"
      ],
      "timeout_ms": 180000,
      "embedded_cycles": 200000,
      "extra_cycles": 1550,
      "duration_ms": 1819523,
      "java": {
        "expected": 2,
        "passed": 2,
        "matched": [
          true,
          true
        ],
        "ok": true
      },
      "ts": {
        "expected": 2,
        "passed": 0,
        "matched": [],
        "ok": false,
        "error": "TypeScript runner stopped at process safety limit of 1800000 ms"
      },
      "parity": false,
      "java_ts_diff": true,
      "both_wrong": false,
      "functional_pass": false,
      "long_cycle_equivalence": {
        "target_cycles": 131072,
        "observed_cycles": 201550,
        "cycle_target_reached": true,
        "marker_standard": "failed",
        "internal_event_standard": "unverified",
        "equivalence_route": "unverified",
        "equivalent": false,
        "status": "marker_failed"
      },
      "performance_budget_ms_per_1024_cycles": 120000,
      "java_marker_time_per_1024_ms": null,
      "ts_marker_time_per_1024_ms": null,
      "marker_time_delta_ms": null,
      "marker_time_delta_per_1024_ms": null,
      "java_marker_timing_complete": null,
      "ts_marker_timing_complete": null,
      "marker_delta_timing_complete": null,
      "ts_performance_within_budget": null,
      "marker_delta_within_budget": null,
      "java_runtime_ms": null,
      "ts_runtime_ms": 1819523,
      "java_runtime_observation": "missing",
      "ts_runtime_observation": "process_limited",
      "reasoning_cycles": 201550,
      "runtime_budget_ms_per_cycle": 117.1875,
      "java_runtime_ms_per_cycle": null,
      "ts_runtime_ms_per_cycle": 9.027650707020591,
      "runtime_delta_ms": null,
      "runtime_delta_ms_per_cycle": null,
      "ts_runtime_slowdown_ratio": null,
      "ts_runtime_within_budget": false,
      "performance_warning": true,
      "timeout_classification": "process_limit",
      "java_thread_mode": null,
      "ts_thread_mode": null,
      "java_exception": false,
      "java_timeout": false,
      "java_stalled": false,
      "java_timeout_reason": null,
      "java_last_progress_cycle": null,
      "java_not_run": null,
      "java_marker_missing": false,
      "ts_exception": false,
      "ts_timeout": false,
      "ts_stalled": false,
      "ts_timeout_reason": null,
      "ts_last_progress_cycle": 142886,
      "ts_not_run": false,
      "ts_marker_missing": true,
      "process_limited": true,
      "java_process_limited": false,
      "ts_process_limited": true,
      "java_process_mode": "frozen-baseline",
      "ts_process_mode": "cold",
      "chunk_index": 3,
      "sequence": 3,
      "process_limit_ms": 1800000,
      "run_key": "{\"engine\":\"ts\",\"cycles\":1550,\"timeoutMs\":180000,\"processLimitMs\":1800000,\"tsMode\":\"cold\",\"tsCli\":\"/data/data/com.termux/files/home/A137442/nars/OpenNARS-304-TS/scripts/cli.mjs\",\"resourceMetrics\":true,\"javaArtifactSha256\":null,\"javaBaselineSha256\":\"264A3998076869683B374F65584BAA4C0939BF3567E3FC3B76883789A4AEB954\"}"
    },
    {
      "file": "/data/data/com.termux/files/home/A137442/nars/OpenNARS-304-TS/java-master/src/main/resources/nal/multi_step/nars_multistep_3.nal",
      "expected": [
        "<boy --> (/,taller_than,{Tom},_)>. %1.00;0.45%",
        "<boy --> (/,taller_than,{Tom},_)>. %0.67;0.71%"
      ],
      "timeout_ms": 180000,
      "embedded_cycles": 501012,
      "extra_cycles": 1550,
      "duration_ms": 1800010,
      "java": {
        "expected": 2,
        "passed": 2,
        "matched": [
          true,
          true
        ],
        "ok": true
      },
      "ts": {
        "expected": 2,
        "passed": 0,
        "matched": [],
        "ok": false,
        "error": "TypeScript runner stopped at process safety limit of 1800000 ms"
      },
      "parity": false,
      "java_ts_diff": true,
      "both_wrong": false,
      "functional_pass": false,
      "long_cycle_equivalence": {
        "target_cycles": 131072,
        "observed_cycles": 502562,
        "cycle_target_reached": true,
        "marker_standard": "failed",
        "internal_event_standard": "unverified",
        "equivalence_route": "unverified",
        "equivalent": false,
        "status": "marker_failed"
      },
      "performance_budget_ms_per_1024_cycles": 120000,
      "java_marker_time_per_1024_ms": null,
      "ts_marker_time_per_1024_ms": null,
      "marker_time_delta_ms": null,
      "marker_time_delta_per_1024_ms": null,
      "java_marker_timing_complete": null,
      "ts_marker_timing_complete": null,
      "marker_delta_timing_complete": null,
      "ts_performance_within_budget": null,
      "marker_delta_within_budget": null,
      "java_runtime_ms": null,
      "ts_runtime_ms": 1800010,
      "java_runtime_observation": "missing",
      "ts_runtime_observation": "process_limited",
      "reasoning_cycles": 502562,
      "runtime_budget_ms_per_cycle": 117.1875,
      "java_runtime_ms_per_cycle": null,
      "ts_runtime_ms_per_cycle": 3.5816675355478527,
      "runtime_delta_ms": null,
      "runtime_delta_ms_per_cycle": null,
      "ts_runtime_slowdown_ratio": null,
      "ts_runtime_within_budget": false,
      "performance_warning": true,
      "timeout_classification": "process_limit",
      "java_thread_mode": null,
      "ts_thread_mode": null,
      "java_exception": false,
      "java_timeout": false,
      "java_stalled": false,
      "java_timeout_reason": null,
      "java_last_progress_cycle": null,
      "java_not_run": null,
      "java_marker_missing": false,
      "ts_exception": false,
      "ts_timeout": false,
      "ts_stalled": false,
      "ts_timeout_reason": null,
      "ts_last_progress_cycle": 274441,
      "ts_not_run": false,
      "ts_marker_missing": true,
      "process_limited": true,
      "java_process_limited": false,
      "ts_process_limited": true,
      "java_process_mode": "frozen-baseline",
      "ts_process_mode": "cold",
      "chunk_index": 24,
      "sequence": 24,
      "process_limit_ms": 1800000,
      "run_key": "{\"engine\":\"ts\",\"cycles\":1550,\"timeoutMs\":180000,\"processLimitMs\":1800000,\"tsMode\":\"cold\",\"tsCli\":\"/data/data/com.termux/files/home/A137442/nars/OpenNARS-304-TS/scripts/cli.mjs\",\"resourceMetrics\":true,\"javaArtifactSha256\":null,\"javaBaselineSha256\":\"264A3998076869683B374F65584BAA4C0939BF3567E3FC3B76883789A4AEB954\"}"
    }
  ]
}
