
> opennars-304-ts@0.1.0 test
> npm run test:unit:serial


> opennars-304-ts@0.1.0 test:unit:serial
> node scripts/testing/run-ts-only-unit-tests.mjs

✔ TLink.getIndex returns correct index for valid level (2.674427ms)
✔ TLink.getIndex returns -1 for invalid level (0.236615ms)
✔ TLink.getIndex with empty indices array (0.345625ms)
✔ TLink.getTarget returns the linked target object (0.259323ms)
✔ TLink.getPriority returns priority value (0.798333ms)
✔ TLink.getPriority returns default priority when not specified (0.171146ms)
✔ TLink.getPriority handles zero priority (0.158177ms)
✔ TLink.getPriority handles maximum priority (0.115312ms)
✔ TLink interface supports generic Term type (0.167031ms)
✔ TLink interface supports generic Task type (0.25776ms)
✔ TLink with multi-level indices maintains order (0.140417ms)
✔ TLink.getIndex returns negative one-based index (Java compatibility) (0.094687ms)
✔ TLink mock implementation preserves immutability (0.133282ms)
✔ TLink interface can be used as type parameter (0.142864ms)
✔ TLink with floating point indices (0.135833ms)
✔ AbstractTerm keeps CharSequence as a type-only project boundary (2.449948ms)
✔ Anticipate keeps a prediction and emits the Java-compatible signal (3.76026ms)
✔ Anticipate keeps Java Prediction identity keys in its outer Map (0.321198ms)
✔ Anticipate removes a confirmed NativeSet value through its Java iterator path (0.790573ms)
✔ Anticipate subscribes and unsubscribes from its cycle events (0.620156ms)
✔ Anticipate deduplicates equal derived terms in its Set boundary (0.463021ms)
✔ Concept stores anticipation entries in a native array (0.652865ms)
✔ ProcessAnticipation accepts the native Map substitution boundary (808.123176ms)
✔ Bag keeps math and string boundaries project-owned (3.687083ms)
✔ Bag.pickOut supports both Java overload shapes (3.236354ms)
✔ Bag rejects invalid overload arity with the project Java exception (1.188021ms)
✔ Bag keeps its observed runtime class identity without jree JavaObject (0.471094ms)
✔ Bag.pickOut keeps a key object with name() on the key overload (1.472188ms)
✔ Bag merges distinct object keys through Java equals semantics (0.774688ms)
✔ Bag recovers Java-equal keys when a restored key hash differs (0.952761ms)
✔ Bag lookup remains Java-equal when the legacy hash bucket is malformed (0.701667ms)
✔ Bag removes an item when a restored hash bucket is not a JS array (0.450729ms)
✔ Bag removes from a restored Java List bucket without rebuilding the bag (0.868281ms)
✔ Bag removes from a restored Java Set bucket through iterator.remove (1.199896ms)
✔ Bag stores priority-level FIFO queues in native arrays (0.524739ms)
✔ Bag keeps the Java HashMap/LinkedHashMap contract with a native Map (3.076511ms)
✔ Bag native iteration preserves LinkedHashMap insertion order across replacement and removal (0.513229ms)
✔ Bag Java iterator and contains preserve value equality (0.559792ms)
✔ Bag takeOut removes each selected item and reaches the empty state (0.638541ms)
✔ Bag keeps native math and string boundaries (0.620208ms)
✔ budget inference narrows Java float parameters before belief feedback (4.161718ms)
✔ rankBelief narrows Java float return values at the budget boundary (0.604167ms)
✔ truthToQuality and the TruthValue budget constructor share Java float semantics (0.647343ms)
✔ BudgetFunctions keeps project-owned enum and exception boundaries (3.950833ms)
✔ BudgetValue uses native string markers (2.976094ms)
✔ BudgetValue keeps runtime compatibility behind project-owned boundaries (0.616563ms)
✔ gate policy keeps a bounded documentation or low-risk source edit at T0 (4.583438ms)
✔ gate policy escalates a hot Bag slice to T1 without spending the cluster-close M1 budget (1.461458ms)
✔ only an explicit enumerated cluster close requires M1-minus (3.953125ms)
✔ gate policy escalates baseline changes and milestone acceptance to T2 (0.54724ms)
✔ gate policy escalates broad production edits (0.665365ms)
✔ source-line gate counts only production TypeScript, excluding tests, reports, docs and JavaScript (0.812448ms)
✔ runtime dependency fingerprint ignores ordering and scripts but detects version changes (18.570104ms)
✔ ComplexEmotions keeps the Java plain-plugin boundary without a jree Object shell (2.592656ms)
✔ ComplexEmotions keeps event text on the native string boundary (0.696666ms)
✔ Emotions keeps math and text on project boundaries (0.428386ms)
✔ CompositionalRules keeps logging and map boundaries project-owned (4.58776ms)
✔ CompositionalRules.powerSet preserves Set order without a temporary List (9.520834ms)
✔ CompositionalRules.powerSet handles empty and singleton sets (0.612448ms)
✔ CompositionalRules.powerSet keeps nested Set equality by value (0.860938ms)
✔ CompositionalRules.introduceVariables keeps Java Map substitution semantics (193.480468ms)
✔ TruthFunctions lookup keeps native boolean varargs and nullable selection (166.194844ms)
✔ Negation, Similarity, and Disjunction avoid direct jree imports (4.038177ms)
✔ CompoundTerm hasVar rejects invalid overloads with the project exception (2.016771ms)
✔ CompoundTerm hasVar preserves the Java argument exception identity (325.424844ms)
✔ CompoundTerm builds names through the project string boundary (2.489323ms)
✔ Concept keeps string and state boundaries project-owned (2.370469ms)
✔ ConfigReader keeps the Java plain-class boundary without a jree Object shell (2.685469ms)
✔ parseConfigXml returns a native configuration tree (7.560833ms)
✔ parseConfigXml rejects empty, missing-root and incomplete configuration (1.178959ms)
✔ embedded default configuration stays byte-for-byte aligned after line-ending normalization (5.835677ms)
✔ Nar accepts explicit configuration text without reading a config file (166.702239ms)
✔ Nar.PluginState keeps the Java lifecycle contract without a jree object shell (148.838854ms)
✔ Nar rejects a path passed to the core string configuration overload (0.849219ms)
✔ Nar records a missing capability instead of loading a Node-only plugin (142.701042ms)
✔ Nar registers the system plugin when the Node capability is supplied (137.029219ms)
✔ PluginRegistry returns a native ordered plugin sequence and diagnostics (0.789531ms)
✔ PluginRegistry consumes Java constructor arguments with float32 narrowing (0.796979ms)
✔ PluginRegistry accepts Java no-argument constructors (0.762344ms)
✔ PluginRegistry diagnoses invalid and repeated registrations without reordering valid instances (0.423594ms)
✔ PluginRegistry accepts an empty plugin section without diagnostics (0.275625ms)
✔ ConfigReader forwards the native plugin sequence without a jree list wrapper (140.728698ms)
✔ Nar exposes a live native read-only plugin list (134.720729ms)
✔ Conjunction, Inheritance, and Interval avoid direct jree argument/state exceptions (2.57599ms)
✔ Conjunction and Interval preserve project-owned argument exception identity (0.996354ms)
✔ Inheritance clone preserves project-owned argument exception identity (2.093177ms)
✔ Conjunction uses the project string boundary for generated indices (2.411927ms)
✔ translated term and sentence constructors preserve Java delegation contracts (2051.638281ms)
✔ compound factories flatten transient Java lists with native arrays (84.025938ms)
✔ Product preserves the Java List constructor boundary without a direct jree import (3.124114ms)
✔ Conjunction interval normalization preserves Java order and sums adjacent intervals (1.524062ms)
✔ Sentence normalization keeps duplicate variables in traversal order (3.640156ms)
✔ Sentence normalization keys duplicate variables by Java text value (4.626042ms)
✔ CompoundTerm iterator preserves Guava forArray contract (2.897031ms)
✔ CompoundTerm local lists preserve native storage and Java order (6.02099ms)
✔ decimal perception coordinates remain conceptual like Java Term.get (1.086355ms)
✔ countTermRecursively accepts a null accumulator like Java (3.477812ms)
✔ Concept.getBelief returns null when Java belief selection has no candidate (1107.965416ms)
✔ Sentence.getTruth preserves Java's nullable query accessor (125.92224ms)
✔ DerivationContext currentBeliefLink preserves Java null lifecycle (130.777813ms)
✔ DerivationContext delayed execution state starts null and requires explicit registration (123.322812ms)
✔ DerivationContext double-premise results use the native ordered buffer (126.783959ms)
✔ TemporalRules returns the native ordered derivation buffer (126.953698ms)
✔ DerivationContext lazily builds and caches the Java newStamp (120.004114ms)
✔ ProcessGoal executable precondition preserves Java default metadata (0.892396ms)
✔ ProcessJudgment treats an empty Java Optional search as a null result (119.891718ms)
✔ ProcessGoal question staging preserves the emitted question with a native buffer (122.546718ms)
✔ ProcessGoal keeps the native general-precondition buffer iterable (118.885938ms)
✔ ProcessGoal keeps temporary substitution maps as native Map implementations (129.634167ms)
✔ FunctionOperator emits native array feedback through Operator.call (114.574843ms)
✔ Want emits native array feedback through Operator.call (114.537864ms)
✔ Evaluate emits native array feedback through Operator.call (124.767188ms)
✔ Wonder emits native array feedback after mental operator boundary migration (140.067656ms)
✔ Believe emits native array feedback after the remaining operator migration (128.232761ms)
✔ Believe keeps Java's null truth exception boundary (134.263645ms)
✔ Abbreviation emits native array feedback for empty and single-task results (161.331093ms)
✔ set factories use native equality-aware intersection and difference (4.652865ms)
✔ Stamp tense lookup uses Java temporal order constants (1.567448ms)
✔ Stamp long time arithmetic preserves bigint inputs at the boundary (1.159011ms)
✔ mixed runtime long values preserve temporal projection and interval normalization (5.0075ms)
✔ Nar explicit long overload accepts JavaScript number and bigint values (241.346249ms)
✔ CompoundTerm equality preserves Java case-sensitive key identity (127.47677ms)
✔ Concept long text preserves Java field labels (124.255885ms)
✔ Narsese truth parsing preserves Java Float.parseFloat boundaries (124.67974ms)
✔ Java implicit Object classes no longer carry a jree JavaObject base (6.641719ms)
✔ static Java utility classes no longer carry a jree JavaObject base (3.293386ms)
✔ ItemPriorityComparator keeps the Java plain comparator boundary (0.575573ms)
✔ Item keeps its value contract while using the project runtime class boundary (1.494532ms)
✔ Operator.ExecutionResult keeps the Java plain event-payload boundary (0.558438ms)
✔ CompoundTerm.ConvRectangle keeps the Java plain data-holder boundary (0.507917ms)
✔ static inference rule classes no longer carry a jree JavaObject base (2.390625ms)
✔ Counting keeps Java's plain-plugin boundary and constructor contracts (1.423073ms)
✔ Counting preserves Java's invalid constructor exception contract (0.631562ms)
✔ DerivationContext keeps project-owned exception and string boundaries (2.124791ms)
✔ Distributor fills order with expected counts (4.606979ms)
✔ Distributor.next cycles through capacity (0.489844ms)
✔ Distributor rejects non-positive range (1.017343ms)
✔ Emotions keeps the Java plain-plugin boundary and float constructor contract (1.571198ms)
✔ EventEmitter.set subscribes only to the requested event classes (3.600469ms)
✔ Events keeps the Java plain namespace-holder boundary (0.304167ms)
✔ native event classes keep stable runtime identity tokens (0.251927ms)
✔ EventEmitter uses native map and observer arrays while preserving identity removal (0.163229ms)
✔ EventEmitter.synch applies pending operations in FIFO order (0.293646ms)
✔ EventEmitter preserves native event payload order (0.222135ms)
✔ EventEmitter preserves Java exception boundaries (0.762083ms)
✔ EventHandler accepts Java-style event varargs (0.299479ms)
✔ EventHandler uses the project runtime identity boundary without jree (0.172187ms)
✔ EventHandler preserves the Java illegal-argument boundary (0.360468ms)
✔ OutputHandler preserves the Java illegal-argument boundary (0.323698ms)
✔ TextOutputHandler preserves the Java illegal-argument boundary (0.278229ms)
✔ Events.ConceptNew preserves the Java InferenceEvent constructor contract (0.375521ms)
✔ Events captures stack frames through the project ThreadCompat boundary (0.620416ms)
✔ InferenceEvent keeps optional stack frames in a native ordered array (0.3325ms)
✔ Events.ConceptNew keeps event text on the project-owned string boundary (0.204166ms)
✔ Events.TaskAdd accepts native and Java string reasons at the event boundary (0.350625ms)
✔ TextOutputHandler formats throwable and array output without Java Arrays helpers (135.199792ms)
✔ TextOutputHandler keeps line prefixes on the native string boundary (123.060989ms)
✔ TextOutputHandler.LineOutput accepts project-owned text values (0.322031ms)
✔ TextOutputHandler.openSaveFile accepts project-owned text paths (148.346979ms)
✔ Float32Math narrows Java float operands and results (2.908802ms)
✔ Float32Math covers Java float operation boundaries (0.462448ms)
✔ Float32Math.pow matches Java float storage after Math.pow (0.319583ms)
✔ Float32Math.powDouble preserves Java Math.pow double result (0.373177ms)
✔ Float32Math.truthToQuality preserves Java float complement boundaries (0.442917ms)
✔ ImageExt and ImageInt do not construct jree exception classes directly (2.412239ms)
✔ ImageExt clone and make use project-owned argument/state exceptions (1536.004375ms)
✔ ImageInt clone and make use project-owned argument/state exceptions (28.162448ms)
✔ Image uses project-owned string and hash boundaries (2.140729ms)
✔ Image keeps Java-compatible generated names (1.515729ms)
✔ Implication and Equivalence use project-owned exception classes (2.346458ms)
✔ Implication invalid overloads preserve project exception identity (2.134114ms)
✔ Equivalence invalid overloads preserve project exception identity (1.657187ms)
✔ Implication and Equivalence use project-owned string boundaries (2.195104ms)
✔ Inheritance avoids direct jree String construction for operator checks (2.026406ms)
✔ Nar consumes NAL text and preserves IN creation-time semantics (143.542969ms)
✔ Nar two-argument addInputText accepts project-owned string values (119.073855ms)
✔ InternalExperience keeps the Java plain-plugin boundary and constructor contracts (1.566771ms)
✔ intersection and difference terms avoid direct jree argument/state exceptions (1.874791ms)
✔ intersection factories preserve project-owned argument exceptions (0.826511ms)
✔ difference factories preserve project-owned argument exceptions (0.360729ms)
✔ DifferenceInt keeps its invalid component-count state contract (0.352917ms)
✔ Interval uses the project string boundary for parsing and naming (1.746615ms)
✔ Parser and ConfigReader keep Java input types behind project boundaries (2.319583ms)
✔ Item text methods replace one-shot StringBuilder without changing order (2.617604ms)
✔ Item text methods retain Java null/string conversion at the boundary (0.2625ms)
✔ Item keeps Java runtime types behind project boundaries (0.64901ms)
✔ Java short-array equals preserves null, length, order, and values (2.647969ms)
✔ Java short-array hash follows Arrays.hashCode(short[]) (0.488802ms)
✔ Java Objects.hash uses the project Java value hash contract (0.426719ms)
✔ local parity runner rejects a missing selected Java artifact (174.282083ms)
✔ NAL runner rejects a missing selected Java artifact (172.393333ms)
﹣ local parity rejects the historical 3.1.0 artifact (0.298489ms) # SKIP
﹣ local parity default and explicit selection identify the canonical Java artifact (0.223386ms) # SKIP
﹣ NAL runner rejects the historical 3.1.0 artifact (0.512552ms) # SKIP
﹣ NAL runner can compare TS with the frozen Java baseline without starting Java (0.660312ms) # SKIP
✔ NAL runner rejects a missing frozen Java baseline (185.292552ms)
✔ native Java throwable hierarchy preserves type and message contracts (2.135521ms)
✔ native Java exception layers retain Java-shaped subclassing (0.435157ms)
✔ native Java throwable supports Java-style cause and message updates (0.2675ms)
✔ native Java exception compatibility preserves old jree instanceof checks (0.319427ms)
✔ Statement keeps Java side-enum and native exception boundaries (868.421562ms)
✔ Implication.clone preserves the source term and runtime type (57.455052ms)
✔ Image placeholder recognition keeps Java exact-Term semantics (21.095209ms)
✔ Terms.term preserves the relation index when rebuilding images (672.591666ms)
✔ Terms image/product equivalence keeps Java Set de-duplication (5.801302ms)
✔ CompoundTerm Set helpers preserve Java equality and insertion order (5.740729ms)
✔ CompoundTerm.termList preserves Java Arrays.asList fixed-size semantics (2.607553ms)
✔ LinkedHashSet keeps insertion order for hashable Java objects (4.69776ms)
✔ LinkedHashSet add, remove, and re-add follow Java order (0.481979ms)
﹣ Java and TypeScript local algorithm fixtures remain in parity (1.393594ms) # SKIP
✔ LocalRules keeps math operations on the native boundary (1.914479ms)
✔ M3 benchmark statistics use median and nearest-rank p95 (4.380937ms)
✔ M3 benchmark exposes normalized throughput and marks qualified p95 (1.221718ms)
✔ M3 benchmark requires explicit files and accepts serial repetition settings (1.132344ms)
✔ J2 MapContract substitutes with NativeMap without changing term semantics (3.395416ms)
✔ J2 MapContract accepts Java LinkedHashMap substitution input (1.61ms)
✔ J2 MapContract preserves recursive term counts and insertion order (2.556458ms)
✔ Memory lock marker uses the native boolean contract (2.152865ms)
✔ Memory operator registry adds, replaces, and removes operators by Java text value (131.148489ms)
✔ Memory keeps the Java plain-class boundary without a jree object shell (118.281719ms)
✔ Memory keeps Java iterator calls and native iteration as separate contracts (119.741094ms)
✔ Memory keeps task reason literals native until event conversion (1.921719ms)
✔ Memory accepts native string reasons and preserves Java event payloads (3185.926249ms)
✔ metrics and output conditions load without an ESM initialization cycle (3370.425572ms)
✔ migration codemod repairs only the narrow generic alias shape (797.064375ms)
✔ migration codemod repairs split logical operators (204.588594ms)
✔ migration codemod adds extensions only to relative ESM imports (211.219791ms)
✔ migration scanner ignores Narsese examples in comments, strings, and regex literals (390.22875ms)
✔ Narsese constructor delegation preserves either memory entry point (0.731927ms)
✔ NAL matrix summary separates timeout from an unverified semantic cause (14.746927ms)
✔ NAL matrix summary keeps a process safety limit separate from timeout (1.785209ms)
✔ NAL matrix summary records the observed nal4.7 rule-dispatch hypothesis (1.355937ms)
✔ NAL matrix summary records a longer-budget pass without rewriting the fixed-budget result (1.671562ms)
✔ NAL matrix summary preserves runner provenance for legacy rows (1.45875ms)
✔ NAL runner keeps process exit evidence separate from exception text (5.478333ms)
✔ NAL runner keeps matched markers when another error flag is present (2.714896ms)
✔ NAL runner classifies progressing process limits as warnings (0.377917ms)
✔ NAL runner counts final matched markers even when an exception occurs (5.289896ms)
✔ NAL runner keeps timeout and marker absence as separate observations (0.288542ms)
✔ NAL runner distinguishes a process crash from a single-file timeout (0.420729ms)
✔ NAL runner keeps files after a timeout separate from the timed-out file (0.252448ms)
✔ parity does not become functional pass when both engines miss the marker (1.51ms)
✔ parity exposes Java/TypeScript result differences independently (0.26823ms)
✔ NAL runner reports marker timing against a 120-second-per-1024-cycle budget (0.542448ms)
✔ NAL runner records runtime per reasoning cycle and relative slowdown (0.245104ms)
✔ NAL runner marks stalled runtime as a lower bound instead of a functional verdict (0.258594ms)
✔ NAL runner classifies no-progress watchdog termination independently of performance (0.453177ms)
✔ NAL runner keeps a slow completed process as performance data, not a timeout (0.275052ms)
✔ NAL runner keeps a process safety limit separate from a no-progress timeout (0.294427ms)
✔ NAL runner keeps performance observations separate when a marker is missing (0.23375ms)
✔ marker parity is an equivalence route without requiring 131072 cycles or an internal trace (0.176302ms)
✔ marker parity remains equivalent when an optional internal trace differs (0.321511ms)
✔ 131072-cycle equivalence is available for inputs without Java markers (0.281094ms)
✔ NAL parity rows expose marker equivalence independently of the long-cycle target (0.26875ms)
✔ NAL runner preserves valid rows when stdout contains a diagnostic line (0.562916ms)
✔ NAL runner accepts only structured progress heartbeats (0.372344ms)
✔ NAL runner resets the no-progress watchdog for cycle, command, and marker heartbeats (0.272396ms)
✔ NAL runner preserves expected marker count on timeout rows (0.269011ms)
✔ NAL runner recognizes Windows timeout results with signal and message (0.146094ms)
✔ Tense lookup accepts Java String values at the parser boundary (0.399375ms)
✔ NAL metadata separates embedded and runner-added cycles (0.425469ms)
✔ NAL runner validates and resumes a persisted per-file result (5400.043592ms)
✔ NAL runner selects the explicit M1-- corpus without limit-based truncation (1.51724ms)
✔ NAL runner rejects partial corpus options for M1-- (0.806927ms)
✔ NAL runner records an explicit TypeScript process mode and separates run keys (0.665261ms)
✔ NAL runner rejects duplicate checkpoint rows for one run (1.477343ms)
✔ NAL runner rejects duplicate input files before execution (0.402188ms)
✔ NAL runner persists cold and hot results without overwriting either run (10708.784475ms)
✔ NAL runner keeps hot results isolated from order and cold-process boundaries (18481.167806ms)
✔ NAL runner resumes after a real middle-file timeout and preserves the tail (2013.677447ms)
✔ NAL trace describes ExecutionResult with Java-equivalent operation feedback (5127.431769ms)
✔ Nar configuration keys and state strings stay native (117.320053ms)
✔ Nar diagnostics use native text literals at Java exception boundaries (2.711354ms)
✔ Nar file persistence exposes project-owned text path boundaries (2.179843ms)
✔ Nar internal input helpers keep native string values (150.714427ms)
✔ Nar metadata and configuration paths stay native strings (136.512812ms)
✔ Nar sensory channel registry keeps Java Map and Term equality semantics (138.075729ms)
✔ Nar sensory channel consumer accepts a native string boundary (115.585156ms)
✔ SensoryChannel keeps the Java plain-base class identity contract (119.722135ms)
✔ NarNode network text boundaries stay project-owned (2.364166ms)
✔ NarNode.TargetNar keeps the Java plain network-target boundary (1.440469ms)
✔ NarNode keeps class identity without inheriting jree.JavaObject (2.522448ms)
✔ NarNode stores redirection targets in insertion order (1.900886ms)
✔ Narsese follows the canonical plain-class boundary (138.918125ms)
✔ Narsese parser uses the project string boundary for temporary arguments (1.741927ms)
✔ Narsese preserves temporal statement order from Java relation dispatch (3511.741717ms)
✔ NativeDeque preserves FIFO order and removes from the head (7.350417ms)
✔ NativeDeque iterator.remove preserves the remaining order (1.304531ms)
✔ NativeDeque supports re-adding an iterator match at the tail (0.404844ms)
✔ NativeDeque matches TaskLink's bounded-record eviction condition (0.437032ms)
✔ time and multistep interfaces use native TypeScript values (2.206302ms)
✔ NativeList preserves Java ArrayList insertion and indexed access order (8.777708ms)
✔ NativeList preserves indexed removal and Java-style equality lookup (0.585261ms)
✔ NativeList equality lookup calls equals on the searched value (0.255885ms)
✔ NativeList iterator preserves removal and fail-fast behavior (1.044792ms)
✔ NativeList rejects invalid element and insertion indices (0.468125ms)
✔ native lookup tables preserve Java symbol and tense contracts (1113.593645ms)
✔ Term atom cache normalizes Java and native text keys (415.564947ms)
✔ NativeMap preserves Java Map equality, insertion order, and replacement position (6.883333ms)
✔ NativeMap scans hash collisions and removes indexed records (0.535052ms)
✔ NativeMap preserves equality fallback for object keys without hashCode (0.290937ms)
✔ NativeMap views are live and iterators support Java-style removal (1.207135ms)
✔ NativeMap distinguishes a missing key from a mapped null value (0.261718ms)
✔ NativeMap entry, key, and value views preserve Java removal contracts (0.49599ms)
✔ NativeMap clone, equals, hashCode, and putAll preserve entry values (0.61099ms)
✔ NativeMap iterators allow entry updates and only iterator removal changes version (0.459844ms)
✔ NativeMap count entries match jree LinkedHashMap on equal domain keys (729.325728ms)
✔ NativeMap implements the project MapContract without erasing Map semantics (0.352031ms)
✔ NativeReadOnlyList is a live ordered view over a native array (6.681979ms)
✔ NativeReadOnlyList preserves NativeList equality lookup and rejects mutation (1.714219ms)
✔ NativeSet preserves Java Set equality and insertion order (6.361198ms)
✔ NativeSet uses the searched value as the Java equals receiver (0.368333ms)
✔ NativeSet iterator supports Java remove and fail-fast mutation checks (1.245416ms)
✔ NativeSet.equals follows Java AbstractSet receiver direction (0.483178ms)
✔ NativeSet deduplicates structurally equal Terms used as target Set values (3083.048384ms)
✔ NativeSortedSet preserves TreeSet order and comparator uniqueness (3.664792ms)
✔ NativeSortedSet follows the Java Set equality and hash contract (0.709375ms)
✔ Term.toSortedSet supports retainAll and Java-shaped toArray (0.685157ms)
✔ Task keeps its best solution null until Java sets one (2485.644582ms)
✔ initialized Term names retain their Java string value (1.250208ms)
✔ CompoundTerm rebuilds its name after Java null cache invalidation (1.506198ms)
✔ operator constructors preserve Java string boundaries (2.630208ms)
✔ Feel constructors preserve the Java native String contract (0.410886ms)
✔ FunctionOperator accepts the Java String constructor boundary (0.286146ms)
✔ Reflect.sop preserves the translated Java varargs-array overload (1.945052ms)
✔ Reflect.sop normalizes native and boxed Java string operator names (0.578854ms)
✔ Count preserves Java's invalid-input exception contract (1.174792ms)
✔ Operation and NullOperator preserve Java invalid-argument boundaries (0.475313ms)
✔ Operation.makeName preserves Java StringBuilder text semantics (0.350625ms)
✔ Operation keeps CharSequence and exceptions behind project boundaries (0.665833ms)
✔ Operator.operationExecutionString returns native Java-equivalent output text (0.800469ms)
✔ Operator.addPrefixIfMissing normalizes boxed and native Java String inputs (0.282448ms)
✔ FunctionOperator preserves Java arity and overload exception contracts (0.647708ms)
✔ FunctionOperator copies Java parameter arguments into a fresh shallow array (2.512865ms)
✔ Operator.call preserves null and ordered empty feedback contracts (1.059115ms)
✔ Operator.reportExecution accepts native event payloads at the Java Object boundary (0.497656ms)
✔ Add preserves Java argument and result contracts (1.150364ms)
✔ Add preserves Java StringUtils.isNumeric and Integer.parseInt boundaries (0.901406ms)
✔ Reflect preserves Java argument and overload contracts (0.616614ms)
✔ Anticipate preserves its invalid-constructor exception contract (0.315521ms)
✔ Operator.call preserves its invalid-overload exception contract (0.290521ms)
✔ operator and plugin text boundaries use native strings (2.643645ms)
✔ operator and plugin exceptions use the project-owned exception layer (1.771563ms)
✔ Nar config preserves Java float parameters at the TruthValue clamp boundary (148.951302ms)
✔ Memory.cycles narrows the duration before the Java multiplication (118.454688ms)
✔ Memory.output narrows the volume ratio before the Java subtraction (133.08349ms)
✔ Parameters keeps every Java float default in binary32 (0.380781ms)
✔ Plugin CharSequence boundary accepts Java and native string values (2.114635ms)
✔ Plugin names use a project-owned CharSequence boundary (0.50625ms)
✔ plugin exception boundaries use project-owned Java exception classes (2.291979ms)
✔ ProcessAnticipation uses the project string boundary (1.767552ms)
✔ ProcessGoal keeps project-owned host and collection boundaries (1.965677ms)
✔ ProcessJudgment uses native exception text (1.822136ms)
✔ ProcessQuestion uses project-owned state exceptions (2.151406ms)
✔ jree Random.nextDouble preserves Java's 53-bit value (1.726354ms)
✔ RuleTables keeps project-owned enum and exception boundaries (2.260416ms)
✔ javaStringLength normalizes jree and native string representations (2.208542ms)
✔ javaStringValue applies Java toString before JS interpolation (0.309219ms)
✔ Java string equality and hashing use exact UTF-16 code units (0.557083ms)
✔ jree Double compatibility preserves boxed numeric operations (0.413907ms)
✔ identity hash compatibility is stable and distinguishes object identity (0.27026ms)
✔ missing jree exception compatibility preserves Java inheritance (0.538645ms)
✔ jree object FQN marker is inherited without changing class identity (0.346302ms)
✔ shell starts without loader or jree deprecation warnings (4010.890936ms)
✔ shell reads an external config in the host adapter without warnings (3957.890467ms)
✔ Sentence normalization keeps array copying project-owned (3.356146ms)
✔ Sentence keeps exception construction inside project boundaries (2.838333ms)
✔ serial parameterized runner continues after a case failure (4.05526ms)
✔ src/language/SetExt.ts uses project-owned Java argument exceptions (2.435521ms)
✔ src/language/SetInt.ts uses project-owned Java argument exceptions (0.226615ms)
✔ SetExt and SetInt expose project-owned collection types (1.912708ms)
✔ set operator classes avoid unused direct jree imports (2.662448ms)
✔ SetTensional uses the project-owned Java state exception (2.170052ms)
✔ SetTensional keeps its CharSequence return type project-owned (2.036719ms)
✔ SetTensional builds names through the project string boundary (1.703125ms)
✔ Shell keeps the Java plain-class boundary and ThreadCompat remains local (10.667865ms)
✔ shell parses the Java-like interactive control commands (3.425312ms)
✔ shell rejects invalid automatic cycle counts (0.555312ms)
✔ Node stdin adapter exposes queued bytes through Java InputStream (3.599219ms)
✔ Shell command-line text boundaries accept project-owned strings (4.546667ms)
✔ Similarity, Disjunction, and Negation avoid direct jree argument exceptions (2.23776ms)
✔ Similarity preserves project-owned argument exception identity (3.998229ms)
✔ Disjunction preserves project-owned argument exception identity (0.925885ms)
✔ Negation preserves project-owned argument exception identity (0.535729ms)
✔ checkpoint recovery stays consistent beyond 200 reasoning cycles (4533.315102ms)
✔ snapshot experiment rejects an endpoint checkpoint (1.035729ms)
✔ snapshot experiment preserves checkpoint manifests for process recovery (1774.527447ms)
✔ a fresh recovery entry point matches the zero-run tail and final state (2299.417915ms)
✔ stage digest parser requires the summary contract (4.782187ms)
✔ stage digest comparison returns equality for matching windows (3.098698ms)
✔ stage digest comparison reports the first differing stage and field (0.364896ms)
✔ stage digest comparison distinguishes missing windows from equal empty data (0.210937ms)
✔ stage digest comparison does not ignore pre-cycle input differences (0.297344ms)
✔ stage digest prefix comparison separates matched windows from unfinished execution (0.455833ms)
✔ Stamp keeps class identity and clone without a jree JavaObject shell (2.351302ms)
✔ Stamp.baseOverlap uses BaseEntry value equality, not object identity (0.475209ms)
✔ Stamp.evidenceIsCyclic detects equal BaseEntry values in one evidential base (0.479115ms)
✔ ProcessGoal evidence subset keeps Java BaseEntry equality (1971.513177ms)
✔ Stamp keeps project-owned exception and collection boundaries (2.630938ms)
✔ Stamp occurrence text keeps Java String output without StringBuilder construction (2.191719ms)
✔ Stamp appendOcurrenceTime preserves the caller builder and append contract (0.546927ms)
✔ Stamp name is a cached Java String and invalidates after occurrence changes (0.590261ms)
✔ Node strings are normalized at Narsese input boundaries (149.134166ms)
✔ Narsese compound parsing preserves native argument order (127.301823ms)
✔ Narsese functional operation parsing consumes native operator prefix text (110.259479ms)
✔ StructuralRules sequence array copies preserve Java component order (1980.937812ms)
✔ StructuralRules no longer imports jree for array copies (0.885729ms)
✔ SyllogisticRules uses project-owned argument exceptions (1.930989ms)
✔ Symbols and Narsese use project-owned argument exceptions (2.76651ms)
✔ Symbols keeps the NativeOperator contract without a direct jree import (0.327239ms)
✔ System operator executes its Java-compatible shell contract (25.115052ms)
✔ System operator exposes the Java range term (0.343021ms)
✔ System operator reports a missing host capability explicitly (0.798333ms)
✔ System operator preserves Java empty-result behavior when the host command fails (0.282032ms)
✔ Task keeps project-owned enum and string boundaries (1.977344ms)
✔ Memory refreshes an input Sentence hash after assigning occurrence (174.101927ms)
✔ Task Bag merges Java-equal derived sentences by TruthValue hash (1299.181874ms)
✔ TaskLink.Recording keeps its Java data contract without a jree object shell (2.200104ms)
✔ TemporalInferenceControl uses project host boundaries (2.406302ms)
✔ TemporalInferenceControl filters equal Task values in local attempt set (7.313594ms)
✔ TemporalRules uses project exception boundaries (2.076302ms)
✔ Term does not construct jree argument/state exceptions directly (1.74474ms)
✔ Term invalid overloads preserve project exception identity (0.968177ms)
✔ TermLink prefix preserves Java type, index order, and hexadecimal formatting (2.613959ms)
✔ Terms uses project-owned argument and state exceptions (3.496041ms)
✔ Terms invalid overloads preserve project exception identity (1421.519843ms)
✔ Texts.n2 formats values with two decimals and rounding (3.399271ms)
✔ Texts.n2 rejects out-of-range values (1.067864ms)
✔ Texts.n4 and n1 format fixed decimals (0.418177ms)
✔ Texts.yarn concatenates non-null components (0.386719ms)
✔ Texts.compareTo matches lexicographic ordering (0.541771ms)
✔ ThreadCompat uses native scheduling and preserves the translated call surface (14.980156ms)
✔ ThreadCompat keeps synchronous sleep and native interruption errors (2.158125ms)
✔ commutative conjunction follows Java term ordering for toothbrush goal (3116.073905ms)
✔ scoped variable ordering uses Java code-unit order for commutative intersections (125.008542ms)
✔ default NAR loads the internal experience plugin used by Java toothbrush (113.662396ms)
✔ tensional sets initialize Java-compatible compound complexity (1.920677ms)
✔ budget fields narrow at Java float write boundaries (1.18125ms)
✔ novel-task Bag preserves Java float level selection at the 0.8 boundary (115.867083ms)
✔ utility float accumulators narrow at each Java assignment boundary (1.117552ms)
✔ forgetting narrows Java float parameters before the exponent boundary (1.541041ms)
✔ derived task applies Java float leak operands before multiplication (122.504687ms)
✔ mental operation feedback does not create a Java operation frame (123.414063ms)
✔ sentence rendering preserves Java conceptual decimal visual indices (137.656406ms)
✔ compound-condition TermLink overload preserves Java's leading condition index (118.814479ms)
✔ conditional operation unification substitutes the grounded toothbrush term (132.733646ms)
✔ grounded toothbrush operation produces Java-style execution feedback (131.520364ms)
✔ TruthFunctions keeps project-owned enum and exception boundaries (2.550885ms)
✔ TruthValue constructor assigns fields and keeps Parameters reference (2.357969ms)
✔ TruthValue factory methods map to expected defaults (0.351041ms)
✔ TruthValue clamps confidence based on TRUTH_EPSILON (0.184688ms)
✔ TruthValue expectation and negativity follow formula (0.267292ms)
✔ TruthValue string key is stable and usable in maps (0.289688ms)
✔ TruthValue hashCode preserves Java float/double operand boundaries (0.362187ms)
✔ TruthValue equals uses Java epsilon and ignores analytic metadata (0.279843ms)
✔ TruthValue direct frequency writes preserve Java float storage (0.145573ms)
✔ TruthValue expectation difference is a Java float result (0.226042ms)
✔ TruthValue word terms use the native Term factory and preserve Java words (2.514114ms)
✔ TS-only process policy recognizes direct Java and shell launches (3.063906ms)
✔ TS-only preloader rejects Java launch without invoking a real Java binary (155.326719ms)
✔ five responsibility clusters are stable and expose two to five sentinel NAL files (5.966718ms)
✔ every current production TypeScript file belongs to exactly one responsibility cluster (17.039115ms)
✔ a risk slice selects cluster sentinels and never creates an M1-minus command (1.618906ms)
✔ a cluster close creates one M1-minus command and omits the redundant sentinel run (0.526354ms)
✔ one explicit owner may carry at most one small supporting cluster (0.845469ms)
✔ unknown, untouched and missing-evidence plans fail closed (0.52849ms)
✔ stage acceptance requests live Java, full M1 and strict markerless evidence (0.218645ms)
✔ Variable uses project-owned Java exception classes (2.23625ms)
✔ Variable constructors do not wrap native names with jree String (1.770312ms)
✔ Variables uses project-owned Java exception classes (2.338125ms)
✔ compound hasVar(type) preserves Java variable-kind dispatch (3120.041926ms)
✔ 变量统一会替换操作参数并保留 Operation 运行时类型 (2597.802499ms)
✔ common variable propagation matches Java for commutative unification (1049.419635ms)
✔ commutative unification does not reuse one matched operand index (139.895833ms)
✔ Variables initializes the Java Map pair with native ordered maps (4.352344ms)
✔ default NAR registers VisionChannel and maps decimal coordinates (3750.441613ms)
✔ VisionChannel keeps prototype order in a native array (126.702604ms)
✔ VisualSpace keeps the Java plain-class boundary and image snapshot contract (3.31599ms)
✔ VisualSpace keeps math and operator text on project boundaries (0.520208ms)
ℹ tests 479
ℹ suites 0
ℹ pass 474
ℹ fail 0
ℹ cancelled 0
ℹ skipped 5
ℹ todo 0
ℹ duration_ms 360772.332779
