✔ EventEmitter.set subscribes only to the requested event classes (4.905989ms)
✔ Events keeps the Java plain namespace-holder boundary (0.400781ms)
✔ native event classes keep stable runtime identity tokens (0.289271ms)
✔ EventEmitter uses native map and observer arrays while preserving identity removal (0.280781ms)
✔ EventEmitter.synch applies pending operations in FIFO order (0.490782ms)
✔ EventEmitter preserves native event payload order (0.31875ms)
✔ EventEmitter preserves Java exception boundaries (1.119583ms)
✔ EventHandler accepts Java-style event varargs (0.425625ms)
✔ EventHandler uses the project runtime identity boundary without jree (0.213698ms)
✔ EventHandler preserves the Java illegal-argument boundary (0.491875ms)
✔ OutputHandler preserves the Java illegal-argument boundary (0.386563ms)
✔ TextOutputHandler preserves the Java illegal-argument boundary (0.437084ms)
✔ Events.ConceptNew preserves the Java InferenceEvent constructor contract (0.601041ms)
✔ InferenceEvent keeps optional stack frames in a native ordered array (0.775677ms)
✔ Events.ConceptNew keeps event text on the project-owned string boundary (5.135417ms)
✔ Events.TaskAdd accepts native and Java string reasons at the event boundary (0.543125ms)
✔ TextOutputHandler keeps line prefixes on the native string boundary (161.319844ms)
✔ TextOutputHandler.LineOutput accepts project-owned text values (0.330729ms)
✔ TextOutputHandler.openSaveFile accepts project-owned text paths (171.180468ms)
ℹ tests 19
ℹ suites 0
ℹ pass 19
ℹ fail 0
ℹ cancelled 0
ℹ skipped 0
ℹ todo 0
ℹ duration_ms 7092.867081
