
> opennars-304-ts@0.1.0 test
> npm run test:unit:serial


> opennars-304-ts@0.1.0 test:unit:serial
> node scripts/testing/run-ts-only-unit-tests.mjs

✔ TLink.getIndex returns correct index for valid level (2.32849ms)
✔ TLink.getIndex returns -1 for invalid level (0.693646ms)
✔ TLink.getIndex with empty indices array (0.753646ms)
✔ TLink.getTarget returns the linked target object (0.808802ms)
✔ TLink.getPriority returns priority value (0.887812ms)
✔ TLink.getPriority returns default priority when not specified (0.61625ms)
✔ TLink.getPriority handles zero priority (1.96073ms)
✔ TLink.getPriority handles maximum priority (0.997656ms)
✔ TLink interface supports generic Term type (0.836563ms)
✔ TLink interface supports generic Task type (1.335625ms)
✔ TLink with multi-level indices maintains order (1.922604ms)
✔ TLink.getIndex returns negative one-based index (Java compatibility) (0.608437ms)
✔ TLink mock implementation preserves immutability (0.897343ms)
✔ TLink interface can be used as type parameter (0.611771ms)
✔ TLink with floating point indices (3.850938ms)
✔ AbstractTerm keeps CharSequence as a type-only project boundary (10.321198ms)
✔ Anticipate keeps a prediction and emits the Java-compatible signal (5.890104ms)
✔ Anticipate keeps Java Prediction identity keys in its outer Map (0.524427ms)
✔ Anticipate removes a confirmed NativeSet value through its Java iterator path (1.175156ms)
✔ Anticipate subscribes and unsubscribes from its cycle events (0.899323ms)
✔ Anticipate deduplicates equal derived terms in its Set boundary (0.79552ms)
✔ Concept stores anticipation entries in a native array (0.929948ms)
✔ ProcessAnticipation accepts the native Map substitution boundary (3446.006509ms)
✔ Bag keeps math and string boundaries project-owned (7.841146ms)
✔ Bag.pickOut supports both Java overload shapes (2.448333ms)
✔ Bag rejects invalid overload arity with the project Java exception (0.919636ms)
✔ Bag keeps its observed runtime class identity without jree JavaObject (0.348125ms)
✔ Bag.pickOut keeps a key object with name() on the key overload (1.209531ms)
✔ Bag merges distinct object keys through Java equals semantics (0.569479ms)
✔ Bag recovers Java-equal keys when a restored key hash differs (0.625833ms)
✔ Bag lookup remains Java-equal when the legacy hash bucket is malformed (0.470729ms)
✔ Bag removes an item when a restored hash bucket is not a JS array (0.293802ms)
✔ Bag removes from a restored Java List bucket without rebuilding the bag (0.742032ms)
✔ Bag removes from a restored Java Set bucket through iterator.remove (0.859115ms)
✔ Bag stores priority-level FIFO queues in native arrays (0.374427ms)
✔ Bag keeps the Java HashMap/LinkedHashMap contract with a native Map (2.652448ms)
✔ Bag native iteration preserves LinkedHashMap insertion order across replacement and removal (0.343177ms)
✔ Bag Java iterator and contains preserve value equality (0.468385ms)
✔ Bag takeOut removes each selected item and reaches the empty state (0.482448ms)
✔ Bag keeps native math and string boundaries (0.491042ms)
✔ budget inference narrows Java float parameters before belief feedback (7.271198ms)
✔ rankBelief narrows Java float return values at the budget boundary (0.837031ms)
✔ truthToQuality and the TruthValue budget constructor share Java float semantics (1.065989ms)
✔ BudgetFunctions keeps project-owned enum and exception boundaries (5.433959ms)
✔ BudgetValue uses native string markers (3.867552ms)
✔ BudgetValue keeps runtime compatibility behind project-owned boundaries (0.880573ms)
✔ gate policy keeps a bounded documentation or low-risk source edit at T0 (6.229011ms)
✔ gate policy escalates a hot Bag slice to T1 without spending the cluster-close M1 budget (1.89ms)
✔ only an explicit enumerated cluster close requires M1-minus (5.519896ms)
✔ gate policy escalates baseline changes and milestone acceptance to T2 (0.646458ms)
✔ gate policy escalates broad production edits (1.002812ms)
✔ source-line gate counts only production TypeScript, excluding tests, reports, docs and JavaScript (1.121771ms)
✔ runtime dependency fingerprint ignores ordering and scripts but detects version changes (25.372344ms)
✔ ComplexEmotions keeps the Java plain-plugin boundary without a jree Object shell (3.32875ms)
✔ ComplexEmotions keeps event text on the native string boundary (0.916927ms)
✔ Emotions keeps math and text on project boundaries (0.558594ms)
✔ CompositionalRules keeps logging and map boundaries project-owned (5.763489ms)
✔ CompositionalRules.powerSet preserves Set order without a temporary List (3.935677ms)
✔ CompositionalRules.powerSet handles empty and singleton sets (0.498229ms)
✔ CompositionalRules.powerSet keeps nested Set equality by value (6.293333ms)
✔ CompositionalRules.introduceVariables keeps Java Map substitution semantics (253.532291ms)
✔ TruthFunctions lookup keeps native boolean varargs and nullable selection (211.776823ms)
✔ Negation, Similarity, and Disjunction avoid direct jree imports (3.925469ms)
✔ CompoundTerm hasVar rejects invalid overloads with the project exception (2.056406ms)
✔ CompoundTerm hasVar preserves the Java argument exception identity (713.144948ms)
✔ CompoundTerm builds names through the project string boundary (3.665ms)
✔ Concept keeps string and state boundaries project-owned (2.318593ms)
✔ ConfigReader keeps the Java plain-class boundary without a jree Object shell (2.480781ms)
✔ parseConfigXml returns a native configuration tree (4.242344ms)
✔ parseConfigXml rejects empty, missing-root and incomplete configuration (1.160157ms)
✔ embedded default configuration stays byte-for-byte aligned after line-ending normalization (10.959531ms)
✔ Nar accepts explicit configuration text without reading a config file (156.196041ms)
✔ Nar.PluginState keeps the Java lifecycle contract without a jree object shell (141.026667ms)
✔ Nar rejects a path passed to the core string configuration overload (0.86448ms)
✔ Nar records a missing capability instead of loading a Node-only plugin (141.210625ms)
✔ Nar registers the system plugin when the Node capability is supplied (140.16125ms)
✔ PluginRegistry returns a native ordered plugin sequence and diagnostics (0.704323ms)
✔ PluginRegistry consumes Java constructor arguments with float32 narrowing (0.81625ms)
✔ PluginRegistry accepts Java no-argument constructors (0.643125ms)
✔ PluginRegistry diagnoses invalid and repeated registrations without reordering valid instances (0.332344ms)
✔ PluginRegistry accepts an empty plugin section without diagnostics (0.25474ms)
✔ ConfigReader forwards the native plugin sequence without a jree list wrapper (142.389063ms)
✔ Nar exposes a live native read-only plugin list (152.642604ms)
✔ Conjunction, Inheritance, and Interval avoid direct jree argument/state exceptions (2.305625ms)
✔ Conjunction and Interval preserve project-owned argument exception identity (1.084948ms)
✔ Inheritance clone preserves project-owned argument exception identity (1.988802ms)
✔ Conjunction uses the project string boundary for generated indices (2.338854ms)
✔ translated term and sentence constructors preserve Java delegation contracts (3448.377342ms)
✔ compound factories flatten transient Java lists with native arrays (92.033333ms)
✔ Product preserves the Java List constructor boundary without a direct jree import (6.170157ms)
✔ Conjunction interval normalization preserves Java order and sums adjacent intervals (3.189427ms)
✔ Sentence normalization keeps duplicate variables in traversal order (12.396511ms)
✔ Sentence normalization keys duplicate variables by Java text value (33.124063ms)
✔ CompoundTerm iterator preserves Guava forArray contract (3.711771ms)
✔ CompoundTerm local lists preserve native storage and Java order (9.665313ms)
✔ decimal perception coordinates remain conceptual like Java Term.get (2.559688ms)
✔ countTermRecursively accepts a null accumulator like Java (6.441771ms)
✔ Concept.getBelief returns null when Java belief selection has no candidate (1822.47526ms)
✔ Sentence.getTruth preserves Java's nullable query accessor (145.640677ms)
✔ DerivationContext currentBeliefLink preserves Java null lifecycle (146.971875ms)
✔ DerivationContext delayed execution state starts null and requires explicit registration (143.138437ms)
✔ DerivationContext double-premise results use the native ordered buffer (153.039636ms)
✔ TemporalRules returns the native ordered derivation buffer (151.862865ms)
✔ DerivationContext lazily builds and caches the Java newStamp (201.366093ms)
✔ ProcessGoal executable precondition preserves Java default metadata (4.482448ms)
✔ ProcessJudgment treats an empty Java Optional search as a null result (175.758489ms)
✔ ProcessGoal question staging preserves the emitted question with a native buffer (157.845677ms)
✔ ProcessGoal keeps the native general-precondition buffer iterable (148.021979ms)
✔ ProcessGoal keeps temporary substitution maps as native Map implementations (157.066562ms)
✔ FunctionOperator emits native array feedback through Operator.call (145.555625ms)
✔ Want emits native array feedback through Operator.call (146.010417ms)
✔ Evaluate emits native array feedback through Operator.call (145.152239ms)
✔ Wonder emits native array feedback after mental operator boundary migration (141.846667ms)
✔ Believe emits native array feedback after the remaining operator migration (147.835364ms)
✔ Believe keeps Java's null truth exception boundary (142.796615ms)
✔ Abbreviation emits native array feedback for empty and single-task results (181.886979ms)
✔ set factories use native equality-aware intersection and difference (5.597084ms)
✔ Stamp tense lookup uses Java temporal order constants (3.361718ms)
✔ Stamp long time arithmetic preserves bigint inputs at the boundary (1.491719ms)
✔ mixed runtime long values preserve temporal projection and interval normalization (5.510937ms)
✔ Nar explicit long overload accepts JavaScript number and bigint values (277.433959ms)
✔ CompoundTerm equality preserves Java case-sensitive key identity (162.042448ms)
✔ Concept long text preserves Java field labels (145.075365ms)
✔ Narsese truth parsing preserves Java Float.parseFloat boundaries (142.497968ms)
✔ Java implicit Object classes no longer carry a jree JavaObject base (9.572396ms)
✔ static Java utility classes no longer carry a jree JavaObject base (4.437656ms)
✔ ItemPriorityComparator keeps the Java plain comparator boundary (1.098802ms)
✔ Item keeps its value contract while using the project runtime class boundary (3.402396ms)
✔ Operator.ExecutionResult keeps the Java plain event-payload boundary (1.112656ms)
✔ CompoundTerm.ConvRectangle keeps the Java plain data-holder boundary (0.976875ms)
✔ static inference rule classes no longer carry a jree JavaObject base (8.04625ms)
✔ Counting keeps Java's plain-plugin boundary and constructor contracts (2.070625ms)
✔ Counting preserves Java's invalid constructor exception contract (0.867396ms)
✔ DerivationContext keeps project-owned exception and string boundaries (2.471979ms)
✔ Distributor fills order with expected counts (2.693646ms)
✔ Distributor.next cycles through capacity (0.37875ms)
✔ Distributor rejects non-positive range (0.686667ms)
✔ Emotions keeps the Java plain-plugin boundary and float constructor contract (2.018073ms)
✔ EventEmitter.set subscribes only to the requested event classes (4.678959ms)
✔ Events keeps the Java plain namespace-holder boundary (0.348177ms)
✔ native event classes keep stable runtime identity tokens (0.249792ms)
✔ EventEmitter uses native map and observer arrays while preserving identity removal (0.299688ms)
✔ EventEmitter.synch applies pending operations in FIFO order (0.432083ms)
✔ EventEmitter preserves native event payload order (0.270052ms)
✔ EventEmitter preserves Java exception boundaries (1.165209ms)
✔ EventHandler accepts Java-style event varargs (0.40224ms)
✔ EventHandler uses the project runtime identity boundary without jree (0.18724ms)
✔ EventHandler preserves the Java illegal-argument boundary (0.429844ms)
✔ OutputHandler preserves the Java illegal-argument boundary (0.356146ms)
✔ TextOutputHandler preserves the Java illegal-argument boundary (0.382291ms)
✔ Events.ConceptNew preserves the Java InferenceEvent constructor contract (0.571354ms)
✔ InferenceEvent keeps optional stack frames in a native ordered array (0.798333ms)
✔ Events.ConceptNew keeps event text on the project-owned string boundary (0.300885ms)
✔ Events.TaskAdd accepts native and Java string reasons at the event boundary (0.51875ms)
✔ TextOutputHandler keeps line prefixes on the native string boundary (182.014688ms)
✔ TextOutputHandler.LineOutput accepts project-owned text values (0.330625ms)
✔ TextOutputHandler.openSaveFile accepts project-owned text paths (217.741927ms)
✔ Float32Math narrows Java float operands and results (2.133645ms)
✔ Float32Math covers Java float operation boundaries (0.327552ms)
✔ Float32Math.pow matches Java float storage after Math.pow (0.213281ms)
✔ Float32Math.powDouble preserves Java Math.pow double result (0.231823ms)
✔ Float32Math.truthToQuality preserves Java float complement boundaries (0.314532ms)
✔ ImageExt and ImageInt do not construct jree exception classes directly (2.338802ms)
✔ ImageExt clone and make use project-owned argument/state exceptions (3933.360571ms)
✔ ImageInt clone and make use project-owned argument/state exceptions (40.671979ms)
✔ Image uses project-owned string and hash boundaries (2.185157ms)
✔ Image keeps Java-compatible generated names (1.722396ms)
✔ Implication and Equivalence use project-owned exception classes (2.312031ms)
✔ Implication invalid overloads preserve project exception identity (2.221458ms)
✔ Equivalence invalid overloads preserve project exception identity (1.851875ms)
✔ Implication and Equivalence use project-owned string boundaries (2.305313ms)
✔ Inheritance avoids direct jree String construction for operator checks (2.076197ms)
✔ Nar consumes NAL text and preserves IN creation-time semantics (180.694271ms)
✔ Nar two-argument addInputText accepts project-owned string values (144.78948ms)
✔ InternalExperience keeps the Java plain-plugin boundary and constructor contracts (2.058542ms)
✔ intersection and difference terms avoid direct jree argument/state exceptions (2.371458ms)
✔ intersection factories preserve project-owned argument exceptions (1.104948ms)
✔ difference factories preserve project-owned argument exceptions (0.532969ms)
✔ DifferenceInt keeps its invalid component-count state contract (0.349843ms)
✔ Interval uses the project string boundary for parsing and naming (2.372188ms)
✔ Parser and ConfigReader keep Java input types behind project boundaries (2.331979ms)
✔ Item text methods replace one-shot StringBuilder without changing order (2.888178ms)
✔ Item text methods retain Java null/string conversion at the boundary (0.290104ms)
✔ Item keeps Java runtime types behind project boundaries (0.726198ms)
✔ Java short-array equals preserves null, length, order, and values (4.060937ms)
✔ Java short-array hash follows Arrays.hashCode(short[]) (3.549427ms)
✔ Java Objects.hash uses the project Java value hash contract (0.352083ms)
✔ local parity runner rejects a missing selected Java artifact (210.796458ms)
✔ NAL runner rejects a missing selected Java artifact (205.98724ms)
﹣ local parity rejects the historical 3.1.0 artifact (0.318073ms) # SKIP
﹣ local parity default and explicit selection identify the canonical Java artifact (0.241094ms) # SKIP
﹣ NAL runner rejects the historical 3.1.0 artifact (0.324947ms) # SKIP
﹣ NAL runner can compare TS with the frozen Java baseline without starting Java (0.24349ms) # SKIP
✔ NAL runner rejects a missing frozen Java baseline (197.459219ms)
✔ native Java throwable hierarchy preserves type and message contracts (2.182083ms)
✔ native Java exception layers retain Java-shaped subclassing (0.458125ms)
✔ native Java throwable supports Java-style cause and message updates (0.283229ms)
✔ native Java exception compatibility preserves old jree instanceof checks (0.297292ms)
✔ Statement keeps Java side-enum and native exception boundaries (1385.006926ms)
✔ Implication.clone preserves the source term and runtime type (99.239479ms)
✔ Image placeholder recognition keeps Java exact-Term semantics (32.607031ms)
✔ Terms.term preserves the relation index when rebuilding images (1211.691249ms)
✔ Terms image/product equivalence keeps Java Set de-duplication (11.756615ms)
✔ CompoundTerm Set helpers preserve Java equality and insertion order (9.012083ms)
✔ CompoundTerm.termList preserves Java Arrays.asList fixed-size semantics (3.568646ms)
✔ LinkedHashSet keeps insertion order for hashable Java objects (5.474063ms)
✔ LinkedHashSet add, remove, and re-add follow Java order (0.701823ms)
﹣ Java and TypeScript local algorithm fixtures remain in parity (1.709271ms) # SKIP
✔ LocalRules keeps math operations on the native boundary (2.238385ms)
✔ M3 benchmark statistics use median and nearest-rank p95 (6.588854ms)
✔ M3 benchmark exposes normalized throughput and marks qualified p95 (1.445625ms)
✔ M3 benchmark requires explicit files and accepts serial repetition settings (1.106406ms)
✔ J2 MapContract substitutes with NativeMap without changing term semantics (6.78375ms)
✔ J2 MapContract accepts Java LinkedHashMap substitution input (2.189167ms)
✔ J2 MapContract preserves recursive term counts and insertion order (3.261094ms)
✔ Memory lock marker uses the native boolean contract (2.224896ms)
✔ Memory operator registry adds, replaces, and removes operators by Java text value (164.014687ms)
✔ Memory keeps the Java plain-class boundary without a jree object shell (143.434271ms)
✔ Memory keeps Java iterator calls and native iteration as separate contracts (142.271615ms)
✔ Memory keeps task reason literals native until event conversion (2.367031ms)
✔ Memory accepts native string reasons and preserves Java event payloads (5435.165884ms)
✔ metrics and output conditions load without an ESM initialization cycle (5352.968748ms)
✔ migration codemod repairs only the narrow generic alias shape (947.435573ms)
✔ migration codemod repairs split logical operators (247.358698ms)
✔ migration codemod adds extensions only to relative ESM imports (230.16599ms)
✔ migration scanner ignores Narsese examples in comments, strings, and regex literals (817.98625ms)
✔ Narsese constructor delegation preserves either memory entry point (0.698542ms)
✔ NAL matrix summary separates timeout from an unverified semantic cause (21.625208ms)
✔ NAL matrix summary keeps a process safety limit separate from timeout (2.483906ms)
✔ NAL matrix summary records the observed nal4.7 rule-dispatch hypothesis (3.208333ms)
✔ NAL matrix summary records a longer-budget pass without rewriting the fixed-budget result (3.434844ms)
✔ NAL matrix summary preserves runner provenance for legacy rows (2.340573ms)
✔ NAL runner keeps process exit evidence separate from exception text (3.878385ms)
✔ NAL runner keeps matched markers when another error flag is present (2.430572ms)
✔ NAL runner classifies progressing process limits as warnings (0.420365ms)
✔ NAL runner counts final matched markers even when an exception occurs (11.543646ms)
✔ NAL runner keeps timeout and marker absence as separate observations (0.40474ms)
✔ NAL runner distinguishes a process crash from a single-file timeout (0.410053ms)
✔ NAL runner keeps files after a timeout separate from the timed-out file (0.222917ms)
✔ parity does not become functional pass when both engines miss the marker (7.142187ms)
✔ parity exposes Java/TypeScript result differences independently (0.394792ms)
✔ NAL runner reports marker timing against a 120-second-per-1024-cycle budget (0.646927ms)
✔ NAL runner records runtime per reasoning cycle and relative slowdown (0.287917ms)
✔ NAL runner marks stalled runtime as a lower bound instead of a functional verdict (0.23224ms)
✔ NAL runner classifies no-progress watchdog termination independently of performance (0.965209ms)
✔ NAL runner keeps a slow completed process as performance data, not a timeout (0.748593ms)
✔ NAL runner keeps a process safety limit separate from a no-progress timeout (0.611615ms)
✔ NAL runner keeps performance observations separate when a marker is missing (0.690886ms)
✔ marker parity is an equivalence route without requiring 131072 cycles or an internal trace (0.374219ms)
✔ marker parity remains equivalent when an optional internal trace differs (0.677343ms)
✔ 131072-cycle equivalence is available for inputs without Java markers (0.428125ms)
✔ NAL parity rows expose marker equivalence independently of the long-cycle target (0.729792ms)
✔ NAL runner preserves valid rows when stdout contains a diagnostic line (0.962813ms)
✔ NAL runner accepts only structured progress heartbeats (0.662552ms)
✔ NAL runner resets the no-progress watchdog for cycle, command, and marker heartbeats (1.113958ms)
✔ NAL runner preserves expected marker count on timeout rows (4.362813ms)
✔ NAL runner recognizes Windows timeout results with signal and message (1.025625ms)
✔ Tense lookup accepts Java String values at the parser boundary (0.451146ms)
✔ NAL metadata separates embedded and runner-added cycles (0.464844ms)
✔ NAL runner validates and resumes a persisted per-file result (7357.734008ms)
✔ NAL runner selects the explicit M1-- corpus without limit-based truncation (2.161459ms)
✔ NAL runner rejects partial corpus options for M1-- (1.079739ms)
✔ NAL runner records an explicit TypeScript process mode and separates run keys (0.822969ms)
✔ NAL runner rejects duplicate checkpoint rows for one run (1.948437ms)
✔ NAL runner rejects duplicate input files before execution (0.528072ms)
✔ NAL runner persists cold and hot results without overwriting either run (13138.929891ms)
✔ NAL runner keeps hot results isolated from order and cold-process boundaries (26463.884261ms)
✔ NAL runner resumes after a real middle-file timeout and preserves the tail (2093.975104ms)
✔ NAL trace describes ExecutionResult with Java-equivalent operation feedback (7907.141039ms)
✔ Nar configuration keys and state strings stay native (154.341719ms)
✔ Nar diagnostics use native text literals at Java exception boundaries (11.204844ms)
✔ Nar file persistence exposes project-owned text path boundaries (2.518021ms)
✔ Nar internal input helpers keep native string values (190.015ms)
✔ Nar metadata and configuration paths stay native strings (157.009635ms)
✔ Nar sensory channel registry keeps Java Map and Term equality semantics (161.499427ms)
✔ Nar sensory channel consumer accepts a native string boundary (138.875729ms)
✔ SensoryChannel keeps the Java plain-base class identity contract (137.440312ms)
✔ NarNode network text boundaries stay project-owned (2.356093ms)
✔ NarNode.TargetNar keeps the Java plain network-target boundary (1.838854ms)
✔ NarNode keeps class identity without inheriting jree.JavaObject (0.268177ms)
✔ NarNode stores redirection targets in insertion order (2.321771ms)
✔ Narsese follows the canonical plain-class boundary (168.920677ms)
✔ Narsese parser uses the project string boundary for temporary arguments (4.922708ms)
✔ Narsese preserves temporal statement order from Java relation dispatch (4987.069582ms)
✔ NativeDeque preserves FIFO order and removes from the head (4.565521ms)
✔ NativeDeque iterator.remove preserves the remaining order (0.893958ms)
✔ NativeDeque supports re-adding an iterator match at the tail (0.274844ms)
✔ NativeDeque matches TaskLink's bounded-record eviction condition (0.26474ms)
✔ time and multistep interfaces use native TypeScript values (2.134948ms)
✔ NativeList preserves Java ArrayList insertion and indexed access order (4.592864ms)
✔ NativeList preserves indexed removal and Java-style equality lookup (0.550625ms)
✔ NativeList equality lookup calls equals on the searched value (0.260989ms)
✔ NativeList iterator preserves removal and fail-fast behavior (0.986875ms)
✔ NativeList rejects invalid element and insertion indices (0.414115ms)
✔ native lookup tables preserve Java symbol and tense contracts (1624.87828ms)
✔ Term atom cache normalizes Java and native text keys (587.267708ms)
✔ NativeMap preserves Java Map equality, insertion order, and replacement position (5.993177ms)
✔ NativeMap scans hash collisions and removes indexed records (0.585729ms)
✔ NativeMap preserves equality fallback for object keys without hashCode (0.316927ms)
✔ NativeMap views are live and iterators support Java-style removal (1.438125ms)
✔ NativeMap distinguishes a missing key from a mapped null value (0.278281ms)
✔ NativeMap entry, key, and value views preserve Java removal contracts (0.622448ms)
✔ NativeMap clone, equals, hashCode, and putAll preserve entry values (0.660052ms)
✔ NativeMap iterators allow entry updates and only iterator removal changes version (0.468125ms)
✔ NativeMap count entries match jree LinkedHashMap on equal domain keys (1171.465521ms)
✔ NativeMap implements the project MapContract without erasing Map semantics (0.43625ms)
✔ NativeReadOnlyList is a live ordered view over a native array (8.26875ms)
✔ NativeReadOnlyList preserves NativeList equality lookup and rejects mutation (1.767708ms)
✔ NativeSet preserves Java Set equality and insertion order (4.42474ms)
✔ NativeSet uses the searched value as the Java equals receiver (0.317656ms)
✔ NativeSet iterator supports Java remove and fail-fast mutation checks (1.020261ms)
✔ NativeSet.equals follows Java AbstractSet receiver direction (0.561093ms)
✔ NativeSet deduplicates structurally equal Terms used as target Set values (5491.411456ms)
✔ NativeSortedSet preserves TreeSet order and comparator uniqueness (4.888958ms)
✔ NativeSortedSet follows the Java Set equality and hash contract (1.088386ms)
✔ Term.toSortedSet supports retainAll and Java-shaped toArray (3.024896ms)
✔ Task keeps its best solution null until Java sets one (4092.34078ms)
✔ initialized Term names retain their Java string value (1.19026ms)
✔ CompoundTerm rebuilds its name after Java null cache invalidation (1.715052ms)
✔ operator constructors preserve Java string boundaries (5.662969ms)
✔ Feel constructors preserve the Java native String contract (0.469635ms)
✔ FunctionOperator accepts the Java String constructor boundary (0.444688ms)
✔ Reflect.sop preserves the translated Java varargs-array overload (2.021719ms)
✔ Reflect.sop normalizes native and boxed Java string operator names (0.569427ms)
✔ Count preserves Java's invalid-input exception contract (1.293386ms)
✔ Operation and NullOperator preserve Java invalid-argument boundaries (0.509843ms)
✔ Operation.makeName preserves Java StringBuilder text semantics (0.313906ms)
✔ Operation keeps CharSequence and exceptions behind project boundaries (0.637343ms)
✔ Operator.operationExecutionString returns native Java-equivalent output text (0.853229ms)
✔ Operator.addPrefixIfMissing normalizes boxed and native Java String inputs (0.321354ms)
✔ FunctionOperator preserves Java arity and overload exception contracts (0.699375ms)
✔ FunctionOperator copies Java parameter arguments into a fresh shallow array (2.663698ms)
✔ Operator.call preserves null and ordered empty feedback contracts (1.230313ms)
✔ Operator.reportExecution accepts native event payloads at the Java Object boundary (0.696041ms)
✔ Add preserves Java argument and result contracts (1.279844ms)
✔ Add preserves Java StringUtils.isNumeric and Integer.parseInt boundaries (0.881823ms)
✔ Reflect preserves Java argument and overload contracts (0.547709ms)
✔ Anticipate preserves its invalid-constructor exception contract (0.387292ms)
✔ Operator.call preserves its invalid-overload exception contract (0.322188ms)
✔ operator and plugin text boundaries use native strings (2.704323ms)
✔ operator and plugin exceptions use the project-owned exception layer (1.808698ms)
✔ Nar config preserves Java float parameters at the TruthValue clamp boundary (182.024011ms)
✔ Memory.cycles narrows the duration before the Java multiplication (138.652032ms)
✔ Memory.output narrows the volume ratio before the Java subtraction (137.426667ms)
✔ Parameters keeps every Java float default in binary32 (0.394271ms)
✔ Plugin CharSequence boundary accepts Java and native string values (2.416562ms)
✔ Plugin names use a project-owned CharSequence boundary (6.811615ms)
✔ plugin exception boundaries use project-owned Java exception classes (4.70375ms)
✔ ProcessAnticipation uses the project string boundary (2.457344ms)
✔ ProcessGoal keeps project-owned host and collection boundaries (2.460729ms)
✔ ProcessJudgment uses native exception text (2.375208ms)
✔ ProcessQuestion uses project-owned state exceptions (2.225885ms)
✔ jree Random.nextDouble preserves Java's 53-bit value (2.049739ms)
✔ RuleTables keeps project-owned enum and exception boundaries (3.000989ms)
✔ javaStringLength normalizes jree and native string representations (2.513802ms)
✔ javaStringValue applies Java toString before JS interpolation (0.363906ms)
✔ Java string equality and hashing use exact UTF-16 code units (0.577135ms)
✔ jree Double compatibility preserves boxed numeric operations (0.469843ms)
✔ identity hash compatibility is stable and distinguishes object identity (0.301927ms)
✔ missing jree exception compatibility preserves Java inheritance (0.55ms)
✔ jree object FQN marker is inherited without changing class identity (0.392084ms)
✔ shell starts without loader or jree deprecation warnings (6712.355206ms)
✔ shell reads an external config in the host adapter without warnings (6389.433122ms)
✔ Sentence normalization keeps array copying project-owned (2.383854ms)
✔ Sentence keeps exception construction inside project boundaries (2.508333ms)
✔ serial parameterized runner continues after a case failure (5.045208ms)
✔ src/language/SetExt.ts uses project-owned Java argument exceptions (2.344635ms)
✔ src/language/SetInt.ts uses project-owned Java argument exceptions (0.246198ms)
✔ SetExt and SetInt expose project-owned collection types (2.367605ms)
✔ set operator classes avoid unused direct jree imports (2.478802ms)
✔ SetTensional uses the project-owned Java state exception (2.072448ms)
✔ SetTensional keeps its CharSequence return type project-owned (2.310521ms)
✔ SetTensional builds names through the project string boundary (3.901615ms)
✔ Shell keeps the Java plain-class boundary and ThreadCompat remains local (17.343125ms)
✔ shell parses the Java-like interactive control commands (4.560937ms)
✔ shell rejects invalid automatic cycle counts (0.740468ms)
✔ Node stdin adapter exposes queued bytes through Java InputStream (4.674635ms)
✔ Shell command-line text boundaries accept project-owned strings (4.570886ms)
✔ Similarity, Disjunction, and Negation avoid direct jree argument exceptions (2.319427ms)
✔ Similarity preserves project-owned argument exception identity (2.63151ms)
✔ Disjunction preserves project-owned argument exception identity (0.99ms)
✔ Negation preserves project-owned argument exception identity (0.546823ms)
✔ checkpoint recovery stays consistent beyond 200 reasoning cycles (5675.736561ms)
✔ snapshot experiment rejects an endpoint checkpoint (2.269115ms)
✔ snapshot experiment preserves checkpoint manifests for process recovery (2246.459999ms)
✔ a fresh recovery entry point matches the zero-run tail and final state (2846.144426ms)
✔ stage digest parser requires the summary contract (3.257604ms)
✔ stage digest comparison returns equality for matching windows (2.987708ms)
✔ stage digest comparison reports the first differing stage and field (0.329323ms)
✔ stage digest comparison distinguishes missing windows from equal empty data (0.279114ms)
✔ stage digest comparison does not ignore pre-cycle input differences (0.362084ms)
✔ stage digest prefix comparison separates matched windows from unfinished execution (0.406042ms)
✔ Stamp keeps class identity and clone without a jree JavaObject shell (2.487657ms)
✔ Stamp.baseOverlap uses BaseEntry value equality, not object identity (0.546563ms)
✔ Stamp.evidenceIsCyclic detects equal BaseEntry values in one evidential base (0.411719ms)
✔ ProcessGoal evidence subset keeps Java BaseEntry equality (3258.465363ms)
✔ Stamp keeps project-owned exception and collection boundaries (3.345833ms)
✔ Stamp occurrence text keeps Java String output without StringBuilder construction (2.669583ms)
✔ Stamp appendOcurrenceTime preserves the caller builder and append contract (0.811615ms)
✔ Stamp name is a cached Java String and invalidates after occurrence changes (0.726198ms)
✔ Node strings are normalized at Narsese input boundaries (173.797552ms)
✔ Narsese compound parsing preserves native argument order (143.758646ms)
✔ Narsese functional operation parsing consumes native operator prefix text (141.355885ms)
✔ StructuralRules sequence array copies preserve Java component order (3341.259894ms)
✔ StructuralRules no longer imports jree for array copies (4.838282ms)
✔ SyllogisticRules uses project-owned argument exceptions (2.479948ms)
✔ Symbols and Narsese use project-owned argument exceptions (4.650625ms)
✔ Symbols keeps the NativeOperator contract without a direct jree import (0.450052ms)
✔ System operator executes its Java-compatible shell contract (56.650052ms)
✔ System operator exposes the Java range term (0.828906ms)
✔ System operator reports a missing host capability explicitly (1.870416ms)
✔ System operator preserves Java empty-result behavior when the host command fails (0.638125ms)
✔ Task keeps project-owned enum and string boundaries (2.403333ms)
✔ Memory refreshes an input Sentence hash after assigning occurrence (175.152813ms)
✔ Task Bag merges Java-equal derived sentences by TruthValue hash (1321.75901ms)
✔ TaskLink.Recording keeps its Java data contract without a jree object shell (1.877188ms)
✔ TemporalInferenceControl uses project host boundaries (2.423125ms)
✔ TemporalInferenceControl filters equal Task values in local attempt set (7.582396ms)
✔ TemporalRules uses project exception boundaries (2.756875ms)
✔ Term does not construct jree argument/state exceptions directly (3.825573ms)
✔ Term invalid overloads preserve project exception identity (2.367187ms)
✔ TermLink prefix preserves Java type, index order, and hexadecimal formatting (2.949375ms)
✔ Terms uses project-owned argument and state exceptions (3.812291ms)
✔ Terms invalid overloads preserve project exception identity (2342.808853ms)
✔ Texts.n2 formats values with two decimals and rounding (2.158646ms)
✔ Texts.n2 rejects out-of-range values (0.780989ms)
✔ Texts.n4 and n1 format fixed decimals (0.260938ms)
✔ Texts.yarn concatenates non-null components (0.244427ms)
✔ Texts.compareTo matches lexicographic ordering (0.347239ms)
✔ ThreadCompat uses native scheduling and preserves the translated call surface (12.238645ms)
✔ ThreadCompat keeps synchronous sleep and native interruption errors (3.201302ms)
✔ commutative conjunction follows Java term ordering for toothbrush goal (5190.398644ms)
✔ scoped variable ordering uses Java code-unit order for commutative intersections (153.565573ms)
✔ default NAR loads the internal experience plugin used by Java toothbrush (149.529427ms)
✔ tensional sets initialize Java-compatible compound complexity (2.735313ms)
✔ budget fields narrow at Java float write boundaries (3.572344ms)
✔ novel-task Bag preserves Java float level selection at the 0.8 boundary (157.193646ms)
✔ utility float accumulators narrow at each Java assignment boundary (2.896042ms)
✔ forgetting narrows Java float parameters before the exponent boundary (3.660781ms)
✔ derived task applies Java float leak operands before multiplication (160.283177ms)
✔ mental operation feedback does not create a Java operation frame (149.217292ms)
✔ sentence rendering preserves Java conceptual decimal visual indices (146.029167ms)
✔ compound-condition TermLink overload preserves Java's leading condition index (153.870104ms)
✔ conditional operation unification substitutes the grounded toothbrush term (153.818125ms)
✔ grounded toothbrush operation produces Java-style execution feedback (179.703125ms)
✔ TruthFunctions keeps project-owned enum and exception boundaries (3.116719ms)
✔ TruthValue constructor assigns fields and keeps Parameters reference (2.457656ms)
✔ TruthValue factory methods map to expected defaults (0.381667ms)
✔ TruthValue clamps confidence based on TRUTH_EPSILON (0.19599ms)
✔ TruthValue expectation and negativity follow formula (0.328281ms)
✔ TruthValue string key is stable and usable in maps (0.349011ms)
✔ TruthValue hashCode preserves Java float/double operand boundaries (0.370312ms)
✔ TruthValue equals uses Java epsilon and ignores analytic metadata (4.476979ms)
✔ TruthValue direct frequency writes preserve Java float storage (0.373958ms)
✔ TruthValue expectation difference is a Java float result (0.559636ms)
✔ TruthValue word terms use the native Term factory and preserve Java words (2.204948ms)
✔ TS-only process policy recognizes direct Java and shell launches (3.437344ms)
✔ TS-only preloader rejects Java launch without invoking a real Java binary (175.641666ms)
✔ five responsibility clusters are stable and expose two to five sentinel NAL files (4.966667ms)
✔ every current production TypeScript file belongs to exactly one responsibility cluster (37.256354ms)
✔ a risk slice selects cluster sentinels and never creates an M1-minus command (2.721719ms)
✔ a cluster close creates one M1-minus command and omits the redundant sentinel run (0.850469ms)
✔ one explicit owner may carry at most one small supporting cluster (1.536354ms)
✔ unknown, untouched and missing-evidence plans fail closed (0.989062ms)
✔ stage acceptance requests live Java, full M1 and strict markerless evidence (0.496094ms)
✔ Variable uses project-owned Java exception classes (2.223593ms)
✔ Variable constructors do not wrap native names with jree String (2.125052ms)
✔ Variables uses project-owned Java exception classes (2.298125ms)
✔ compound hasVar(type) preserves Java variable-kind dispatch (5334.584998ms)
✔ 变量统一会替换操作参数并保留 Operation 运行时类型 (3758.071196ms)
✔ common variable propagation matches Java for commutative unification (1570.619999ms)
✔ commutative unification does not reuse one matched operand index (146.021875ms)
✔ Variables initializes the Java Map pair with native ordered maps (4.725365ms)
✔ default NAR registers VisionChannel and maps decimal coordinates (5538.488018ms)
✔ VisionChannel keeps prototype order in a native array (154.667239ms)
✔ VisualSpace keeps the Java plain-class boundary and image snapshot contract (4.27349ms)
✔ VisualSpace keeps math and operator text on project boundaries (0.711823ms)
ℹ tests 477
ℹ suites 0
ℹ pass 472
ℹ fail 0
ℹ cancelled 0
ℹ skipped 5
ℹ todo 0
ℹ duration_ms 558604.406454
