--- m2 ---

> opennars-304-ts@0.1.0 test
> npm run test:unit:serial


> opennars-304-ts@0.1.0 test:unit:serial
> node scripts/testing/run-ts-only-unit-tests.mjs

✔ TLink.getIndex returns correct index for valid level (1.740677ms)
✔ TLink.getIndex returns -1 for invalid level (0.152604ms)
✔ TLink.getIndex with empty indices array (0.18823ms)
✔ TLink.getTarget returns the linked target object (0.150625ms)
✔ TLink.getPriority returns priority value (0.191094ms)
✔ TLink.getPriority returns default priority when not specified (0.169427ms)
✔ TLink.getPriority handles zero priority (0.145156ms)
✔ TLink.getPriority handles maximum priority (0.111719ms)
✔ TLink interface supports generic Term type (0.171927ms)
✔ TLink interface supports generic Task type (0.261093ms)
✔ TLink with multi-level indices maintains order (0.139792ms)
✔ TLink.getIndex returns negative one-based index (Java compatibility) (0.097865ms)
✔ TLink mock implementation preserves immutability (0.159583ms)
✔ TLink interface can be used as type parameter (0.148854ms)
✔ TLink with floating point indices (1.572812ms)
✔ AbstractTerm keeps CharSequence as a type-only project boundary (6.634635ms)
✔ Anticipate keeps a prediction and emits the Java-compatible signal (3.873698ms)
✔ Anticipate keeps Java Prediction identity keys in its outer Map (0.321614ms)
✔ Anticipate removes a confirmed NativeSet value through its Java iterator path (0.840416ms)
✔ Anticipate subscribes and unsubscribes from its cycle events (0.619792ms)
✔ Anticipate deduplicates equal derived terms in its Set boundary (0.478281ms)
✔ Concept stores anticipation entries in a native array (0.659011ms)
✔ ProcessAnticipation accepts the native Map substitution boundary (860.90828ms)
✔ Bag keeps math and string boundaries project-owned (2.085364ms)
✔ Bag.pickOut supports both Java overload shapes (1.506146ms)
✔ Bag rejects invalid overload arity with the project Java exception (0.662969ms)
✔ Bag keeps its observed runtime class identity without jree JavaObject (0.250782ms)
✔ Bag.pickOut keeps a key object with name() on the key overload (0.737604ms)
✔ Bag merges distinct object keys through Java equals semantics (0.387448ms)
✔ Bag recovers Java-equal keys when a restored key hash differs (0.446614ms)
✔ Bag lookup remains Java-equal when the legacy hash bucket is malformed (0.350625ms)
✔ Bag removes an item when a restored hash bucket is not a JS array (0.212812ms)
✔ Bag removes from a restored Java List bucket without rebuilding the bag (0.473541ms)
✔ Bag removes from a restored Java Set bucket through iterator.remove (0.548021ms)
✔ Bag stores priority-level FIFO queues in native arrays (0.291406ms)
✔ Bag keeps the Java HashMap/LinkedHashMap contract with a native Map (1.812917ms)
✔ Bag native iteration preserves LinkedHashMap insertion order across replacement and removal (0.274635ms)
✔ Bag Java iterator and contains preserve value equality (0.340261ms)
✔ Bag takeOut removes each selected item and reaches the empty state (0.367291ms)
✔ Bag keeps native math and string boundaries (0.327448ms)
✔ budget inference narrows Java float parameters before belief feedback (1.957916ms)
✔ rankBelief narrows Java float return values at the budget boundary (0.263072ms)
✔ truthToQuality and the TruthValue budget constructor share Java float semantics (0.287343ms)
✔ BudgetFunctions keeps project-owned enum and exception boundaries (3.389063ms)
✔ BudgetValue uses native string markers (1.835313ms)
✔ BudgetValue keeps runtime compatibility behind project-owned boundaries (0.360729ms)
✔ gate policy keeps a bounded documentation or low-risk source edit at T0 (2.400833ms)
✔ gate policy escalates a hot Bag slice to T1 without spending the cluster-close M1 budget (0.759375ms)
✔ only an explicit enumerated cluster close requires M1-minus (1.927552ms)
✔ gate policy escalates baseline changes and milestone acceptance to T2 (0.235677ms)
✔ gate policy escalates broad production edits (0.336667ms)
✔ source-line gate counts only production TypeScript, excluding tests, reports, docs and JavaScript (0.423125ms)
✔ runtime dependency fingerprint ignores ordering and scripts but detects version changes (8.657864ms)
✔ ComplexEmotions keeps the Java plain-plugin boundary without a jree Object shell (1.293594ms)
✔ ComplexEmotions keeps event text on the native string boundary (0.411771ms)
✔ Emotions keeps math and text on project boundaries (0.242448ms)
✔ CompositionalRules keeps logging and map boundaries project-owned (1.904687ms)
✔ CompositionalRules.powerSet preserves Set order without a temporary List (2.336354ms)
✔ CompositionalRules.powerSet handles empty and singleton sets (0.273489ms)
✔ CompositionalRules.powerSet keeps nested Set equality by value (2.249687ms)
✔ CompositionalRules.introduceVariables keeps Java Map substitution semantics (102.67974ms)
✔ TruthFunctions lookup keeps native boolean varargs and nullable selection (90.164427ms)
✔ Negation, Similarity, and Disjunction avoid direct jree imports (2.877396ms)
✔ CompoundTerm hasVar rejects invalid overloads with the project exception (1.420625ms)
✔ CompoundTerm hasVar preserves the Java argument exception identity (243.429219ms)
✔ CompoundTerm builds names through the project string boundary (1.557969ms)
✔ Concept keeps string and state boundaries project-owned (2.824011ms)
✔ ConfigReader keeps the Java plain-class boundary without a jree Object shell (1.57375ms)
✔ parseConfigXml returns a native configuration tree (2.71573ms)
✔ parseConfigXml rejects empty, missing-root and incomplete configuration (0.712864ms)
✔ embedded default configuration stays byte-for-byte aligned after line-ending normalization (7.733594ms)
✔ Nar accepts explicit configuration text without reading a config file (94.248646ms)
✔ Nar.PluginState keeps the Java lifecycle contract without a jree object shell (89.236041ms)
✔ Nar rejects a path passed to the core string configuration overload (0.846354ms)
✔ Nar records a missing capability instead of loading a Node-only plugin (89.794479ms)
✔ Nar registers the system plugin when the Node capability is supplied (89.307135ms)
✔ PluginRegistry returns a native ordered plugin sequence and diagnostics (0.484375ms)
✔ PluginRegistry consumes Java constructor arguments with float32 narrowing (0.459062ms)
✔ PluginRegistry accepts Java no-argument constructors (0.447187ms)
✔ PluginRegistry diagnoses invalid and repeated registrations without reordering valid instances (0.227292ms)
✔ PluginRegistry accepts an empty plugin section without diagnostics (0.176615ms)
✔ ConfigReader forwards the native plugin sequence without a jree list wrapper (88.510833ms)
✔ Nar exposes a live native read-only plugin list (89.149792ms)
✔ Conjunction, Inheritance, and Interval avoid direct jree argument/state exceptions (1.55974ms)
✔ Conjunction and Interval preserve project-owned argument exception identity (0.69849ms)
✔ Inheritance clone preserves project-owned argument exception identity (1.285989ms)
✔ Conjunction uses the project string boundary for generated indices (2.897448ms)
✔ translated term and sentence constructors preserve Java delegation contracts (1756.962239ms)
✔ compound factories flatten transient Java lists with native arrays (61.535ms)
✔ Product preserves the Java List constructor boundary without a direct jree import (3.512552ms)
✔ Conjunction interval normalization preserves Java order and sums adjacent intervals (1.661354ms)
✔ Sentence normalization keeps duplicate variables in traversal order (4.260989ms)
✔ Sentence normalization keys duplicate variables by Java text value (19.111927ms)
✔ CompoundTerm iterator preserves Guava forArray contract (2.538645ms)
✔ CompoundTerm local lists preserve native storage and Java order (3.990104ms)
✔ decimal perception coordinates remain conceptual like Java Term.get (0.722188ms)
✔ countTermRecursively accepts a null accumulator like Java (2.206718ms)
✔ Concept.getBelief returns null when Java belief selection has no candidate (916.623906ms)
✔ Sentence.getTruth preserves Java's nullable query accessor (92.312604ms)
✔ DerivationContext currentBeliefLink preserves Java null lifecycle (93.901198ms)
✔ DerivationContext delayed execution state starts null and requires explicit registration (91.949479ms)
✔ DerivationContext double-premise results use the native ordered buffer (95.42974ms)
✔ TemporalRules returns the native ordered derivation buffer (96.144635ms)
✔ DerivationContext lazily builds and caches the Java newStamp (95.216197ms)
✔ ProcessGoal executable precondition preserves Java default metadata (1.10026ms)
✔ ProcessJudgment treats an empty Java Optional search as a null result (103.014844ms)
✔ ProcessGoal question staging preserves the emitted question with a native buffer (98.723334ms)
✔ ProcessGoal keeps the native general-precondition buffer iterable (94.195989ms)
✔ ProcessGoal keeps temporary substitution maps as native Map implementations (95.245156ms)
✔ FunctionOperator emits native array feedback through Operator.call (96.939583ms)
✔ Want emits native array feedback through Operator.call (90.795104ms)
✔ Evaluate emits native array feedback through Operator.call (91.141823ms)
✔ Wonder emits native array feedback after mental operator boundary migration (90.06599ms)
✔ Believe emits native array feedback after the remaining operator migration (94.380468ms)
✔ Believe keeps Java's null truth exception boundary (90.911979ms)
✔ Abbreviation emits native array feedback for empty and single-task results (128.088072ms)
✔ set factories use native equality-aware intersection and difference (3.293958ms)
✔ Stamp tense lookup uses Java temporal order constants (1.159427ms)
✔ Stamp long time arithmetic preserves bigint inputs at the boundary (0.808698ms)
✔ mixed runtime long values preserve temporal projection and interval normalization (3.498125ms)
✔ Nar explicit long overload accepts JavaScript number and bigint values (176.714323ms)
✔ CompoundTerm equality preserves Java case-sensitive key identity (95.395312ms)
✔ Concept long text preserves Java field labels (91.163125ms)
✔ Narsese truth parsing preserves Java Float.parseFloat boundaries (90.715625ms)
✔ Java implicit Object classes no longer carry a jree JavaObject base (4.498177ms)
✔ static Java utility classes no longer carry a jree JavaObject base (2.253073ms)
✔ ItemPriorityComparator keeps the Java plain comparator boundary (0.471771ms)
✔ Item keeps its value contract while using the project runtime class boundary (1.340365ms)
✔ Operator.ExecutionResult keeps the Java plain event-payload boundary (0.460052ms)
✔ CompoundTerm.ConvRectangle keeps the Java plain data-holder boundary (0.551042ms)
✔ static inference rule classes no longer carry a jree JavaObject base (2.165417ms)
✔ Counting keeps Java's plain-plugin boundary and constructor contracts (2.617448ms)
✔ Counting preserves Java's invalid constructor exception contract (0.61151ms)
✔ DerivationContext keeps project-owned exception and string boundaries (1.746562ms)
✔ Distributor fills order with expected counts (3.990677ms)
✔ Distributor.next cycles through capacity (0.451197ms)
✔ Distributor rejects non-positive range (1.014791ms)
✔ Emotions keeps the Java plain-plugin boundary and float constructor contract (1.377969ms)
✔ EventEmitter.set subscribes only to the requested event classes (3.110625ms)
✔ Events keeps the Java plain namespace-holder boundary (0.210261ms)
✔ native event classes keep stable runtime identity tokens (0.185209ms)
✔ EventEmitter uses native map and observer arrays while preserving identity removal (0.192239ms)
✔ EventEmitter.synch applies pending operations in FIFO order (0.348541ms)
✔ EventEmitter preserves native event payload order (0.217239ms)
✔ EventEmitter preserves Java exception boundaries (0.719166ms)
✔ EventHandler accepts Java-style event varargs (0.269062ms)
✔ EventHandler uses the project runtime identity boundary without jree (0.157344ms)
✔ EventHandler preserves the Java illegal-argument boundary (0.313594ms)
✔ OutputHandler preserves the Java illegal-argument boundary (0.245989ms)
✔ TextOutputHandler preserves the Java illegal-argument boundary (0.262708ms)
✔ Events.ConceptNew preserves the Java InferenceEvent constructor contract (0.327604ms)
✔ Events.ConceptNew keeps event text on the project-owned string boundary (0.282396ms)
✔ Events.TaskAdd accepts native and Java string reasons at the event boundary (0.426719ms)
✔ TextOutputHandler keeps line prefixes on the native string boundary (101.129063ms)
✔ TextOutputHandler.LineOutput accepts project-owned text values (0.265469ms)
✔ TextOutputHandler.openSaveFile accepts project-owned text paths (109.347136ms)
✔ Float32Math narrows Java float operands and results (2.532084ms)
✔ Float32Math covers Java float operation boundaries (0.405208ms)
✔ Float32Math.pow matches Java float storage after Math.pow (0.263802ms)
✔ Float32Math.powDouble preserves Java Math.pow double result (0.301719ms)
✔ Float32Math.truthToQuality preserves Java float complement boundaries (0.465625ms)
✔ ImageExt and ImageInt do not construct jree exception classes directly (3.358073ms)
✔ ImageExt clone and make use project-owned argument/state exceptions (1306.026354ms)
✔ ImageInt clone and make use project-owned argument/state exceptions (23.146146ms)
✔ Image uses project-owned string and hash boundaries (2.651355ms)
✔ Image keeps Java-compatible generated names (1.079427ms)
✔ Implication and Equivalence use project-owned exception classes (1.581927ms)
✔ Implication invalid overloads preserve project exception identity (1.436458ms)
✔ Equivalence invalid overloads preserve project exception identity (1.206146ms)
✔ Implication and Equivalence use project-owned string boundaries (2.537709ms)
✔ Inheritance avoids direct jree String construction for operator checks (2.4475ms)
✔ Nar consumes NAL text and preserves IN creation-time semantics (109.748802ms)
✔ Nar two-argument addInputText accepts project-owned string values (91.676146ms)
✔ InternalExperience keeps the Java plain-plugin boundary and constructor contracts (1.49802ms)
✔ intersection and difference terms avoid direct jree argument/state exceptions (1.651875ms)
✔ intersection factories preserve project-owned argument exceptions (0.733333ms)
✔ difference factories preserve project-owned argument exceptions (0.315729ms)
✔ DifferenceInt keeps its invalid component-count state contract (0.24276ms)
✔ Interval uses the project string boundary for parsing and naming (1.522865ms)
✔ Parser and ConfigReader keep Java input types behind project boundaries (2.923385ms)
✔ Item text methods replace one-shot StringBuilder without changing order (1.882292ms)
✔ Item text methods retain Java null/string conversion at the boundary (0.199531ms)
✔ Item keeps Java runtime types behind project boundaries (0.480469ms)
✔ Java short-array equals preserves null, length, order, and values (2.709896ms)
✔ Java short-array hash follows Arrays.hashCode(short[]) (0.320625ms)
✔ Java Objects.hash uses the project Java value hash contract (0.399062ms)
✔ local parity runner rejects a missing selected Java artifact (126.679011ms)
✔ NAL runner rejects a missing selected Java artifact (125.975521ms)
﹣ local parity rejects the historical 3.1.0 artifact (0.211302ms) # SKIP
﹣ local parity default and explicit selection identify the canonical Java artifact (0.165677ms) # SKIP
﹣ NAL runner rejects the historical 3.1.0 artifact (0.196093ms) # SKIP
﹣ NAL runner can compare TS with the frozen Java baseline without starting Java (0.161927ms) # SKIP
✔ NAL runner rejects a missing frozen Java baseline (133.999583ms)
✔ native Java throwable hierarchy preserves type and message contracts (1.479635ms)
✔ native Java exception layers retain Java-shaped subclassing (0.304375ms)
✔ native Java throwable supports Java-style cause and message updates (0.241927ms)
✔ native Java exception compatibility preserves old jree instanceof checks (0.235104ms)
✔ Statement keeps Java side-enum and native exception boundaries (762.585989ms)
✔ Implication.clone preserves the source term and runtime type (55.792656ms)
✔ Image placeholder recognition keeps Java exact-Term semantics (20.203594ms)
✔ Terms.term preserves the relation index when rebuilding images (629.111354ms)
✔ Terms image/product equivalence keeps Java Set de-duplication (5.501354ms)
✔ CompoundTerm Set helpers preserve Java equality and insertion order (5.196771ms)
✔ CompoundTerm.termList preserves Java Arrays.asList fixed-size semantics (2.323125ms)
✔ LinkedHashSet keeps insertion order for hashable Java objects (3.551667ms)
✔ LinkedHashSet add, remove, and re-add follow Java order (0.397969ms)
﹣ Java and TypeScript local algorithm fixtures remain in parity (1.165364ms) # SKIP
✔ LocalRules keeps math operations on the native boundary (1.682032ms)
✔ M3 benchmark statistics use median and nearest-rank p95 (5.897448ms)
✔ M3 benchmark exposes normalized throughput and marks qualified p95 (1.590417ms)
✔ M3 benchmark requires explicit files and accepts serial repetition settings (1.295468ms)
✔ J2 MapContract substitutes with NativeMap without changing term semantics (4.467448ms)
✔ J2 MapContract accepts Java LinkedHashMap substitution input (1.414583ms)
✔ J2 MapContract preserves recursive term counts and insertion order (2.155417ms)
✔ Memory lock marker uses the native boolean contract (2.779531ms)
✔ Memory operator registry adds, replaces, and removes operators by Java text value (98.802135ms)
✔ Memory keeps the Java plain-class boundary without a jree object shell (88.969063ms)
✔ Memory keeps Java iterator calls and native iteration as separate contracts (90.215157ms)
✔ Memory keeps task reason literals native until event conversion (3.060468ms)
✔ Memory accepts native string reasons and preserves Java event payloads (2674.735728ms)
✔ metrics and output conditions load without an ESM initialization cycle (2856.894738ms)
✔ migration codemod repairs only the narrow generic alias shape (546.262083ms)
✔ migration codemod repairs split logical operators (144.289374ms)
✔ migration codemod adds extensions only to relative ESM imports (146.998698ms)
✔ migration scanner ignores Narsese examples in comments, strings, and regex literals (376.55599ms)
✔ Narsese constructor delegation preserves either memory entry point (0.496302ms)
✔ NAL matrix summary separates timeout from an unverified semantic cause (6.83901ms)
✔ NAL matrix summary keeps a process safety limit separate from timeout (0.918646ms)
✔ NAL matrix summary records the observed nal4.7 rule-dispatch hypothesis (0.715104ms)
✔ NAL matrix summary records a longer-budget pass without rewriting the fixed-budget result (0.895052ms)
✔ NAL matrix summary preserves runner provenance for legacy rows (0.743385ms)
✔ NAL runner keeps process exit evidence separate from exception text (1.36875ms)
✔ NAL runner keeps matched markers when another error flag is present (1.644063ms)
✔ NAL runner classifies progressing process limits as warnings (0.215208ms)
✔ NAL runner counts final matched markers even when an exception occurs (3.25125ms)
✔ NAL runner keeps timeout and marker absence as separate observations (0.19349ms)
✔ NAL runner distinguishes a process crash from a single-file timeout (0.269739ms)
✔ NAL runner keeps files after a timeout separate from the timed-out file (0.155416ms)
✔ parity does not become functional pass when both engines miss the marker (0.926458ms)
✔ parity exposes Java/TypeScript result differences independently (0.213802ms)
✔ NAL runner reports marker timing against a 120-second-per-1024-cycle budget (0.429687ms)
✔ NAL runner records runtime per reasoning cycle and relative slowdown (0.256562ms)
✔ NAL runner marks stalled runtime as a lower bound instead of a functional verdict (0.18849ms)
✔ NAL runner classifies no-progress watchdog termination independently of performance (0.356615ms)
✔ NAL runner keeps a slow completed process as performance data, not a timeout (0.1875ms)
✔ NAL runner keeps a process safety limit separate from a no-progress timeout (0.225312ms)
✔ NAL runner keeps performance observations separate when a marker is missing (0.164218ms)
✔ marker parity is an equivalence route without requiring 131072 cycles or an internal trace (0.131614ms)
✔ marker parity remains equivalent when an optional internal trace differs (0.245365ms)
✔ 131072-cycle equivalence is available for inputs without Java markers (0.35724ms)
✔ NAL parity rows expose marker equivalence independently of the long-cycle target (0.239947ms)
✔ NAL runner preserves valid rows when stdout contains a diagnostic line (0.343906ms)
✔ NAL runner accepts only structured progress heartbeats (1.640781ms)
✔ NAL runner resets the no-progress watchdog for cycle, command, and marker heartbeats (0.168281ms)
✔ NAL runner preserves expected marker count on timeout rows (0.192448ms)
✔ NAL runner recognizes Windows timeout results with signal and message (0.111667ms)
✔ Tense lookup accepts Java String values at the parser boundary (0.231302ms)
✔ NAL metadata separates embedded and runner-added cycles (0.276927ms)
✔ NAL runner validates and resumes a persisted per-file result (3743.641925ms)
✔ NAL runner selects the explicit M1-- corpus without limit-based truncation (1.236302ms)
✔ NAL runner rejects partial corpus options for M1-- (0.625208ms)
✔ NAL runner records an explicit TypeScript process mode and separates run keys (0.535365ms)
✔ NAL runner rejects duplicate checkpoint rows for one run (1.270521ms)
✔ NAL runner rejects duplicate input files before execution (0.328855ms)
✔ NAL runner persists cold and hot results without overwriting either run (6806.497497ms)
✔ NAL runner keeps hot results isolated from order and cold-process boundaries (14042.263224ms)
✔ NAL runner resumes after a real middle-file timeout and preserves the tail (1879.79276ms)
✔ NAL trace describes ExecutionResult with Java-equivalent operation feedback (3732.68078ms)
✔ Nar file persistence exposes project-owned text path boundaries (1.693073ms)
✔ Nar sensory channel registry keeps Java Map and Term equality semantics (101.710364ms)
✔ Nar sensory channel consumer accepts a native string boundary (89.254791ms)
✔ SensoryChannel keeps the Java plain-base class identity contract (89.457187ms)
✔ NarNode.TargetNar keeps the Java plain network-target boundary (1.439218ms)
✔ NarNode keeps class identity without inheriting jree.JavaObject (0.164062ms)
✔ NarNode stores redirection targets in insertion order (3.504531ms)
✔ Narsese follows the canonical plain-class boundary (106.631093ms)
✔ Narsese parser uses the project string boundary for temporary arguments (2.663333ms)
✔ Narsese preserves temporal statement order from Java relation dispatch (2824.965468ms)
✔ NativeDeque preserves FIFO order and removes from the head (5.339375ms)
✔ NativeDeque iterator.remove preserves the remaining order (1.011771ms)
✔ NativeDeque supports re-adding an iterator match at the tail (0.223021ms)
✔ NativeDeque matches TaskLink's bounded-record eviction condition (0.204688ms)
✔ time and multistep interfaces use native TypeScript values (1.440157ms)
✔ NativeList preserves Java ArrayList insertion and indexed access order (5.141354ms)
✔ NativeList preserves indexed removal and Java-style equality lookup (0.722032ms)
✔ NativeList equality lookup calls equals on the searched value (0.305208ms)
✔ NativeList iterator preserves removal and fail-fast behavior (1.028802ms)
✔ NativeList rejects invalid element and insertion indices (0.520781ms)
✔ native lookup tables preserve Java symbol and tense contracts (815.946875ms)
✔ Term atom cache normalizes Java and native text keys (294.50776ms)
✔ NativeMap preserves Java Map equality, insertion order, and replacement position (5.670521ms)
✔ NativeMap scans hash collisions and removes indexed records (0.551927ms)
✔ NativeMap preserves equality fallback for object keys without hashCode (0.399219ms)
✔ NativeMap views are live and iterators support Java-style removal (1.562344ms)
✔ NativeMap distinguishes a missing key from a mapped null value (0.246042ms)
✔ NativeMap entry, key, and value views preserve Java removal contracts (0.408958ms)
✔ NativeMap clone, equals, hashCode, and putAll preserve entry values (0.510573ms)
✔ NativeMap iterators allow entry updates and only iterator removal changes version (0.322916ms)
✔ NativeMap count entries match jree LinkedHashMap on equal domain keys (547.678125ms)
✔ NativeMap implements the project MapContract without erasing Map semantics (0.271406ms)
✔ NativeReadOnlyList is a live ordered view over a native array (4.885209ms)
✔ NativeReadOnlyList preserves NativeList equality lookup and rejects mutation (1.287448ms)
✔ NativeSet preserves Java Set equality and insertion order (5.199375ms)
✔ NativeSet uses the searched value as the Java equals receiver (0.381094ms)
✔ NativeSet iterator supports Java remove and fail-fast mutation checks (1.198386ms)
✔ NativeSet.equals follows Java AbstractSet receiver direction (0.68875ms)
✔ NativeSet deduplicates structurally equal Terms used as target Set values (2530.688696ms)
✔ NativeSortedSet preserves TreeSet order and comparator uniqueness (3.243802ms)
✔ NativeSortedSet follows the Java Set equality and hash contract (0.636614ms)
✔ Term.toSortedSet supports retainAll and Java-shaped toArray (0.628698ms)
✔ Task keeps its best solution null until Java sets one (2070.188541ms)
✔ initialized Term names retain their Java string value (0.808437ms)
✔ CompoundTerm rebuilds its name after Java null cache invalidation (1.260416ms)
✔ operator constructors preserve Java string boundaries (1.886354ms)
✔ Feel constructors preserve the Java native String contract (0.284375ms)
✔ FunctionOperator accepts the Java String constructor boundary (0.225104ms)
✔ Reflect.sop preserves the translated Java varargs-array overload (1.298802ms)
✔ Reflect.sop normalizes native and boxed Java string operator names (0.421823ms)
✔ Count preserves Java's invalid-input exception contract (0.824844ms)
✔ Operation and NullOperator preserve Java invalid-argument boundaries (0.388958ms)
✔ Operation.makeName preserves Java StringBuilder text semantics (0.219323ms)
✔ Operation keeps CharSequence and exceptions behind project boundaries (0.503541ms)
✔ Operator.operationExecutionString returns native Java-equivalent output text (0.567604ms)
✔ Operator.addPrefixIfMissing normalizes boxed and native Java String inputs (0.210364ms)
✔ FunctionOperator preserves Java arity and overload exception contracts (0.47974ms)
✔ FunctionOperator copies Java parameter arguments into a fresh shallow array (1.891145ms)
✔ Operator.call preserves null and ordered empty feedback contracts (0.754532ms)
✔ Operator.reportExecution accepts native event payloads at the Java Object boundary (0.394011ms)
✔ Add preserves Java argument and result contracts (0.789635ms)
✔ Add preserves Java StringUtils.isNumeric and Integer.parseInt boundaries (0.637136ms)
✔ Reflect preserves Java argument and overload contracts (0.396563ms)
✔ Anticipate preserves its invalid-constructor exception contract (0.231979ms)
✔ Operator.call preserves its invalid-overload exception contract (0.218281ms)
✔ operator and plugin text boundaries use native strings (2.006979ms)
✔ operator and plugin exceptions use the project-owned exception layer (1.177917ms)
✔ Nar config preserves Java float parameters at the TruthValue clamp boundary (103.297708ms)
✔ Memory.cycles narrows the duration before the Java multiplication (90.790208ms)
✔ Memory.output narrows the volume ratio before the Java subtraction (95.066719ms)
✔ Parameters keeps every Java float default in binary32 (0.324271ms)
✔ Plugin CharSequence boundary accepts Java and native string values (1.565625ms)
✔ Plugin names use a project-owned CharSequence boundary (0.337604ms)
✔ plugin exception boundaries use project-owned Java exception classes (1.903229ms)
✔ ProcessAnticipation uses the project string boundary (2.830157ms)
✔ ProcessGoal keeps project-owned host and collection boundaries (1.735989ms)
✔ ProcessJudgment uses native exception text (1.681875ms)
✔ ProcessQuestion uses project-owned state exceptions (1.601615ms)
✔ jree Random.nextDouble preserves Java's 53-bit value (1.390886ms)
✔ RuleTables keeps project-owned enum and exception boundaries (1.972344ms)
✔ javaStringLength normalizes jree and native string representations (1.600104ms)
✔ javaStringValue applies Java toString before JS interpolation (0.220677ms)
✔ Java string equality and hashing use exact UTF-16 code units (0.431719ms)
✔ jree Double compatibility preserves boxed numeric operations (0.275677ms)
✔ identity hash compatibility is stable and distinguishes object identity (0.195365ms)
✔ missing jree exception compatibility preserves Java inheritance (0.358698ms)
✔ jree object FQN marker is inherited without changing class identity (0.279219ms)
✔ shell starts without loader or jree deprecation warnings (3247.87078ms)
✔ shell reads an external config in the host adapter without warnings (3311.413541ms)
✔ Sentence normalization keeps array copying project-owned (1.632187ms)
✔ Sentence keeps exception construction inside project boundaries (2.705573ms)
✔ serial parameterized runner continues after a case failure (3.184791ms)
✔ src/language/SetExt.ts uses project-owned Java argument exceptions (1.691666ms)
✔ src/language/SetInt.ts uses project-owned Java argument exceptions (0.147448ms)
✔ SetExt and SetInt expose project-owned collection types (3.486562ms)
✔ set operator classes avoid unused direct jree imports (1.680052ms)
✔ SetTensional uses the project-owned Java state exception (2.520833ms)
✔ SetTensional keeps its CharSequence return type project-owned (2.790104ms)
✔ SetTensional builds names through the project string boundary (1.459844ms)
✔ Shell keeps the Java plain-class boundary and ThreadCompat remains local (9.230468ms)
✔ shell parses the Java-like interactive control commands (3.146197ms)
✔ shell rejects invalid automatic cycle counts (0.505833ms)
✔ Node stdin adapter exposes queued bytes through Java InputStream (3.089948ms)
✔ Similarity, Disjunction, and Negation avoid direct jree argument exceptions (1.558698ms)
✔ Similarity preserves project-owned argument exception identity (1.625782ms)
✔ Disjunction preserves project-owned argument exception identity (0.667656ms)
✔ Negation preserves project-owned argument exception identity (0.482657ms)
✔ checkpoint recovery stays consistent beyond 200 reasoning cycles (3436.147082ms)
✔ snapshot experiment rejects an endpoint checkpoint (0.804739ms)
✔ snapshot experiment preserves checkpoint manifests for process recovery (1343.42875ms)
✔ a fresh recovery entry point matches the zero-run tail and final state (1763.955937ms)
✔ stage digest parser requires the summary contract (4.024739ms)
✔ stage digest comparison returns equality for matching windows (3.070052ms)
✔ stage digest comparison reports the first differing stage and field (0.378594ms)
✔ stage digest comparison distinguishes missing windows from equal empty data (0.274167ms)
✔ stage digest comparison does not ignore pre-cycle input differences (0.425521ms)
✔ stage digest prefix comparison separates matched windows from unfinished execution (0.497969ms)
✔ Stamp keeps class identity and clone without a jree JavaObject shell (1.681146ms)
✔ Stamp.baseOverlap uses BaseEntry value equality, not object identity (0.353645ms)
✔ Stamp.evidenceIsCyclic detects equal BaseEntry values in one evidential base (0.278855ms)
✔ ProcessGoal evidence subset keeps Java BaseEntry equality (1742.668385ms)
✔ Stamp keeps project-owned exception and collection boundaries (2.260833ms)
✔ Stamp occurrence text keeps Java String output without StringBuilder construction (1.789895ms)
✔ Stamp appendOcurrenceTime preserves the caller builder and append contract (0.46ms)
✔ Stamp name is a cached Java String and invalidates after occurrence changes (0.507188ms)
✔ Node strings are normalized at Narsese input boundaries (120.301771ms)
✔ Narsese compound parsing preserves native argument order (93.410208ms)
✔ Narsese functional operation parsing consumes native operator prefix text (90.059114ms)
✔ StructuralRules sequence array copies preserve Java component order (1718.301666ms)
✔ StructuralRules no longer imports jree for array copies (0.785938ms)
✔ SyllogisticRules uses project-owned argument exceptions (2.898386ms)
✔ Symbols and Narsese use project-owned argument exceptions (2.030729ms)
✔ Symbols keeps the NativeOperator contract without a direct jree import (0.242084ms)
✔ System operator executes its Java-compatible shell contract (31.896875ms)
✔ System operator exposes the Java range term (0.540729ms)
✔ System operator reports a missing host capability explicitly (1.325ms)
✔ System operator preserves Java empty-result behavior when the host command fails (0.528073ms)
✔ Task keeps project-owned enum and string boundaries (1.565885ms)
✔ Memory refreshes an input Sentence hash after assigning occurrence (109.694479ms)
✔ Task Bag merges Java-equal derived sentences by TruthValue hash (807.915729ms)
✔ TaskLink.Recording keeps its Java data contract without a jree object shell (1.279948ms)
✔ TemporalInferenceControl uses project host boundaries (1.65ms)
✔ TemporalInferenceControl filters equal Task values in local attempt set (4.886771ms)
✔ TemporalRules uses project exception boundaries (1.879688ms)
✔ Term does not construct jree argument/state exceptions directly (1.541093ms)
✔ Term invalid overloads preserve project exception identity (0.868333ms)
✔ TermLink prefix preserves Java type, index order, and hexadecimal formatting (1.937031ms)
✔ Terms uses project-owned argument and state exceptions (2.840364ms)
✔ Terms invalid overloads preserve project exception identity (1189.209791ms)
✔ Texts.n2 formats values with two decimals and rounding (2.634948ms)
✔ Texts.n2 rejects out-of-range values (0.919791ms)
✔ Texts.n4 and n1 format fixed decimals (0.324687ms)
✔ Texts.yarn concatenates non-null components (0.305521ms)
✔ Texts.compareTo matches lexicographic ordering (0.415782ms)
✔ ThreadCompat uses native scheduling and preserves the translated call surface (9.075677ms)
✔ ThreadCompat keeps synchronous sleep and native interruption errors (1.431198ms)
✔ commutative conjunction follows Java term ordering for toothbrush goal (2606.574582ms)
✔ scoped variable ordering uses Java code-unit order for commutative intersections (96.276979ms)
✔ default NAR loads the internal experience plugin used by Java toothbrush (92.525156ms)
✔ tensional sets initialize Java-compatible compound complexity (1.633802ms)
✔ budget fields narrow at Java float write boundaries (0.950885ms)
✔ novel-task Bag preserves Java float level selection at the 0.8 boundary (93.481562ms)
✔ utility float accumulators narrow at each Java assignment boundary (1.097552ms)
✔ forgetting narrows Java float parameters before the exponent boundary (1.283541ms)
✔ derived task applies Java float leak operands before multiplication (98.307031ms)
✔ mental operation feedback does not create a Java operation frame (93.778541ms)
✔ sentence rendering preserves Java conceptual decimal visual indices (95.628333ms)
✔ compound-condition TermLink overload preserves Java's leading condition index (101.195833ms)
✔ conditional operation unification substitutes the grounded toothbrush term (100.973958ms)
✔ grounded toothbrush operation produces Java-style execution feedback (92.114583ms)
✔ TruthFunctions keeps project-owned enum and exception boundaries (2.110364ms)
✔ TruthValue constructor assigns fields and keeps Parameters reference (1.694896ms)
✔ TruthValue factory methods map to expected defaults (0.256823ms)
✔ TruthValue clamps confidence based on TRUTH_EPSILON (0.155052ms)
✔ TruthValue expectation and negativity follow formula (0.212395ms)
✔ TruthValue string key is stable and usable in maps (0.228385ms)
✔ TruthValue hashCode preserves Java float/double operand boundaries (0.242396ms)
✔ TruthValue equals uses Java epsilon and ignores analytic metadata (0.243646ms)
✔ TruthValue direct frequency writes preserve Java float storage (1.356145ms)
✔ TruthValue expectation difference is a Java float result (0.310729ms)
✔ TruthValue word terms use the native Term factory and preserve Java words (1.039792ms)
✔ TS-only process policy recognizes direct Java and shell launches (3.65198ms)
✔ TS-only preloader rejects Java launch without invoking a real Java binary (119.490156ms)
✔ five responsibility clusters are stable and expose two to five sentinel NAL files (4.454271ms)
✔ every current production TypeScript file belongs to exactly one responsibility cluster (13.10151ms)
✔ a risk slice selects cluster sentinels and never creates an M1-minus command (0.986875ms)
✔ a cluster close creates one M1-minus command and omits the redundant sentinel run (0.360886ms)
✔ one explicit owner may carry at most one small supporting cluster (0.573125ms)
✔ unknown, untouched and missing-evidence plans fail closed (0.359114ms)
✔ stage acceptance requests live Java, full M1 and strict markerless evidence (0.182552ms)
✔ Variable uses project-owned Java exception classes (1.588854ms)
✔ Variable constructors do not wrap native names with jree String (2.107813ms)
✔ Variables uses project-owned Java exception classes (2.865ms)
✔ compound hasVar(type) preserves Java variable-kind dispatch (2674.146614ms)
✔ 变量统一会替换操作参数并保留 Operation 运行时类型 (1976.842812ms)
✔ common variable propagation matches Java for commutative unification (720.117916ms)
✔ commutative unification does not reuse one matched operand index (92.822812ms)
✔ Variables initializes the Java Map pair with native ordered maps (2.690521ms)
✔ default NAR registers VisionChannel and maps decimal coordinates (2677.720832ms)
✔ VisionChannel keeps prototype order in a native array (91.562917ms)
✔ VisualSpace keeps the Java plain-class boundary and image snapshot contract (2.804427ms)
✔ VisualSpace keeps math and operator text on project boundaries (0.43724ms)
ℹ tests 470
ℹ suites 0
ℹ pass 465
ℹ fail 0
ℹ cancelled 0
ℹ skipped 5
ℹ todo 0
ℹ duration_ms 267753.175575
