
> opennars-304-ts@0.1.0 test
> npm run test:unit:serial


> opennars-304-ts@0.1.0 test:unit:serial
> node scripts/testing/run-ts-only-unit-tests.mjs

✔ TLink.getIndex returns correct index for valid level (2.523333ms)
✔ TLink.getIndex returns -1 for invalid level (0.244531ms)
✔ TLink.getIndex with empty indices array (0.235625ms)
✔ TLink.getTarget returns the linked target object (0.197396ms)
✔ TLink.getPriority returns priority value (0.356615ms)
✔ TLink.getPriority returns default priority when not specified (0.165053ms)
✔ TLink.getPriority handles zero priority (0.199896ms)
✔ TLink.getPriority handles maximum priority (0.150781ms)
✔ TLink interface supports generic Term type (0.249271ms)
✔ TLink interface supports generic Task type (0.357083ms)
✔ TLink with multi-level indices maintains order (0.193646ms)
✔ TLink.getIndex returns negative one-based index (Java compatibility) (0.178958ms)
✔ TLink mock implementation preserves immutability (0.228177ms)
✔ TLink interface can be used as type parameter (0.176562ms)
✔ TLink with floating point indices (0.191146ms)
✔ AbstractTerm keeps CharSequence as a type-only project boundary (5.944531ms)
✔ Anticipate keeps a prediction and emits the Java-compatible signal (9.467031ms)
✔ Anticipate keeps Java Prediction identity keys in its outer Map (0.591562ms)
✔ Anticipate removes a confirmed NativeSet value through its Java iterator path (1.251198ms)
✔ Anticipate subscribes and unsubscribes from its cycle events (0.922083ms)
✔ Anticipate deduplicates equal derived terms in its Set boundary (0.672761ms)
✔ Concept stores anticipation entries in a native array (1.034218ms)
✔ ProcessAnticipation accepts the native Map substitution boundary (1265.261562ms)
✔ Bag keeps math and string boundaries project-owned (2.615833ms)
✔ Bag.pickOut supports both Java overload shapes (2.16401ms)
✔ Bag rejects invalid overload arity with the project Java exception (0.860417ms)
✔ Bag keeps its observed runtime class identity without jree JavaObject (0.344688ms)
✔ Bag.pickOut keeps a key object with name() on the key overload (1.102396ms)
✔ Bag merges distinct object keys through Java equals semantics (0.564375ms)
✔ Bag recovers Java-equal keys when a restored key hash differs (0.628073ms)
✔ Bag lookup remains Java-equal when the legacy hash bucket is malformed (0.485261ms)
✔ Bag removes an item when a restored hash bucket is not a JS array (0.30974ms)
✔ Bag removes from a restored Java List bucket without rebuilding the bag (0.647917ms)
✔ Bag removes from a restored Java Set bucket through iterator.remove (0.843385ms)
✔ Bag stores priority-level FIFO queues in native arrays (0.389375ms)
✔ Bag keeps the Java HashMap/LinkedHashMap contract with a native Map (2.528698ms)
✔ Bag native iteration preserves LinkedHashMap insertion order across replacement and removal (0.396458ms)
✔ Bag Java iterator and contains preserve value equality (0.490938ms)
✔ Bag takeOut removes each selected item and reaches the empty state (0.525521ms)
✔ Bag keeps native math and string boundaries (0.481823ms)
✔ budget inference narrows Java float parameters before belief feedback (2.813021ms)
✔ rankBelief narrows Java float return values at the budget boundary (0.378281ms)
✔ truthToQuality and the TruthValue budget constructor share Java float semantics (0.405208ms)
✔ BudgetFunctions keeps project-owned enum and exception boundaries (5.316146ms)
✔ BudgetValue uses native string markers (2.336562ms)
✔ BudgetValue keeps runtime compatibility behind project-owned boundaries (0.58651ms)
✔ gate policy keeps a bounded documentation or low-risk source edit at T0 (3.503021ms)
✔ gate policy escalates a hot Bag slice to T1 without spending the cluster-close M1 budget (1.135209ms)
✔ only an explicit enumerated cluster close requires M1-minus (3.035209ms)
✔ gate policy escalates baseline changes and milestone acceptance to T2 (0.408594ms)
✔ gate policy escalates broad production edits (0.482916ms)
✔ source-line gate counts only production TypeScript, excluding tests, reports, docs and JavaScript (0.659896ms)
✔ runtime dependency fingerprint ignores ordering and scripts but detects version changes (17.99224ms)
✔ ComplexEmotions keeps the Java plain-plugin boundary without a jree Object shell (1.869323ms)
✔ ComplexEmotions keeps event text on the native string boundary (0.572032ms)
✔ Emotions keeps math and text on project boundaries (0.382917ms)
✔ CompositionalRules keeps logging and map boundaries project-owned (2.669843ms)
✔ CompositionalRules.powerSet preserves Set order without a temporary List (3.397292ms)
✔ CompositionalRules.powerSet handles empty and singleton sets (0.354844ms)
✔ CompositionalRules.powerSet keeps nested Set equality by value (0.509323ms)
✔ CompositionalRules.introduceVariables keeps Java Map substitution semantics (225.681667ms)
✔ TruthFunctions lookup keeps native boolean varargs and nullable selection (146.4925ms)
✔ Negation, Similarity, and Disjunction avoid direct jree imports (2.397291ms)
✔ CompoundTerm hasVar rejects invalid overloads with the project exception (2.340573ms)
✔ CompoundTerm hasVar preserves the Java argument exception identity (363.648281ms)
✔ CompoundTerm builds names through the project string boundary (2.144427ms)
✔ Concept keeps string and state boundaries project-owned (2.501562ms)
✔ ConfigReader keeps the Java plain-class boundary without a jree Object shell (2.317292ms)
✔ parseConfigXml returns a native configuration tree (4.348594ms)
✔ parseConfigXml rejects empty, missing-root and incomplete configuration (1.115521ms)
✔ embedded default configuration stays byte-for-byte aligned after line-ending normalization (8.691302ms)
✔ Nar accepts explicit configuration text without reading a config file (146.147968ms)
✔ Nar.PluginState keeps the Java lifecycle contract without a jree object shell (144.506041ms)
✔ Nar rejects a path passed to the core string configuration overload (0.997188ms)
✔ Nar records a missing capability instead of loading a Node-only plugin (146.155052ms)
✔ Nar registers the system plugin when the Node capability is supplied (145.280156ms)
✔ PluginRegistry returns a native ordered plugin sequence and diagnostics (0.750677ms)
✔ PluginRegistry consumes Java constructor arguments with float32 narrowing (0.697761ms)
✔ PluginRegistry accepts Java no-argument constructors (0.732657ms)
✔ PluginRegistry diagnoses invalid and repeated registrations without reordering valid instances (0.342448ms)
✔ PluginRegistry accepts an empty plugin section without diagnostics (0.240469ms)
✔ ConfigReader forwards the native plugin sequence without a jree list wrapper (137.476823ms)
✔ Nar exposes a live native read-only plugin list (139.184323ms)
✔ Conjunction, Inheritance, and Interval avoid direct jree argument/state exceptions (2.468958ms)
✔ Conjunction and Interval preserve project-owned argument exception identity (0.934115ms)
✔ Inheritance clone preserves project-owned argument exception identity (1.94526ms)
✔ Conjunction uses the project string boundary for generated indices (2.353958ms)
✔ translated term and sentence constructors preserve Java delegation contracts (2973.490468ms)
✔ compound factories flatten transient Java lists with native arrays (89.142396ms)
✔ Product preserves the Java List constructor boundary without a direct jree import (5.858593ms)
✔ Conjunction interval normalization preserves Java order and sums adjacent intervals (3.170885ms)
✔ Sentence normalization keeps duplicate variables in traversal order (12.078333ms)
✔ Sentence normalization keys duplicate variables by Java text value (30.748698ms)
✔ CompoundTerm iterator preserves Guava forArray contract (3.71974ms)
✔ CompoundTerm local lists preserve native storage and Java order (7.420782ms)
✔ decimal perception coordinates remain conceptual like Java Term.get (1.50224ms)
✔ countTermRecursively accepts a null accumulator like Java (4.373594ms)
✔ Concept.getBelief returns null when Java belief selection has no candidate (1620.637187ms)
✔ Sentence.getTruth preserves Java's nullable query accessor (144.156614ms)
✔ DerivationContext currentBeliefLink preserves Java null lifecycle (146.546094ms)
✔ DerivationContext delayed execution state starts null and requires explicit registration (145.173646ms)
✔ DerivationContext double-premise results use the native ordered buffer (148.877448ms)
✔ TemporalRules returns the native ordered derivation buffer (148.4375ms)
✔ DerivationContext lazily builds and caches the Java newStamp (149.392552ms)
✔ ProcessGoal executable precondition preserves Java default metadata (1.473385ms)
✔ ProcessJudgment treats an empty Java Optional search as a null result (158.289583ms)
✔ ProcessGoal question staging preserves the emitted question with a native buffer (155.807708ms)
✔ ProcessGoal keeps the native general-precondition buffer iterable (152.163854ms)
✔ ProcessGoal keeps temporary substitution maps as native Map implementations (151.661146ms)
✔ FunctionOperator emits native array feedback through Operator.call (147.110104ms)
✔ Want emits native array feedback through Operator.call (142.52474ms)
✔ Evaluate emits native array feedback through Operator.call (140.528959ms)
✔ Wonder emits native array feedback after mental operator boundary migration (139.859479ms)
✔ Believe emits native array feedback after the remaining operator migration (150.122604ms)
✔ Believe keeps Java's null truth exception boundary (141.165105ms)
✔ Abbreviation emits native array feedback for empty and single-task results (189.779583ms)
✔ set factories use native equality-aware intersection and difference (5.434323ms)
✔ Stamp tense lookup uses Java temporal order constants (1.92448ms)
✔ Stamp long time arithmetic preserves bigint inputs at the boundary (1.284947ms)
✔ mixed runtime long values preserve temporal projection and interval normalization (5.579115ms)
✔ Nar explicit long overload accepts JavaScript number and bigint values (276.51823ms)
✔ CompoundTerm equality preserves Java case-sensitive key identity (149.618438ms)
✔ Concept long text preserves Java field labels (144.098959ms)
✔ Narsese truth parsing preserves Java Float.parseFloat boundaries (144.597032ms)
✔ Java implicit Object classes no longer carry a jree JavaObject base (10.005469ms)
✔ static Java utility classes no longer carry a jree JavaObject base (3.587239ms)
✔ ItemPriorityComparator keeps the Java plain comparator boundary (0.677709ms)
✔ Item keeps its value contract while using the project runtime class boundary (1.853229ms)
✔ Operator.ExecutionResult keeps the Java plain event-payload boundary (0.688959ms)
✔ CompoundTerm.ConvRectangle keeps the Java plain data-holder boundary (0.693125ms)
✔ static inference rule classes no longer carry a jree JavaObject base (2.903959ms)
✔ Counting keeps Java's plain-plugin boundary and constructor contracts (2.031198ms)
✔ Counting preserves Java's invalid constructor exception contract (0.873386ms)
✔ DerivationContext keeps project-owned exception and string boundaries (2.81224ms)
✔ Distributor fills order with expected counts (4.870156ms)
✔ Distributor.next cycles through capacity (0.43974ms)
✔ Distributor rejects non-positive range (0.729115ms)
✔ Emotions keeps the Java plain-plugin boundary and float constructor contract (2.110625ms)
✔ EventEmitter.set subscribes only to the requested event classes (5.227083ms)
✔ Events keeps the Java plain namespace-holder boundary (4.058385ms)
✔ native event classes keep stable runtime identity tokens (0.424011ms)
✔ EventEmitter uses native map and observer arrays while preserving identity removal (0.331562ms)
✔ EventEmitter.synch applies pending operations in FIFO order (0.5375ms)
✔ EventEmitter preserves native event payload order (0.294792ms)
✔ EventEmitter preserves Java exception boundaries (1.080156ms)
✔ EventHandler accepts Java-style event varargs (0.429271ms)
✔ EventHandler uses the project runtime identity boundary without jree (0.23ms)
✔ EventHandler preserves the Java illegal-argument boundary (0.460312ms)
✔ OutputHandler preserves the Java illegal-argument boundary (0.368125ms)
✔ TextOutputHandler preserves the Java illegal-argument boundary (0.405833ms)
✔ Events.ConceptNew preserves the Java InferenceEvent constructor contract (0.489844ms)
✔ Events.ConceptNew keeps event text on the project-owned string boundary (0.430573ms)
✔ Events.TaskAdd accepts native and Java string reasons at the event boundary (0.696302ms)
✔ TextOutputHandler keeps line prefixes on the native string boundary (159.299531ms)
✔ TextOutputHandler.LineOutput accepts project-owned text values (0.363177ms)
✔ TextOutputHandler.openSaveFile accepts project-owned text paths (174.381718ms)
✔ Float32Math narrows Java float operands and results (2.053646ms)
✔ Float32Math covers Java float operation boundaries (0.344688ms)
✔ Float32Math.pow matches Java float storage after Math.pow (0.260209ms)
✔ Float32Math.powDouble preserves Java Math.pow double result (0.259063ms)
✔ Float32Math.truthToQuality preserves Java float complement boundaries (0.286979ms)
✔ ImageExt and ImageInt do not construct jree exception classes directly (2.847084ms)
✔ ImageExt clone and make use project-owned argument/state exceptions (2169.429738ms)
✔ ImageInt clone and make use project-owned argument/state exceptions (33.741615ms)
✔ Image uses project-owned string and hash boundaries (2.237969ms)
✔ Image keeps Java-compatible generated names (1.723334ms)
✔ Implication and Equivalence use project-owned exception classes (2.396875ms)
✔ Implication invalid overloads preserve project exception identity (2.236458ms)
✔ Equivalence invalid overloads preserve project exception identity (1.775937ms)
✔ Implication and Equivalence use project-owned string boundaries (2.451667ms)
✔ Inheritance avoids direct jree String construction for operator checks (2.184062ms)
✔ Nar consumes NAL text and preserves IN creation-time semantics (176.109948ms)
✔ Nar two-argument addInputText accepts project-owned string values (150.957448ms)
✔ InternalExperience keeps the Java plain-plugin boundary and constructor contracts (2.14224ms)
✔ intersection and difference terms avoid direct jree argument/state exceptions (2.365ms)
✔ intersection factories preserve project-owned argument exceptions (1.136667ms)
✔ difference factories preserve project-owned argument exceptions (0.452969ms)
✔ DifferenceInt keeps its invalid component-count state contract (0.368125ms)
✔ Interval uses the project string boundary for parsing and naming (2.484115ms)
✔ Parser and ConfigReader keep Java input types behind project boundaries (2.414479ms)
✔ Item text methods replace one-shot StringBuilder without changing order (2.963073ms)
✔ Item text methods retain Java null/string conversion at the boundary (0.341979ms)
✔ Item keeps Java runtime types behind project boundaries (0.725677ms)
✔ Java short-array equals preserves null, length, order, and values (3.729584ms)
✔ Java short-array hash follows Arrays.hashCode(short[]) (0.471458ms)
✔ Java Objects.hash uses the project Java value hash contract (0.802032ms)
✔ local parity runner rejects a missing selected Java artifact (203.28125ms)
✔ NAL runner rejects a missing selected Java artifact (204.136562ms)
﹣ local parity rejects the historical 3.1.0 artifact (0.318021ms) # SKIP
﹣ local parity default and explicit selection identify the canonical Java artifact (0.3025ms) # SKIP
﹣ NAL runner rejects the historical 3.1.0 artifact (0.291146ms) # SKIP
﹣ NAL runner can compare TS with the frozen Java baseline without starting Java (0.271406ms) # SKIP
✔ NAL runner rejects a missing frozen Java baseline (214.264844ms)
✔ native Java throwable hierarchy preserves type and message contracts (2.245677ms)
✔ native Java exception layers retain Java-shaped subclassing (0.478438ms)
✔ native Java throwable supports Java-style cause and message updates (0.295781ms)
✔ native Java exception compatibility preserves old jree instanceof checks (0.367917ms)
✔ Statement keeps Java side-enum and native exception boundaries (1245.879792ms)
✔ Implication.clone preserves the source term and runtime type (87.952604ms)
✔ Image placeholder recognition keeps Java exact-Term semantics (30.372916ms)
✔ Terms.term preserves the relation index when rebuilding images (896.079166ms)
✔ Terms image/product equivalence keeps Java Set de-duplication (6.842812ms)
✔ CompoundTerm Set helpers preserve Java equality and insertion order (7.194062ms)
✔ CompoundTerm.termList preserves Java Arrays.asList fixed-size semantics (2.719427ms)
✔ LinkedHashSet keeps insertion order for hashable Java objects (5.490677ms)
✔ LinkedHashSet add, remove, and re-add follow Java order (0.56625ms)
﹣ Java and TypeScript local algorithm fixtures remain in parity (1.809584ms) # SKIP
✔ LocalRules keeps math operations on the native boundary (2.266823ms)
✔ M3 benchmark statistics use median and nearest-rank p95 (5.97276ms)
✔ M3 benchmark exposes normalized throughput and marks qualified p95 (1.416875ms)
✔ M3 benchmark requires explicit files and accepts serial repetition settings (1.240365ms)
✔ J2 MapContract substitutes with NativeMap without changing term semantics (4.671823ms)
✔ J2 MapContract accepts Java LinkedHashMap substitution input (2.184114ms)
✔ J2 MapContract preserves recursive term counts and insertion order (3.280677ms)
✔ Memory lock marker uses the native boolean contract (2.269583ms)
✔ Memory operator registry adds, replaces, and removes operators by Java text value (154.541302ms)
✔ Memory keeps the Java plain-class boundary without a jree object shell (142.484895ms)
✔ Memory keeps Java iterator calls and native iteration as separate contracts (141.30651ms)
✔ Memory keeps task reason literals native until event conversion (2.553541ms)
✔ Memory accepts native string reasons and preserves Java event payloads (4441.364217ms)
✔ metrics and output conditions load without an ESM initialization cycle (4876.375155ms)
✔ migration codemod repairs only the narrow generic alias shape (849.70875ms)
✔ migration codemod repairs split logical operators (208.794791ms)
✔ migration codemod adds extensions only to relative ESM imports (535.495469ms)
✔ migration scanner ignores Narsese examples in comments, strings, and regex literals (1504.47802ms)
✔ Narsese constructor delegation preserves either memory entry point (2.410677ms)
✔ NAL matrix summary separates timeout from an unverified semantic cause (14.850625ms)
✔ NAL matrix summary keeps a process safety limit separate from timeout (1.753385ms)
✔ NAL matrix summary records the observed nal4.7 rule-dispatch hypothesis (1.031614ms)
✔ NAL matrix summary records a longer-budget pass without rewriting the fixed-budget result (1.372709ms)
✔ NAL matrix summary preserves runner provenance for legacy rows (1.438958ms)
✔ NAL runner keeps process exit evidence separate from exception text (5.428334ms)
✔ NAL runner keeps matched markers when another error flag is present (5.372656ms)
✔ NAL runner classifies progressing process limits as warnings (0.357291ms)
✔ NAL runner counts final matched markers even when an exception occurs (5.014636ms)
✔ NAL runner keeps timeout and marker absence as separate observations (0.401979ms)
✔ NAL runner distinguishes a process crash from a single-file timeout (0.406614ms)
✔ NAL runner keeps files after a timeout separate from the timed-out file (0.217396ms)
✔ parity does not become functional pass when both engines miss the marker (1.366355ms)
✔ parity exposes Java/TypeScript result differences independently (0.296094ms)
✔ NAL runner reports marker timing against a 120-second-per-1024-cycle budget (0.685625ms)
✔ NAL runner records runtime per reasoning cycle and relative slowdown (0.357657ms)
✔ NAL runner marks stalled runtime as a lower bound instead of a functional verdict (0.263437ms)
✔ NAL runner classifies no-progress watchdog termination independently of performance (0.66625ms)
✔ NAL runner keeps a slow completed process as performance data, not a timeout (0.331302ms)
✔ NAL runner keeps a process safety limit separate from a no-progress timeout (0.331823ms)
✔ NAL runner keeps performance observations separate when a marker is missing (0.238958ms)
✔ marker parity is an equivalence route without requiring 131072 cycles or an internal trace (0.199479ms)
✔ marker parity remains equivalent when an optional internal trace differs (0.34724ms)
✔ 131072-cycle equivalence is available for inputs without Java markers (0.305ms)
✔ NAL parity rows expose marker equivalence independently of the long-cycle target (0.306927ms)
✔ NAL runner preserves valid rows when stdout contains a diagnostic line (0.738073ms)
✔ NAL runner accepts only structured progress heartbeats (0.785677ms)
✔ NAL runner resets the no-progress watchdog for cycle, command, and marker heartbeats (0.247448ms)
✔ NAL runner preserves expected marker count on timeout rows (0.356562ms)
✔ NAL runner recognizes Windows timeout results with signal and message (0.167083ms)
✔ Tense lookup accepts Java String values at the parser boundary (0.361458ms)
✔ NAL metadata separates embedded and runner-added cycles (0.406406ms)
✔ NAL runner validates and resumes a persisted per-file result (7095.392862ms)
✔ NAL runner selects the explicit M1-- corpus without limit-based truncation (2.44ms)
✔ NAL runner rejects partial corpus options for M1-- (1.074427ms)
✔ NAL runner records an explicit TypeScript process mode and separates run keys (0.809844ms)
✔ NAL runner rejects duplicate checkpoint rows for one run (2.358959ms)
✔ NAL runner rejects duplicate input files before execution (0.550209ms)
✔ NAL runner persists cold and hot results without overwriting either run (12168.199527ms)
✔ NAL runner keeps hot results isolated from order and cold-process boundaries (23497.778272ms)
✔ NAL runner resumes after a real middle-file timeout and preserves the tail (2024.085311ms)
✔ NAL trace describes ExecutionResult with Java-equivalent operation feedback (6467.829946ms)
✔ Nar file persistence exposes project-owned text path boundaries (2.551042ms)
✔ Nar internal input helpers keep native string values (192.722136ms)
✔ Nar metadata and configuration paths stay native strings (162.645989ms)
✔ Nar sensory channel registry keeps Java Map and Term equality semantics (173.338385ms)
✔ Nar sensory channel consumer accepts a native string boundary (142.388385ms)
✔ SensoryChannel keeps the Java plain-base class identity contract (210.88ms)
✔ NarNode network text boundaries stay project-owned (7.868385ms)
✔ NarNode.TargetNar keeps the Java plain network-target boundary (1.933959ms)
✔ NarNode keeps class identity without inheriting jree.JavaObject (0.248907ms)
✔ NarNode stores redirection targets in insertion order (9.801042ms)
✔ Narsese follows the canonical plain-class boundary (164.044323ms)
✔ Narsese parser uses the project string boundary for temporary arguments (2.135833ms)
✔ Narsese preserves temporal statement order from Java relation dispatch (5478.085727ms)
✔ NativeDeque preserves FIFO order and removes from the head (4.485469ms)
✔ NativeDeque iterator.remove preserves the remaining order (0.869688ms)
✔ NativeDeque supports re-adding an iterator match at the tail (0.302239ms)
✔ NativeDeque matches TaskLink's bounded-record eviction condition (0.262812ms)
✔ time and multistep interfaces use native TypeScript values (2.043177ms)
✔ NativeList preserves Java ArrayList insertion and indexed access order (4.531459ms)
✔ NativeList preserves indexed removal and Java-style equality lookup (0.52276ms)
✔ NativeList equality lookup calls equals on the searched value (0.242031ms)
✔ NativeList iterator preserves removal and fail-fast behavior (0.887395ms)
✔ NativeList rejects invalid element and insertion indices (0.377708ms)
✔ native lookup tables preserve Java symbol and tense contracts (1396.096822ms)
✔ Term atom cache normalizes Java and native text keys (575.666197ms)
✔ NativeMap preserves Java Map equality, insertion order, and replacement position (5.139532ms)
✔ NativeMap scans hash collisions and removes indexed records (0.521615ms)
✔ NativeMap preserves equality fallback for object keys without hashCode (0.31375ms)
✔ NativeMap views are live and iterators support Java-style removal (1.303333ms)
✔ NativeMap distinguishes a missing key from a mapped null value (0.273282ms)
✔ NativeMap entry, key, and value views preserve Java removal contracts (0.521145ms)
✔ NativeMap clone, equals, hashCode, and putAll preserve entry values (0.621094ms)
✔ NativeMap iterators allow entry updates and only iterator removal changes version (0.44849ms)
✔ NativeMap count entries match jree LinkedHashMap on equal domain keys (980.825625ms)
✔ NativeMap implements the project MapContract without erasing Map semantics (0.416302ms)
✔ NativeReadOnlyList is a live ordered view over a native array (4.409479ms)
✔ NativeReadOnlyList preserves NativeList equality lookup and rejects mutation (1.169583ms)
✔ NativeSet preserves Java Set equality and insertion order (6.170677ms)
✔ NativeSet uses the searched value as the Java equals receiver (0.359896ms)
✔ NativeSet iterator supports Java remove and fail-fast mutation checks (1.148229ms)
✔ NativeSet.equals follows Java AbstractSet receiver direction (1.602031ms)
✔ NativeSet deduplicates structurally equal Terms used as target Set values (4373.150676ms)
✔ NativeSortedSet preserves TreeSet order and comparator uniqueness (4.752448ms)
✔ NativeSortedSet follows the Java Set equality and hash contract (0.970156ms)
✔ Term.toSortedSet supports retainAll and Java-shaped toArray (4.5225ms)
✔ Task keeps its best solution null until Java sets one (3581.312342ms)
✔ initialized Term names retain their Java string value (1.251093ms)
✔ CompoundTerm rebuilds its name after Java null cache invalidation (1.802604ms)
✔ operator constructors preserve Java string boundaries (2.797292ms)
✔ Feel constructors preserve the Java native String contract (0.451302ms)
✔ FunctionOperator accepts the Java String constructor boundary (0.343177ms)
✔ Reflect.sop preserves the translated Java varargs-array overload (1.946979ms)
✔ Reflect.sop normalizes native and boxed Java string operator names (0.593177ms)
✔ Count preserves Java's invalid-input exception contract (1.236302ms)
✔ Operation and NullOperator preserve Java invalid-argument boundaries (0.505105ms)
✔ Operation.makeName preserves Java StringBuilder text semantics (0.321094ms)
✔ Operation keeps CharSequence and exceptions behind project boundaries (0.684844ms)
✔ Operator.operationExecutionString returns native Java-equivalent output text (0.83151ms)
✔ Operator.addPrefixIfMissing normalizes boxed and native Java String inputs (0.312865ms)
✔ FunctionOperator preserves Java arity and overload exception contracts (1.561979ms)
✔ FunctionOperator copies Java parameter arguments into a fresh shallow array (2.59823ms)
✔ Operator.call preserves null and ordered empty feedback contracts (1.236927ms)
✔ Operator.reportExecution accepts native event payloads at the Java Object boundary (0.502291ms)
✔ Add preserves Java argument and result contracts (1.372448ms)
✔ Add preserves Java StringUtils.isNumeric and Integer.parseInt boundaries (0.900573ms)
✔ Reflect preserves Java argument and overload contracts (0.621407ms)
✔ Anticipate preserves its invalid-constructor exception contract (0.367292ms)
✔ Operator.call preserves its invalid-overload exception contract (0.237187ms)
✔ operator and plugin text boundaries use native strings (7.303334ms)
✔ operator and plugin exceptions use the project-owned exception layer (2.505ms)
✔ Nar config preserves Java float parameters at the TruthValue clamp boundary (157.17125ms)
✔ Memory.cycles narrows the duration before the Java multiplication (141.825417ms)
✔ Memory.output narrows the volume ratio before the Java subtraction (150.230468ms)
✔ Parameters keeps every Java float default in binary32 (0.555885ms)
✔ Plugin CharSequence boundary accepts Java and native string values (2.390052ms)
✔ Plugin names use a project-owned CharSequence boundary (4.652031ms)
✔ plugin exception boundaries use project-owned Java exception classes (2.809792ms)
✔ ProcessAnticipation uses the project string boundary (2.255781ms)
✔ ProcessGoal keeps project-owned host and collection boundaries (2.642448ms)
✔ ProcessJudgment uses native exception text (2.247604ms)
✔ ProcessQuestion uses project-owned state exceptions (2.194688ms)
✔ jree Random.nextDouble preserves Java's 53-bit value (6.263698ms)
✔ RuleTables keeps project-owned enum and exception boundaries (3.183333ms)
✔ javaStringLength normalizes jree and native string representations (2.657968ms)
✔ javaStringValue applies Java toString before JS interpolation (0.389583ms)
✔ Java string equality and hashing use exact UTF-16 code units (0.63177ms)
✔ jree Double compatibility preserves boxed numeric operations (0.439427ms)
✔ identity hash compatibility is stable and distinguishes object identity (0.304479ms)
✔ missing jree exception compatibility preserves Java inheritance (0.555573ms)
✔ jree object FQN marker is inherited without changing class identity (0.420834ms)
✔ shell starts without loader or jree deprecation warnings (5391.964737ms)
✔ shell reads an external config in the host adapter without warnings (5357.723852ms)
✔ Sentence normalization keeps array copying project-owned (2.314948ms)
✔ Sentence keeps exception construction inside project boundaries (2.531927ms)
✔ serial parameterized runner continues after a case failure (4.901042ms)
✔ src/language/SetExt.ts uses project-owned Java argument exceptions (2.459375ms)
✔ src/language/SetInt.ts uses project-owned Java argument exceptions (0.235677ms)
✔ SetExt and SetInt expose project-owned collection types (2.423281ms)
✔ set operator classes avoid unused direct jree imports (2.479531ms)
✔ SetTensional uses the project-owned Java state exception (2.145313ms)
✔ SetTensional keeps its CharSequence return type project-owned (2.272813ms)
✔ SetTensional builds names through the project string boundary (2.198334ms)
✔ Shell keeps the Java plain-class boundary and ThreadCompat remains local (17.016302ms)
✔ shell parses the Java-like interactive control commands (8.573438ms)
✔ shell rejects invalid automatic cycle counts (0.750886ms)
✔ Node stdin adapter exposes queued bytes through Java InputStream (5.011407ms)
✔ Shell command-line text boundaries accept project-owned strings (8.368177ms)
✔ Similarity, Disjunction, and Negation avoid direct jree argument exceptions (2.524323ms)
✔ Similarity preserves project-owned argument exception identity (2.554427ms)
✔ Disjunction preserves project-owned argument exception identity (0.986302ms)
✔ Negation preserves project-owned argument exception identity (0.589635ms)
✔ checkpoint recovery stays consistent beyond 200 reasoning cycles (5809.982289ms)
✔ snapshot experiment rejects an endpoint checkpoint (1.307239ms)
✔ snapshot experiment preserves checkpoint manifests for process recovery (2255.007759ms)
✔ a fresh recovery entry point matches the zero-run tail and final state (2956.058801ms)
✔ stage digest parser requires the summary contract (3.199792ms)
✔ stage digest comparison returns equality for matching windows (2.652968ms)
✔ stage digest comparison reports the first differing stage and field (0.330937ms)
✔ stage digest comparison distinguishes missing windows from equal empty data (0.284219ms)
✔ stage digest comparison does not ignore pre-cycle input differences (0.346979ms)
✔ stage digest prefix comparison separates matched windows from unfinished execution (0.418594ms)
✔ Stamp keeps class identity and clone without a jree JavaObject shell (2.405677ms)
✔ Stamp.baseOverlap uses BaseEntry value equality, not object identity (0.49375ms)
✔ Stamp.evidenceIsCyclic detects equal BaseEntry values in one evidential base (0.373958ms)
✔ ProcessGoal evidence subset keeps Java BaseEntry equality (2736.758957ms)
✔ Stamp keeps project-owned exception and collection boundaries (3.281042ms)
✔ Stamp occurrence text keeps Java String output without StringBuilder construction (2.527604ms)
✔ Stamp appendOcurrenceTime preserves the caller builder and append contract (0.662084ms)
✔ Stamp name is a cached Java String and invalidates after occurrence changes (0.682187ms)
✔ Node strings are normalized at Narsese input boundaries (161.780208ms)
✔ Narsese compound parsing preserves native argument order (134.587969ms)
✔ Narsese functional operation parsing consumes native operator prefix text (135.432812ms)
✔ StructuralRules sequence array copies preserve Java component order (2529.860519ms)
✔ StructuralRules no longer imports jree for array copies (1.000052ms)
✔ SyllogisticRules uses project-owned argument exceptions (2.330573ms)
✔ Symbols and Narsese use project-owned argument exceptions (3.172604ms)
✔ Symbols keeps the NativeOperator contract without a direct jree import (0.401979ms)
✔ System operator executes its Java-compatible shell contract (58.642812ms)
✔ System operator exposes the Java range term (0.860364ms)
✔ System operator reports a missing host capability explicitly (1.831875ms)
✔ System operator preserves Java empty-result behavior when the host command fails (0.748229ms)
✔ Task keeps project-owned enum and string boundaries (2.381094ms)
✔ Memory refreshes an input Sentence hash after assigning occurrence (177.479792ms)
✔ Task Bag merges Java-equal derived sentences by TruthValue hash (1396.54453ms)
✔ TaskLink.Recording keeps its Java data contract without a jree object shell (2.009479ms)
✔ TemporalInferenceControl uses project host boundaries (2.320573ms)
✔ TemporalInferenceControl filters equal Task values in local attempt set (8.674532ms)
✔ TemporalRules uses project exception boundaries (2.809428ms)
✔ Term does not construct jree argument/state exceptions directly (2.310416ms)
✔ Term invalid overloads preserve project exception identity (1.220625ms)
✔ TermLink prefix preserves Java type, index order, and hexadecimal formatting (3.54125ms)
✔ Terms uses project-owned argument and state exceptions (4.418021ms)
✔ Terms invalid overloads preserve project exception identity (2007.085208ms)
✔ Texts.n2 formats values with two decimals and rounding (4.118541ms)
✔ Texts.n2 rejects out-of-range values (1.340416ms)
✔ Texts.n4 and n1 format fixed decimals (0.572448ms)
✔ Texts.yarn concatenates non-null components (0.478438ms)
✔ Texts.compareTo matches lexicographic ordering (0.674531ms)
✔ ThreadCompat uses native scheduling and preserves the translated call surface (14.077813ms)
✔ ThreadCompat keeps synchronous sleep and native interruption errors (1.634219ms)
✔ commutative conjunction follows Java term ordering for toothbrush goal (4254.72177ms)
✔ scoped variable ordering uses Java code-unit order for commutative intersections (152.668021ms)
✔ default NAR loads the internal experience plugin used by Java toothbrush (152.3ms)
✔ tensional sets initialize Java-compatible compound complexity (2.57802ms)
✔ budget fields narrow at Java float write boundaries (2.084896ms)
✔ novel-task Bag preserves Java float level selection at the 0.8 boundary (156.381042ms)
✔ utility float accumulators narrow at each Java assignment boundary (1.590677ms)
✔ forgetting narrows Java float parameters before the exponent boundary (2.489115ms)
✔ derived task applies Java float leak operands before multiplication (155.715208ms)
✔ mental operation feedback does not create a Java operation frame (151.378282ms)
✔ sentence rendering preserves Java conceptual decimal visual indices (148.109739ms)
✔ compound-condition TermLink overload preserves Java's leading condition index (162.62625ms)
✔ conditional operation unification substitutes the grounded toothbrush term (157.345313ms)
✔ grounded toothbrush operation produces Java-style execution feedback (155.914479ms)
✔ TruthFunctions keeps project-owned enum and exception boundaries (3.055781ms)
✔ TruthValue constructor assigns fields and keeps Parameters reference (2.469375ms)
✔ TruthValue factory methods map to expected defaults (0.381927ms)
✔ TruthValue clamps confidence based on TRUTH_EPSILON (0.215729ms)
✔ TruthValue expectation and negativity follow formula (0.31125ms)
✔ TruthValue string key is stable and usable in maps (0.334115ms)
✔ TruthValue hashCode preserves Java float/double operand boundaries (0.372136ms)
✔ TruthValue equals uses Java epsilon and ignores analytic metadata (0.327292ms)
✔ TruthValue direct frequency writes preserve Java float storage (2.109636ms)
✔ TruthValue expectation difference is a Java float result (0.342864ms)
✔ TruthValue word terms use the native Term factory and preserve Java words (1.663593ms)
✔ TS-only process policy recognizes direct Java and shell launches (3.380105ms)
✔ TS-only preloader rejects Java launch without invoking a real Java binary (182.163698ms)
✔ five responsibility clusters are stable and expose two to five sentinel NAL files (7.979844ms)
✔ every current production TypeScript file belongs to exactly one responsibility cluster (30.122708ms)
✔ a risk slice selects cluster sentinels and never creates an M1-minus command (1.819844ms)
✔ a cluster close creates one M1-minus command and omits the redundant sentinel run (0.530677ms)
✔ one explicit owner may carry at most one small supporting cluster (1.008958ms)
✔ unknown, untouched and missing-evidence plans fail closed (0.58401ms)
✔ stage acceptance requests live Java, full M1 and strict markerless evidence (0.295364ms)
✔ Variable uses project-owned Java exception classes (2.546875ms)
✔ Variable constructors do not wrap native names with jree String (2.56177ms)
✔ Variables uses project-owned Java exception classes (2.997344ms)
✔ compound hasVar(type) preserves Java variable-kind dispatch (4353.193956ms)
✔ 变量统一会替换操作参数并保留 Operation 运行时类型 (3154.439635ms)
✔ common variable propagation matches Java for commutative unification (1221.451406ms)
✔ commutative unification does not reuse one matched operand index (172.002292ms)
✔ Variables initializes the Java Map pair with native ordered maps (4.053542ms)
✔ default NAR registers VisionChannel and maps decimal coordinates (4202.60854ms)
✔ VisionChannel keeps prototype order in a native array (139.312083ms)
✔ VisualSpace keeps the Java plain-class boundary and image snapshot contract (4.259791ms)
✔ VisualSpace keeps math and operator text on project boundaries (0.698907ms)
ℹ tests 474
ℹ suites 0
ℹ pass 469
ℹ fail 0
ℹ cancelled 0
ℹ skipped 5
ℹ todo 0
ℹ duration_ms 452619.534931
