
> opennars-304-ts@0.1.0 test
> npm run test:unit:serial


> opennars-304-ts@0.1.0 test:unit:serial
> node scripts/testing/run-ts-only-unit-tests.mjs

✔ TLink.getIndex returns correct index for valid level (1.925468ms)
✔ TLink.getIndex returns -1 for invalid level (0.193125ms)
✔ TLink.getIndex with empty indices array (0.194167ms)
✔ TLink.getTarget returns the linked target object (0.223802ms)
✔ TLink.getPriority returns priority value (0.240781ms)
✔ TLink.getPriority returns default priority when not specified (0.134062ms)
✔ TLink.getPriority handles zero priority (0.157084ms)
✔ TLink.getPriority handles maximum priority (0.127917ms)
✔ TLink interface supports generic Term type (0.164062ms)
✔ TLink interface supports generic Task type (0.296823ms)
✔ TLink with multi-level indices maintains order (0.165104ms)
✔ TLink.getIndex returns negative one-based index (Java compatibility) (0.112239ms)
✔ TLink mock implementation preserves immutability (0.157135ms)
✔ TLink interface can be used as type parameter (0.15177ms)
✔ TLink with floating point indices (1.478438ms)
✔ AbstractTerm keeps CharSequence as a type-only project boundary (2.122969ms)
✔ Anticipate keeps a prediction and emits the Java-compatible signal (5.632812ms)
✔ Anticipate keeps Java Prediction identity keys in its outer Map (0.507865ms)
✔ Anticipate removes a confirmed NativeSet value through its Java iterator path (1.189167ms)
✔ Anticipate subscribes and unsubscribes from its cycle events (0.99526ms)
✔ Anticipate deduplicates equal derived terms in its Set boundary (0.640521ms)
✔ Concept stores anticipation entries in a native array (0.905364ms)
✔ ProcessAnticipation accepts the native Map substitution boundary (1233.574687ms)
✔ Bag keeps math and string boundaries project-owned (4.784063ms)
✔ Bag.pickOut supports both Java overload shapes (2.328438ms)
✔ Bag rejects invalid overload arity with the project Java exception (0.915053ms)
✔ Bag keeps its observed runtime class identity without jree JavaObject (0.351823ms)
✔ Bag.pickOut keeps a key object with name() on the key overload (1.245781ms)
✔ Bag merges distinct object keys through Java equals semantics (0.584323ms)
✔ Bag recovers Java-equal keys when a restored key hash differs (0.640312ms)
✔ Bag lookup remains Java-equal when the legacy hash bucket is malformed (0.527448ms)
✔ Bag removes an item when a restored hash bucket is not a JS array (0.308855ms)
✔ Bag removes from a restored Java List bucket without rebuilding the bag (0.723698ms)
✔ Bag removes from a restored Java Set bucket through iterator.remove (0.921719ms)
✔ Bag stores priority-level FIFO queues in native arrays (0.42349ms)
✔ Bag keeps the Java HashMap/LinkedHashMap contract with a native Map (2.849636ms)
✔ Bag native iteration preserves LinkedHashMap insertion order across replacement and removal (0.370313ms)
✔ Bag Java iterator and contains preserve value equality (0.430052ms)
✔ Bag takeOut removes each selected item and reaches the empty state (0.547136ms)
✔ Bag keeps native math and string boundaries (0.574531ms)
✔ budget inference narrows Java float parameters before belief feedback (2.710625ms)
✔ rankBelief narrows Java float return values at the budget boundary (0.439427ms)
✔ truthToQuality and the TruthValue budget constructor share Java float semantics (0.49276ms)
✔ BudgetFunctions keeps project-owned enum and exception boundaries (4.734531ms)
✔ BudgetValue uses native string markers (2.302969ms)
✔ BudgetValue keeps runtime compatibility behind project-owned boundaries (0.469375ms)
✔ gate policy keeps a bounded documentation or low-risk source edit at T0 (3.572916ms)
✔ gate policy escalates a hot Bag slice to T1 without spending the cluster-close M1 budget (1.040833ms)
✔ only an explicit enumerated cluster close requires M1-minus (2.965729ms)
✔ gate policy escalates baseline changes and milestone acceptance to T2 (0.343855ms)
✔ gate policy escalates broad production edits (0.460209ms)
✔ source-line gate counts only production TypeScript, excluding tests, reports, docs and JavaScript (0.627865ms)
✔ runtime dependency fingerprint ignores ordering and scripts but detects version changes (13.309739ms)
✔ ComplexEmotions keeps the Java plain-plugin boundary without a jree Object shell (1.766198ms)
✔ ComplexEmotions keeps event text on the native string boundary (0.54651ms)
✔ Emotions keeps math and text on project boundaries (0.310833ms)
✔ CompositionalRules keeps logging and map boundaries project-owned (2.660157ms)
✔ CompositionalRules.powerSet preserves Set order without a temporary List (3.334062ms)
✔ CompositionalRules.powerSet handles empty and singleton sets (0.388594ms)
✔ CompositionalRules.powerSet keeps nested Set equality by value (3.723437ms)
✔ CompositionalRules.introduceVariables keeps Java Map substitution semantics (153.225729ms)
✔ TruthFunctions lookup keeps native boolean varargs and nullable selection (138.457135ms)
✔ Negation, Similarity, and Disjunction avoid direct jree imports (2.386719ms)
✔ CompoundTerm hasVar rejects invalid overloads with the project exception (1.96625ms)
✔ CompoundTerm hasVar preserves the Java argument exception identity (337.300781ms)
✔ CompoundTerm builds names through the project string boundary (2.016563ms)
✔ Concept keeps string and state boundaries project-owned (2.507552ms)
✔ ConfigReader keeps the Java plain-class boundary without a jree Object shell (2.275781ms)
✔ parseConfigXml returns a native configuration tree (3.981615ms)
✔ parseConfigXml rejects empty, missing-root and incomplete configuration (1.001927ms)
✔ embedded default configuration stays byte-for-byte aligned after line-ending normalization (5.731145ms)
✔ Nar accepts explicit configuration text without reading a config file (143.979219ms)
✔ Nar.PluginState keeps the Java lifecycle contract without a jree object shell (130.301979ms)
✔ Nar rejects a path passed to the core string configuration overload (1.148698ms)
✔ Nar records a missing capability instead of loading a Node-only plugin (134.312656ms)
✔ Nar registers the system plugin when the Node capability is supplied (142.561406ms)
✔ PluginRegistry returns a native ordered plugin sequence and diagnostics (0.826823ms)
✔ PluginRegistry consumes Java constructor arguments with float32 narrowing (0.73ms)
✔ PluginRegistry accepts Java no-argument constructors (0.747813ms)
✔ PluginRegistry diagnoses invalid and repeated registrations without reordering valid instances (0.369688ms)
✔ PluginRegistry accepts an empty plugin section without diagnostics (0.25276ms)
✔ ConfigReader forwards the native plugin sequence without a jree list wrapper (133.44026ms)
✔ Nar exposes a live native read-only plugin list (132.251302ms)
✔ Conjunction, Inheritance, and Interval avoid direct jree argument/state exceptions (2.29026ms)
✔ Conjunction and Interval preserve project-owned argument exception identity (0.8975ms)
✔ Inheritance clone preserves project-owned argument exception identity (1.861771ms)
✔ Conjunction uses the project string boundary for generated indices (2.147187ms)
✔ translated term and sentence constructors preserve Java delegation contracts (2617.30979ms)
✔ compound factories flatten transient Java lists with native arrays (85.193541ms)
✔ Product preserves the Java List constructor boundary without a direct jree import (4.736146ms)
✔ Conjunction interval normalization preserves Java order and sums adjacent intervals (2.522761ms)
✔ Sentence normalization keeps duplicate variables in traversal order (12.382343ms)
✔ Sentence normalization keys duplicate variables by Java text value (17.880052ms)
✔ CompoundTerm iterator preserves Guava forArray contract (3.69625ms)
✔ CompoundTerm local lists preserve native storage and Java order (7.501094ms)
✔ decimal perception coordinates remain conceptual like Java Term.get (1.144948ms)
✔ countTermRecursively accepts a null accumulator like Java (4.605052ms)
✔ Concept.getBelief returns null when Java belief selection has no candidate (1394.136927ms)
✔ Sentence.getTruth preserves Java's nullable query accessor (134.017188ms)
✔ DerivationContext currentBeliefLink preserves Java null lifecycle (139.154531ms)
✔ DerivationContext delayed execution state starts null and requires explicit registration (138.978802ms)
✔ DerivationContext double-premise results use the native ordered buffer (141.1475ms)
✔ TemporalRules returns the native ordered derivation buffer (146.18625ms)
✔ DerivationContext lazily builds and caches the Java newStamp (147.55849ms)
✔ ProcessGoal executable precondition preserves Java default metadata (1.478906ms)
✔ ProcessJudgment treats an empty Java Optional search as a null result (156.295364ms)
✔ ProcessGoal question staging preserves the emitted question with a native buffer (147.969271ms)
✔ ProcessGoal keeps the native general-precondition buffer iterable (140.176822ms)
✔ ProcessGoal keeps temporary substitution maps as native Map implementations (142.699323ms)
✔ FunctionOperator emits native array feedback through Operator.call (150.119792ms)
✔ Want emits native array feedback through Operator.call (130.066354ms)
✔ Evaluate emits native array feedback through Operator.call (147.496666ms)
✔ Wonder emits native array feedback after mental operator boundary migration (142.814427ms)
✔ Believe emits native array feedback after the remaining operator migration (153.18401ms)
✔ Believe keeps Java's null truth exception boundary (136.898229ms)
✔ Abbreviation emits native array feedback for empty and single-task results (167.270937ms)
✔ set factories use native equality-aware intersection and difference (7.565937ms)
✔ Stamp tense lookup uses Java temporal order constants (1.922448ms)
✔ Stamp long time arithmetic preserves bigint inputs at the boundary (1.329948ms)
✔ mixed runtime long values preserve temporal projection and interval normalization (4.799167ms)
✔ Nar explicit long overload accepts JavaScript number and bigint values (265.702865ms)
✔ CompoundTerm equality preserves Java case-sensitive key identity (137.754895ms)
✔ Concept long text preserves Java field labels (132.378906ms)
✔ Narsese truth parsing preserves Java Float.parseFloat boundaries (138.189375ms)
✔ Java implicit Object classes no longer carry a jree JavaObject base (6.923542ms)
✔ static Java utility classes no longer carry a jree JavaObject base (3.52901ms)
✔ ItemPriorityComparator keeps the Java plain comparator boundary (0.653646ms)
✔ Item keeps its value contract while using the project runtime class boundary (2.284219ms)
✔ Operator.ExecutionResult keeps the Java plain event-payload boundary (0.905625ms)
✔ CompoundTerm.ConvRectangle keeps the Java plain data-holder boundary (0.642656ms)
✔ static inference rule classes no longer carry a jree JavaObject base (2.979479ms)
✔ Counting keeps Java's plain-plugin boundary and constructor contracts (1.874688ms)
✔ Counting preserves Java's invalid constructor exception contract (0.824635ms)
✔ DerivationContext keeps project-owned exception and string boundaries (2.398646ms)
✔ Distributor fills order with expected counts (4.831407ms)
✔ Distributor.next cycles through capacity (0.62901ms)
✔ Distributor rejects non-positive range (1.213646ms)
✔ Emotions keeps the Java plain-plugin boundary and float constructor contract (1.913698ms)
✔ EventEmitter.set subscribes only to the requested event classes (4.823594ms)
✔ Events keeps the Java plain namespace-holder boundary (3.476146ms)
✔ native event classes keep stable runtime identity tokens (0.384688ms)
✔ EventEmitter uses native map and observer arrays while preserving identity removal (0.289479ms)
✔ EventEmitter.synch applies pending operations in FIFO order (0.404427ms)
✔ EventEmitter preserves native event payload order (0.268855ms)
✔ EventEmitter preserves Java exception boundaries (0.994687ms)
✔ EventHandler accepts Java-style event varargs (0.382865ms)
✔ EventHandler uses the project runtime identity boundary without jree (0.208177ms)
✔ EventHandler preserves the Java illegal-argument boundary (0.445417ms)
✔ OutputHandler preserves the Java illegal-argument boundary (0.376198ms)
✔ TextOutputHandler preserves the Java illegal-argument boundary (0.377865ms)
✔ Events.ConceptNew preserves the Java InferenceEvent constructor contract (0.444063ms)
✔ Events.ConceptNew keeps event text on the project-owned string boundary (0.390625ms)
✔ Events.TaskAdd accepts native and Java string reasons at the event boundary (0.585364ms)
✔ TextOutputHandler keeps line prefixes on the native string boundary (150.609011ms)
✔ TextOutputHandler.LineOutput accepts project-owned text values (0.336928ms)
✔ TextOutputHandler.openSaveFile accepts project-owned text paths (162.083282ms)
✔ Float32Math narrows Java float operands and results (3.827813ms)
✔ Float32Math covers Java float operation boundaries (0.638073ms)
✔ Float32Math.pow matches Java float storage after Math.pow (0.37625ms)
✔ Float32Math.powDouble preserves Java Math.pow double result (0.448073ms)
✔ Float32Math.truthToQuality preserves Java float complement boundaries (0.562396ms)
✔ ImageExt and ImageInt do not construct jree exception classes directly (2.503906ms)
✔ ImageExt clone and make use project-owned argument/state exceptions (1888.373489ms)
✔ ImageInt clone and make use project-owned argument/state exceptions (30.583073ms)
✔ Image uses project-owned string and hash boundaries (3.822136ms)
✔ Image keeps Java-compatible generated names (1.519531ms)
✔ Implication and Equivalence use project-owned exception classes (2.146875ms)
✔ Implication invalid overloads preserve project exception identity (2.194948ms)
✔ Equivalence invalid overloads preserve project exception identity (1.648125ms)
✔ Implication and Equivalence use project-owned string boundaries (2.274011ms)
✔ Inheritance avoids direct jree String construction for operator checks (2.015469ms)
✔ Nar consumes NAL text and preserves IN creation-time semantics (156.617604ms)
✔ Nar two-argument addInputText accepts project-owned string values (134.606719ms)
✔ InternalExperience keeps the Java plain-plugin boundary and constructor contracts (1.990469ms)
✔ intersection and difference terms avoid direct jree argument/state exceptions (2.40823ms)
✔ intersection factories preserve project-owned argument exceptions (1.092292ms)
✔ difference factories preserve project-owned argument exceptions (0.497188ms)
✔ DifferenceInt keeps its invalid component-count state contract (0.379895ms)
✔ Interval uses the project string boundary for parsing and naming (2.38974ms)
✔ Parser and ConfigReader keep Java input types behind project boundaries (2.290521ms)
✔ Item text methods replace one-shot StringBuilder without changing order (2.646302ms)
✔ Item text methods retain Java null/string conversion at the boundary (0.285938ms)
✔ Item keeps Java runtime types behind project boundaries (0.63625ms)
✔ Java short-array equals preserves null, length, order, and values (3.405156ms)
✔ Java short-array hash follows Arrays.hashCode(short[]) (0.476458ms)
✔ Java Objects.hash uses the project Java value hash contract (0.545677ms)
✔ local parity runner rejects a missing selected Java artifact (196.712865ms)
✔ NAL runner rejects a missing selected Java artifact (194.545469ms)
﹣ local parity rejects the historical 3.1.0 artifact (0.305209ms) # SKIP
﹣ local parity default and explicit selection identify the canonical Java artifact (0.210156ms) # SKIP
﹣ NAL runner rejects the historical 3.1.0 artifact (0.253177ms) # SKIP
﹣ NAL runner can compare TS with the frozen Java baseline without starting Java (0.196406ms) # SKIP
✔ NAL runner rejects a missing frozen Java baseline (196.612708ms)
✔ native Java throwable hierarchy preserves type and message contracts (1.990677ms)
✔ native Java exception layers retain Java-shaped subclassing (0.538802ms)
✔ native Java throwable supports Java-style cause and message updates (0.272031ms)
✔ native Java exception compatibility preserves old jree instanceof checks (0.289166ms)
✔ Statement keeps Java side-enum and native exception boundaries (1169.23927ms)
✔ Implication.clone preserves the source term and runtime type (88.88974ms)
✔ Image placeholder recognition keeps Java exact-Term semantics (27.115781ms)
✔ Terms.term preserves the relation index when rebuilding images (854.81026ms)
✔ Terms image/product equivalence keeps Java Set de-duplication (6.419375ms)
✔ CompoundTerm Set helpers preserve Java equality and insertion order (6.700625ms)
✔ CompoundTerm.termList preserves Java Arrays.asList fixed-size semantics (3.136354ms)
✔ LinkedHashSet keeps insertion order for hashable Java objects (5.013385ms)
✔ LinkedHashSet add, remove, and re-add follow Java order (0.544114ms)
﹣ Java and TypeScript local algorithm fixtures remain in parity (2.495209ms) # SKIP
✔ LocalRules keeps math operations on the native boundary (2.19875ms)
✔ M3 benchmark statistics use median and nearest-rank p95 (6.482969ms)
✔ M3 benchmark exposes normalized throughput and marks qualified p95 (1.609948ms)
✔ M3 benchmark requires explicit files and accepts serial repetition settings (1.216354ms)
✔ J2 MapContract substitutes with NativeMap without changing term semantics (4.32375ms)
✔ J2 MapContract accepts Java LinkedHashMap substitution input (2.183021ms)
✔ J2 MapContract preserves recursive term counts and insertion order (3.148489ms)
✔ Memory lock marker uses the native boolean contract (2.157291ms)
✔ Memory operator registry adds, replaces, and removes operators by Java text value (149.735052ms)
✔ Memory keeps the Java plain-class boundary without a jree object shell (129.217917ms)
✔ Memory keeps Java iterator calls and native iteration as separate contracts (132.806771ms)
✔ Memory keeps task reason literals native until event conversion (2.412604ms)
✔ Memory accepts native string reasons and preserves Java event payloads (4034.723853ms)
✔ metrics and output conditions load without an ESM initialization cycle (4365.402082ms)
✔ migration codemod repairs only the narrow generic alias shape (832.104948ms)
✔ migration codemod repairs split logical operators (216.380469ms)
✔ migration codemod adds extensions only to relative ESM imports (198.858698ms)
✔ migration scanner ignores Narsese examples in comments, strings, and regex literals (801.813437ms)
✔ Narsese constructor delegation preserves either memory entry point (0.795468ms)
✔ NAL matrix summary separates timeout from an unverified semantic cause (20.508855ms)
✔ NAL matrix summary keeps a process safety limit separate from timeout (2.418333ms)
✔ NAL matrix summary records the observed nal4.7 rule-dispatch hypothesis (1.53125ms)
✔ NAL matrix summary records a longer-budget pass without rewriting the fixed-budget result (1.858437ms)
✔ NAL matrix summary preserves runner provenance for legacy rows (1.484948ms)
✔ NAL runner keeps process exit evidence separate from exception text (3.858803ms)
✔ NAL runner keeps matched markers when another error flag is present (3.012396ms)
✔ NAL runner classifies progressing process limits as warnings (0.355834ms)
✔ NAL runner counts final matched markers even when an exception occurs (5.038803ms)
✔ NAL runner keeps timeout and marker absence as separate observations (0.273333ms)
✔ NAL runner distinguishes a process crash from a single-file timeout (0.406771ms)
✔ NAL runner keeps files after a timeout separate from the timed-out file (0.22125ms)
✔ parity does not become functional pass when both engines miss the marker (1.348177ms)
✔ parity exposes Java/TypeScript result differences independently (0.287656ms)
✔ NAL runner reports marker timing against a 120-second-per-1024-cycle budget (0.679896ms)
✔ NAL runner records runtime per reasoning cycle and relative slowdown (0.276563ms)
✔ NAL runner marks stalled runtime as a lower bound instead of a functional verdict (0.269167ms)
✔ NAL runner classifies no-progress watchdog termination independently of performance (0.492396ms)
✔ NAL runner keeps a slow completed process as performance data, not a timeout (0.226354ms)
✔ NAL runner keeps a process safety limit separate from a no-progress timeout (0.30625ms)
✔ NAL runner keeps performance observations separate when a marker is missing (0.254687ms)
✔ marker parity is an equivalence route without requiring 131072 cycles or an internal trace (0.211666ms)
✔ marker parity remains equivalent when an optional internal trace differs (0.361093ms)
✔ 131072-cycle equivalence is available for inputs without Java markers (0.235885ms)
✔ NAL parity rows expose marker equivalence independently of the long-cycle target (0.37724ms)
✔ NAL runner preserves valid rows when stdout contains a diagnostic line (0.498698ms)
✔ NAL runner accepts only structured progress heartbeats (0.451979ms)
✔ NAL runner resets the no-progress watchdog for cycle, command, and marker heartbeats (0.264531ms)
✔ NAL runner preserves expected marker count on timeout rows (0.602292ms)
✔ NAL runner recognizes Windows timeout results with signal and message (0.196198ms)
✔ Tense lookup accepts Java String values at the parser boundary (0.342917ms)
✔ NAL metadata separates embedded and runner-added cycles (0.424479ms)
✔ NAL runner validates and resumes a persisted per-file result (5509.782759ms)
✔ NAL runner selects the explicit M1-- corpus without limit-based truncation (4.506042ms)
✔ NAL runner rejects partial corpus options for M1-- (1.091719ms)
✔ NAL runner records an explicit TypeScript process mode and separates run keys (0.764636ms)
✔ NAL runner rejects duplicate checkpoint rows for one run (2.008386ms)
✔ NAL runner rejects duplicate input files before execution (0.502656ms)
✔ NAL runner persists cold and hot results without overwriting either run (10275.454423ms)
✔ NAL runner keeps hot results isolated from order and cold-process boundaries (20938.83869ms)
✔ NAL runner resumes after a real middle-file timeout and preserves the tail (2043.247812ms)
✔ NAL trace describes ExecutionResult with Java-equivalent operation feedback (5528.108487ms)
✔ Nar configuration keys and state strings stay native (146.715729ms)
✔ Nar file persistence exposes project-owned text path boundaries (2.408854ms)
✔ Nar internal input helpers keep native string values (176.519792ms)
✔ Nar metadata and configuration paths stay native strings (147.259792ms)
✔ Nar sensory channel registry keeps Java Map and Term equality semantics (149.776875ms)
✔ Nar sensory channel consumer accepts a native string boundary (136.308125ms)
✔ SensoryChannel keeps the Java plain-base class identity contract (133.593802ms)
✔ NarNode network text boundaries stay project-owned (6.073437ms)
✔ NarNode.TargetNar keeps the Java plain network-target boundary (1.992917ms)
✔ NarNode keeps class identity without inheriting jree.JavaObject (0.378229ms)
✔ NarNode stores redirection targets in insertion order (2.474375ms)
✔ Narsese follows the canonical plain-class boundary (162.057135ms)
✔ Narsese parser uses the project string boundary for temporary arguments (2.278959ms)
✔ Narsese preserves temporal statement order from Java relation dispatch (4427.859998ms)
✔ NativeDeque preserves FIFO order and removes from the head (8.393906ms)
✔ NativeDeque iterator.remove preserves the remaining order (0.890417ms)
✔ NativeDeque supports re-adding an iterator match at the tail (0.252031ms)
✔ NativeDeque matches TaskLink's bounded-record eviction condition (0.220834ms)
✔ time and multistep interfaces use native TypeScript values (2.165ms)
✔ NativeList preserves Java ArrayList insertion and indexed access order (8.163438ms)
✔ NativeList preserves indexed removal and Java-style equality lookup (0.954479ms)
✔ NativeList equality lookup calls equals on the searched value (0.434583ms)
✔ NativeList iterator preserves removal and fail-fast behavior (1.527604ms)
✔ NativeList rejects invalid element and insertion indices (0.725312ms)
✔ native lookup tables preserve Java symbol and tense contracts (1366.998437ms)
✔ Term atom cache normalizes Java and native text keys (511.143437ms)
✔ NativeMap preserves Java Map equality, insertion order, and replacement position (9.255ms)
✔ NativeMap scans hash collisions and removes indexed records (0.967343ms)
✔ NativeMap preserves equality fallback for object keys without hashCode (0.602291ms)
✔ NativeMap views are live and iterators support Java-style removal (2.226615ms)
✔ NativeMap distinguishes a missing key from a mapped null value (0.366875ms)
✔ NativeMap entry, key, and value views preserve Java removal contracts (0.682656ms)
✔ NativeMap clone, equals, hashCode, and putAll preserve entry values (0.891771ms)
✔ NativeMap iterators allow entry updates and only iterator removal changes version (0.515104ms)
✔ NativeMap count entries match jree LinkedHashMap on equal domain keys (970.437031ms)
✔ NativeMap implements the project MapContract without erasing Map semantics (0.452395ms)
✔ NativeReadOnlyList is a live ordered view over a native array (7.586667ms)
✔ NativeReadOnlyList preserves NativeList equality lookup and rejects mutation (1.31776ms)
✔ NativeSet preserves Java Set equality and insertion order (4.283125ms)
✔ NativeSet uses the searched value as the Java equals receiver (0.297865ms)
✔ NativeSet iterator supports Java remove and fail-fast mutation checks (1.01901ms)
✔ NativeSet.equals follows Java AbstractSet receiver direction (0.620365ms)
✔ NativeSet deduplicates structurally equal Terms used as target Set values (3939.9388ms)
✔ NativeSortedSet preserves TreeSet order and comparator uniqueness (5.202135ms)
✔ NativeSortedSet follows the Java Set equality and hash contract (1.046875ms)
✔ Term.toSortedSet supports retainAll and Java-shaped toArray (1.010208ms)
✔ Task keeps its best solution null until Java sets one (3229.052342ms)
✔ initialized Term names retain their Java string value (1.372709ms)
✔ CompoundTerm rebuilds its name after Java null cache invalidation (1.920469ms)
✔ operator constructors preserve Java string boundaries (2.890156ms)
✔ Feel constructors preserve the Java native String contract (0.45599ms)
✔ FunctionOperator accepts the Java String constructor boundary (0.346823ms)
✔ Reflect.sop preserves the translated Java varargs-array overload (2.052604ms)
✔ Reflect.sop normalizes native and boxed Java string operator names (0.733073ms)
✔ Count preserves Java's invalid-input exception contract (1.370885ms)
✔ Operation and NullOperator preserve Java invalid-argument boundaries (0.567396ms)
✔ Operation.makeName preserves Java StringBuilder text semantics (0.349687ms)
✔ Operation keeps CharSequence and exceptions behind project boundaries (0.771302ms)
✔ Operator.operationExecutionString returns native Java-equivalent output text (0.924688ms)
✔ Operator.addPrefixIfMissing normalizes boxed and native Java String inputs (0.328125ms)
✔ FunctionOperator preserves Java arity and overload exception contracts (0.777187ms)
✔ FunctionOperator copies Java parameter arguments into a fresh shallow array (2.791354ms)
✔ Operator.call preserves null and ordered empty feedback contracts (1.214844ms)
✔ Operator.reportExecution accepts native event payloads at the Java Object boundary (0.554791ms)
✔ Add preserves Java argument and result contracts (1.282812ms)
✔ Add preserves Java StringUtils.isNumeric and Integer.parseInt boundaries (1.023281ms)
✔ Reflect preserves Java argument and overload contracts (0.672032ms)
✔ Anticipate preserves its invalid-constructor exception contract (0.358906ms)
✔ Operator.call preserves its invalid-overload exception contract (0.35401ms)
✔ operator and plugin text boundaries use native strings (6.519063ms)
✔ operator and plugin exceptions use the project-owned exception layer (2.695208ms)
✔ Nar config preserves Java float parameters at the TruthValue clamp boundary (153.74849ms)
✔ Memory.cycles narrows the duration before the Java multiplication (133.963958ms)
✔ Memory.output narrows the volume ratio before the Java subtraction (163.42901ms)
✔ Parameters keeps every Java float default in binary32 (0.459792ms)
✔ Plugin CharSequence boundary accepts Java and native string values (2.329271ms)
✔ Plugin names use a project-owned CharSequence boundary (4.465781ms)
✔ plugin exception boundaries use project-owned Java exception classes (2.514011ms)
✔ ProcessAnticipation uses the project string boundary (2.325938ms)
✔ ProcessGoal keeps project-owned host and collection boundaries (2.70599ms)
✔ ProcessJudgment uses native exception text (2.382344ms)
✔ ProcessQuestion uses project-owned state exceptions (2.425937ms)
✔ jree Random.nextDouble preserves Java's 53-bit value (2.035573ms)
✔ RuleTables keeps project-owned enum and exception boundaries (2.744271ms)
✔ javaStringLength normalizes jree and native string representations (2.514844ms)
✔ javaStringValue applies Java toString before JS interpolation (0.507969ms)
✔ Java string equality and hashing use exact UTF-16 code units (0.638594ms)
✔ jree Double compatibility preserves boxed numeric operations (0.455208ms)
✔ identity hash compatibility is stable and distinguishes object identity (0.28625ms)
✔ missing jree exception compatibility preserves Java inheritance (0.627396ms)
✔ jree object FQN marker is inherited without changing class identity (0.378594ms)
✔ shell starts without loader or jree deprecation warnings (5352.109268ms)
✔ shell reads an external config in the host adapter without warnings (5125.113332ms)
✔ Sentence normalization keeps array copying project-owned (2.241354ms)
✔ Sentence keeps exception construction inside project boundaries (2.695365ms)
✔ serial parameterized runner continues after a case failure (5.001563ms)
✔ src/language/SetExt.ts uses project-owned Java argument exceptions (2.485677ms)
✔ src/language/SetInt.ts uses project-owned Java argument exceptions (0.224115ms)
✔ SetExt and SetInt expose project-owned collection types (2.28724ms)
✔ set operator classes avoid unused direct jree imports (2.943489ms)
✔ SetTensional uses the project-owned Java state exception (2.394584ms)
✔ SetTensional keeps its CharSequence return type project-owned (2.362083ms)
✔ SetTensional builds names through the project string boundary (2.424479ms)
✔ Shell keeps the Java plain-class boundary and ThreadCompat remains local (15.550156ms)
✔ shell parses the Java-like interactive control commands (4.55776ms)
✔ shell rejects invalid automatic cycle counts (0.770157ms)
✔ Node stdin adapter exposes queued bytes through Java InputStream (4.804271ms)
✔ Shell command-line text boundaries accept project-owned strings (4.593854ms)
✔ Similarity, Disjunction, and Negation avoid direct jree argument exceptions (2.170417ms)
✔ Similarity preserves project-owned argument exception identity (2.755781ms)
✔ Disjunction preserves project-owned argument exception identity (1.041354ms)
✔ Negation preserves project-owned argument exception identity (0.609739ms)
✔ checkpoint recovery stays consistent beyond 200 reasoning cycles (5467.505727ms)
✔ snapshot experiment rejects an endpoint checkpoint (1.178542ms)
✔ snapshot experiment preserves checkpoint manifests for process recovery (2238.323645ms)
✔ a fresh recovery entry point matches the zero-run tail and final state (2729.625416ms)
✔ stage digest parser requires the summary contract (3.853073ms)
✔ stage digest comparison returns equality for matching windows (3.209583ms)
✔ stage digest comparison reports the first differing stage and field (0.454271ms)
✔ stage digest comparison distinguishes missing windows from equal empty data (0.25276ms)
✔ stage digest comparison does not ignore pre-cycle input differences (0.359739ms)
✔ stage digest prefix comparison separates matched windows from unfinished execution (0.479427ms)
✔ Stamp keeps class identity and clone without a jree JavaObject shell (2.610364ms)
✔ Stamp.baseOverlap uses BaseEntry value equality, not object identity (0.603854ms)
✔ Stamp.evidenceIsCyclic detects equal BaseEntry values in one evidential base (0.432916ms)
✔ ProcessGoal evidence subset keeps Java BaseEntry equality (3012.386821ms)
✔ Stamp keeps project-owned exception and collection boundaries (3.300729ms)
✔ Stamp occurrence text keeps Java String output without StringBuilder construction (2.795156ms)
✔ Stamp appendOcurrenceTime preserves the caller builder and append contract (0.744948ms)
✔ Stamp name is a cached Java String and invalidates after occurrence changes (0.855938ms)
✔ Node strings are normalized at Narsese input boundaries (175.064896ms)
✔ Narsese compound parsing preserves native argument order (152.14375ms)
✔ Narsese functional operation parsing consumes native operator prefix text (150.424271ms)
✔ StructuralRules sequence array copies preserve Java component order (2927.429061ms)
✔ StructuralRules no longer imports jree for array copies (1.059688ms)
✔ SyllogisticRules uses project-owned argument exceptions (2.706198ms)
✔ Symbols and Narsese use project-owned argument exceptions (3.063386ms)
✔ Symbols keeps the NativeOperator contract without a direct jree import (0.374948ms)
✔ System operator executes its Java-compatible shell contract (44.957968ms)
✔ System operator exposes the Java range term (0.865938ms)
✔ System operator reports a missing host capability explicitly (1.786354ms)
✔ System operator preserves Java empty-result behavior when the host command fails (0.633542ms)
✔ Task keeps project-owned enum and string boundaries (1.757916ms)
✔ Memory refreshes an input Sentence hash after assigning occurrence (189.985ms)
✔ Task Bag merges Java-equal derived sentences by TruthValue hash (1327.199167ms)
✔ TaskLink.Recording keeps its Java data contract without a jree object shell (1.999323ms)
✔ TemporalInferenceControl uses project host boundaries (2.704323ms)
✔ TemporalInferenceControl filters equal Task values in local attempt set (7.451406ms)
✔ TemporalRules uses project exception boundaries (2.845782ms)
✔ Term does not construct jree argument/state exceptions directly (2.302708ms)
✔ Term invalid overloads preserve project exception identity (1.405677ms)
✔ TermLink prefix preserves Java type, index order, and hexadecimal formatting (3.033385ms)
✔ Terms uses project-owned argument and state exceptions (4.157395ms)
✔ Terms invalid overloads preserve project exception identity (1871.723905ms)
✔ Texts.n2 formats values with two decimals and rounding (4.316823ms)
✔ Texts.n2 rejects out-of-range values (1.350052ms)
✔ Texts.n4 and n1 format fixed decimals (0.530521ms)
✔ Texts.yarn concatenates non-null components (0.546459ms)
✔ Texts.compareTo matches lexicographic ordering (0.633333ms)
✔ ThreadCompat uses native scheduling and preserves the translated call surface (19.554948ms)
✔ ThreadCompat keeps synchronous sleep and native interruption errors (2.998333ms)
✔ commutative conjunction follows Java term ordering for toothbrush goal (5633.893123ms)
✔ scoped variable ordering uses Java code-unit order for commutative intersections (174.590729ms)
✔ default NAR loads the internal experience plugin used by Java toothbrush (210.969427ms)
✔ tensional sets initialize Java-compatible compound complexity (2.389896ms)
✔ budget fields narrow at Java float write boundaries (2.04349ms)
✔ novel-task Bag preserves Java float level selection at the 0.8 boundary (200.456927ms)
✔ utility float accumulators narrow at each Java assignment boundary (3.859896ms)
✔ forgetting narrows Java float parameters before the exponent boundary (4.334427ms)
✔ derived task applies Java float leak operands before multiplication (142.272917ms)
✔ mental operation feedback does not create a Java operation frame (141.808438ms)
✔ sentence rendering preserves Java conceptual decimal visual indices (147.843229ms)
✔ compound-condition TermLink overload preserves Java's leading condition index (166.175417ms)
✔ conditional operation unification substitutes the grounded toothbrush term (155.166979ms)
✔ grounded toothbrush operation produces Java-style execution feedback (146.083072ms)
✔ TruthFunctions keeps project-owned enum and exception boundaries (3.267604ms)
✔ TruthValue constructor assigns fields and keeps Parameters reference (2.495469ms)
✔ TruthValue factory methods map to expected defaults (0.394792ms)
✔ TruthValue clamps confidence based on TRUTH_EPSILON (0.201823ms)
✔ TruthValue expectation and negativity follow formula (0.516406ms)
✔ TruthValue string key is stable and usable in maps (0.376406ms)
✔ TruthValue hashCode preserves Java float/double operand boundaries (0.553073ms)
✔ TruthValue equals uses Java epsilon and ignores analytic metadata (0.357292ms)
✔ TruthValue direct frequency writes preserve Java float storage (0.183802ms)
✔ TruthValue expectation difference is a Java float result (5.288959ms)
✔ TruthValue word terms use the native Term factory and preserve Java words (2.275104ms)
✔ TS-only process policy recognizes direct Java and shell launches (9.807448ms)
✔ TS-only preloader rejects Java launch without invoking a real Java binary (194.323854ms)
✔ five responsibility clusters are stable and expose two to five sentinel NAL files (13.7475ms)
✔ every current production TypeScript file belongs to exactly one responsibility cluster (40.734896ms)
✔ a risk slice selects cluster sentinels and never creates an M1-minus command (2.259375ms)
✔ a cluster close creates one M1-minus command and omits the redundant sentinel run (0.526511ms)
✔ one explicit owner may carry at most one small supporting cluster (1.020625ms)
✔ unknown, untouched and missing-evidence plans fail closed (0.664636ms)
✔ stage acceptance requests live Java, full M1 and strict markerless evidence (0.353177ms)
✔ Variable uses project-owned Java exception classes (4.054011ms)
✔ Variable constructors do not wrap native names with jree String (3.25125ms)
✔ Variables uses project-owned Java exception classes (17.245573ms)
✔ compound hasVar(type) preserves Java variable-kind dispatch (5363.733644ms)
✔ 变量统一会替换操作参数并保留 Operation 运行时类型 (2851.96052ms)
✔ common variable propagation matches Java for commutative unification (1150.495885ms)
✔ commutative unification does not reuse one matched operand index (158.361458ms)
✔ Variables initializes the Java Map pair with native ordered maps (5.242448ms)
✔ default NAR registers VisionChannel and maps decimal coordinates (4136.594269ms)
✔ VisionChannel keeps prototype order in a native array (137.850052ms)
✔ VisualSpace keeps the Java plain-class boundary and image snapshot contract (10.197708ms)
✔ VisualSpace keeps math and operator text on project boundaries (0.74599ms)
ℹ tests 475
ℹ suites 0
ℹ pass 470
ℹ fail 0
ℹ cancelled 0
ℹ skipped 5
ℹ todo 0
ℹ duration_ms 434669.574417
