
> opennars-304-ts@0.1.0 test
> npm run test:unit:serial


> opennars-304-ts@0.1.0 test:unit:serial
> node scripts/testing/run-ts-only-unit-tests.mjs

✔ TLink.getIndex returns correct index for valid level (5.449219ms)
✔ TLink.getIndex returns -1 for invalid level (0.324323ms)
✔ TLink.getIndex with empty indices array (0.241875ms)
✔ TLink.getTarget returns the linked target object (0.208437ms)
✔ TLink.getPriority returns priority value (0.316355ms)
✔ TLink.getPriority returns default priority when not specified (0.150208ms)
✔ TLink.getPriority handles zero priority (0.185052ms)
✔ TLink.getPriority handles maximum priority (0.16625ms)
✔ TLink interface supports generic Term type (0.210834ms)
✔ TLink interface supports generic Task type (0.416563ms)
✔ TLink with multi-level indices maintains order (0.252812ms)
✔ TLink.getIndex returns negative one-based index (Java compatibility) (0.166302ms)
✔ TLink mock implementation preserves immutability (0.182656ms)
✔ TLink interface can be used as type parameter (0.259114ms)
✔ TLink with floating point indices (0.149427ms)
✔ AbstractTerm keeps CharSequence as a type-only project boundary (2.246667ms)
✔ Anticipate keeps a prediction and emits the Java-compatible signal (5.940573ms)
✔ Anticipate keeps Java Prediction identity keys in its outer Map (0.505938ms)
✔ Anticipate removes a confirmed NativeSet value through its Java iterator path (1.25651ms)
✔ Anticipate subscribes and unsubscribes from its cycle events (0.920417ms)
✔ Anticipate deduplicates equal derived terms in its Set boundary (0.701667ms)
✔ Concept stores anticipation entries in a native array (1.103229ms)
✔ ProcessAnticipation accepts the native Map substitution boundary (1802.755572ms)
✔ Bag keeps math and string boundaries project-owned (5.765573ms)
✔ Bag.pickOut supports both Java overload shapes (4.595573ms)
✔ Bag rejects invalid overload arity with the project Java exception (1.86125ms)
✔ Bag keeps its observed runtime class identity without jree JavaObject (0.633281ms)
✔ Bag.pickOut keeps a key object with name() on the key overload (2.174531ms)
✔ Bag merges distinct object keys through Java equals semantics (1.144062ms)
✔ Bag recovers Java-equal keys when a restored key hash differs (1.283803ms)
✔ Bag lookup remains Java-equal when the legacy hash bucket is malformed (0.636927ms)
✔ Bag removes an item when a restored hash bucket is not a JS array (0.345052ms)
✔ Bag removes from a restored Java List bucket without rebuilding the bag (0.907239ms)
✔ Bag removes from a restored Java Set bucket through iterator.remove (0.852812ms)
✔ Bag stores priority-level FIFO queues in native arrays (1.117865ms)
✔ Bag keeps the Java HashMap/LinkedHashMap contract with a native Map (3.702917ms)
✔ Bag native iteration preserves LinkedHashMap insertion order across replacement and removal (0.462656ms)
✔ Bag Java iterator and contains preserve value equality (0.531719ms)
✔ Bag takeOut removes each selected item and reaches the empty state (0.635365ms)
✔ Bag keeps native math and string boundaries (0.539375ms)
✔ budget inference narrows Java float parameters before belief feedback (2.985833ms)
✔ rankBelief narrows Java float return values at the budget boundary (0.404636ms)
✔ truthToQuality and the TruthValue budget constructor share Java float semantics (0.477188ms)
✔ BudgetFunctions keeps project-owned enum and exception boundaries (3.018594ms)
✔ BudgetValue uses native string markers (2.309479ms)
✔ BudgetValue keeps runtime compatibility behind project-owned boundaries (0.543802ms)
✔ gate policy keeps a bounded documentation or low-risk source edit at T0 (3.573229ms)
✔ gate policy escalates a hot Bag slice to T1 without spending the cluster-close M1 budget (1.056198ms)
✔ only an explicit enumerated cluster close requires M1-minus (3.290782ms)
✔ gate policy escalates baseline changes and milestone acceptance to T2 (0.41625ms)
✔ gate policy escalates broad production edits (0.516355ms)
✔ source-line gate counts only production TypeScript, excluding tests, reports, docs and JavaScript (0.896614ms)
✔ runtime dependency fingerprint ignores ordering and scripts but detects version changes (16.63099ms)
✔ ComplexEmotions keeps the Java plain-plugin boundary without a jree Object shell (2.90177ms)
✔ ComplexEmotions keeps event text on the native string boundary (0.680208ms)
✔ Emotions keeps math and text on project boundaries (0.55151ms)
✔ CompositionalRules keeps logging and map boundaries project-owned (2.737344ms)
✔ CompositionalRules.powerSet preserves Set order without a temporary List (3.384114ms)
✔ CompositionalRules.powerSet handles empty and singleton sets (0.360364ms)
✔ CompositionalRules.powerSet keeps nested Set equality by value (0.499895ms)
✔ CompositionalRules.introduceVariables keeps Java Map substitution semantics (182.685ms)
✔ TruthFunctions lookup keeps native boolean varargs and nullable selection (147.626563ms)
✔ Negation, Similarity, and Disjunction avoid direct jree imports (2.553802ms)
✔ CompoundTerm hasVar rejects invalid overloads with the project exception (2.066718ms)
✔ CompoundTerm hasVar preserves the Java argument exception identity (528.940104ms)
✔ CompoundTerm builds names through the project string boundary (2.094375ms)
✔ Concept keeps string and state boundaries project-owned (2.384427ms)
✔ ConfigReader keeps the Java plain-class boundary without a jree Object shell (2.430989ms)
✔ parseConfigXml returns a native configuration tree (4.079323ms)
✔ parseConfigXml rejects empty, missing-root and incomplete configuration (1.122917ms)
✔ embedded default configuration stays byte-for-byte aligned after line-ending normalization (12.240364ms)
✔ Nar accepts explicit configuration text without reading a config file (148.131041ms)
✔ Nar.PluginState keeps the Java lifecycle contract without a jree object shell (137.896771ms)
✔ Nar rejects a path passed to the core string configuration overload (0.984896ms)
✔ Nar records a missing capability instead of loading a Node-only plugin (143.148489ms)
✔ Nar registers the system plugin when the Node capability is supplied (137.80375ms)
✔ PluginRegistry returns a native ordered plugin sequence and diagnostics (0.723542ms)
✔ PluginRegistry consumes Java constructor arguments with float32 narrowing (0.735469ms)
✔ PluginRegistry accepts Java no-argument constructors (0.644479ms)
✔ PluginRegistry diagnoses invalid and repeated registrations without reordering valid instances (0.331823ms)
✔ PluginRegistry accepts an empty plugin section without diagnostics (0.234219ms)
✔ ConfigReader forwards the native plugin sequence without a jree list wrapper (137.405052ms)
✔ Nar exposes a live native read-only plugin list (136.352656ms)
✔ Conjunction, Inheritance, and Interval avoid direct jree argument/state exceptions (2.367604ms)
✔ Conjunction and Interval preserve project-owned argument exception identity (0.931667ms)
✔ Inheritance clone preserves project-owned argument exception identity (2.121875ms)
✔ Conjunction uses the project string boundary for generated indices (2.305729ms)
✔ translated term and sentence constructors preserve Java delegation contracts (3696.145051ms)
✔ compound factories flatten transient Java lists with native arrays (103.582604ms)
✔ Product preserves the Java List constructor boundary without a direct jree import (7.754011ms)
✔ Conjunction interval normalization preserves Java order and sums adjacent intervals (4.529479ms)
✔ Sentence normalization keeps duplicate variables in traversal order (10.452969ms)
✔ Sentence normalization keys duplicate variables by Java text value (36.102917ms)
✔ CompoundTerm iterator preserves Guava forArray contract (4.282448ms)
✔ CompoundTerm local lists preserve native storage and Java order (8.619218ms)
✔ decimal perception coordinates remain conceptual like Java Term.get (2.141562ms)
✔ countTermRecursively accepts a null accumulator like Java (4.718855ms)
✔ Concept.getBelief returns null when Java belief selection has no candidate (2051.35802ms)
✔ Sentence.getTruth preserves Java's nullable query accessor (148.166354ms)
✔ DerivationContext currentBeliefLink preserves Java null lifecycle (146.891563ms)
✔ DerivationContext delayed execution state starts null and requires explicit registration (140.477291ms)
✔ DerivationContext double-premise results use the native ordered buffer (149.258281ms)
✔ TemporalRules returns the native ordered derivation buffer (150.576302ms)
✔ DerivationContext lazily builds and caches the Java newStamp (166.834948ms)
✔ ProcessGoal executable precondition preserves Java default metadata (2.724948ms)
✔ ProcessJudgment treats an empty Java Optional search as a null result (161.8425ms)
✔ ProcessGoal question staging preserves the emitted question with a native buffer (160.723333ms)
✔ ProcessGoal keeps the native general-precondition buffer iterable (148.832865ms)
✔ ProcessGoal keeps temporary substitution maps as native Map implementations (153.173334ms)
✔ FunctionOperator emits native array feedback through Operator.call (148.895313ms)
✔ Want emits native array feedback through Operator.call (166.822136ms)
✔ Evaluate emits native array feedback through Operator.call (141.055417ms)
✔ Wonder emits native array feedback after mental operator boundary migration (140.726354ms)
✔ Believe emits native array feedback after the remaining operator migration (154.713802ms)
✔ Believe keeps Java's null truth exception boundary (177.480365ms)
✔ Abbreviation emits native array feedback for empty and single-task results (186.38026ms)
✔ set factories use native equality-aware intersection and difference (6.369271ms)
✔ Stamp tense lookup uses Java temporal order constants (2.938437ms)
✔ Stamp long time arithmetic preserves bigint inputs at the boundary (2.076302ms)
✔ mixed runtime long values preserve temporal projection and interval normalization (9.044011ms)
✔ Nar explicit long overload accepts JavaScript number and bigint values (279.255937ms)
✔ CompoundTerm equality preserves Java case-sensitive key identity (150.269844ms)
✔ Concept long text preserves Java field labels (138.122031ms)
✔ Narsese truth parsing preserves Java Float.parseFloat boundaries (151.44224ms)
✔ Java implicit Object classes no longer carry a jree JavaObject base (10.542083ms)
✔ static Java utility classes no longer carry a jree JavaObject base (4.448229ms)
✔ ItemPriorityComparator keeps the Java plain comparator boundary (0.977031ms)
✔ Item keeps its value contract while using the project runtime class boundary (2.623959ms)
✔ Operator.ExecutionResult keeps the Java plain event-payload boundary (0.890416ms)
✔ CompoundTerm.ConvRectangle keeps the Java plain data-holder boundary (0.902656ms)
✔ static inference rule classes no longer carry a jree JavaObject base (4.930313ms)
✔ Counting keeps Java's plain-plugin boundary and constructor contracts (1.961979ms)
✔ Counting preserves Java's invalid constructor exception contract (0.881823ms)
✔ DerivationContext keeps project-owned exception and string boundaries (2.464896ms)
✔ Distributor fills order with expected counts (2.575781ms)
✔ Distributor.next cycles through capacity (0.36375ms)
✔ Distributor rejects non-positive range (0.694531ms)
✔ Emotions keeps the Java plain-plugin boundary and float constructor contract (1.717656ms)
✔ EventEmitter.set subscribes only to the requested event classes (4.842709ms)
✔ Events keeps the Java plain namespace-holder boundary (0.351406ms)
✔ native event classes keep stable runtime identity tokens (0.259323ms)
✔ EventEmitter uses native map and observer arrays while preserving identity removal (0.30875ms)
✔ EventEmitter.synch applies pending operations in FIFO order (0.428437ms)
✔ EventEmitter preserves native event payload order (0.30625ms)
✔ EventEmitter preserves Java exception boundaries (1.01224ms)
✔ EventHandler accepts Java-style event varargs (0.389844ms)
✔ EventHandler uses the project runtime identity boundary without jree (0.224635ms)
✔ EventHandler preserves the Java illegal-argument boundary (0.611823ms)
✔ OutputHandler preserves the Java illegal-argument boundary (0.367761ms)
✔ TextOutputHandler preserves the Java illegal-argument boundary (0.578854ms)
✔ Events.ConceptNew preserves the Java InferenceEvent constructor contract (0.502709ms)
✔ Events.ConceptNew keeps event text on the project-owned string boundary (0.449948ms)
✔ Events.TaskAdd accepts native and Java string reasons at the event boundary (0.520937ms)
✔ TextOutputHandler keeps line prefixes on the native string boundary (160.880469ms)
✔ TextOutputHandler.LineOutput accepts project-owned text values (0.414323ms)
✔ TextOutputHandler.openSaveFile accepts project-owned text paths (153.086406ms)
✔ Float32Math narrows Java float operands and results (2.003907ms)
✔ Float32Math covers Java float operation boundaries (0.461719ms)
✔ Float32Math.pow matches Java float storage after Math.pow (0.209427ms)
✔ Float32Math.powDouble preserves Java Math.pow double result (0.238542ms)
✔ Float32Math.truthToQuality preserves Java float complement boundaries (0.271042ms)
✔ ImageExt and ImageInt do not construct jree exception classes directly (2.340781ms)
✔ ImageExt clone and make use project-owned argument/state exceptions (2353.56427ms)
✔ ImageInt clone and make use project-owned argument/state exceptions (32.920834ms)
✔ Image uses project-owned string and hash boundaries (2.234427ms)
✔ Image keeps Java-compatible generated names (1.639271ms)
✔ Implication and Equivalence use project-owned exception classes (2.279271ms)
✔ Implication invalid overloads preserve project exception identity (2.168282ms)
✔ Equivalence invalid overloads preserve project exception identity (2.039219ms)
✔ Implication and Equivalence use project-owned string boundaries (2.358073ms)
✔ Inheritance avoids direct jree String construction for operator checks (2.025208ms)
✔ Nar consumes NAL text and preserves IN creation-time semantics (176.847291ms)
✔ Nar two-argument addInputText accepts project-owned string values (146.474323ms)
✔ InternalExperience keeps the Java plain-plugin boundary and constructor contracts (2.082448ms)
✔ intersection and difference terms avoid direct jree argument/state exceptions (2.274792ms)
✔ intersection factories preserve project-owned argument exceptions (1.062604ms)
✔ difference factories preserve project-owned argument exceptions (0.458958ms)
✔ DifferenceInt keeps its invalid component-count state contract (0.33052ms)
✔ Interval uses the project string boundary for parsing and naming (2.277344ms)
✔ Parser and ConfigReader keep Java input types behind project boundaries (3.254583ms)
✔ Item text methods replace one-shot StringBuilder without changing order (11.694323ms)
✔ Item text methods retain Java null/string conversion at the boundary (1.044271ms)
✔ Item keeps Java runtime types behind project boundaries (2.122604ms)
✔ Java short-array equals preserves null, length, order, and values (2.03ms)
✔ Java short-array hash follows Arrays.hashCode(short[]) (0.257032ms)
✔ Java Objects.hash uses the project Java value hash contract (0.371302ms)
✔ local parity runner rejects a missing selected Java artifact (196.483489ms)
✔ NAL runner rejects a missing selected Java artifact (192.769271ms)
﹣ local parity rejects the historical 3.1.0 artifact (0.283646ms) # SKIP
﹣ local parity default and explicit selection identify the canonical Java artifact (0.238386ms) # SKIP
﹣ NAL runner rejects the historical 3.1.0 artifact (0.275729ms) # SKIP
﹣ NAL runner can compare TS with the frozen Java baseline without starting Java (0.206146ms) # SKIP
✔ NAL runner rejects a missing frozen Java baseline (190.699219ms)
✔ native Java throwable hierarchy preserves type and message contracts (2.235364ms)
✔ native Java exception layers retain Java-shaped subclassing (0.477292ms)
✔ native Java throwable supports Java-style cause and message updates (0.279062ms)
✔ native Java exception compatibility preserves old jree instanceof checks (0.309115ms)
✔ Statement keeps Java side-enum and native exception boundaries (1324.450572ms)
✔ Implication.clone preserves the source term and runtime type (87.803594ms)
✔ Image placeholder recognition keeps Java exact-Term semantics (27.181407ms)
✔ Terms.term preserves the relation index when rebuilding images (958.785989ms)
✔ Terms image/product equivalence keeps Java Set de-duplication (5.192188ms)
✔ CompoundTerm Set helpers preserve Java equality and insertion order (8.095417ms)
✔ CompoundTerm.termList preserves Java Arrays.asList fixed-size semantics (3.413281ms)
✔ LinkedHashSet keeps insertion order for hashable Java objects (5.495ms)
✔ LinkedHashSet add, remove, and re-add follow Java order (0.569584ms)
﹣ Java and TypeScript local algorithm fixtures remain in parity (1.802812ms) # SKIP
✔ LocalRules keeps math operations on the native boundary (2.148489ms)
✔ M3 benchmark statistics use median and nearest-rank p95 (5.488229ms)
✔ M3 benchmark exposes normalized throughput and marks qualified p95 (1.355625ms)
✔ M3 benchmark requires explicit files and accepts serial repetition settings (1.140052ms)
✔ J2 MapContract substitutes with NativeMap without changing term semantics (4.475468ms)
✔ J2 MapContract accepts Java LinkedHashMap substitution input (2.118281ms)
✔ J2 MapContract preserves recursive term counts and insertion order (3.181615ms)
✔ Memory lock marker uses the native boolean contract (2.109323ms)
✔ Memory operator registry adds, replaces, and removes operators by Java text value (144.890573ms)
✔ Memory keeps the Java plain-class boundary without a jree object shell (136.6825ms)
✔ Memory keeps Java iterator calls and native iteration as separate contracts (142.085677ms)
✔ Memory keeps task reason literals native until event conversion (2.386979ms)
✔ Memory accepts native string reasons and preserves Java event payloads (4756.01604ms)
✔ metrics and output conditions load without an ESM initialization cycle (4931.707186ms)
✔ migration codemod repairs only the narrow generic alias shape (800.258542ms)
✔ migration codemod repairs split logical operators (294.820417ms)
✔ migration codemod adds extensions only to relative ESM imports (207.048698ms)
✔ migration scanner ignores Narsese examples in comments, strings, and regex literals (673.422917ms)
✔ Narsese constructor delegation preserves either memory entry point (0.758125ms)
✔ NAL matrix summary separates timeout from an unverified semantic cause (14.279479ms)
✔ NAL matrix summary keeps a process safety limit separate from timeout (1.406198ms)
✔ NAL matrix summary records the observed nal4.7 rule-dispatch hypothesis (0.976094ms)
✔ NAL matrix summary records a longer-budget pass without rewriting the fixed-budget result (1.201458ms)
✔ NAL matrix summary preserves runner provenance for legacy rows (1.121823ms)
✔ NAL runner keeps process exit evidence separate from exception text (3.785781ms)
✔ NAL runner keeps matched markers when another error flag is present (2.397188ms)
✔ NAL runner classifies progressing process limits as warnings (0.329375ms)
✔ NAL runner counts final matched markers even when an exception occurs (5.003958ms)
✔ NAL runner keeps timeout and marker absence as separate observations (0.288385ms)
✔ NAL runner distinguishes a process crash from a single-file timeout (0.392031ms)
✔ NAL runner keeps files after a timeout separate from the timed-out file (0.206667ms)
✔ parity does not become functional pass when both engines miss the marker (6.849427ms)
✔ parity exposes Java/TypeScript result differences independently (0.60177ms)
✔ NAL runner reports marker timing against a 120-second-per-1024-cycle budget (1.16724ms)
✔ NAL runner records runtime per reasoning cycle and relative slowdown (0.516823ms)
✔ NAL runner marks stalled runtime as a lower bound instead of a functional verdict (0.510938ms)
✔ NAL runner classifies no-progress watchdog termination independently of performance (1.150521ms)
✔ NAL runner keeps a slow completed process as performance data, not a timeout (0.261511ms)
✔ NAL runner keeps a process safety limit separate from a no-progress timeout (0.304062ms)
✔ NAL runner keeps performance observations separate when a marker is missing (0.244583ms)
✔ marker parity is an equivalence route without requiring 131072 cycles or an internal trace (0.20151ms)
✔ marker parity remains equivalent when an optional internal trace differs (0.501979ms)
✔ 131072-cycle equivalence is available for inputs without Java markers (0.231719ms)
✔ NAL parity rows expose marker equivalence independently of the long-cycle target (0.359167ms)
✔ NAL runner preserves valid rows when stdout contains a diagnostic line (0.640417ms)
✔ NAL runner accepts only structured progress heartbeats (0.412813ms)
✔ NAL runner resets the no-progress watchdog for cycle, command, and marker heartbeats (0.221771ms)
✔ NAL runner preserves expected marker count on timeout rows (3.394792ms)
✔ NAL runner recognizes Windows timeout results with signal and message (0.286354ms)
✔ Tense lookup accepts Java String values at the parser boundary (0.346875ms)
✔ NAL metadata separates embedded and runner-added cycles (0.456667ms)
✔ NAL runner validates and resumes a persisted per-file result (6290.928696ms)
✔ NAL runner selects the explicit M1-- corpus without limit-based truncation (2.463959ms)
✔ NAL runner rejects partial corpus options for M1-- (1.216666ms)
✔ NAL runner records an explicit TypeScript process mode and separates run keys (0.805886ms)
✔ NAL runner rejects duplicate checkpoint rows for one run (2.007344ms)
✔ NAL runner rejects duplicate input files before execution (0.507917ms)
✔ NAL runner persists cold and hot results without overwriting either run (11966.11036ms)
✔ NAL runner keeps hot results isolated from order and cold-process boundaries (23761.308168ms)
✔ NAL runner resumes after a real middle-file timeout and preserves the tail (2021.952395ms)
✔ NAL trace describes ExecutionResult with Java-equivalent operation feedback (6123.532758ms)
✔ Nar configuration keys and state strings stay native (158.501875ms)
✔ Nar diagnostics use native text literals at Java exception boundaries (7.411875ms)
✔ Nar file persistence exposes project-owned text path boundaries (2.605677ms)
✔ Nar internal input helpers keep native string values (184.463021ms)
✔ Nar metadata and configuration paths stay native strings (155.783385ms)
✔ Nar sensory channel registry keeps Java Map and Term equality semantics (147.025156ms)
✔ Nar sensory channel consumer accepts a native string boundary (129.114531ms)
✔ SensoryChannel keeps the Java plain-base class identity contract (128.918907ms)
✔ NarNode network text boundaries stay project-owned (7.430105ms)
✔ NarNode.TargetNar keeps the Java plain network-target boundary (1.898386ms)
✔ NarNode keeps class identity without inheriting jree.JavaObject (0.452761ms)
✔ NarNode stores redirection targets in insertion order (2.519583ms)
✔ Narsese follows the canonical plain-class boundary (158.334687ms)
✔ Narsese parser uses the project string boundary for temporary arguments (2.553542ms)
✔ Narsese preserves temporal statement order from Java relation dispatch (4488.719477ms)
✔ NativeDeque preserves FIFO order and removes from the head (4.897239ms)
✔ NativeDeque iterator.remove preserves the remaining order (0.890729ms)
✔ NativeDeque supports re-adding an iterator match at the tail (0.245104ms)
✔ NativeDeque matches TaskLink's bounded-record eviction condition (0.24875ms)
✔ time and multistep interfaces use native TypeScript values (1.975ms)
✔ NativeList preserves Java ArrayList insertion and indexed access order (4.661458ms)
✔ NativeList preserves indexed removal and Java-style equality lookup (0.566979ms)
✔ NativeList equality lookup calls equals on the searched value (0.246042ms)
✔ NativeList iterator preserves removal and fail-fast behavior (0.885417ms)
✔ NativeList rejects invalid element and insertion indices (0.41776ms)
✔ native lookup tables preserve Java symbol and tense contracts (1309.650885ms)
✔ Term atom cache normalizes Java and native text keys (485.243593ms)
✔ NativeMap preserves Java Map equality, insertion order, and replacement position (4.92651ms)
✔ NativeMap scans hash collisions and removes indexed records (0.478542ms)
✔ NativeMap preserves equality fallback for object keys without hashCode (0.302969ms)
✔ NativeMap views are live and iterators support Java-style removal (1.244427ms)
✔ NativeMap distinguishes a missing key from a mapped null value (0.254739ms)
✔ NativeMap entry, key, and value views preserve Java removal contracts (0.498125ms)
✔ NativeMap clone, equals, hashCode, and putAll preserve entry values (0.603594ms)
✔ NativeMap iterators allow entry updates and only iterator removal changes version (0.419479ms)
✔ NativeMap count entries match jree LinkedHashMap on equal domain keys (831.740469ms)
✔ NativeMap implements the project MapContract without erasing Map semantics (0.437968ms)
✔ NativeReadOnlyList is a live ordered view over a native array (5.658177ms)
✔ NativeReadOnlyList preserves NativeList equality lookup and rejects mutation (1.141979ms)
✔ NativeSet preserves Java Set equality and insertion order (4.395886ms)
✔ NativeSet uses the searched value as the Java equals receiver (0.300156ms)
✔ NativeSet iterator supports Java remove and fail-fast mutation checks (1.095156ms)
✔ NativeSet.equals follows Java AbstractSet receiver direction (0.563855ms)
✔ NativeSet deduplicates structurally equal Terms used as target Set values (4261.060415ms)
✔ NativeSortedSet preserves TreeSet order and comparator uniqueness (4.994063ms)
✔ NativeSortedSet follows the Java Set equality and hash contract (0.956979ms)
✔ Term.toSortedSet supports retainAll and Java-shaped toArray (0.882188ms)
✔ Task keeps its best solution null until Java sets one (3076.335624ms)
✔ initialized Term names retain their Java string value (1.279687ms)
✔ CompoundTerm rebuilds its name after Java null cache invalidation (1.419584ms)
✔ operator constructors preserve Java string boundaries (2.530053ms)
✔ Feel constructors preserve the Java native String contract (0.530156ms)
✔ FunctionOperator accepts the Java String constructor boundary (0.332344ms)
✔ Reflect.sop preserves the translated Java varargs-array overload (1.790104ms)
✔ Reflect.sop normalizes native and boxed Java string operator names (0.621302ms)
✔ Count preserves Java's invalid-input exception contract (1.176614ms)
✔ Operation and NullOperator preserve Java invalid-argument boundaries (0.465677ms)
✔ Operation.makeName preserves Java StringBuilder text semantics (0.300781ms)
✔ Operation keeps CharSequence and exceptions behind project boundaries (0.689791ms)
✔ Operator.operationExecutionString returns native Java-equivalent output text (0.770104ms)
✔ Operator.addPrefixIfMissing normalizes boxed and native Java String inputs (0.301927ms)
✔ FunctionOperator preserves Java arity and overload exception contracts (0.657864ms)
✔ FunctionOperator copies Java parameter arguments into a fresh shallow array (2.302969ms)
✔ Operator.call preserves null and ordered empty feedback contracts (1.169375ms)
✔ Operator.reportExecution accepts native event payloads at the Java Object boundary (0.599636ms)
✔ Add preserves Java argument and result contracts (1.12849ms)
✔ Add preserves Java StringUtils.isNumeric and Integer.parseInt boundaries (0.830781ms)
✔ Reflect preserves Java argument and overload contracts (0.528646ms)
✔ Anticipate preserves its invalid-constructor exception contract (0.295781ms)
✔ Operator.call preserves its invalid-overload exception contract (0.228594ms)
✔ operator and plugin text boundaries use native strings (5.737864ms)
✔ operator and plugin exceptions use the project-owned exception layer (2.205677ms)
✔ Nar config preserves Java float parameters at the TruthValue clamp boundary (152.911875ms)
✔ Memory.cycles narrows the duration before the Java multiplication (134.585156ms)
✔ Memory.output narrows the volume ratio before the Java subtraction (136.074792ms)
✔ Parameters keeps every Java float default in binary32 (0.452604ms)
✔ Plugin CharSequence boundary accepts Java and native string values (2.214062ms)
✔ Plugin names use a project-owned CharSequence boundary (3.98724ms)
✔ plugin exception boundaries use project-owned Java exception classes (2.618437ms)
✔ ProcessAnticipation uses the project string boundary (2.098802ms)
✔ ProcessGoal keeps project-owned host and collection boundaries (2.583542ms)
✔ ProcessJudgment uses native exception text (2.14125ms)
✔ ProcessQuestion uses project-owned state exceptions (2.066041ms)
✔ jree Random.nextDouble preserves Java's 53-bit value (1.968177ms)
✔ RuleTables keeps project-owned enum and exception boundaries (2.819531ms)
✔ javaStringLength normalizes jree and native string representations (2.409167ms)
✔ javaStringValue applies Java toString before JS interpolation (0.416406ms)
✔ Java string equality and hashing use exact UTF-16 code units (0.607865ms)
✔ jree Double compatibility preserves boxed numeric operations (0.405938ms)
✔ identity hash compatibility is stable and distinguishes object identity (0.28474ms)
✔ missing jree exception compatibility preserves Java inheritance (0.568125ms)
✔ jree object FQN marker is inherited without changing class identity (0.365938ms)
✔ shell starts without loader or jree deprecation warnings (6494.745935ms)
✔ shell reads an external config in the host adapter without warnings (4908.069321ms)
✔ Sentence normalization keeps array copying project-owned (2.352605ms)
✔ Sentence keeps exception construction inside project boundaries (2.746354ms)
✔ serial parameterized runner continues after a case failure (8.379636ms)
✔ src/language/SetExt.ts uses project-owned Java argument exceptions (2.223906ms)
✔ src/language/SetInt.ts uses project-owned Java argument exceptions (0.206406ms)
✔ SetExt and SetInt expose project-owned collection types (2.564636ms)
✔ set operator classes avoid unused direct jree imports (2.393958ms)
✔ SetTensional uses the project-owned Java state exception (1.957187ms)
✔ SetTensional keeps its CharSequence return type project-owned (2.050781ms)
✔ SetTensional builds names through the project string boundary (3.299739ms)
✔ Shell keeps the Java plain-class boundary and ThreadCompat remains local (13.630468ms)
✔ shell parses the Java-like interactive control commands (4.212604ms)
✔ shell rejects invalid automatic cycle counts (0.718802ms)
✔ Node stdin adapter exposes queued bytes through Java InputStream (4.496563ms)
✔ Shell command-line text boundaries accept project-owned strings (4.321823ms)
✔ Similarity, Disjunction, and Negation avoid direct jree argument exceptions (5.986823ms)
✔ Similarity preserves project-owned argument exception identity (3.049688ms)
✔ Disjunction preserves project-owned argument exception identity (0.968698ms)
✔ Negation preserves project-owned argument exception identity (0.552656ms)
✔ checkpoint recovery stays consistent beyond 200 reasoning cycles (5200.756144ms)
✔ snapshot experiment rejects an endpoint checkpoint (1.099531ms)
✔ snapshot experiment preserves checkpoint manifests for process recovery (2207.583958ms)
✔ a fresh recovery entry point matches the zero-run tail and final state (2525.625989ms)
✔ stage digest parser requires the summary contract (3.084427ms)
✔ stage digest comparison returns equality for matching windows (2.599322ms)
✔ stage digest comparison reports the first differing stage and field (0.312343ms)
✔ stage digest comparison distinguishes missing windows from equal empty data (0.271875ms)
✔ stage digest comparison does not ignore pre-cycle input differences (0.338281ms)
✔ stage digest prefix comparison separates matched windows from unfinished execution (0.413282ms)
✔ Stamp keeps class identity and clone without a jree JavaObject shell (2.384375ms)
✔ Stamp.baseOverlap uses BaseEntry value equality, not object identity (0.49224ms)
✔ Stamp.evidenceIsCyclic detects equal BaseEntry values in one evidential base (0.401823ms)
✔ ProcessGoal evidence subset keeps Java BaseEntry equality (3038.00552ms)
✔ Stamp keeps project-owned exception and collection boundaries (3.02125ms)
✔ Stamp occurrence text keeps Java String output without StringBuilder construction (2.577761ms)
✔ Stamp appendOcurrenceTime preserves the caller builder and append contract (0.627865ms)
✔ Stamp name is a cached Java String and invalidates after occurrence changes (0.697032ms)
✔ Node strings are normalized at Narsese input boundaries (156.054011ms)
✔ Narsese compound parsing preserves native argument order (135.645677ms)
✔ Narsese functional operation parsing consumes native operator prefix text (133.197552ms)
✔ StructuralRules sequence array copies preserve Java component order (2475.498436ms)
✔ StructuralRules no longer imports jree for array copies (0.726927ms)
✔ SyllogisticRules uses project-owned argument exceptions (2.30427ms)
✔ Symbols and Narsese use project-owned argument exceptions (2.857396ms)
✔ Symbols keeps the NativeOperator contract without a direct jree import (0.317292ms)
✔ System operator executes its Java-compatible shell contract (42.30349ms)
✔ System operator exposes the Java range term (0.520104ms)
✔ System operator reports a missing host capability explicitly (1.028802ms)
✔ System operator preserves Java empty-result behavior when the host command fails (0.33698ms)
✔ Task keeps project-owned enum and string boundaries (2.292604ms)
✔ Memory refreshes an input Sentence hash after assigning occurrence (158.149271ms)
✔ Task Bag merges Java-equal derived sentences by TruthValue hash (1149.211927ms)
✔ TaskLink.Recording keeps its Java data contract without a jree object shell (1.74901ms)
✔ TemporalInferenceControl uses project host boundaries (2.337865ms)
✔ TemporalInferenceControl filters equal Task values in local attempt set (7.422083ms)
✔ TemporalRules uses project exception boundaries (2.833802ms)
✔ Term does not construct jree argument/state exceptions directly (2.252031ms)
✔ Term invalid overloads preserve project exception identity (1.38651ms)
✔ TermLink prefix preserves Java type, index order, and hexadecimal formatting (2.916615ms)
✔ Terms uses project-owned argument and state exceptions (2.227969ms)
✔ Terms invalid overloads preserve project exception identity (1741.866041ms)
✔ Texts.n2 formats values with two decimals and rounding (2.102292ms)
✔ Texts.n2 rejects out-of-range values (0.693281ms)
✔ Texts.n4 and n1 format fixed decimals (0.2575ms)
✔ Texts.yarn concatenates non-null components (0.225469ms)
✔ Texts.compareTo matches lexicographic ordering (0.330313ms)
✔ ThreadCompat uses native scheduling and preserves the translated call surface (10.401562ms)
✔ ThreadCompat keeps synchronous sleep and native interruption errors (1.512865ms)
✔ commutative conjunction follows Java term ordering for toothbrush goal (3886.683123ms)
✔ scoped variable ordering uses Java code-unit order for commutative intersections (141.025521ms)
✔ default NAR loads the internal experience plugin used by Java toothbrush (136.864739ms)
✔ tensional sets initialize Java-compatible compound complexity (2.164948ms)
✔ budget fields narrow at Java float write boundaries (1.525937ms)
✔ novel-task Bag preserves Java float level selection at the 0.8 boundary (138.115052ms)
✔ utility float accumulators narrow at each Java assignment boundary (1.362291ms)
✔ forgetting narrows Java float parameters before the exponent boundary (1.825989ms)
✔ derived task applies Java float leak operands before multiplication (134.092448ms)
✔ mental operation feedback does not create a Java operation frame (132.274063ms)
✔ sentence rendering preserves Java conceptual decimal visual indices (135.673802ms)
✔ compound-condition TermLink overload preserves Java's leading condition index (156.475521ms)
✔ conditional operation unification substitutes the grounded toothbrush term (144.165678ms)
✔ grounded toothbrush operation produces Java-style execution feedback (132.534635ms)
✔ TruthFunctions keeps project-owned enum and exception boundaries (2.887604ms)
✔ TruthValue constructor assigns fields and keeps Parameters reference (2.362187ms)
✔ TruthValue factory methods map to expected defaults (0.377239ms)
✔ TruthValue clamps confidence based on TRUTH_EPSILON (0.186459ms)
✔ TruthValue expectation and negativity follow formula (0.27625ms)
✔ TruthValue string key is stable and usable in maps (0.303073ms)
✔ TruthValue hashCode preserves Java float/double operand boundaries (0.34026ms)
✔ TruthValue equals uses Java epsilon and ignores analytic metadata (0.366979ms)
✔ TruthValue direct frequency writes preserve Java float storage (0.173646ms)
✔ TruthValue expectation difference is a Java float result (0.277344ms)
✔ TruthValue word terms use the native Term factory and preserve Java words (1.565364ms)
✔ TS-only process policy recognizes direct Java and shell launches (3.316875ms)
✔ TS-only preloader rejects Java launch without invoking a real Java binary (159.144896ms)
✔ five responsibility clusters are stable and expose two to five sentinel NAL files (3.810937ms)
✔ every current production TypeScript file belongs to exactly one responsibility cluster (18.266354ms)
✔ a risk slice selects cluster sentinels and never creates an M1-minus command (1.565573ms)
✔ a cluster close creates one M1-minus command and omits the redundant sentinel run (0.424531ms)
✔ one explicit owner may carry at most one small supporting cluster (0.804167ms)
✔ unknown, untouched and missing-evidence plans fail closed (0.51776ms)
✔ stage acceptance requests live Java, full M1 and strict markerless evidence (0.254583ms)
✔ Variable uses project-owned Java exception classes (2.2225ms)
✔ Variable constructors do not wrap native names with jree String (2.081146ms)
✔ Variables uses project-owned Java exception classes (2.282708ms)
✔ compound hasVar(type) preserves Java variable-kind dispatch (3894.852343ms)
✔ 变量统一会替换操作参数并保留 Operation 运行时类型 (2858.63104ms)
✔ common variable propagation matches Java for commutative unification (1038.996146ms)
✔ commutative unification does not reuse one matched operand index (137.622448ms)
✔ Variables initializes the Java Map pair with native ordered maps (5.853854ms)
✔ default NAR registers VisionChannel and maps decimal coordinates (3903.00979ms)
✔ VisionChannel keeps prototype order in a native array (136.901093ms)
✔ VisualSpace keeps the Java plain-class boundary and image snapshot contract (3.93974ms)
✔ VisualSpace keeps math and operator text on project boundaries (0.572917ms)
ℹ tests 476
ℹ suites 0
ℹ pass 471
ℹ fail 0
ℹ cancelled 0
ℹ skipped 5
ℹ todo 0
ℹ duration_ms 450902.878057
