
> opennars-304-ts@0.1.0 test:unit:serial
> node scripts/testing/run-ts-only-unit-tests.mjs

✔ TLink.getIndex returns correct index for valid level (3.613542ms)
✔ TLink.getIndex returns -1 for invalid level (0.430886ms)
✔ TLink.getIndex with empty indices array (0.294323ms)
✔ TLink.getTarget returns the linked target object (0.352448ms)
✔ TLink.getPriority returns priority value (0.739896ms)
✔ TLink.getPriority returns default priority when not specified (0.297813ms)
✔ TLink.getPriority handles zero priority (0.372812ms)
✔ TLink.getPriority handles maximum priority (0.400729ms)
✔ TLink interface supports generic Term type (0.304375ms)
✔ TLink interface supports generic Task type (0.51125ms)
✔ TLink with multi-level indices maintains order (0.263854ms)
✔ TLink.getIndex returns negative one-based index (Java compatibility) (0.2075ms)
✔ TLink mock implementation preserves immutability (0.280417ms)
✔ TLink interface can be used as type parameter (0.259687ms)
✔ TLink with floating point indices (0.225104ms)
✔ AbstractTerm keeps CharSequence as a type-only project boundary (58.82375ms)
✔ Anticipate keeps a prediction and emits the Java-compatible signal (20.781718ms)
✔ Anticipate keeps Java Prediction identity keys in its outer Map (1.347187ms)
✔ Anticipate removes a confirmed NativeSet value through its Java iterator path (5.240677ms)
✔ Anticipate subscribes and unsubscribes from its cycle events (3.737187ms)
✔ Anticipate deduplicates equal derived terms in its Set boundary (2.951823ms)
✔ Concept stores anticipation entries in a native array (16.49198ms)
✔ ProcessAnticipation accepts the native Map substitution boundary (4274.349634ms)
✔ Bag keeps math and string boundaries project-owned (21.955209ms)
✔ Bag.pickOut supports both Java overload shapes (12.327343ms)
✔ Bag rejects invalid overload arity with the project Java exception (2.654687ms)
✔ Bag keeps its observed runtime class identity without jree JavaObject (0.983021ms)
✔ Bag.pickOut keeps a key object with name() on the key overload (3.931303ms)
✔ Bag merges distinct object keys through Java equals semantics (2.122239ms)
✔ Bag recovers Java-equal keys when a restored key hash differs (2.409948ms)
✔ Bag lookup remains Java-equal when the legacy hash bucket is malformed (1.508334ms)
✔ Bag removes an item when a restored hash bucket is not a JS array (1.324479ms)
✔ Bag removes from a restored Java List bucket without rebuilding the bag (3.423229ms)
✔ Bag removes from a restored Java Set bucket through iterator.remove (3.019895ms)
✔ Bag stores priority-level FIFO queues in native arrays (1.215937ms)
✔ Bag keeps the Java HashMap/LinkedHashMap contract with a native Map (7.672031ms)
✔ Bag native iteration preserves LinkedHashMap insertion order across replacement and removal (2.217344ms)
✔ Bag Java iterator and contains preserve value equality (3.075572ms)
✔ Bag takeOut removes each selected item and reaches the empty state (3.316615ms)
✔ Bag keeps native math and string boundaries (1.665573ms)
✔ budget inference narrows Java float parameters before belief feedback (9.567083ms)
✔ rankBelief narrows Java float return values at the budget boundary (1.834271ms)
✔ truthToQuality and the TruthValue budget constructor share Java float semantics (2.77474ms)
✔ BudgetFunctions keeps project-owned enum and exception boundaries (9.017396ms)
✔ BudgetValue uses native string markers (5.424167ms)
✔ BudgetValue keeps runtime compatibility behind project-owned boundaries (1.275677ms)
✔ gate policy keeps a bounded documentation or low-risk source edit at T0 (11.85901ms)
✔ gate policy escalates a hot Bag slice to T1 without spending the cluster-close M1 budget (4.755833ms)
✔ only an explicit enumerated cluster close requires M1-minus (11.959583ms)
✔ gate policy escalates baseline changes and milestone acceptance to T2 (4.038073ms)
✔ gate policy escalates broad production edits (5.217344ms)
✔ source-line gate counts only production TypeScript, excluding tests, reports, docs and JavaScript (1.757812ms)
✔ runtime dependency fingerprint ignores ordering and scripts but detects version changes (50.793594ms)
✔ ComplexEmotions keeps the Java plain-plugin boundary without a jree Object shell (4.832916ms)
✔ ComplexEmotions keeps event text on the native string boundary (3.033073ms)
✔ Emotions keeps math and text on project boundaries (11.143177ms)
✔ CompositionalRules keeps logging and map boundaries project-owned (40.937083ms)
✔ CompositionalRules.powerSet preserves Set order without a temporary List (52.136927ms)
✔ CompositionalRules.powerSet handles empty and singleton sets (1.219896ms)
✔ CompositionalRules.powerSet keeps nested Set equality by value (90.101771ms)
✔ CompositionalRules.introduceVariables keeps Java Map substitution semantics (718.735937ms)
✔ TruthFunctions lookup keeps native boolean varargs and nullable selection (447.996198ms)
✔ Negation, Similarity, and Disjunction avoid direct jree imports (11.252552ms)
✔ CompoundTerm hasVar rejects invalid overloads with the project exception (12.235261ms)
✔ CompoundTerm hasVar preserves the Java argument exception identity (1766.845885ms)
✔ CompoundTerm builds names through the project string boundary (22.287448ms)
✔ Concept keeps string and state boundaries project-owned (10.668229ms)
✔ ConfigReader keeps the Java plain-class boundary without a jree Object shell (21.29724ms)
✔ parseConfigXml returns a native configuration tree (20.866823ms)
✔ parseConfigXml rejects empty, missing-root and incomplete configuration (5.266354ms)
✔ embedded default configuration stays byte-for-byte aligned after line-ending normalization (10.705052ms)
✔ Nar accepts explicit configuration text without reading a config file (372.777812ms)
✔ Nar.PluginState keeps the Java lifecycle contract without a jree object shell (268.764063ms)
✔ Nar rejects a path passed to the core string configuration overload (4.437812ms)
✔ Nar records a missing capability instead of loading a Node-only plugin (442.172448ms)
✔ Nar registers the system plugin when the Node capability is supplied (315.818854ms)
✔ PluginRegistry returns a native ordered plugin sequence and diagnostics (4.007709ms)
✔ PluginRegistry consumes Java constructor arguments with float32 narrowing (2.364114ms)
✔ PluginRegistry accepts Java no-argument constructors (2.376666ms)
✔ PluginRegistry diagnoses invalid and repeated registrations without reordering valid instances (1.128594ms)
✔ PluginRegistry accepts an empty plugin section without diagnostics (0.898698ms)
✔ ConfigReader forwards the native plugin sequence without a jree list wrapper (295.085833ms)
✔ Nar exposes a live native read-only plugin list (342.412239ms)
✔ Conjunction, Inheritance, and Interval avoid direct jree argument/state exceptions (9.388281ms)
✔ Conjunction and Interval preserve project-owned argument exception identity (2.493542ms)
✔ Inheritance clone preserves project-owned argument exception identity (5.2175ms)
✔ Conjunction uses the project string boundary for generated indices (5.208281ms)
✔ translated term and sentence constructors preserve Java delegation contracts (13106.663797ms)
✔ compound factories flatten transient Java lists with native arrays (300.616875ms)
✔ Product preserves the Java List constructor boundary without a direct jree import (13.311302ms)
✔ Conjunction interval normalization preserves Java order and sums adjacent intervals (23.966146ms)
✔ Sentence normalization keeps duplicate variables in traversal order (19.163386ms)
✔ Sentence normalization keys duplicate variables by Java text value (28.7775ms)
✔ CompoundTerm iterator preserves Guava forArray contract (17.971927ms)
✔ CompoundTerm local lists preserve native storage and Java order (44.622032ms)
✔ decimal perception coordinates remain conceptual like Java Term.get (2.692656ms)
✔ countTermRecursively accepts a null accumulator like Java (29.816563ms)
✔ Concept.getBelief returns null when Java belief selection has no candidate (5367.961977ms)
✔ Sentence.getTruth preserves Java's nullable query accessor (562.787917ms)
✔ DerivationContext currentBeliefLink preserves Java null lifecycle (507.451041ms)
✔ DerivationContext delayed execution state starts null and requires explicit registration (661.92901ms)
✔ DerivationContext double-premise results use the native ordered buffer (570.39ms)
✔ TemporalRules returns the native ordered derivation buffer (525.334844ms)
✔ DerivationContext lazily builds and caches the Java newStamp (483.307031ms)
✔ ProcessGoal executable precondition preserves Java default metadata (7.896145ms)
✔ ProcessJudgment treats an empty Java Optional search as a null result (536.362552ms)
✔ ProcessGoal question staging preserves the emitted question with a native buffer (515.306302ms)
✔ ProcessGoal keeps the native general-precondition buffer iterable (610.902499ms)
✔ ProcessGoal keeps temporary substitution maps as native Map implementations (657.224167ms)
✔ FunctionOperator emits native array feedback through Operator.call (427.587708ms)
✔ Want emits native array feedback through Operator.call (445.058645ms)
✔ Evaluate emits native array feedback through Operator.call (477.106198ms)
✔ Wonder emits native array feedback after mental operator boundary migration (470.04375ms)
✔ Believe emits native array feedback after the remaining operator migration (576.138802ms)
✔ Believe keeps Java's null truth exception boundary (371.250625ms)
✔ Abbreviation emits native array feedback for empty and single-task results (629.330417ms)
✔ set factories use native equality-aware intersection and difference (33.755313ms)
✔ Stamp tense lookup uses Java temporal order constants (9.031823ms)
✔ Stamp long time arithmetic preserves bigint inputs at the boundary (10.271042ms)
✔ mixed runtime long values preserve temporal projection and interval normalization (29.420729ms)
✔ Nar explicit long overload accepts JavaScript number and bigint values (853.470729ms)
✔ CompoundTerm equality preserves Java case-sensitive key identity (489.124114ms)
✔ Concept long text preserves Java field labels (377.302604ms)
✔ Narsese truth parsing preserves Java Float.parseFloat boundaries (386.602552ms)
✔ Java implicit Object classes no longer carry a jree JavaObject base (60.565781ms)
✔ static Java utility classes no longer carry a jree JavaObject base (22.154114ms)
✔ ItemPriorityComparator keeps the Java plain comparator boundary (4.003177ms)
✔ Item keeps its value contract while using the project runtime class boundary (21.364948ms)
✔ Operator.ExecutionResult keeps the Java plain event-payload boundary (10.240208ms)
✔ CompoundTerm.ConvRectangle keeps the Java plain data-holder boundary (8.475885ms)
✔ static inference rule classes no longer carry a jree JavaObject base (37.966823ms)
✔ Counting keeps Java's plain-plugin boundary and constructor contracts (3.778438ms)
✔ Counting preserves Java's invalid constructor exception contract (3.321719ms)
✔ DerivationContext keeps project-owned exception and string boundaries (12.209687ms)
✔ Distributor fills order with expected counts (4.162031ms)
✔ Distributor.next cycles through capacity (0.559011ms)
✔ Distributor rejects non-positive range (1.164114ms)
✔ Emotions keeps the Java plain-plugin boundary and float constructor contract (2.761823ms)
✔ EventEmitter.set subscribes only to the requested event classes (13.963073ms)
✔ Events keeps the Java plain namespace-holder boundary (0.99375ms)
✔ native event classes keep stable runtime identity tokens (0.925521ms)
✔ EventEmitter uses native map and observer arrays while preserving identity removal (0.972136ms)
✔ EventEmitter.synch applies pending operations in FIFO order (1.14948ms)
✔ EventEmitter preserves native event payload order (0.852031ms)
✔ EventEmitter preserves Java exception boundaries (3.006875ms)
✔ EventHandler accepts Java-style event varargs (1.109479ms)
✔ EventHandler uses the project runtime identity boundary without jree (0.685209ms)
✔ EventHandler preserves the Java illegal-argument boundary (1.338385ms)
✔ OutputHandler preserves the Java illegal-argument boundary (1.160365ms)
✔ TextOutputHandler preserves the Java illegal-argument boundary (1.159323ms)
✔ Events.ConceptNew preserves the Java InferenceEvent constructor contract (1.251354ms)
✔ Events captures stack frames through the project ThreadCompat boundary (3.083959ms)
✔ InferenceEvent keeps optional stack frames in a native ordered array (1.19625ms)
✔ Events.ConceptNew keeps event text on the project-owned string boundary (0.742656ms)
✔ Events.TaskAdd accepts native and Java string reasons at the event boundary (1.164115ms)
✔ TextOutputHandler formats throwable and array output without Java Arrays helpers (401.207604ms)
✔ TextOutputHandler keeps line prefixes on the native string boundary (362.975312ms)
✔ TextOutputHandler.LineOutput accepts project-owned text values (0.684636ms)
✔ TextOutputHandler.openSaveFile accepts project-owned text paths (351.508802ms)
✔ Float32Math narrows Java float operands and results (5.45323ms)
✔ Float32Math covers Java float operation boundaries (0.889167ms)
✔ Float32Math.pow matches Java float storage after Math.pow (0.560886ms)
✔ Float32Math.powDouble preserves Java Math.pow double result (0.62927ms)
✔ Float32Math.truthToQuality preserves Java float complement boundaries (0.832969ms)
✔ ImageExt and ImageInt do not construct jree exception classes directly (4.716719ms)
✔ ImageExt clone and make use project-owned argument/state exceptions (9449.250413ms)
✔ ImageInt clone and make use project-owned argument/state exceptions (118.504844ms)
✔ Image uses project-owned string and hash boundaries (25.647136ms)
✔ Image keeps Java-compatible generated names (7.062917ms)
✔ Implication and Equivalence use project-owned exception classes (12.785104ms)
✔ Implication invalid overloads preserve project exception identity (3.406355ms)
✔ Equivalence invalid overloads preserve project exception identity (2.561458ms)
✔ Implication and Equivalence use project-owned string boundaries (3.039948ms)
✔ Inheritance avoids direct jree String construction for operator checks (7.994375ms)
✔ Nar consumes NAL text and preserves IN creation-time semantics (547.421614ms)
✔ Nar two-argument addInputText accepts project-owned string values (324.180521ms)
✔ InternalExperience keeps the Java plain-plugin boundary and constructor contracts (7.888229ms)
✔ intersection and difference terms avoid direct jree argument/state exceptions (7.508594ms)
✔ intersection factories preserve project-owned argument exceptions (3.677917ms)
✔ difference factories preserve project-owned argument exceptions (2.997344ms)
✔ DifferenceInt keeps its invalid component-count state contract (2.973646ms)
✔ Interval uses the project string boundary for parsing and naming (6.179218ms)
✔ Parser and ConfigReader keep Java input types behind project boundaries (10.50125ms)
✔ Item text methods replace one-shot StringBuilder without changing order (4.759375ms)
✔ Item text methods retain Java null/string conversion at the boundary (0.573698ms)
✔ Item keeps Java runtime types behind project boundaries (19.980365ms)
✔ Java short-array equals preserves null, length, order, and values (8.534323ms)
✔ Java short-array hash follows Arrays.hashCode(short[]) (0.749531ms)
✔ Java Objects.hash uses the project Java value hash contract (0.979427ms)
✔ local parity runner rejects a missing selected Java artifact (767.100156ms)
✔ NAL runner rejects a missing selected Java artifact (895.717239ms)
﹣ local parity rejects the historical 3.1.0 artifact (0.432083ms) # SKIP
﹣ local parity default and explicit selection identify the canonical Java artifact (0.330573ms) # SKIP
﹣ NAL runner rejects the historical 3.1.0 artifact (0.378854ms) # SKIP
﹣ NAL runner can compare TS with the frozen Java baseline without starting Java (0.3825ms) # SKIP
✔ NAL runner rejects a missing frozen Java baseline (673.341823ms)
✔ native Java throwable hierarchy preserves type and message contracts (8.255729ms)
✔ native Java exception layers retain Java-shaped subclassing (1.575937ms)
✔ native Java throwable supports Java-style cause and message updates (1.400417ms)
✔ native Java exception compatibility preserves old jree instanceof checks (1.194479ms)
✔ Statement keeps Java side-enum and native exception boundaries (3973.407915ms)
✔ Implication.clone preserves the source term and runtime type (400.226875ms)
✔ Image placeholder recognition keeps Java exact-Term semantics (90.579427ms)
✔ Terms.term preserves the relation index when rebuilding images (4219.793488ms)
✔ Terms image/product equivalence keeps Java Set de-duplication (38.33901ms)
✔ CompoundTerm Set helpers preserve Java equality and insertion order (39.4325ms)
✔ CompoundTerm.termList preserves Java Arrays.asList fixed-size semantics (21.72401ms)
✔ LinkedHashSet keeps insertion order for hashable Java objects (27.837916ms)
✔ LinkedHashSet add, remove, and re-add follow Java order (6.205ms)
﹣ Java and TypeScript local algorithm fixtures remain in parity (6.558542ms) # SKIP
✔ LocalRules keeps math operations on the native boundary (5.545ms)
✔ M3 benchmark statistics use median and nearest-rank p95 (21.904844ms)
✔ M3 benchmark exposes normalized throughput and marks qualified p95 (7.835104ms)
✔ M3 benchmark requires explicit files and accepts serial repetition settings (5.843073ms)
✔ J2 MapContract substitutes with NativeMap without changing term semantics (7.756979ms)
✔ J2 MapContract accepts Java LinkedHashMap substitution input (9.731719ms)
✔ J2 MapContract preserves recursive term counts and insertion order (11.311093ms)
✔ Memory lock marker uses the native boolean contract (9.278594ms)
✔ Memory operator registry adds, replaces, and removes operators by Java text value (490.712969ms)
✔ Memory keeps the Java plain-class boundary without a jree object shell (170.088542ms)
✔ Memory keeps Java iterator calls and native iteration as separate contracts (152.423698ms)
✔ Memory keeps task reason literals native until event conversion (8.892031ms)
✔ Memory accepts native string reasons and preserves Java event payloads (26217.888063ms)
✔ metrics and output conditions load without an ESM initialization cycle (21482.548169ms)
✔ migration codemod repairs only the narrow generic alias shape (3094.814322ms)
✔ migration codemod repairs split logical operators (539.680416ms)
✔ migration codemod adds extensions only to relative ESM imports (536.619531ms)
✔ migration scanner ignores Narsese examples in comments, strings, and regex literals (3782.060051ms)
✔ Narsese constructor delegation preserves either memory entry point (1.170208ms)
✔ NAL matrix summary separates timeout from an unverified semantic cause (33.680782ms)
✔ NAL matrix summary keeps a process safety limit separate from timeout (4.963646ms)
✔ NAL matrix summary records the observed nal4.7 rule-dispatch hypothesis (6.040157ms)
✔ NAL matrix summary records a longer-budget pass without rewriting the fixed-budget result (2.928229ms)
✔ NAL matrix summary preserves runner provenance for legacy rows (2.354479ms)
✔ NAL runner keeps process exit evidence separate from exception text (12.286771ms)
✔ NAL runner keeps matched markers when another error flag is present (9.206406ms)
✔ NAL runner classifies progressing process limits as warnings (1.519427ms)
✔ NAL runner counts final matched markers even when an exception occurs (18.572136ms)
✔ NAL runner keeps timeout and marker absence as separate observations (0.903542ms)
✔ NAL runner distinguishes a process crash from a single-file timeout (2.926198ms)
✔ NAL runner keeps files after a timeout separate from the timed-out file (0.603229ms)
✔ parity does not become functional pass when both engines miss the marker (4.288438ms)
✔ parity exposes Java/TypeScript result differences independently (1.137188ms)
✔ NAL runner reports marker timing against a 120-second-per-1024-cycle budget (1.60474ms)
✔ NAL runner records runtime per reasoning cycle and relative slowdown (0.867813ms)
✔ NAL runner marks stalled runtime as a lower bound instead of a functional verdict (2.52125ms)
✔ NAL runner classifies no-progress watchdog termination independently of performance (3.102657ms)
✔ NAL runner keeps a slow completed process as performance data, not a timeout (0.705781ms)
✔ NAL runner keeps a process safety limit separate from a no-progress timeout (0.817969ms)
✔ NAL runner keeps performance observations separate when a marker is missing (1.21125ms)
✔ marker parity is an equivalence route without requiring 131072 cycles or an internal trace (0.516511ms)
✔ marker parity remains equivalent when an optional internal trace differs (1.125885ms)
✔ 131072-cycle equivalence is available for inputs without Java markers (0.693334ms)
✔ NAL parity rows expose marker equivalence independently of the long-cycle target (1.074636ms)
✔ NAL runner preserves valid rows when stdout contains a diagnostic line (2.467656ms)
✔ NAL runner accepts only structured progress heartbeats (0.953854ms)
✔ NAL runner resets the no-progress watchdog for cycle, command, and marker heartbeats (0.731093ms)
✔ NAL runner preserves expected marker count on timeout rows (0.748489ms)
✔ NAL runner recognizes Windows timeout results with signal and message (0.526198ms)
✔ Tense lookup accepts Java String values at the parser boundary (0.51401ms)
✔ NAL metadata separates embedded and runner-added cycles (10.346406ms)
✔ NAL runner validates and resumes a persisted per-file result (20100.50093ms)
✔ NAL runner selects the explicit M1-- corpus without limit-based truncation (6.571458ms)
✔ NAL runner rejects partial corpus options for M1-- (2.225781ms)
✔ NAL runner records an explicit TypeScript process mode and separates run keys (6.38875ms)
✔ NAL runner rejects duplicate checkpoint rows for one run (5.895521ms)
✔ NAL runner rejects duplicate input files before execution (2.765833ms)
✔ NAL runner persists cold and hot results without overwriting either run (53442.406178ms)
✖ NAL runner keeps hot results isolated from order and cold-process boundaries (108711.640584ms)
✔ NAL runner resumes after a real middle-file timeout and preserves the tail (3689.943019ms)
✔ NAL trace describes ExecutionResult with Java-equivalent operation feedback (19737.764212ms)
✔ Nar delegates wall-clock time to an explicit runtime capability (255.939948ms)
✔ Nar does not call jree System.currentTimeMillis directly (3.135209ms)
✔ Nar keeps the step clock independent from the wall-clock capability (219.615156ms)
✔ Node host capabilities expose a bigint millisecond clock (25.009531ms)
✔ Nar configuration keys and state strings stay native (352.477239ms)
✔ Nar diagnostics use native text literals at Java exception boundaries (45.017552ms)
✔ Nar file persistence exposes project-owned text path boundaries (22.962709ms)
✔ Nar internal input helpers keep native string values (418.877344ms)
✔ Nar metadata and configuration paths stay native strings (485.695625ms)
✔ Nar sensory channel registry keeps Java Map and Term equality semantics (180.232709ms)
✔ Nar sensory channel consumer accepts a native string boundary (473.84302ms)
✔ SensoryChannel keeps the Java plain-base class identity contract (348.873489ms)
✔ NarNode network text boundaries stay project-owned (9.149479ms)
✔ NarNode.TargetNar keeps the Java plain network-target boundary (6.439896ms)
✔ NarNode keeps class identity without inheriting jree.JavaObject (0.649166ms)
✔ NarNode stores redirection targets in insertion order (8.024479ms)
✔ Narsese follows the canonical plain-class boundary (372.037032ms)
✔ Narsese parser uses the project string boundary for temporary arguments (4.747813ms)
✔ Narsese preserves temporal statement order from Java relation dispatch (15863.768587ms)
✔ NativeDeque preserves FIFO order and removes from the head (16.835573ms)
✔ NativeDeque iterator.remove preserves the remaining order (5.394948ms)
✔ NativeDeque supports re-adding an iterator match at the tail (0.948959ms)
✔ NativeDeque matches TaskLink's bounded-record eviction condition (0.838438ms)
✔ time and multistep interfaces use native TypeScript values (3.551094ms)
✔ NativeList preserves Java ArrayList insertion and indexed access order (8.850105ms)
✔ NativeList preserves indexed removal and Java-style equality lookup (0.822604ms)
✔ NativeList equality lookup calls equals on the searched value (0.316198ms)
✔ NativeList iterator preserves removal and fail-fast behavior (1.280417ms)
✔ NativeList rejects invalid element and insertion indices (0.649896ms)
✔ native lookup tables preserve Java symbol and tense contracts (3018.50953ms)
✔ Term atom cache normalizes Java and native text keys (915.928541ms)
✔ NativeMap preserves Java Map equality, insertion order, and replacement position (13.01401ms)
✔ NativeMap scans hash collisions and removes indexed records (1.40599ms)
✔ NativeMap preserves equality fallback for object keys without hashCode (0.776927ms)
✔ NativeMap views are live and iterators support Java-style removal (3.755625ms)
✔ NativeMap distinguishes a missing key from a mapped null value (0.772604ms)
✔ NativeMap entry, key, and value views preserve Java removal contracts (1.659791ms)
✔ NativeMap clone, equals, hashCode, and putAll preserve entry values (1.631198ms)
✔ NativeMap iterators allow entry updates and only iterator removal changes version (1.167916ms)
✔ NativeMap count entries match jree LinkedHashMap on equal domain keys (1502.123124ms)
✔ NativeMap implements the project MapContract without erasing Map semantics (1.010937ms)
✔ NativeReadOnlyList is a live ordered view over a native array (5.786823ms)
✔ NativeReadOnlyList preserves NativeList equality lookup and rejects mutation (1.534896ms)
✔ NativeSet preserves Java Set equality and insertion order (8.253333ms)
✔ NativeSet uses the searched value as the Java equals receiver (0.460834ms)
✔ NativeSet iterator supports Java remove and fail-fast mutation checks (1.341666ms)
✔ NativeSet.equals follows Java AbstractSet receiver direction (0.659844ms)
✔ NativeSet deduplicates structurally equal Terms used as target Set values (12029.138224ms)
✔ NativeSortedSet preserves TreeSet order and comparator uniqueness (9.245729ms)
✔ NativeSortedSet follows the Java Set equality and hash contract (1.854739ms)
✔ Term.toSortedSet supports retainAll and Java-shaped toArray (3.603959ms)
✔ Task keeps its best solution null until Java sets one (7423.967289ms)
✔ initialized Term names retain their Java string value (2.409896ms)
✔ CompoundTerm rebuilds its name after Java null cache invalidation (3.132812ms)
✔ operator constructors preserve Java string boundaries (3.756042ms)
✔ Feel constructors preserve the Java native String contract (0.604583ms)
✔ FunctionOperator accepts the Java String constructor boundary (0.412032ms)
✔ Reflect.sop preserves the translated Java varargs-array overload (2.682552ms)
✔ Reflect.sop normalizes native and boxed Java string operator names (0.85724ms)
✔ Count preserves Java's invalid-input exception contract (1.615417ms)
✔ Operation and NullOperator preserve Java invalid-argument boundaries (0.666406ms)
✔ Operation.makeName preserves Java StringBuilder text semantics (0.42948ms)
✔ Operation keeps CharSequence and exceptions behind project boundaries (0.833698ms)
✔ Operator.operationExecutionString returns native Java-equivalent output text (1.871719ms)
✔ Operator.addPrefixIfMissing normalizes boxed and native Java String inputs (1.125209ms)
✔ FunctionOperator preserves Java arity and overload exception contracts (2.658021ms)
✔ FunctionOperator copies Java parameter arguments into a fresh shallow array (9.570781ms)
✔ Operator.call preserves null and ordered empty feedback contracts (1.785938ms)
✔ Operator.reportExecution accepts native event payloads at the Java Object boundary (0.7625ms)
✔ Add preserves Java argument and result contracts (1.700729ms)
✔ Add preserves Java StringUtils.isNumeric and Integer.parseInt boundaries (1.222656ms)
✔ Reflect preserves Java argument and overload contracts (0.761459ms)
✔ Anticipate preserves its invalid-constructor exception contract (0.444636ms)
✔ Operator.call preserves its invalid-overload exception contract (0.390937ms)
✔ operator and plugin text boundaries use native strings (51.532761ms)
✔ operator and plugin exceptions use the project-owned exception layer (22.755156ms)
✔ Nar config preserves Java float parameters at the TruthValue clamp boundary (426.617604ms)
✔ Memory.cycles narrows the duration before the Java multiplication (411.421511ms)
✔ Memory.output narrows the volume ratio before the Java subtraction (341.934219ms)
✔ Parameters keeps every Java float default in binary32 (1.511927ms)
✔ Plugin CharSequence boundary accepts Java and native string values (10.812448ms)
✔ Plugin names use a project-owned CharSequence boundary (5.856302ms)
✔ plugin exception boundaries use project-owned Java exception classes (55.437552ms)
✔ ProcessAnticipation uses the project string boundary (10.569114ms)
✔ ProcessGoal keeps project-owned host and collection boundaries (12.977084ms)
✔ ProcessJudgment uses native exception text (13.742865ms)
✔ ProcessQuestion uses project-owned state exceptions (15.244739ms)
✔ jree Random.nextDouble preserves Java's 53-bit value (8.760261ms)
✔ resource helpers close in reverse order and preserve suppressed failures (15.703073ms)
✔ resource helpers attach close failures to the primary error and rethrow (1.868073ms)
✔ RuleTables keeps project-owned enum and exception boundaries (3.985938ms)
✔ javaStringLength normalizes jree and native string representations (10.60776ms)
✔ javaStringValue applies Java toString before JS interpolation (1.038125ms)
✔ Java string equality and hashing use exact UTF-16 code units (1.590521ms)
✔ jree Double compatibility preserves boxed numeric operations (1.097031ms)
✔ identity hash compatibility is stable and distinguishes object identity (0.799687ms)
✔ missing jree exception compatibility preserves Java inheritance (1.486146ms)
✔ jree object FQN marker is inherited without changing class identity (0.996458ms)
✔ shell starts without loader or jree deprecation warnings (18515.10916ms)
✔ shell reads an external config in the host adapter without warnings (20212.797857ms)
✔ Sentence normalization keeps array copying project-owned (3.612136ms)
✔ Sentence keeps exception construction inside project boundaries (3.444271ms)
✔ serial parameterized runner continues after a case failure (6.677291ms)
✔ src/language/SetExt.ts uses project-owned Java argument exceptions (9.534427ms)
✔ src/language/SetInt.ts uses project-owned Java argument exceptions (1.412865ms)
✔ SetExt and SetInt expose project-owned collection types (3.152656ms)
✔ set operator classes avoid unused direct jree imports (7.422709ms)
✔ SetTensional uses the project-owned Java state exception (4.156718ms)
✔ SetTensional keeps its CharSequence return type project-owned (2.993541ms)
✔ SetTensional builds names through the project string boundary (5.31948ms)
✔ Shell keeps the Java plain-class boundary and ThreadCompat remains local (15.604791ms)
✔ shell parses the Java-like interactive control commands (15.456719ms)
✔ shell rejects invalid automatic cycle counts (2.05125ms)
✔ Node stdin adapter stays independent from the jree InputStream runtime (6.4575ms)
✔ Node stdin adapter exposes queued bytes through Java InputStream (6.988125ms)
✔ Node stdin adapter feeds the Java line reader through the narrow host boundary (3.25276ms)
✔ Shell command-line text boundaries accept project-owned strings (15.600625ms)
✔ Shell log preserves native and boxed string output (38.576145ms)
✔ Similarity, Disjunction, and Negation avoid direct jree argument exceptions (15.716459ms)
✔ Similarity preserves project-owned argument exception identity (6.122291ms)
✔ Disjunction preserves project-owned argument exception identity (2.62474ms)
✔ Negation preserves project-owned argument exception identity (1.48724ms)
✔ checkpoint recovery stays consistent beyond 200 reasoning cycles (11007.887079ms)
✔ snapshot experiment rejects an endpoint checkpoint (5.212605ms)
✔ snapshot experiment preserves checkpoint manifests for process recovery (7371.848591ms)
✔ a fresh recovery entry point matches the zero-run tail and final state (8605.908226ms)
✔ stage digest parser requires the summary contract (9.742135ms)
✔ stage digest comparison returns equality for matching windows (8.121667ms)
✔ stage digest comparison reports the first differing stage and field (0.783698ms)
✔ stage digest comparison distinguishes missing windows from equal empty data (0.585208ms)
✔ stage digest comparison does not ignore pre-cycle input differences (0.746771ms)
✔ stage digest prefix comparison separates matched windows from unfinished execution (1.299427ms)
✔ Stamp keeps class identity and clone without a jree JavaObject shell (15.528906ms)
✔ Stamp.baseOverlap uses BaseEntry value equality, not object identity (1.619375ms)
✔ Stamp.evidenceIsCyclic detects equal BaseEntry values in one evidential base (5.705521ms)
✔ ProcessGoal evidence subset keeps Java BaseEntry equality (9558.000518ms)
✔ Stamp keeps project-owned exception and collection boundaries (4.335573ms)
✔ Stamp occurrence text keeps Java String output without StringBuilder construction (3.570833ms)
✔ Stamp appendOcurrenceTime preserves the caller builder and append contract (0.949375ms)
✔ Stamp name is a cached Java String and invalidates after occurrence changes (0.969844ms)
✔ Node strings are normalized at Narsese input boundaries (223.362812ms)
✔ Narsese compound parsing preserves native argument order (223.47276ms)
✔ Narsese functional operation parsing consumes native operator prefix text (193.176302ms)
✔ StructuralRules sequence array copies preserve Java component order (6902.107706ms)
✔ StructuralRules no longer imports jree for array copies (1.473542ms)
✔ SyllogisticRules uses project-owned argument exceptions (9.198541ms)
✔ Symbols and Narsese use project-owned argument exceptions (8.143907ms)
✔ Symbols keeps the NativeOperator contract without a direct jree import (0.932552ms)
✔ System operator executes its Java-compatible shell contract (123.66802ms)
✔ System operator exposes the Java range term (1.143854ms)
✔ System operator reports a missing host capability explicitly (2.417604ms)
✔ System operator preserves Java empty-result behavior when the host command fails (0.867708ms)
✔ Task keeps project-owned enum and string boundaries (22.790365ms)
✔ Memory refreshes an input Sentence hash after assigning occurrence (231.123802ms)
✔ Task Bag merges Java-equal derived sentences by TruthValue hash (2160.827291ms)
✔ TaskLink.Recording keeps its Java data contract without a jree object shell (2.464583ms)
✔ TemporalInferenceControl uses project host boundaries (3.228802ms)
✔ TemporalInferenceControl filters equal Task values in local attempt set (16.932188ms)
✔ TemporalRules uses project exception boundaries (8.605156ms)
✔ Term does not construct jree argument/state exceptions directly (3.012448ms)
✔ Term invalid overloads preserve project exception identity (1.693594ms)
✔ TermLink prefix preserves Java type, index order, and hexadecimal formatting (8.418958ms)
✔ Terms uses project-owned argument and state exceptions (11.241198ms)
✔ Terms invalid overloads preserve project exception identity (4594.620779ms)
✔ Texts.n2 formats values with two decimals and rounding (3.754532ms)
✔ Texts.n2 rejects out-of-range values (1.317813ms)
✔ Texts.n4 and n1 format fixed decimals (4.880885ms)
✔ Texts.yarn concatenates non-null components (0.843854ms)
✔ Texts.compareTo matches lexicographic ordering (1.06474ms)
✔ ThreadCompat uses native scheduling and preserves the translated call surface (32.87151ms)
✔ ThreadCompat keeps synchronous sleep and native interruption errors (2.930521ms)
✔ commutative conjunction follows Java term ordering for toothbrush goal (9483.794945ms)
✔ scoped variable ordering uses Java code-unit order for commutative intersections (291.892968ms)
✔ default NAR loads the internal experience plugin used by Java toothbrush (226.242448ms)
✔ tensional sets initialize Java-compatible compound complexity (4.270053ms)
✔ budget fields narrow at Java float write boundaries (8.058489ms)
✔ novel-task Bag preserves Java float level selection at the 0.8 boundary (212.62276ms)
✔ utility float accumulators narrow at each Java assignment boundary (3.686667ms)
✔ forgetting narrows Java float parameters before the exponent boundary (4.298438ms)
✔ derived task applies Java float leak operands before multiplication (215.696563ms)
✔ mental operation feedback does not create a Java operation frame (233.064739ms)
✔ sentence rendering preserves Java conceptual decimal visual indices (208.113385ms)
✔ compound-condition TermLink overload preserves Java's leading condition index (200.586563ms)
✔ conditional operation unification substitutes the grounded toothbrush term (199.037031ms)
✔ grounded toothbrush operation produces Java-style execution feedback (283.242083ms)
✔ TruthFunctions keeps project-owned enum and exception boundaries (3.988854ms)
✔ TruthValue constructor assigns fields and keeps Parameters reference (3.234323ms)
✔ TruthValue factory methods map to expected defaults (0.527916ms)
✔ TruthValue clamps confidence based on TRUTH_EPSILON (0.269167ms)
✔ TruthValue expectation and negativity follow formula (0.400416ms)
✔ TruthValue string key is stable and usable in maps (0.385989ms)
✔ TruthValue hashCode preserves Java float/double operand boundaries (0.441094ms)
✔ TruthValue equals uses Java epsilon and ignores analytic metadata (5.327864ms)
✔ TruthValue direct frequency writes preserve Java float storage (0.810312ms)
✔ TruthValue expectation difference is a Java float result (0.855157ms)
✔ TruthValue word terms use the native Term factory and preserve Java words (2.59099ms)
✔ TS-only process policy recognizes direct Java and shell launches (4.471823ms)
✔ TS-only preloader rejects Java launch without invoking a real Java binary (222.820833ms)
✔ five responsibility clusters are stable and expose two to five sentinel NAL files (5.639479ms)
✔ every current production TypeScript file belongs to exactly one responsibility cluster (43.23802ms)
✔ a risk slice selects cluster sentinels and never creates an M1-minus command (8.313646ms)
✔ a cluster close creates one M1-minus command and omits the redundant sentinel run (1.251354ms)
✔ one explicit owner may carry at most one small supporting cluster (2.106823ms)
✔ unknown, untouched and missing-evidence plans fail closed (1.27901ms)
✔ stage acceptance requests live Java, full M1 and strict markerless evidence (0.590469ms)
✔ Variable uses project-owned Java exception classes (8.698333ms)
✔ Variable constructors do not wrap native names with jree String (3.047448ms)
✔ Variables uses project-owned Java exception classes (10.336197ms)
✔ compound hasVar(type) preserves Java variable-kind dispatch (15181.003796ms)
✔ 变量统一会替换操作参数并保留 Operation 运行时类型 (6985.956299ms)
✔ common variable propagation matches Java for commutative unification (3527.699321ms)
✔ commutative unification does not reuse one matched operand index (278.719115ms)
✔ Variables initializes the Java Map pair with native ordered maps (5.998281ms)
✔ default NAR registers VisionChannel and maps decimal coordinates (8774.666664ms)
✔ VisionChannel keeps prototype order in a native array (369.859427ms)
✔ VisualSpace keeps the Java plain-class boundary and image snapshot contract (6.508125ms)
✔ VisualSpace keeps math and operator text on project boundaries (0.888802ms)
ℹ tests 488
ℹ suites 0
ℹ pass 482
ℹ fail 1
ℹ cancelled 0
ℹ skipped 5
ℹ todo 0
ℹ duration_ms 1384270.300357

✖ failing tests:

test at test/node/nal-runner-semantics.test.ts:433:1
✖ NAL runner keeps hot results isolated from order and cold-process boundaries (108711.640584ms)
  AssertionError [ERR_ASSERTION]: running chunk 1/1 (3 files)
  
      at assertRunSucceeded (file:///data/data/com.termux/files/home/A137442/nars/OpenNARS-304-TS/test/node/nal-runner-semantics.test.ts:471:16)
      at TestContext.<anonymous> (file:///data/data/com.termux/files/home/A137442/nars/OpenNARS-304-TS/test/node/nal-runner-semantics.test.ts:480:9)
      at Test.runInAsyncScope (node:async_hooks:213:14)
      at Test.run (node:internal/test_runner/test:1106:25)
      at Test.processPendingSubtests (node:internal/test_runner/test:788:18)
      at Test.postRun (node:internal/test_runner/test:1235:19)
      at Test.run (node:internal/test_runner/test:1163:12)
      at async Test.processPendingSubtests (node:internal/test_runner/test:788:7) {
    generatedMessage: false,
    code: 'ERR_ASSERTION',
    actual: false,
    expected: true,
    operator: '==',
    diff: 'simple'
  }
