
> opennars-304-ts@0.1.0 test
> npm run test:unit:serial


> opennars-304-ts@0.1.0 test:unit:serial
> node scripts/testing/run-ts-only-unit-tests.mjs

✔ TLink.getIndex returns correct index for valid level (1.704323ms)
✔ TLink.getIndex returns -1 for invalid level (0.158646ms)
✔ TLink.getIndex with empty indices array (0.163542ms)
✔ TLink.getTarget returns the linked target object (0.172188ms)
✔ TLink.getPriority returns priority value (0.199323ms)
✔ TLink.getPriority returns default priority when not specified (0.165572ms)
✔ TLink.getPriority handles zero priority (0.144114ms)
✔ TLink.getPriority handles maximum priority (0.116458ms)
✔ TLink interface supports generic Term type (0.180833ms)
✔ TLink interface supports generic Task type (0.317136ms)
✔ TLink with multi-level indices maintains order (0.179427ms)
✔ TLink.getIndex returns negative one-based index (Java compatibility) (0.091041ms)
✔ TLink mock implementation preserves immutability (0.133698ms)
✔ TLink interface can be used as type parameter (0.124896ms)
✔ TLink with floating point indices (1.092656ms)
✔ AbstractTerm keeps CharSequence as a type-only project boundary (1.467396ms)
✔ Anticipate keeps a prediction and emits the Java-compatible signal (3.904792ms)
✔ Anticipate keeps Java Prediction identity keys in its outer Map (0.314896ms)
✔ Anticipate removes a confirmed NativeSet value through its Java iterator path (0.818177ms)
✔ Anticipate subscribes and unsubscribes from its cycle events (0.65875ms)
✔ Anticipate deduplicates equal derived terms in its Set boundary (0.458907ms)
✔ Concept stores anticipation entries in a native array (0.668802ms)
✔ ProcessAnticipation accepts the native Map substitution boundary (854.766041ms)
✔ Bag keeps math and string boundaries project-owned (1.921302ms)
✔ Bag.pickOut supports both Java overload shapes (1.516511ms)
✔ Bag rejects invalid overload arity with the project Java exception (0.59724ms)
✔ Bag keeps its observed runtime class identity without jree JavaObject (0.244636ms)
✔ Bag.pickOut keeps a key object with name() on the key overload (0.810834ms)
✔ Bag merges distinct object keys through Java equals semantics (0.405677ms)
✔ Bag recovers Java-equal keys when a restored key hash differs (0.456562ms)
✔ Bag lookup remains Java-equal when the legacy hash bucket is malformed (0.354167ms)
✔ Bag removes an item when a restored hash bucket is not a JS array (0.21026ms)
✔ Bag removes from a restored Java List bucket without rebuilding the bag (0.451615ms)
✔ Bag removes from a restored Java Set bucket through iterator.remove (0.538645ms)
✔ Bag stores priority-level FIFO queues in native arrays (0.273125ms)
✔ Bag keeps the Java HashMap/LinkedHashMap contract with a native Map (1.843021ms)
✔ Bag native iteration preserves LinkedHashMap insertion order across replacement and removal (0.269636ms)
✔ Bag Java iterator and contains preserve value equality (0.440468ms)
✔ Bag takeOut removes each selected item and reaches the empty state (0.378645ms)
✔ Bag keeps native math and string boundaries (0.334375ms)
✔ budget inference narrows Java float parameters before belief feedback (1.907239ms)
✔ rankBelief narrows Java float return values at the budget boundary (0.274479ms)
✔ truthToQuality and the TruthValue budget constructor share Java float semantics (0.303542ms)
✔ BudgetFunctions keeps project-owned enum and exception boundaries (3.297344ms)
✔ BudgetValue uses native string markers (3.301145ms)
✔ BudgetValue keeps runtime compatibility behind project-owned boundaries (0.360104ms)
✔ gate policy keeps a bounded documentation or low-risk source edit at T0 (3.604948ms)
✔ gate policy escalates a hot Bag slice to T1 without spending the cluster-close M1 budget (1.064896ms)
✔ only an explicit enumerated cluster close requires M1-minus (3.001407ms)
✔ gate policy escalates baseline changes and milestone acceptance to T2 (0.387865ms)
✔ gate policy escalates broad production edits (0.640052ms)
✔ source-line gate counts only production TypeScript, excluding tests, reports, docs and JavaScript (0.669115ms)
✔ runtime dependency fingerprint ignores ordering and scripts but detects version changes (11.219063ms)
✔ ComplexEmotions keeps the Java plain-plugin boundary without a jree Object shell (1.290365ms)
✔ ComplexEmotions keeps event text on the native string boundary (0.393594ms)
✔ Emotions keeps math and text on project boundaries (0.246927ms)
✔ CompositionalRules keeps logging and map boundaries project-owned (3.446875ms)
✔ CompositionalRules.powerSet preserves Set order without a temporary List (2.125781ms)
✔ CompositionalRules.powerSet handles empty and singleton sets (0.239479ms)
✔ CompositionalRules.powerSet keeps nested Set equality by value (0.324583ms)
✔ CompositionalRules.introduceVariables keeps Java Map substitution semantics (102.695625ms)
✔ TruthFunctions lookup keeps native boolean varargs and nullable selection (90.448072ms)
✔ Negation, Similarity, and Disjunction avoid direct jree imports (3.44776ms)
✔ CompoundTerm hasVar rejects invalid overloads with the project exception (1.39099ms)
✔ CompoundTerm hasVar preserves the Java argument exception identity (237.388906ms)
✔ CompoundTerm builds names through the project string boundary (1.535729ms)
✔ Concept keeps string and state boundaries project-owned (2.237761ms)
✔ ConfigReader keeps the Java plain-class boundary without a jree Object shell (1.778282ms)
✔ parseConfigXml returns a native configuration tree (5.480521ms)
✔ parseConfigXml rejects empty, missing-root and incomplete configuration (0.760625ms)
✔ embedded default configuration stays byte-for-byte aligned after line-ending normalization (0.955468ms)
✔ Nar accepts explicit configuration text without reading a config file (94.518437ms)
✔ Nar.PluginState keeps the Java lifecycle contract without a jree object shell (89.798697ms)
✔ Nar rejects a path passed to the core string configuration overload (0.781927ms)
✔ Nar records a missing capability instead of loading a Node-only plugin (89.875ms)
✔ Nar registers the system plugin when the Node capability is supplied (89.203854ms)
✔ PluginRegistry returns a native ordered plugin sequence and diagnostics (0.480521ms)
✔ PluginRegistry consumes Java constructor arguments with float32 narrowing (0.478177ms)
✔ PluginRegistry accepts Java no-argument constructors (0.452344ms)
✔ PluginRegistry diagnoses invalid and repeated registrations without reordering valid instances (0.23125ms)
✔ PluginRegistry accepts an empty plugin section without diagnostics (0.180365ms)
✔ ConfigReader forwards the native plugin sequence without a jree list wrapper (88.478489ms)
✔ Nar exposes a live native read-only plugin list (88.397916ms)
✔ Conjunction, Inheritance, and Interval avoid direct jree argument/state exceptions (1.565104ms)
✔ Conjunction and Interval preserve project-owned argument exception identity (0.617448ms)
✔ Inheritance clone preserves project-owned argument exception identity (1.331823ms)
✔ Conjunction uses the project string boundary for generated indices (1.608802ms)
✔ translated term and sentence constructors preserve Java delegation contracts (1746.347239ms)
✔ compound factories flatten transient Java lists with native arrays (61.406041ms)
✔ Product preserves the Java List constructor boundary without a direct jree import (3.198021ms)
✔ Conjunction interval normalization preserves Java order and sums adjacent intervals (1.636719ms)
✔ Sentence normalization keeps duplicate variables in traversal order (8.485989ms)
✔ Sentence normalization keys duplicate variables by Java text value (24.030573ms)
✔ CompoundTerm iterator preserves Guava forArray contract (2.43974ms)
✔ CompoundTerm local lists preserve native storage and Java order (5.283854ms)
✔ decimal perception coordinates remain conceptual like Java Term.get (0.817083ms)
✔ countTermRecursively accepts a null accumulator like Java (2.848593ms)
✔ Concept.getBelief returns null when Java belief selection has no candidate (899.983958ms)
✔ Sentence.getTruth preserves Java's nullable query accessor (92.398281ms)
✔ DerivationContext currentBeliefLink preserves Java null lifecycle (94.01474ms)
✔ DerivationContext delayed execution state starts null and requires explicit registration (91.052968ms)
✔ DerivationContext double-premise results use the native ordered buffer (96.201875ms)
✔ TemporalRules returns the native ordered derivation buffer (97.326458ms)
✔ DerivationContext lazily builds and caches the Java newStamp (96.654636ms)
✔ ProcessGoal executable precondition preserves Java default metadata (0.973177ms)
✔ ProcessJudgment treats an empty Java Optional search as a null result (95.234063ms)
✔ ProcessGoal question staging preserves the emitted question with a native buffer (93.689063ms)
✔ ProcessGoal keeps the native general-precondition buffer iterable (94.83276ms)
✔ ProcessGoal keeps temporary substitution maps as native Map implementations (96.245313ms)
✔ FunctionOperator emits native array feedback through Operator.call (94.950208ms)
✔ Want emits native array feedback through Operator.call (93.076302ms)
✔ Evaluate emits native array feedback through Operator.call (92.343073ms)
✔ Wonder emits native array feedback after mental operator boundary migration (96.429948ms)
✔ Believe emits native array feedback after the remaining operator migration (101.788021ms)
✔ Believe keeps Java's null truth exception boundary (98.081302ms)
✔ Abbreviation emits native array feedback for empty and single-task results (115.889375ms)
✔ set factories use native equality-aware intersection and difference (3.221302ms)
✔ Stamp tense lookup uses Java temporal order constants (1.360364ms)
✔ Stamp long time arithmetic preserves bigint inputs at the boundary (0.998282ms)
✔ mixed runtime long values preserve temporal projection and interval normalization (3.674844ms)
✔ Nar explicit long overload accepts JavaScript number and bigint values (177.012552ms)
✔ CompoundTerm equality preserves Java case-sensitive key identity (94.601094ms)
✔ Concept long text preserves Java field labels (91.028958ms)
✔ Narsese truth parsing preserves Java Float.parseFloat boundaries (90.883541ms)
✔ Java implicit Object classes no longer carry a jree JavaObject base (4.549427ms)
✔ static Java utility classes no longer carry a jree JavaObject base (2.324635ms)
✔ ItemPriorityComparator keeps the Java plain comparator boundary (0.481094ms)
✔ Item keeps its value contract while using the project runtime class boundary (1.394895ms)
✔ Operator.ExecutionResult keeps the Java plain event-payload boundary (0.482812ms)
✔ CompoundTerm.ConvRectangle keeps the Java plain data-holder boundary (0.488646ms)
✔ static inference rule classes no longer carry a jree JavaObject base (2.14ms)
✔ Counting keeps Java's plain-plugin boundary and constructor contracts (1.305573ms)
✔ Counting preserves Java's invalid constructor exception contract (0.579375ms)
✔ DerivationContext keeps project-owned exception and string boundaries (2.904688ms)
✔ Distributor fills order with expected counts (3.142656ms)
✔ Distributor.next cycles through capacity (0.400052ms)
✔ Distributor rejects non-positive range (0.806354ms)
✔ Emotions keeps the Java plain-plugin boundary and float constructor contract (1.378177ms)
✔ EventEmitter.set subscribes only to the requested event classes (3.067656ms)
✔ Events keeps the Java plain namespace-holder boundary (0.210469ms)
✔ native event classes keep stable runtime identity tokens (0.175625ms)
✔ EventEmitter uses native map and observer arrays while preserving identity removal (0.202448ms)
✔ EventEmitter.synch applies pending operations in FIFO order (0.288385ms)
✔ EventEmitter preserves native event payload order (0.206041ms)
✔ EventEmitter preserves Java exception boundaries (0.690104ms)
✔ EventHandler accepts Java-style event varargs (0.27677ms)
✔ EventHandler uses the project runtime identity boundary without jree (0.155833ms)
✔ EventHandler preserves the Java illegal-argument boundary (0.307916ms)
✔ OutputHandler preserves the Java illegal-argument boundary (0.251458ms)
✔ TextOutputHandler preserves the Java illegal-argument boundary (0.276406ms)
✔ Events.ConceptNew preserves the Java InferenceEvent constructor contract (0.356354ms)
✔ Events.ConceptNew keeps event text on the project-owned string boundary (0.390312ms)
✔ Events.TaskAdd accepts native and Java string reasons at the event boundary (0.382187ms)
✔ TextOutputHandler keeps line prefixes on the native string boundary (100.31625ms)
✔ TextOutputHandler.LineOutput accepts project-owned text values (0.273542ms)
✔ TextOutputHandler.openSaveFile accepts project-owned text paths (105.453386ms)
✔ Float32Math narrows Java float operands and results (2.633854ms)
✔ Float32Math covers Java float operation boundaries (0.396563ms)
✔ Float32Math.pow matches Java float storage after Math.pow (0.297552ms)
✔ Float32Math.powDouble preserves Java Math.pow double result (0.316041ms)
✔ Float32Math.truthToQuality preserves Java float complement boundaries (0.379636ms)
✔ ImageExt and ImageInt do not construct jree exception classes directly (1.875729ms)
✔ ImageExt clone and make use project-owned argument/state exceptions (1303.741823ms)
✔ ImageInt clone and make use project-owned argument/state exceptions (23.238959ms)
✔ Image uses project-owned string and hash boundaries (1.603073ms)
✔ Image keeps Java-compatible generated names (1.124427ms)
✔ Implication and Equivalence use project-owned exception classes (1.579687ms)
✔ Implication invalid overloads preserve project exception identity (1.451406ms)
✔ Equivalence invalid overloads preserve project exception identity (1.213281ms)
✔ Implication and Equivalence use project-owned string boundaries (2.919427ms)
✔ Inheritance avoids direct jree String construction for operator checks (2.010729ms)
✔ Nar consumes NAL text and preserves IN creation-time semantics (108.721562ms)
✔ Nar two-argument addInputText accepts project-owned string values (91.47901ms)
✔ InternalExperience keeps the Java plain-plugin boundary and constructor contracts (1.367083ms)
✔ intersection and difference terms avoid direct jree argument/state exceptions (1.584375ms)
✔ intersection factories preserve project-owned argument exceptions (0.732291ms)
✔ difference factories preserve project-owned argument exceptions (0.321563ms)
✔ DifferenceInt keeps its invalid component-count state contract (0.2325ms)
✔ Interval uses the project string boundary for parsing and naming (1.518073ms)
✔ Parser and ConfigReader keep Java input types behind project boundaries (1.690261ms)
✔ Item text methods replace one-shot StringBuilder without changing order (1.96526ms)
✔ Item text methods retain Java null/string conversion at the boundary (0.209948ms)
✔ Item keeps Java runtime types behind project boundaries (0.473906ms)
✔ Java short-array equals preserves null, length, order, and values (3.487188ms)
✔ Java short-array hash follows Arrays.hashCode(short[]) (0.451562ms)
✔ Java Objects.hash uses the project Java value hash contract (0.52927ms)
✔ local parity runner rejects a missing selected Java artifact (141.204063ms)
✔ NAL runner rejects a missing selected Java artifact (133.336562ms)
﹣ local parity rejects the historical 3.1.0 artifact (0.192448ms) # SKIP
﹣ local parity default and explicit selection identify the canonical Java artifact (0.142135ms) # SKIP
﹣ NAL runner rejects the historical 3.1.0 artifact (0.171042ms) # SKIP
﹣ NAL runner can compare TS with the frozen Java baseline without starting Java (0.129948ms) # SKIP
✔ NAL runner rejects a missing frozen Java baseline (127.52901ms)
✔ native Java throwable hierarchy preserves type and message contracts (1.448542ms)
✔ native Java exception layers retain Java-shaped subclassing (0.314219ms)
✔ native Java throwable supports Java-style cause and message updates (0.203177ms)
✔ native Java exception compatibility preserves old jree instanceof checks (0.211458ms)
✔ Statement keeps Java side-enum and native exception boundaries (749.824374ms)
✔ Implication.clone preserves the source term and runtime type (54.4075ms)
✔ Image placeholder recognition keeps Java exact-Term semantics (19.143489ms)
✔ Terms.term preserves the relation index when rebuilding images (592.850781ms)
✔ Terms image/product equivalence keeps Java Set de-duplication (5.677552ms)
✔ CompoundTerm Set helpers preserve Java equality and insertion order (5.396667ms)
✔ CompoundTerm.termList preserves Java Arrays.asList fixed-size semantics (2.518281ms)
✔ LinkedHashSet keeps insertion order for hashable Java objects (3.552031ms)
✔ LinkedHashSet add, remove, and re-add follow Java order (0.385572ms)
﹣ Java and TypeScript local algorithm fixtures remain in parity (2.031354ms) # SKIP
✔ LocalRules keeps math operations on the native boundary (2.855365ms)
✔ M3 benchmark statistics use median and nearest-rank p95 (6.399635ms)
✔ M3 benchmark exposes normalized throughput and marks qualified p95 (1.521562ms)
✔ M3 benchmark requires explicit files and accepts serial repetition settings (0.809427ms)
✔ J2 MapContract substitutes with NativeMap without changing term semantics (2.919896ms)
✔ J2 MapContract accepts Java LinkedHashMap substitution input (1.455521ms)
✔ J2 MapContract preserves recursive term counts and insertion order (2.090677ms)
✔ Memory lock marker uses the native boolean contract (1.697187ms)
✔ Memory operator registry adds, replaces, and removes operators by Java text value (99.919896ms)
✔ Memory keeps the Java plain-class boundary without a jree object shell (88.709375ms)
✔ Memory keeps Java iterator calls and native iteration as separate contracts (90.593802ms)
✔ Memory keeps task reason literals native until event conversion (1.744688ms)
✔ Memory accepts native string reasons and preserves Java event payloads (2649.830572ms)
✔ metrics and output conditions load without an ESM initialization cycle (2905.294686ms)
✔ migration codemod repairs only the narrow generic alias shape (552.23ms)
✔ migration codemod repairs split logical operators (151.254219ms)
✔ migration codemod adds extensions only to relative ESM imports (143.67ms)
✔ migration scanner ignores Narsese examples in comments, strings, and regex literals (297.939479ms)
✔ Narsese constructor delegation preserves either memory entry point (0.511458ms)
✔ NAL matrix summary separates timeout from an unverified semantic cause (12.325208ms)
✔ NAL matrix summary keeps a process safety limit separate from timeout (1.210157ms)
✔ NAL matrix summary records the observed nal4.7 rule-dispatch hypothesis (1.031979ms)
✔ NAL matrix summary records a longer-budget pass without rewriting the fixed-budget result (1.274062ms)
✔ NAL matrix summary preserves runner provenance for legacy rows (1.025573ms)
✔ NAL runner keeps process exit evidence separate from exception text (5.243906ms)
✔ NAL runner keeps matched markers when another error flag is present (2.748438ms)
✔ NAL runner classifies progressing process limits as warnings (0.414271ms)
✔ NAL runner counts final matched markers even when an exception occurs (3.245052ms)
✔ NAL runner keeps timeout and marker absence as separate observations (0.185ms)
✔ NAL runner distinguishes a process crash from a single-file timeout (0.282188ms)
✔ NAL runner keeps files after a timeout separate from the timed-out file (0.149948ms)
✔ parity does not become functional pass when both engines miss the marker (5.088073ms)
✔ parity exposes Java/TypeScript result differences independently (0.225ms)
✔ NAL runner reports marker timing against a 120-second-per-1024-cycle budget (0.471875ms)
✔ NAL runner records runtime per reasoning cycle and relative slowdown (0.225156ms)
✔ NAL runner marks stalled runtime as a lower bound instead of a functional verdict (0.228542ms)
✔ NAL runner classifies no-progress watchdog termination independently of performance (0.361094ms)
✔ NAL runner keeps a slow completed process as performance data, not a timeout (0.247917ms)
✔ NAL runner keeps a process safety limit separate from a no-progress timeout (0.235365ms)
✔ NAL runner keeps performance observations separate when a marker is missing (0.172448ms)
✔ marker parity is an equivalence route without requiring 131072 cycles or an internal trace (0.137656ms)
✔ marker parity remains equivalent when an optional internal trace differs (0.276563ms)
✔ 131072-cycle equivalence is available for inputs without Java markers (0.265313ms)
✔ NAL parity rows expose marker equivalence independently of the long-cycle target (1.484167ms)
✔ NAL runner preserves valid rows when stdout contains a diagnostic line (0.691614ms)
✔ NAL runner accepts only structured progress heartbeats (0.320729ms)
✔ NAL runner resets the no-progress watchdog for cycle, command, and marker heartbeats (0.229583ms)
✔ NAL runner preserves expected marker count on timeout rows (0.20776ms)
✔ NAL runner recognizes Windows timeout results with signal and message (0.115105ms)
✔ Tense lookup accepts Java String values at the parser boundary (0.231198ms)
✔ NAL metadata separates embedded and runner-added cycles (0.305729ms)
✔ NAL runner validates and resumes a persisted per-file result (3646.907551ms)
✔ NAL runner selects the explicit M1-- corpus without limit-based truncation (1.46052ms)
✔ NAL runner rejects partial corpus options for M1-- (0.897917ms)
✔ NAL runner records an explicit TypeScript process mode and separates run keys (0.490677ms)
✔ NAL runner rejects duplicate checkpoint rows for one run (1.274167ms)
✔ NAL runner rejects duplicate input files before execution (0.332917ms)
✔ NAL runner persists cold and hot results without overwriting either run (6827.592653ms)
✔ NAL runner keeps hot results isolated from order and cold-process boundaries (13819.44687ms)
✔ NAL runner resumes after a real middle-file timeout and preserves the tail (1905.640207ms)
✔ NAL trace describes ExecutionResult with Java-equivalent operation feedback (3714.973749ms)
✔ Nar file persistence exposes project-owned text path boundaries (1.632343ms)
✔ Nar sensory channel registry keeps Java Map and Term equality semantics (101.639375ms)
✔ Nar sensory channel consumer accepts a native string boundary (88.609115ms)
✔ SensoryChannel keeps the Java plain-base class identity contract (89.453281ms)
✔ NarNode network text boundaries stay project-owned (1.558541ms)
✔ NarNode.TargetNar keeps the Java plain network-target boundary (1.22349ms)
✔ NarNode keeps class identity without inheriting jree.JavaObject (0.147917ms)
✔ NarNode stores redirection targets in insertion order (1.509635ms)
✔ Narsese follows the canonical plain-class boundary (103.854323ms)
✔ Narsese parser uses the project string boundary for temporary arguments (2.192136ms)
✔ Narsese preserves temporal statement order from Java relation dispatch (2839.430415ms)
✔ NativeDeque preserves FIFO order and removes from the head (4.568385ms)
✔ NativeDeque iterator.remove preserves the remaining order (0.999271ms)
✔ NativeDeque supports re-adding an iterator match at the tail (0.304375ms)
✔ NativeDeque matches TaskLink's bounded-record eviction condition (0.312448ms)
✔ time and multistep interfaces use native TypeScript values (1.521094ms)
✔ NativeList preserves Java ArrayList insertion and indexed access order (5.412188ms)
✔ NativeList preserves indexed removal and Java-style equality lookup (0.761198ms)
✔ NativeList equality lookup calls equals on the searched value (0.305521ms)
✔ NativeList iterator preserves removal and fail-fast behavior (1.047708ms)
✔ NativeList rejects invalid element and insertion indices (0.455156ms)
✔ native lookup tables preserve Java symbol and tense contracts (832.679739ms)
✔ Term atom cache normalizes Java and native text keys (307.355417ms)
✔ NativeMap preserves Java Map equality, insertion order, and replacement position (5.678803ms)
✔ NativeMap scans hash collisions and removes indexed records (0.60349ms)
✔ NativeMap preserves equality fallback for object keys without hashCode (0.293542ms)
✔ NativeMap views are live and iterators support Java-style removal (0.935573ms)
✔ NativeMap distinguishes a missing key from a mapped null value (0.197396ms)
✔ NativeMap entry, key, and value views preserve Java removal contracts (0.369531ms)
✔ NativeMap clone, equals, hashCode, and putAll preserve entry values (0.473437ms)
✔ NativeMap iterators allow entry updates and only iterator removal changes version (0.312968ms)
✔ NativeMap count entries match jree LinkedHashMap on equal domain keys (557.41ms)
✔ NativeMap implements the project MapContract without erasing Map semantics (0.283386ms)
✔ NativeReadOnlyList is a live ordered view over a native array (4.790677ms)
✔ NativeReadOnlyList preserves NativeList equality lookup and rejects mutation (1.376198ms)
✔ NativeSet preserves Java Set equality and insertion order (5.417136ms)
✔ NativeSet uses the searched value as the Java equals receiver (0.339218ms)
✔ NativeSet iterator supports Java remove and fail-fast mutation checks (1.200417ms)
✔ NativeSet.equals follows Java AbstractSet receiver direction (0.68625ms)
✔ NativeSet deduplicates structurally equal Terms used as target Set values (2542.44302ms)
✔ NativeSortedSet preserves TreeSet order and comparator uniqueness (3.073958ms)
✔ NativeSortedSet follows the Java Set equality and hash contract (0.64151ms)
✔ Term.toSortedSet supports retainAll and Java-shaped toArray (0.587031ms)
✔ Task keeps its best solution null until Java sets one (2074.939166ms)
✔ initialized Term names retain their Java string value (0.757344ms)
✔ CompoundTerm rebuilds its name after Java null cache invalidation (1.088229ms)
✔ operator constructors preserve Java string boundaries (1.874531ms)
✔ Feel constructors preserve the Java native String contract (0.279739ms)
✔ FunctionOperator accepts the Java String constructor boundary (0.224063ms)
✔ Reflect.sop preserves the translated Java varargs-array overload (1.284844ms)
✔ Reflect.sop normalizes native and boxed Java string operator names (0.471667ms)
✔ Count preserves Java's invalid-input exception contract (0.818959ms)
✔ Operation and NullOperator preserve Java invalid-argument boundaries (0.358907ms)
✔ Operation.makeName preserves Java StringBuilder text semantics (0.239166ms)
✔ Operation keeps CharSequence and exceptions behind project boundaries (0.445469ms)
✔ Operator.operationExecutionString returns native Java-equivalent output text (0.555834ms)
✔ Operator.addPrefixIfMissing normalizes boxed and native Java String inputs (0.207344ms)
✔ FunctionOperator preserves Java arity and overload exception contracts (0.445208ms)
✔ FunctionOperator copies Java parameter arguments into a fresh shallow array (1.687396ms)
✔ Operator.call preserves null and ordered empty feedback contracts (0.737761ms)
✔ Operator.reportExecution accepts native event payloads at the Java Object boundary (0.395052ms)
✔ Add preserves Java argument and result contracts (0.768125ms)
✔ Add preserves Java StringUtils.isNumeric and Integer.parseInt boundaries (0.698594ms)
✔ Reflect preserves Java argument and overload contracts (0.421146ms)
✔ Anticipate preserves its invalid-constructor exception contract (0.24349ms)
✔ Operator.call preserves its invalid-overload exception contract (0.201719ms)
✔ operator and plugin text boundaries use native strings (1.9775ms)
✔ operator and plugin exceptions use the project-owned exception layer (1.248594ms)
✔ Nar config preserves Java float parameters at the TruthValue clamp boundary (104.975886ms)
✔ Memory.cycles narrows the duration before the Java multiplication (90.383541ms)
✔ Memory.output narrows the volume ratio before the Java subtraction (95.277395ms)
✔ Parameters keeps every Java float default in binary32 (0.310938ms)
✔ Plugin CharSequence boundary accepts Java and native string values (1.565417ms)
✔ Plugin names use a project-owned CharSequence boundary (0.338229ms)
✔ plugin exception boundaries use project-owned Java exception classes (1.892761ms)
✔ ProcessAnticipation uses the project string boundary (2.849895ms)
✔ ProcessGoal keeps project-owned host and collection boundaries (1.851094ms)
✔ ProcessJudgment uses native exception text (2.858854ms)
✔ ProcessQuestion uses project-owned state exceptions (2.795781ms)
✔ jree Random.nextDouble preserves Java's 53-bit value (1.366667ms)
✔ RuleTables keeps project-owned enum and exception boundaries (1.980573ms)
✔ javaStringLength normalizes jree and native string representations (1.654323ms)
✔ javaStringValue applies Java toString before JS interpolation (0.230208ms)
✔ Java string equality and hashing use exact UTF-16 code units (0.422135ms)
✔ jree Double compatibility preserves boxed numeric operations (0.291875ms)
✔ identity hash compatibility is stable and distinguishes object identity (0.217552ms)
✔ missing jree exception compatibility preserves Java inheritance (0.378646ms)
✔ jree object FQN marker is inherited without changing class identity (0.248073ms)
✔ shell starts without loader or jree deprecation warnings (3352.557863ms)
✔ shell reads an external config in the host adapter without warnings (3340.391718ms)
✔ Sentence normalization keeps array copying project-owned (1.737083ms)
✔ Sentence keeps exception construction inside project boundaries (1.795937ms)
✔ serial parameterized runner continues after a case failure (3.640781ms)
✔ src/language/SetExt.ts uses project-owned Java argument exceptions (2.713125ms)
✔ src/language/SetInt.ts uses project-owned Java argument exceptions (0.233177ms)
✔ SetExt and SetInt expose project-owned collection types (1.709479ms)
✔ set operator classes avoid unused direct jree imports (1.950677ms)
✔ SetTensional uses the project-owned Java state exception (2.475833ms)
✔ SetTensional keeps its CharSequence return type project-owned (1.806094ms)
✔ SetTensional builds names through the project string boundary (1.490365ms)
✔ Shell keeps the Java plain-class boundary and ThreadCompat remains local (9.271823ms)
✔ shell parses the Java-like interactive control commands (2.948958ms)
✔ shell rejects invalid automatic cycle counts (0.472187ms)
✔ Node stdin adapter exposes queued bytes through Java InputStream (3.056146ms)
✔ Similarity, Disjunction, and Negation avoid direct jree argument exceptions (1.559739ms)
✔ Similarity preserves project-owned argument exception identity (2.8875ms)
✔ Disjunction preserves project-owned argument exception identity (0.678333ms)
✔ Negation preserves project-owned argument exception identity (0.403489ms)
✔ checkpoint recovery stays consistent beyond 200 reasoning cycles (3482.274582ms)
✔ snapshot experiment rejects an endpoint checkpoint (0.809323ms)
✔ snapshot experiment preserves checkpoint manifests for process recovery (1388.506197ms)
✔ a fresh recovery entry point matches the zero-run tail and final state (1762.254166ms)
✔ stage digest parser requires the summary contract (3.707812ms)
✔ stage digest comparison returns equality for matching windows (2.817343ms)
✔ stage digest comparison reports the first differing stage and field (0.386511ms)
✔ stage digest comparison distinguishes missing windows from equal empty data (0.271667ms)
✔ stage digest comparison does not ignore pre-cycle input differences (0.382083ms)
✔ stage digest prefix comparison separates matched windows from unfinished execution (0.445886ms)
✔ Stamp keeps class identity and clone without a jree JavaObject shell (1.66276ms)
✔ Stamp.baseOverlap uses BaseEntry value equality, not object identity (0.348542ms)
✔ Stamp.evidenceIsCyclic detects equal BaseEntry values in one evidential base (0.27651ms)
✔ ProcessGoal evidence subset keeps Java BaseEntry equality (1729.539218ms)
✔ Stamp keeps project-owned exception and collection boundaries (2.110261ms)
✔ Stamp occurrence text keeps Java String output without StringBuilder construction (1.758594ms)
✔ Stamp appendOcurrenceTime preserves the caller builder and append contract (0.456406ms)
✔ Stamp name is a cached Java String and invalidates after occurrence changes (0.511927ms)
✔ Node strings are normalized at Narsese input boundaries (108.701979ms)
✔ Narsese compound parsing preserves native argument order (93.528281ms)
✔ Narsese functional operation parsing consumes native operator prefix text (91.782188ms)
✔ StructuralRules sequence array copies preserve Java component order (1692.48802ms)
✔ StructuralRules no longer imports jree for array copies (3.432708ms)
✔ SyllogisticRules uses project-owned argument exceptions (1.862917ms)
✔ Symbols and Narsese use project-owned argument exceptions (1.960156ms)
✔ Symbols keeps the NativeOperator contract without a direct jree import (0.230156ms)
✔ System operator executes its Java-compatible shell contract (35.482031ms)
✔ System operator exposes the Java range term (0.485729ms)
✔ System operator reports a missing host capability explicitly (1.168333ms)
✔ System operator preserves Java empty-result behavior when the host command fails (0.438386ms)
✔ Task keeps project-owned enum and string boundaries (1.657291ms)
✔ Memory refreshes an input Sentence hash after assigning occurrence (109.32198ms)
✔ Task Bag merges Java-equal derived sentences by TruthValue hash (796.849739ms)
✔ TaskLink.Recording keeps its Java data contract without a jree object shell (1.247187ms)
✔ TemporalInferenceControl uses project host boundaries (1.71ms)
✔ TemporalInferenceControl filters equal Task values in local attempt set (4.840417ms)
✔ TemporalRules uses project exception boundaries (1.865417ms)
✔ Term does not construct jree argument/state exceptions directly (1.537031ms)
✔ Term invalid overloads preserve project exception identity (0.913489ms)
✔ TermLink prefix preserves Java type, index order, and hexadecimal formatting (1.957032ms)
✔ Terms uses project-owned argument and state exceptions (2.948646ms)
✔ Terms invalid overloads preserve project exception identity (1179.01177ms)
✔ Texts.n2 formats values with two decimals and rounding (2.824323ms)
✔ Texts.n2 rejects out-of-range values (0.961041ms)
✔ Texts.n4 and n1 format fixed decimals (0.326042ms)
✔ Texts.yarn concatenates non-null components (0.315ms)
✔ Texts.compareTo matches lexicographic ordering (0.503959ms)
✔ ThreadCompat uses native scheduling and preserves the translated call surface (14.288854ms)
✔ ThreadCompat keeps synchronous sleep and native interruption errors (1.644063ms)
✔ commutative conjunction follows Java term ordering for toothbrush goal (2670.32578ms)
✔ scoped variable ordering uses Java code-unit order for commutative intersections (95.767239ms)
✔ default NAR loads the internal experience plugin used by Java toothbrush (92.449011ms)
✔ tensional sets initialize Java-compatible compound complexity (2.023854ms)
✔ budget fields narrow at Java float write boundaries (1.040989ms)
✔ novel-task Bag preserves Java float level selection at the 0.8 boundary (95.018334ms)
✔ utility float accumulators narrow at each Java assignment boundary (0.944323ms)
✔ forgetting narrows Java float parameters before the exponent boundary (1.399635ms)
✔ derived task applies Java float leak operands before multiplication (91.487187ms)
✔ mental operation feedback does not create a Java operation frame (93.092292ms)
✔ sentence rendering preserves Java conceptual decimal visual indices (96.511458ms)
✔ compound-condition TermLink overload preserves Java's leading condition index (101.577448ms)
✔ conditional operation unification substitutes the grounded toothbrush term (101.04349ms)
✔ grounded toothbrush operation produces Java-style execution feedback (91.69375ms)
✔ TruthFunctions keeps project-owned enum and exception boundaries (2.091771ms)
✔ TruthValue constructor assigns fields and keeps Parameters reference (1.793386ms)
✔ TruthValue factory methods map to expected defaults (0.259323ms)
✔ TruthValue clamps confidence based on TRUTH_EPSILON (0.159635ms)
✔ TruthValue expectation and negativity follow formula (0.224219ms)
✔ TruthValue string key is stable and usable in maps (0.247656ms)
✔ TruthValue hashCode preserves Java float/double operand boundaries (0.250521ms)
✔ TruthValue equals uses Java epsilon and ignores analytic metadata (0.263906ms)
✔ TruthValue direct frequency writes preserve Java float storage (0.124167ms)
✔ TruthValue expectation difference is a Java float result (0.199323ms)
✔ TruthValue word terms use the native Term factory and preserve Java words (2.378802ms)
✔ TS-only process policy recognizes direct Java and shell launches (2.201406ms)
✔ TS-only preloader rejects Java launch without invoking a real Java binary (116.213489ms)
✔ five responsibility clusters are stable and expose two to five sentinel NAL files (3.022032ms)
✔ every current production TypeScript file belongs to exactly one responsibility cluster (11.440572ms)
✔ a risk slice selects cluster sentinels and never creates an M1-minus command (0.974427ms)
✔ a cluster close creates one M1-minus command and omits the redundant sentinel run (0.402135ms)
✔ one explicit owner may carry at most one small supporting cluster (0.597344ms)
✔ unknown, untouched and missing-evidence plans fail closed (0.360677ms)
✔ stage acceptance requests live Java, full M1 and strict markerless evidence (0.15724ms)
✔ Variable uses project-owned Java exception classes (2.793593ms)
✔ Variable constructors do not wrap native names with jree String (2.406302ms)
✔ Variables uses project-owned Java exception classes (2.809428ms)
✔ compound hasVar(type) preserves Java variable-kind dispatch (2675.392447ms)
✔ 变量统一会替换操作参数并保留 Operation 运行时类型 (1990.359374ms)
✔ common variable propagation matches Java for commutative unification (728.072865ms)
✔ commutative unification does not reuse one matched operand index (92.711198ms)
✔ Variables initializes the Java Map pair with native ordered maps (2.951927ms)
✔ default NAR registers VisionChannel and maps decimal coordinates (2663.870468ms)
✔ VisionChannel keeps prototype order in a native array (91.833125ms)
✔ VisualSpace keeps the Java plain-class boundary and image snapshot contract (2.797968ms)
✔ VisualSpace keeps math and operator text on project boundaries (0.448541ms)
ℹ tests 471
ℹ suites 0
ℹ pass 466
ℹ fail 0
ℹ cancelled 0
ℹ skipped 5
ℹ todo 0
ℹ duration_ms 268657.185523
