
> opennars-304-ts@0.1.0 test
> npm run test:unit:serial


> opennars-304-ts@0.1.0 test:unit:serial
> node scripts/testing/run-ts-only-unit-tests.mjs

✔ TLink.getIndex returns correct index for valid level (1.552865ms)
✔ TLink.getIndex returns -1 for invalid level (0.135261ms)
✔ TLink.getIndex with empty indices array (0.144635ms)
✔ TLink.getTarget returns the linked target object (0.136197ms)
✔ TLink.getPriority returns priority value (0.175573ms)
✔ TLink.getPriority returns default priority when not specified (0.135157ms)
✔ TLink.getPriority handles zero priority (0.122136ms)
✔ TLink.getPriority handles maximum priority (0.099896ms)
✔ TLink interface supports generic Term type (0.154219ms)
✔ TLink interface supports generic Task type (0.231823ms)
✔ TLink with multi-level indices maintains order (0.152812ms)
✔ TLink.getIndex returns negative one-based index (Java compatibility) (0.093489ms)
✔ TLink mock implementation preserves immutability (0.135052ms)
✔ TLink interface can be used as type parameter (0.12151ms)
✔ TLink with floating point indices (1.033385ms)
✔ AbstractTerm keeps CharSequence as a type-only project boundary (5.88448ms)
✔ Anticipate keeps a prediction and emits the Java-compatible signal (3.952188ms)
✔ Anticipate keeps Java Prediction identity keys in its outer Map (0.312396ms)
✔ Anticipate removes a confirmed NativeSet value through its Java iterator path (0.782344ms)
✔ Anticipate subscribes and unsubscribes from its cycle events (0.660053ms)
✔ Anticipate deduplicates equal derived terms in its Set boundary (0.451042ms)
✔ Concept stores anticipation entries in a native array (0.650989ms)
✔ ProcessAnticipation accepts the native Map substitution boundary (866.937552ms)
✔ Bag keeps math and string boundaries project-owned (2.990417ms)
✔ Bag.pickOut supports both Java overload shapes (1.503177ms)
✔ Bag rejects invalid overload arity with the project Java exception (0.612187ms)
✔ Bag keeps its observed runtime class identity without jree JavaObject (0.24552ms)
✔ Bag.pickOut keeps a key object with name() on the key overload (0.84151ms)
✔ Bag merges distinct object keys through Java equals semantics (0.402657ms)
✔ Bag recovers Java-equal keys when a restored key hash differs (0.46151ms)
✔ Bag lookup remains Java-equal when the legacy hash bucket is malformed (0.363542ms)
✔ Bag removes an item when a restored hash bucket is not a JS array (0.233125ms)
✔ Bag removes from a restored Java List bucket without rebuilding the bag (0.460677ms)
✔ Bag removes from a restored Java Set bucket through iterator.remove (0.558281ms)
✔ Bag stores priority-level FIFO queues in native arrays (0.307239ms)
✔ Bag keeps the Java HashMap/LinkedHashMap contract with a native Map (1.811042ms)
✔ Bag native iteration preserves LinkedHashMap insertion order across replacement and removal (0.271823ms)
✔ Bag Java iterator and contains preserve value equality (0.449011ms)
✔ Bag takeOut removes each selected item and reaches the empty state (0.373125ms)
✔ Bag keeps native math and string boundaries (0.360834ms)
✔ budget inference narrows Java float parameters before belief feedback (1.910208ms)
✔ rankBelief narrows Java float return values at the budget boundary (0.274063ms)
✔ truthToQuality and the TruthValue budget constructor share Java float semantics (0.300104ms)
✔ BudgetFunctions keeps project-owned enum and exception boundaries (4.404114ms)
✔ BudgetValue uses native string markers (1.685573ms)
✔ BudgetValue keeps runtime compatibility behind project-owned boundaries (0.322708ms)
✔ gate policy keeps a bounded documentation or low-risk source edit at T0 (3.891198ms)
✔ gate policy escalates a hot Bag slice to T1 without spending the cluster-close M1 budget (0.697604ms)
✔ only an explicit enumerated cluster close requires M1-minus (1.959271ms)
✔ gate policy escalates baseline changes and milestone acceptance to T2 (0.312708ms)
✔ gate policy escalates broad production edits (0.324219ms)
✔ source-line gate counts only production TypeScript, excluding tests, reports, docs and JavaScript (0.422552ms)
✔ runtime dependency fingerprint ignores ordering and scripts but detects version changes (10.097083ms)
✔ ComplexEmotions keeps the Java plain-plugin boundary without a jree Object shell (1.241666ms)
✔ ComplexEmotions keeps event text on the native string boundary (0.405209ms)
✔ Emotions keeps math and text on project boundaries (0.237291ms)
✔ CompositionalRules keeps logging and map boundaries project-owned (3.751042ms)
✔ CompositionalRules.powerSet preserves Set order without a temporary List (2.195834ms)
✔ CompositionalRules.powerSet handles empty and singleton sets (0.260105ms)
✔ CompositionalRules.powerSet keeps nested Set equality by value (0.366615ms)
✔ CompositionalRules.introduceVariables keeps Java Map substitution semantics (105.243698ms)
✔ TruthFunctions lookup keeps native boolean varargs and nullable selection (90.246458ms)
✔ Negation, Similarity, and Disjunction avoid direct jree imports (1.670937ms)
✔ CompoundTerm hasVar rejects invalid overloads with the project exception (1.465261ms)
✔ CompoundTerm hasVar preserves the Java argument exception identity (240.457604ms)
✔ CompoundTerm builds names through the project string boundary (1.502448ms)
✔ Concept keeps string and state boundaries project-owned (1.756094ms)
✔ ConfigReader keeps the Java plain-class boundary without a jree Object shell (1.61026ms)
✔ parseConfigXml returns a native configuration tree (5.707239ms)
✔ parseConfigXml rejects empty, missing-root and incomplete configuration (0.810313ms)
✔ embedded default configuration stays byte-for-byte aligned after line-ending normalization (2.447344ms)
✔ Nar accepts explicit configuration text without reading a config file (96.68073ms)
✔ Nar.PluginState keeps the Java lifecycle contract without a jree object shell (89.024636ms)
✔ Nar rejects a path passed to the core string configuration overload (0.652136ms)
✔ Nar records a missing capability instead of loading a Node-only plugin (89.707709ms)
✔ Nar registers the system plugin when the Node capability is supplied (89.641927ms)
✔ PluginRegistry returns a native ordered plugin sequence and diagnostics (0.61099ms)
✔ PluginRegistry consumes Java constructor arguments with float32 narrowing (0.532917ms)
✔ PluginRegistry accepts Java no-argument constructors (0.458073ms)
✔ PluginRegistry diagnoses invalid and repeated registrations without reordering valid instances (0.239375ms)
✔ PluginRegistry accepts an empty plugin section without diagnostics (0.164375ms)
✔ ConfigReader forwards the native plugin sequence without a jree list wrapper (89.348021ms)
✔ Nar exposes a live native read-only plugin list (89.571406ms)
✔ Conjunction, Inheritance, and Interval avoid direct jree argument/state exceptions (1.545365ms)
✔ Conjunction and Interval preserve project-owned argument exception identity (0.609323ms)
✔ Inheritance clone preserves project-owned argument exception identity (1.345052ms)
✔ Conjunction uses the project string boundary for generated indices (1.649948ms)
✔ translated term and sentence constructors preserve Java delegation contracts (1825.661614ms)
✔ compound factories flatten transient Java lists with native arrays (60.422032ms)
✔ Product preserves the Java List constructor boundary without a direct jree import (3.512344ms)
✔ Conjunction interval normalization preserves Java order and sums adjacent intervals (1.974636ms)
✔ Sentence normalization keeps duplicate variables in traversal order (4.469948ms)
✔ Sentence normalization keys duplicate variables by Java text value (22.714948ms)
✔ CompoundTerm iterator preserves Guava forArray contract (1.825781ms)
✔ CompoundTerm local lists preserve native storage and Java order (3.791407ms)
✔ decimal perception coordinates remain conceptual like Java Term.get (0.777032ms)
✔ countTermRecursively accepts a null accumulator like Java (3.201927ms)
✔ Concept.getBelief returns null when Java belief selection has no candidate (966.484844ms)
✔ Sentence.getTruth preserves Java's nullable query accessor (100.00224ms)
✔ DerivationContext currentBeliefLink preserves Java null lifecycle (102.654896ms)
✔ DerivationContext delayed execution state starts null and requires explicit registration (98.714271ms)
✔ DerivationContext double-premise results use the native ordered buffer (103.898072ms)
✔ TemporalRules returns the native ordered derivation buffer (104.759115ms)
✔ DerivationContext lazily builds and caches the Java newStamp (110.547552ms)
✔ ProcessGoal executable precondition preserves Java default metadata (1.543698ms)
✔ ProcessJudgment treats an empty Java Optional search as a null result (102.518906ms)
✔ ProcessGoal question staging preserves the emitted question with a native buffer (101.87224ms)
✔ ProcessGoal keeps the native general-precondition buffer iterable (101.19552ms)
✔ ProcessGoal keeps temporary substitution maps as native Map implementations (104.153021ms)
✔ FunctionOperator emits native array feedback through Operator.call (100.465469ms)
✔ Want emits native array feedback through Operator.call (102.0525ms)
✔ Evaluate emits native array feedback through Operator.call (102.869427ms)
✔ Wonder emits native array feedback after mental operator boundary migration (108.991406ms)
✔ Believe emits native array feedback after the remaining operator migration (113.578698ms)
✔ Believe keeps Java's null truth exception boundary (109.596146ms)
✔ Abbreviation emits native array feedback for empty and single-task results (135.278854ms)
✔ set factories use native equality-aware intersection and difference (4.873594ms)
✔ Stamp tense lookup uses Java temporal order constants (1.475105ms)
✔ Stamp long time arithmetic preserves bigint inputs at the boundary (1.092708ms)
✔ mixed runtime long values preserve temporal projection and interval normalization (4.321458ms)
✔ Nar explicit long overload accepts JavaScript number and bigint values (200.977396ms)
✔ CompoundTerm equality preserves Java case-sensitive key identity (109.064322ms)
✔ Concept long text preserves Java field labels (101.761302ms)
✔ Narsese truth parsing preserves Java Float.parseFloat boundaries (104.646666ms)
✔ Java implicit Object classes no longer carry a jree JavaObject base (5.812031ms)
✔ static Java utility classes no longer carry a jree JavaObject base (2.55875ms)
✔ ItemPriorityComparator keeps the Java plain comparator boundary (0.508855ms)
✔ Item keeps its value contract while using the project runtime class boundary (1.464479ms)
✔ Operator.ExecutionResult keeps the Java plain event-payload boundary (0.494062ms)
✔ CompoundTerm.ConvRectangle keeps the Java plain data-holder boundary (0.488021ms)
✔ static inference rule classes no longer carry a jree JavaObject base (2.497812ms)
✔ Counting keeps Java's plain-plugin boundary and constructor contracts (1.505938ms)
✔ Counting preserves Java's invalid constructor exception contract (0.757656ms)
✔ DerivationContext keeps project-owned exception and string boundaries (1.870469ms)
✔ Distributor fills order with expected counts (2.250417ms)
✔ Distributor.next cycles through capacity (0.358698ms)
✔ Distributor rejects non-positive range (0.639063ms)
✔ Emotions keeps the Java plain-plugin boundary and float constructor contract (1.742812ms)
✔ EventEmitter.set subscribes only to the requested event classes (3.880312ms)
✔ Events keeps the Java plain namespace-holder boundary (0.292188ms)
✔ native event classes keep stable runtime identity tokens (0.247552ms)
✔ EventEmitter uses native map and observer arrays while preserving identity removal (0.266458ms)
✔ EventEmitter.synch applies pending operations in FIFO order (0.380937ms)
✔ EventEmitter preserves native event payload order (0.261354ms)
✔ EventEmitter preserves Java exception boundaries (1.061042ms)
✔ EventHandler accepts Java-style event varargs (0.38151ms)
✔ EventHandler uses the project runtime identity boundary without jree (0.216094ms)
✔ EventHandler preserves the Java illegal-argument boundary (0.427916ms)
✔ OutputHandler preserves the Java illegal-argument boundary (0.348282ms)
✔ TextOutputHandler preserves the Java illegal-argument boundary (0.410782ms)
✔ Events.ConceptNew preserves the Java InferenceEvent constructor contract (0.454635ms)
✔ Events.ConceptNew keeps event text on the project-owned string boundary (0.436771ms)
✔ Events.TaskAdd accepts native and Java string reasons at the event boundary (0.546562ms)
✔ TextOutputHandler keeps line prefixes on the native string boundary (135.164635ms)
✔ TextOutputHandler.LineOutput accepts project-owned text values (0.404844ms)
✔ TextOutputHandler.openSaveFile accepts project-owned text paths (139.146458ms)
✔ Float32Math narrows Java float operands and results (1.528593ms)
✔ Float32Math covers Java float operation boundaries (0.239791ms)
✔ Float32Math.pow matches Java float storage after Math.pow (0.201354ms)
✔ Float32Math.powDouble preserves Java Math.pow double result (0.235104ms)
✔ Float32Math.truthToQuality preserves Java float complement boundaries (0.285989ms)
✔ ImageExt and ImageInt do not construct jree exception classes directly (2.23875ms)
✔ ImageExt clone and make use project-owned argument/state exceptions (1514.94927ms)
✔ ImageInt clone and make use project-owned argument/state exceptions (18.264427ms)
✔ Image uses project-owned string and hash boundaries (1.674948ms)
✔ Image keeps Java-compatible generated names (1.352865ms)
✔ Implication and Equivalence use project-owned exception classes (2.188437ms)
✔ Implication invalid overloads preserve project exception identity (2.13599ms)
✔ Equivalence invalid overloads preserve project exception identity (1.385261ms)
✔ Implication and Equivalence use project-owned string boundaries (2.24474ms)
✔ Inheritance avoids direct jree String construction for operator checks (1.968125ms)
✔ Nar consumes NAL text and preserves IN creation-time semantics (136.152708ms)
✔ Nar two-argument addInputText accepts project-owned string values (110.895781ms)
✔ InternalExperience keeps the Java plain-plugin boundary and constructor contracts (1.635885ms)
✔ intersection and difference terms avoid direct jree argument/state exceptions (1.648438ms)
✔ intersection factories preserve project-owned argument exceptions (0.773386ms)
✔ difference factories preserve project-owned argument exceptions (0.382396ms)
✔ DifferenceInt keeps its invalid component-count state contract (0.247656ms)
✔ Interval uses the project string boundary for parsing and naming (1.643906ms)
✔ Parser and ConfigReader keep Java input types behind project boundaries (1.854479ms)
✔ Item text methods replace one-shot StringBuilder without changing order (2.709844ms)
✔ Item text methods retain Java null/string conversion at the boundary (0.294895ms)
✔ Item keeps Java runtime types behind project boundaries (0.687396ms)
✔ Java short-array equals preserves null, length, order, and values (1.583854ms)
✔ Java short-array hash follows Arrays.hashCode(short[]) (0.207552ms)
✔ Java Objects.hash uses the project Java value hash contract (0.256823ms)
✔ local parity runner rejects a missing selected Java artifact (172.646979ms)
✔ NAL runner rejects a missing selected Java artifact (170.591666ms)
﹣ local parity rejects the historical 3.1.0 artifact (0.263959ms) # SKIP
﹣ local parity default and explicit selection identify the canonical Java artifact (0.369792ms) # SKIP
﹣ NAL runner rejects the historical 3.1.0 artifact (0.229739ms) # SKIP
﹣ NAL runner can compare TS with the frozen Java baseline without starting Java (0.171458ms) # SKIP
✔ NAL runner rejects a missing frozen Java baseline (164.95375ms)
✔ native Java throwable hierarchy preserves type and message contracts (2.043438ms)
✔ native Java exception layers retain Java-shaped subclassing (0.432239ms)
✔ native Java throwable supports Java-style cause and message updates (0.269479ms)
✔ native Java exception compatibility preserves old jree instanceof checks (0.296094ms)
✔ Statement keeps Java side-enum and native exception boundaries (893.582448ms)
✔ Implication.clone preserves the source term and runtime type (61.826875ms)
✔ Image placeholder recognition keeps Java exact-Term semantics (26.878073ms)
✔ Terms.term preserves the relation index when rebuilding images (650.53276ms)
✔ Terms image/product equivalence keeps Java Set de-duplication (4.702396ms)
✔ CompoundTerm Set helpers preserve Java equality and insertion order (3.941198ms)
✔ CompoundTerm.termList preserves Java Arrays.asList fixed-size semantics (2.216563ms)
✔ LinkedHashSet keeps insertion order for hashable Java objects (4.343854ms)
✔ LinkedHashSet add, remove, and re-add follow Java order (0.440833ms)
﹣ Java and TypeScript local algorithm fixtures remain in parity (1.626146ms) # SKIP
✔ LocalRules keeps math operations on the native boundary (2.214063ms)
✔ M3 benchmark statistics use median and nearest-rank p95 (4.27ms)
✔ M3 benchmark exposes normalized throughput and marks qualified p95 (1.019375ms)
✔ M3 benchmark requires explicit files and accepts serial repetition settings (0.953854ms)
✔ J2 MapContract substitutes with NativeMap without changing term semantics (4.768802ms)
✔ J2 MapContract accepts Java LinkedHashMap substitution input (1.588855ms)
✔ J2 MapContract preserves recursive term counts and insertion order (2.170885ms)
✔ Memory lock marker uses the native boolean contract (1.527032ms)
✔ Memory operator registry adds, replaces, and removes operators by Java text value (111.894479ms)
✔ Memory keeps the Java plain-class boundary without a jree object shell (105.384062ms)
✔ Memory keeps Java iterator calls and native iteration as separate contracts (94.985364ms)
✔ Memory keeps task reason literals native until event conversion (2.162187ms)
✔ Memory accepts native string reasons and preserves Java event payloads (3105.589895ms)
✔ metrics and output conditions load without an ESM initialization cycle (3416.27578ms)
✔ migration codemod repairs only the narrow generic alias shape (638.401302ms)
✔ migration codemod repairs split logical operators (165.955834ms)
✔ migration codemod adds extensions only to relative ESM imports (171.684375ms)
✔ migration scanner ignores Narsese examples in comments, strings, and regex literals (495.065208ms)
✔ Narsese constructor delegation preserves either memory entry point (0.636406ms)
✔ NAL matrix summary separates timeout from an unverified semantic cause (11.890468ms)
✔ NAL matrix summary keeps a process safety limit separate from timeout (1.141771ms)
✔ NAL matrix summary records the observed nal4.7 rule-dispatch hypothesis (0.838125ms)
✔ NAL matrix summary records a longer-budget pass without rewriting the fixed-budget result (1.036563ms)
✔ NAL matrix summary preserves runner provenance for legacy rows (0.835104ms)
✔ NAL runner keeps process exit evidence separate from exception text (3.470105ms)
✔ NAL runner keeps matched markers when another error flag is present (2.250156ms)
✔ NAL runner classifies progressing process limits as warnings (0.442865ms)
✔ NAL runner counts final matched markers even when an exception occurs (4.284115ms)
✔ NAL runner keeps timeout and marker absence as separate observations (0.202917ms)
✔ NAL runner distinguishes a process crash from a single-file timeout (0.302864ms)
✔ NAL runner keeps files after a timeout separate from the timed-out file (0.165312ms)
✔ parity does not become functional pass when both engines miss the marker (1.05526ms)
✔ parity exposes Java/TypeScript result differences independently (0.241875ms)
✔ NAL runner reports marker timing against a 120-second-per-1024-cycle budget (0.569739ms)
✔ NAL runner records runtime per reasoning cycle and relative slowdown (0.221146ms)
✔ NAL runner marks stalled runtime as a lower bound instead of a functional verdict (0.208906ms)
✔ NAL runner classifies no-progress watchdog termination independently of performance (0.434635ms)
✔ NAL runner keeps a slow completed process as performance data, not a timeout (0.223854ms)
✔ NAL runner keeps a process safety limit separate from a no-progress timeout (0.238906ms)
✔ NAL runner keeps performance observations separate when a marker is missing (0.206875ms)
✔ marker parity is an equivalence route without requiring 131072 cycles or an internal trace (0.157448ms)
✔ marker parity remains equivalent when an optional internal trace differs (0.308281ms)
✔ 131072-cycle equivalence is available for inputs without Java markers (0.247761ms)
✔ NAL parity rows expose marker equivalence independently of the long-cycle target (0.368125ms)
✔ NAL runner preserves valid rows when stdout contains a diagnostic line (4.028698ms)
✔ NAL runner accepts only structured progress heartbeats (0.341823ms)
✔ NAL runner resets the no-progress watchdog for cycle, command, and marker heartbeats (0.242968ms)
✔ NAL runner preserves expected marker count on timeout rows (0.294271ms)
✔ NAL runner recognizes Windows timeout results with signal and message (0.156511ms)
✔ Tense lookup accepts Java String values at the parser boundary (0.324687ms)
✔ NAL metadata separates embedded and runner-added cycles (0.423073ms)
✔ NAL runner validates and resumes a persisted per-file result (4636.706405ms)
✔ NAL runner selects the explicit M1-- corpus without limit-based truncation (1.611875ms)
✔ NAL runner rejects partial corpus options for M1-- (0.864062ms)
✔ NAL runner records an explicit TypeScript process mode and separates run keys (0.611927ms)
✔ NAL runner rejects duplicate checkpoint rows for one run (1.614739ms)
✔ NAL runner rejects duplicate input files before execution (0.406458ms)
✔ NAL runner persists cold and hot results without overwriting either run (8338.952757ms)
✔ NAL runner keeps hot results isolated from order and cold-process boundaries (16688.175879ms)
✔ NAL runner resumes after a real middle-file timeout and preserves the tail (1974.015728ms)
✔ NAL trace describes ExecutionResult with Java-equivalent operation feedback (4837.710155ms)
✔ Nar file persistence exposes project-owned text path boundaries (1.943854ms)
✔ Nar metadata and configuration paths stay native strings (126.695052ms)
✔ Nar sensory channel registry keeps Java Map and Term equality semantics (214.727135ms)
✔ Nar sensory channel consumer accepts a native string boundary (184.915104ms)
✔ SensoryChannel keeps the Java plain-base class identity contract (215.081406ms)
✔ NarNode network text boundaries stay project-owned (5.801719ms)
✔ NarNode.TargetNar keeps the Java plain network-target boundary (2.151562ms)
✔ NarNode keeps class identity without inheriting jree.JavaObject (4.362448ms)
✔ NarNode stores redirection targets in insertion order (6.034583ms)
✔ Narsese follows the canonical plain-class boundary (165.658177ms)
✔ Narsese parser uses the project string boundary for temporary arguments (2.13625ms)
✔ Narsese preserves temporal statement order from Java relation dispatch (5230.581977ms)
✔ NativeDeque preserves FIFO order and removes from the head (3.555833ms)
✔ NativeDeque iterator.remove preserves the remaining order (0.691719ms)
✔ NativeDeque supports re-adding an iterator match at the tail (0.196771ms)
✔ NativeDeque matches TaskLink's bounded-record eviction condition (0.240886ms)
✔ time and multistep interfaces use native TypeScript values (2.402969ms)
✔ NativeList preserves Java ArrayList insertion and indexed access order (4.666302ms)
✔ NativeList preserves indexed removal and Java-style equality lookup (0.569375ms)
✔ NativeList equality lookup calls equals on the searched value (0.221875ms)
✔ NativeList iterator preserves removal and fail-fast behavior (0.885416ms)
✔ NativeList rejects invalid element and insertion indices (0.329375ms)
✔ native lookup tables preserve Java symbol and tense contracts (1728.052916ms)
✔ Term atom cache normalizes Java and native text keys (600.372812ms)
✔ NativeMap preserves Java Map equality, insertion order, and replacement position (5.231719ms)
✔ NativeMap scans hash collisions and removes indexed records (0.543125ms)
✔ NativeMap preserves equality fallback for object keys without hashCode (0.339844ms)
✔ NativeMap views are live and iterators support Java-style removal (1.264166ms)
✔ NativeMap distinguishes a missing key from a mapped null value (0.274584ms)
✔ NativeMap entry, key, and value views preserve Java removal contracts (0.528854ms)
✔ NativeMap clone, equals, hashCode, and putAll preserve entry values (0.632917ms)
✔ NativeMap iterators allow entry updates and only iterator removal changes version (0.445938ms)
✔ NativeMap count entries match jree LinkedHashMap on equal domain keys (950.975781ms)
✔ NativeMap implements the project MapContract without erasing Map semantics (1.122708ms)
✔ NativeReadOnlyList is a live ordered view over a native array (8.479166ms)
✔ NativeReadOnlyList preserves NativeList equality lookup and rejects mutation (1.092239ms)
✔ NativeSet preserves Java Set equality and insertion order (8.020521ms)
✔ NativeSet uses the searched value as the Java equals receiver (0.342084ms)
✔ NativeSet iterator supports Java remove and fail-fast mutation checks (1.178073ms)
✔ NativeSet.equals follows Java AbstractSet receiver direction (0.598438ms)
✔ NativeSet deduplicates structurally equal Terms used as target Set values (4178.471978ms)
✔ NativeSortedSet preserves TreeSet order and comparator uniqueness (5.515156ms)
✔ NativeSortedSet follows the Java Set equality and hash contract (1.076354ms)
✔ Term.toSortedSet supports retainAll and Java-shaped toArray (5.270052ms)
✔ Task keeps its best solution null until Java sets one (3299.279946ms)
✔ initialized Term names retain their Java string value (1.41552ms)
✔ CompoundTerm rebuilds its name after Java null cache invalidation (1.512343ms)
✔ operator constructors preserve Java string boundaries (2.815052ms)
✔ Feel constructors preserve the Java native String contract (0.463334ms)
✔ FunctionOperator accepts the Java String constructor boundary (0.375625ms)
✔ Reflect.sop preserves the translated Java varargs-array overload (2.139219ms)
✔ Reflect.sop normalizes native and boxed Java string operator names (0.692396ms)
✔ Count preserves Java's invalid-input exception contract (1.471407ms)
✔ Operation and NullOperator preserve Java invalid-argument boundaries (0.576094ms)
✔ Operation.makeName preserves Java StringBuilder text semantics (0.357812ms)
✔ Operation keeps CharSequence and exceptions behind project boundaries (0.723229ms)
✔ Operator.operationExecutionString returns native Java-equivalent output text (0.815782ms)
✔ Operator.addPrefixIfMissing normalizes boxed and native Java String inputs (0.299896ms)
✔ FunctionOperator preserves Java arity and overload exception contracts (0.661406ms)
✔ FunctionOperator copies Java parameter arguments into a fresh shallow array (2.476667ms)
✔ Operator.call preserves null and ordered empty feedback contracts (1.167135ms)
✔ Operator.reportExecution accepts native event payloads at the Java Object boundary (0.613177ms)
✔ Add preserves Java argument and result contracts (1.142031ms)
✔ Add preserves Java StringUtils.isNumeric and Integer.parseInt boundaries (0.928385ms)
✔ Reflect preserves Java argument and overload contracts (0.592813ms)
✔ Anticipate preserves its invalid-constructor exception contract (0.378229ms)
✔ Operator.call preserves its invalid-overload exception contract (0.282656ms)
✔ operator and plugin text boundaries use native strings (7.401562ms)
✔ operator and plugin exceptions use the project-owned exception layer (2.648229ms)
✔ Nar config preserves Java float parameters at the TruthValue clamp boundary (174.408073ms)
✔ Memory.cycles narrows the duration before the Java multiplication (146.928385ms)
✔ Memory.output narrows the volume ratio before the Java subtraction (153.796718ms)
✔ Parameters keeps every Java float default in binary32 (0.581875ms)
✔ Plugin CharSequence boundary accepts Java and native string values (2.465ms)
✔ Plugin names use a project-owned CharSequence boundary (5.025ms)
✔ plugin exception boundaries use project-owned Java exception classes (2.706823ms)
✔ ProcessAnticipation uses the project string boundary (2.324271ms)
✔ ProcessGoal keeps project-owned host and collection boundaries (2.474688ms)
✔ ProcessJudgment uses native exception text (2.0575ms)
✔ ProcessQuestion uses project-owned state exceptions (3.871146ms)
✔ jree Random.nextDouble preserves Java's 53-bit value (2.09375ms)
✔ RuleTables keeps project-owned enum and exception boundaries (2.965469ms)
✔ javaStringLength normalizes jree and native string representations (2.441302ms)
✔ javaStringValue applies Java toString before JS interpolation (0.346875ms)
✔ Java string equality and hashing use exact UTF-16 code units (0.570104ms)
✔ jree Double compatibility preserves boxed numeric operations (0.405521ms)
✔ identity hash compatibility is stable and distinguishes object identity (0.289479ms)
✔ missing jree exception compatibility preserves Java inheritance (0.700781ms)
✔ jree object FQN marker is inherited without changing class identity (0.539167ms)
✔ shell starts without loader or jree deprecation warnings (5364.232914ms)
✔ shell reads an external config in the host adapter without warnings (5032.432707ms)
✔ Sentence normalization keeps array copying project-owned (2.537552ms)
✔ Sentence keeps exception construction inside project boundaries (2.603958ms)
✔ serial parameterized runner continues after a case failure (5.017604ms)
✔ src/language/SetExt.ts uses project-owned Java argument exceptions (2.332448ms)
✔ src/language/SetInt.ts uses project-owned Java argument exceptions (0.22427ms)
✔ SetExt and SetInt expose project-owned collection types (2.284323ms)
✔ set operator classes avoid unused direct jree imports (4.477552ms)
✔ SetTensional uses the project-owned Java state exception (2.169844ms)
✔ SetTensional keeps its CharSequence return type project-owned (2.232708ms)
✔ SetTensional builds names through the project string boundary (2.18599ms)
✔ Shell keeps the Java plain-class boundary and ThreadCompat remains local (19.918177ms)
✔ shell parses the Java-like interactive control commands (4.592604ms)
✔ shell rejects invalid automatic cycle counts (0.805886ms)
✔ Node stdin adapter exposes queued bytes through Java InputStream (4.429375ms)
✔ Shell command-line text boundaries accept project-owned strings (4.495105ms)
✔ Similarity, Disjunction, and Negation avoid direct jree argument exceptions (4.812084ms)
✔ Similarity preserves project-owned argument exception identity (2.576823ms)
✔ Disjunction preserves project-owned argument exception identity (0.975ms)
✔ Negation preserves project-owned argument exception identity (0.574427ms)
✔ checkpoint recovery stays consistent beyond 200 reasoning cycles (8246.266872ms)
✔ snapshot experiment rejects an endpoint checkpoint (1.192031ms)
✔ snapshot experiment preserves checkpoint manifests for process recovery (2110.470572ms)
✔ a fresh recovery entry point matches the zero-run tail and final state (2783.050416ms)
✔ stage digest parser requires the summary contract (2.877761ms)
✔ stage digest comparison returns equality for matching windows (2.514375ms)
✔ stage digest comparison reports the first differing stage and field (0.296355ms)
✔ stage digest comparison distinguishes missing windows from equal empty data (0.237657ms)
✔ stage digest comparison does not ignore pre-cycle input differences (0.287031ms)
✔ stage digest prefix comparison separates matched windows from unfinished execution (0.366615ms)
✔ Stamp keeps class identity and clone without a jree JavaObject shell (5.615677ms)
✔ Stamp.baseOverlap uses BaseEntry value equality, not object identity (1.092031ms)
✔ Stamp.evidenceIsCyclic detects equal BaseEntry values in one evidential base (0.763073ms)
✔ ProcessGoal evidence subset keeps Java BaseEntry equality (3451.543957ms)
✔ Stamp keeps project-owned exception and collection boundaries (3.258594ms)
✔ Stamp occurrence text keeps Java String output without StringBuilder construction (2.625625ms)
✔ Stamp appendOcurrenceTime preserves the caller builder and append contract (0.651719ms)
✔ Stamp name is a cached Java String and invalidates after occurrence changes (0.797031ms)
✔ Node strings are normalized at Narsese input boundaries (168.624531ms)
✔ Narsese compound parsing preserves native argument order (146.400313ms)
✔ Narsese functional operation parsing consumes native operator prefix text (145.742812ms)
✔ StructuralRules sequence array copies preserve Java component order (2804.835155ms)
✔ StructuralRules no longer imports jree for array copies (0.696093ms)
✔ SyllogisticRules uses project-owned argument exceptions (2.731511ms)
✔ Symbols and Narsese use project-owned argument exceptions (3.057083ms)
✔ Symbols keeps the NativeOperator contract without a direct jree import (0.351094ms)
✔ System operator executes its Java-compatible shell contract (50.565468ms)
✔ System operator exposes the Java range term (0.734479ms)
✔ System operator reports a missing host capability explicitly (1.610365ms)
✔ System operator preserves Java empty-result behavior when the host command fails (0.633229ms)
✔ Task keeps project-owned enum and string boundaries (2.401562ms)
✔ Memory refreshes an input Sentence hash after assigning occurrence (130.003229ms)
✔ Task Bag merges Java-equal derived sentences by TruthValue hash (1131.764375ms)
✔ TaskLink.Recording keeps its Java data contract without a jree object shell (2.052083ms)
✔ TemporalInferenceControl uses project host boundaries (2.507656ms)
✔ TemporalInferenceControl filters equal Task values in local attempt set (8.177291ms)
✔ TemporalRules uses project exception boundaries (2.72776ms)
✔ Term does not construct jree argument/state exceptions directly (2.300625ms)
✔ Term invalid overloads preserve project exception identity (1.289584ms)
✔ TermLink prefix preserves Java type, index order, and hexadecimal formatting (2.856302ms)
✔ Terms uses project-owned argument and state exceptions (2.427136ms)
✔ Terms invalid overloads preserve project exception identity (2036.121145ms)
✔ Texts.n2 formats values with two decimals and rounding (2.329323ms)
✔ Texts.n2 rejects out-of-range values (1.471771ms)
✔ Texts.n4 and n1 format fixed decimals (0.265938ms)
✔ Texts.yarn concatenates non-null components (0.242136ms)
✔ Texts.compareTo matches lexicographic ordering (0.357292ms)
✔ ThreadCompat uses native scheduling and preserves the translated call surface (10.86224ms)
✔ ThreadCompat keeps synchronous sleep and native interruption errors (1.993958ms)
✔ commutative conjunction follows Java term ordering for toothbrush goal (4444.700415ms)
✔ scoped variable ordering uses Java code-unit order for commutative intersections (152.773854ms)
✔ default NAR loads the internal experience plugin used by Java toothbrush (144.315312ms)
✔ tensional sets initialize Java-compatible compound complexity (2.189636ms)
✔ budget fields narrow at Java float write boundaries (1.7ms)
✔ novel-task Bag preserves Java float level selection at the 0.8 boundary (150.570416ms)
✔ utility float accumulators narrow at each Java assignment boundary (1.459427ms)
✔ forgetting narrows Java float parameters before the exponent boundary (2.16651ms)
✔ derived task applies Java float leak operands before multiplication (144.439948ms)
✔ mental operation feedback does not create a Java operation frame (143.831563ms)
✔ sentence rendering preserves Java conceptual decimal visual indices (151.386197ms)
✔ compound-condition TermLink overload preserves Java's leading condition index (149.924115ms)
✔ conditional operation unification substitutes the grounded toothbrush term (160.695833ms)
✔ grounded toothbrush operation produces Java-style execution feedback (149.470781ms)
✔ TruthFunctions keeps project-owned enum and exception boundaries (3.143958ms)
✔ TruthValue constructor assigns fields and keeps Parameters reference (2.367396ms)
✔ TruthValue factory methods map to expected defaults (0.368802ms)
✔ TruthValue clamps confidence based on TRUTH_EPSILON (0.195ms)
✔ TruthValue expectation and negativity follow formula (0.289688ms)
✔ TruthValue string key is stable and usable in maps (0.351667ms)
✔ TruthValue hashCode preserves Java float/double operand boundaries (0.338177ms)
✔ TruthValue equals uses Java epsilon and ignores analytic metadata (0.412344ms)
✔ TruthValue direct frequency writes preserve Java float storage (0.173646ms)
✔ TruthValue expectation difference is a Java float result (0.302605ms)
✔ TruthValue word terms use the native Term factory and preserve Java words (4.181979ms)
✔ TS-only process policy recognizes direct Java and shell launches (3.035052ms)
✔ TS-only preloader rejects Java launch without invoking a real Java binary (155.004322ms)
✔ five responsibility clusters are stable and expose two to five sentinel NAL files (3.958802ms)
✔ every current production TypeScript file belongs to exactly one responsibility cluster (24.001146ms)
✔ a risk slice selects cluster sentinels and never creates an M1-minus command (2.415104ms)
✔ a cluster close creates one M1-minus command and omits the redundant sentinel run (0.749896ms)
✔ one explicit owner may carry at most one small supporting cluster (0.892448ms)
✔ unknown, untouched and missing-evidence plans fail closed (0.53677ms)
✔ stage acceptance requests live Java, full M1 and strict markerless evidence (0.312448ms)
✔ Variable uses project-owned Java exception classes (2.527552ms)
✔ Variable constructors do not wrap native names with jree String (2.135364ms)
✔ Variables uses project-owned Java exception classes (2.396719ms)
✔ compound hasVar(type) preserves Java variable-kind dispatch (4296.534425ms)
✔ 变量统一会替换操作参数并保留 Operation 运行时类型 (3035.437551ms)
✔ common variable propagation matches Java for commutative unification (1102.534739ms)
✔ commutative unification does not reuse one matched operand index (143.83526ms)
✔ Variables initializes the Java Map pair with native ordered maps (4.989687ms)
✔ default NAR registers VisionChannel and maps decimal coordinates (4226.162238ms)
✔ VisionChannel keeps prototype order in a native array (144.699427ms)
✔ VisualSpace keeps the Java plain-class boundary and image snapshot contract (4.070416ms)
✔ VisualSpace keeps math and operator text on project boundaries (0.652709ms)
ℹ tests 473
ℹ suites 0
ℹ pass 468
ℹ fail 0
ℹ cancelled 0
ℹ skipped 5
ℹ todo 0
ℹ duration_ms 388559.746778
