
> opennars-304-ts@0.1.0 test
> npm run test:unit:serial


> opennars-304-ts@0.1.0 test:unit:serial
> node scripts/testing/run-ts-only-unit-tests.mjs

✔ TLink.getIndex returns correct index for valid level (5.604167ms)
✔ TLink.getIndex returns -1 for invalid level (0.404636ms)
✔ TLink.getIndex with empty indices array (0.33474ms)
✔ TLink.getTarget returns the linked target object (2.478593ms)
✔ TLink.getPriority returns priority value (0.549531ms)
✔ TLink.getPriority returns default priority when not specified (0.325208ms)
✔ TLink.getPriority handles zero priority (0.324584ms)
✔ TLink.getPriority handles maximum priority (0.352709ms)
✔ TLink interface supports generic Term type (0.405729ms)
✔ TLink interface supports generic Task type (1.244271ms)
✔ TLink with multi-level indices maintains order (0.326563ms)
✔ TLink.getIndex returns negative one-based index (Java compatibility) (0.254062ms)
✔ TLink mock implementation preserves immutability (0.442969ms)
✔ TLink interface can be used as type parameter (0.345625ms)
✔ TLink with floating point indices (0.306302ms)
✔ AbstractTerm keeps CharSequence as a type-only project boundary (5.217031ms)
✔ Anticipate keeps a prediction and emits the Java-compatible signal (8.68552ms)
✔ Anticipate keeps Java Prediction identity keys in its outer Map (0.515416ms)
✔ Anticipate removes a confirmed NativeSet value through its Java iterator path (1.276614ms)
✔ Anticipate subscribes and unsubscribes from its cycle events (0.912708ms)
✔ Anticipate deduplicates equal derived terms in its Set boundary (0.674323ms)
✔ Concept stores anticipation entries in a native array (0.956771ms)
✔ ProcessAnticipation accepts the native Map substitution boundary (2168.182395ms)
✔ Bag keeps math and string boundaries project-owned (5.793489ms)
✔ Bag.pickOut supports both Java overload shapes (7.909844ms)
✔ Bag rejects invalid overload arity with the project Java exception (5.685417ms)
✔ Bag keeps its observed runtime class identity without jree JavaObject (10.378645ms)
✔ Bag.pickOut keeps a key object with name() on the key overload (29.877031ms)
✔ Bag merges distinct object keys through Java equals semantics (25.62948ms)
✔ Bag recovers Java-equal keys when a restored key hash differs (3.093281ms)
✔ Bag lookup remains Java-equal when the legacy hash bucket is malformed (2.10026ms)
✔ Bag removes an item when a restored hash bucket is not a JS array (1.220625ms)
✔ Bag removes from a restored Java List bucket without rebuilding the bag (14.823802ms)
✔ Bag removes from a restored Java Set bucket through iterator.remove (8.554323ms)
✔ Bag stores priority-level FIFO queues in native arrays (4.729688ms)
✔ Bag keeps the Java HashMap/LinkedHashMap contract with a native Map (15.250521ms)
✔ Bag native iteration preserves LinkedHashMap insertion order across replacement and removal (0.980313ms)
✔ Bag Java iterator and contains preserve value equality (1.04099ms)
✔ Bag takeOut removes each selected item and reaches the empty state (1.058802ms)
✔ Bag keeps native math and string boundaries (0.774792ms)
✔ budget inference narrows Java float parameters before belief feedback (3.081562ms)
✔ rankBelief narrows Java float return values at the budget boundary (0.444844ms)
✔ truthToQuality and the TruthValue budget constructor share Java float semantics (0.522187ms)
✔ BudgetFunctions keeps project-owned enum and exception boundaries (3.582396ms)
✔ BudgetValue uses native string markers (2.41526ms)
✔ BudgetValue keeps runtime compatibility behind project-owned boundaries (0.518645ms)
✔ gate policy keeps a bounded documentation or low-risk source edit at T0 (3.50875ms)
✔ gate policy escalates a hot Bag slice to T1 without spending the cluster-close M1 budget (1.049584ms)
✔ only an explicit enumerated cluster close requires M1-minus (2.937187ms)
✔ gate policy escalates baseline changes and milestone acceptance to T2 (0.345104ms)
✔ gate policy escalates broad production edits (0.473073ms)
✔ source-line gate counts only production TypeScript, excluding tests, reports, docs and JavaScript (0.771042ms)
✔ runtime dependency fingerprint ignores ordering and scripts but detects version changes (47.063958ms)
✔ ComplexEmotions keeps the Java plain-plugin boundary without a jree Object shell (2.226562ms)
✔ ComplexEmotions keeps event text on the native string boundary (0.628021ms)
✔ Emotions keeps math and text on project boundaries (5.487083ms)
✔ CompositionalRules keeps logging and map boundaries project-owned (2.737656ms)
✔ CompositionalRules.powerSet preserves Set order without a temporary List (3.564896ms)
✔ CompositionalRules.powerSet handles empty and singleton sets (0.47125ms)
✔ CompositionalRules.powerSet keeps nested Set equality by value (4.273334ms)
✔ CompositionalRules.introduceVariables keeps Java Map substitution semantics (175.54276ms)
✔ TruthFunctions lookup keeps native boolean varargs and nullable selection (143.898229ms)
✔ Negation, Similarity, and Disjunction avoid direct jree imports (2.332812ms)
✔ CompoundTerm hasVar rejects invalid overloads with the project exception (2.409011ms)
✔ CompoundTerm hasVar preserves the Java argument exception identity (359.109479ms)
✔ CompoundTerm builds names through the project string boundary (2.146979ms)
✔ Concept keeps string and state boundaries project-owned (2.53375ms)
✔ ConfigReader keeps the Java plain-class boundary without a jree Object shell (2.286094ms)
✔ parseConfigXml returns a native configuration tree (4.208073ms)
✔ parseConfigXml rejects empty, missing-root and incomplete configuration (1.984115ms)
✔ embedded default configuration stays byte-for-byte aligned after line-ending normalization (9.850782ms)
✔ Nar accepts explicit configuration text without reading a config file (154.302813ms)
✔ Nar.PluginState keeps the Java lifecycle contract without a jree object shell (147.36474ms)
✔ Nar rejects a path passed to the core string configuration overload (0.934271ms)
✔ Nar records a missing capability instead of loading a Node-only plugin (149.192812ms)
✔ Nar registers the system plugin when the Node capability is supplied (151.560625ms)
✔ PluginRegistry returns a native ordered plugin sequence and diagnostics (1.052604ms)
✔ PluginRegistry consumes Java constructor arguments with float32 narrowing (0.93448ms)
✔ PluginRegistry accepts Java no-argument constructors (0.906718ms)
✔ PluginRegistry diagnoses invalid and repeated registrations without reordering valid instances (0.436823ms)
✔ PluginRegistry accepts an empty plugin section without diagnostics (0.340677ms)
✔ ConfigReader forwards the native plugin sequence without a jree list wrapper (146.975521ms)
✔ Nar exposes a live native read-only plugin list (144.003021ms)
✔ Conjunction, Inheritance, and Interval avoid direct jree argument/state exceptions (2.482812ms)
✔ Conjunction and Interval preserve project-owned argument exception identity (0.987969ms)
✔ Inheritance clone preserves project-owned argument exception identity (2.277343ms)
✔ Conjunction uses the project string boundary for generated indices (2.394479ms)
✔ translated term and sentence constructors preserve Java delegation contracts (2913.109738ms)
✔ compound factories flatten transient Java lists with native arrays (91.53125ms)
✔ Product preserves the Java List constructor boundary without a direct jree import (5.802187ms)
✔ Conjunction interval normalization preserves Java order and sums adjacent intervals (2.770937ms)
✔ Sentence normalization keeps duplicate variables in traversal order (6.972865ms)
✔ Sentence normalization keys duplicate variables by Java text value (31.062917ms)
✔ CompoundTerm iterator preserves Guava forArray contract (4.080572ms)
✔ CompoundTerm local lists preserve native storage and Java order (8.33276ms)
✔ decimal perception coordinates remain conceptual like Java Term.get (1.374687ms)
✔ countTermRecursively accepts a null accumulator like Java (4.089896ms)
✔ Concept.getBelief returns null when Java belief selection has no candidate (1612.462447ms)
✔ Sentence.getTruth preserves Java's nullable query accessor (141.447656ms)
✔ DerivationContext currentBeliefLink preserves Java null lifecycle (149.527135ms)
✔ DerivationContext delayed execution state starts null and requires explicit registration (145.908802ms)
✔ DerivationContext double-premise results use the native ordered buffer (147.394948ms)
✔ TemporalRules returns the native ordered derivation buffer (164.822865ms)
✔ DerivationContext lazily builds and caches the Java newStamp (153.999583ms)
✔ ProcessGoal executable precondition preserves Java default metadata (1.406198ms)
✔ ProcessJudgment treats an empty Java Optional search as a null result (163.520781ms)
✔ ProcessGoal question staging preserves the emitted question with a native buffer (155.441927ms)
✔ ProcessGoal keeps the native general-precondition buffer iterable (165.315782ms)
✔ ProcessGoal keeps temporary substitution maps as native Map implementations (158.252656ms)
✔ FunctionOperator emits native array feedback through Operator.call (157.459427ms)
✔ Want emits native array feedback through Operator.call (150.625104ms)
✔ Evaluate emits native array feedback through Operator.call (152.716875ms)
✔ Wonder emits native array feedback after mental operator boundary migration (147.886406ms)
✔ Believe emits native array feedback after the remaining operator migration (154.544166ms)
✔ Believe keeps Java's null truth exception boundary (145.596927ms)
✔ Abbreviation emits native array feedback for empty and single-task results (187.60875ms)
✔ set factories use native equality-aware intersection and difference (5.708437ms)
✔ Stamp tense lookup uses Java temporal order constants (1.86052ms)
✔ Stamp long time arithmetic preserves bigint inputs at the boundary (1.243073ms)
✔ mixed runtime long values preserve temporal projection and interval normalization (5.302448ms)
✔ Nar explicit long overload accepts JavaScript number and bigint values (285.365ms)
✔ CompoundTerm equality preserves Java case-sensitive key identity (153.484531ms)
✔ Concept long text preserves Java field labels (154.557083ms)
✔ Narsese truth parsing preserves Java Float.parseFloat boundaries (144.292709ms)
✔ Java implicit Object classes no longer carry a jree JavaObject base (8.676667ms)
✔ static Java utility classes no longer carry a jree JavaObject base (3.569427ms)
✔ ItemPriorityComparator keeps the Java plain comparator boundary (0.671563ms)
✔ Item keeps its value contract while using the project runtime class boundary (2.108854ms)
✔ Operator.ExecutionResult keeps the Java plain event-payload boundary (0.861875ms)
✔ CompoundTerm.ConvRectangle keeps the Java plain data-holder boundary (0.739167ms)
✔ static inference rule classes no longer carry a jree JavaObject base (3.470625ms)
✔ Counting keeps Java's plain-plugin boundary and constructor contracts (2.265157ms)
✔ Counting preserves Java's invalid constructor exception contract (0.997917ms)
✔ DerivationContext keeps project-owned exception and string boundaries (2.84677ms)
✔ Distributor fills order with expected counts (4.624948ms)
✔ Distributor.next cycles through capacity (0.429479ms)
✔ Distributor rejects non-positive range (0.9175ms)
✔ Emotions keeps the Java plain-plugin boundary and float constructor contract (2.082135ms)
✔ EventEmitter.set subscribes only to the requested event classes (5.118959ms)
✔ Events keeps the Java plain namespace-holder boundary (0.35875ms)
✔ native event classes keep stable runtime identity tokens (0.393646ms)
✔ EventEmitter uses native map and observer arrays while preserving identity removal (3.92776ms)
✔ EventEmitter.synch applies pending operations in FIFO order (0.403125ms)
✔ EventEmitter preserves native event payload order (0.298854ms)
✔ EventEmitter preserves Java exception boundaries (1.18625ms)
✔ EventHandler accepts Java-style event varargs (0.415365ms)
✔ EventHandler uses the project runtime identity boundary without jree (0.270416ms)
✔ EventHandler preserves the Java illegal-argument boundary (0.475105ms)
✔ OutputHandler preserves the Java illegal-argument boundary (0.431823ms)
✔ TextOutputHandler preserves the Java illegal-argument boundary (0.380521ms)
✔ Events.ConceptNew preserves the Java InferenceEvent constructor contract (0.435052ms)
✔ Events captures stack frames through the project ThreadCompat boundary (0.668489ms)
✔ InferenceEvent keeps optional stack frames in a native ordered array (0.426771ms)
✔ Events.ConceptNew keeps event text on the project-owned string boundary (0.238855ms)
✔ Events.TaskAdd accepts native and Java string reasons at the event boundary (0.452083ms)
✔ TextOutputHandler formats throwable and array output without Java Arrays helpers (171.981562ms)
✔ TextOutputHandler keeps line prefixes on the native string boundary (146.586146ms)
✔ TextOutputHandler.LineOutput accepts project-owned text values (0.409583ms)
✔ TextOutputHandler.openSaveFile accepts project-owned text paths (181.235313ms)
✔ Float32Math narrows Java float operands and results (4.298281ms)
✔ Float32Math covers Java float operation boundaries (0.62599ms)
✔ Float32Math.pow matches Java float storage after Math.pow (0.414063ms)
✔ Float32Math.powDouble preserves Java Math.pow double result (0.539739ms)
✔ Float32Math.truthToQuality preserves Java float complement boundaries (0.60375ms)
✔ ImageExt and ImageInt do not construct jree exception classes directly (2.609791ms)
✔ ImageExt clone and make use project-owned argument/state exceptions (1986.2025ms)
✔ ImageInt clone and make use project-owned argument/state exceptions (38.367865ms)
✔ Image uses project-owned string and hash boundaries (3.773698ms)
✔ Image keeps Java-compatible generated names (1.523073ms)
✔ Implication and Equivalence use project-owned exception classes (2.084635ms)
✔ Implication invalid overloads preserve project exception identity (2.100104ms)
✔ Equivalence invalid overloads preserve project exception identity (1.575677ms)
✔ Implication and Equivalence use project-owned string boundaries (2.422708ms)
✔ Inheritance avoids direct jree String construction for operator checks (2.275573ms)
✔ Nar consumes NAL text and preserves IN creation-time semantics (159.279844ms)
✔ Nar two-argument addInputText accepts project-owned string values (138.747136ms)
✔ InternalExperience keeps the Java plain-plugin boundary and constructor contracts (1.999636ms)
✔ intersection and difference terms avoid direct jree argument/state exceptions (2.352761ms)
✔ intersection factories preserve project-owned argument exceptions (1.177448ms)
✔ difference factories preserve project-owned argument exceptions (0.464166ms)
✔ DifferenceInt keeps its invalid component-count state contract (0.358542ms)
✔ Interval uses the project string boundary for parsing and naming (2.244062ms)
✔ Parser and ConfigReader keep Java input types behind project boundaries (2.275885ms)
✔ Item text methods replace one-shot StringBuilder without changing order (2.832917ms)
✔ Item text methods retain Java null/string conversion at the boundary (0.332187ms)
✔ Item keeps Java runtime types behind project boundaries (0.761146ms)
✔ Java short-array equals preserves null, length, order, and values (3.246354ms)
✔ Java short-array hash follows Arrays.hashCode(short[]) (0.31776ms)
✔ Java Objects.hash uses the project Java value hash contract (0.312396ms)
✔ local parity runner rejects a missing selected Java artifact (204.665261ms)
✔ NAL runner rejects a missing selected Java artifact (200.406406ms)
﹣ local parity rejects the historical 3.1.0 artifact (0.305052ms) # SKIP
﹣ local parity default and explicit selection identify the canonical Java artifact (0.257812ms) # SKIP
﹣ NAL runner rejects the historical 3.1.0 artifact (0.403958ms) # SKIP
﹣ NAL runner can compare TS with the frozen Java baseline without starting Java (0.425156ms) # SKIP
✔ NAL runner rejects a missing frozen Java baseline (209.546927ms)
✔ native Java throwable hierarchy preserves type and message contracts (2.050365ms)
✔ native Java exception layers retain Java-shaped subclassing (0.475104ms)
✔ native Java throwable supports Java-style cause and message updates (0.264219ms)
✔ native Java exception compatibility preserves old jree instanceof checks (0.313125ms)
✔ Statement keeps Java side-enum and native exception boundaries (1080.002187ms)
✔ Implication.clone preserves the source term and runtime type (79.854167ms)
✔ Image placeholder recognition keeps Java exact-Term semantics (25.984635ms)
✔ Terms.term preserves the relation index when rebuilding images (841.940313ms)
✔ Terms image/product equivalence keeps Java Set de-duplication (7.299219ms)
✔ CompoundTerm Set helpers preserve Java equality and insertion order (6.809166ms)
✔ CompoundTerm.termList preserves Java Arrays.asList fixed-size semantics (3.049532ms)
✔ LinkedHashSet keeps insertion order for hashable Java objects (5.189011ms)
✔ LinkedHashSet add, remove, and re-add follow Java order (0.589635ms)
﹣ Java and TypeScript local algorithm fixtures remain in parity (1.694219ms) # SKIP
✔ LocalRules keeps math operations on the native boundary (2.393021ms)
✔ M3 benchmark statistics use median and nearest-rank p95 (7.741094ms)
✔ M3 benchmark exposes normalized throughput and marks qualified p95 (1.447188ms)
✔ M3 benchmark requires explicit files and accepts serial repetition settings (1.226562ms)
✔ J2 MapContract substitutes with NativeMap without changing term semantics (4.035209ms)
✔ J2 MapContract accepts Java LinkedHashMap substitution input (1.905157ms)
✔ J2 MapContract preserves recursive term counts and insertion order (2.975052ms)
✔ Memory lock marker uses the native boolean contract (2.305885ms)
✔ Memory operator registry adds, replaces, and removes operators by Java text value (153.438646ms)
✔ Memory keeps the Java plain-class boundary without a jree object shell (136.583229ms)
✔ Memory keeps Java iterator calls and native iteration as separate contracts (142.547969ms)
✔ Memory keeps task reason literals native until event conversion (2.704479ms)
✔ Memory accepts native string reasons and preserves Java event payloads (4612.958644ms)
✔ metrics and output conditions load without an ESM initialization cycle (4514.379061ms)
✔ migration codemod repairs only the narrow generic alias shape (876.67302ms)
✔ migration codemod repairs split logical operators (295.764687ms)
✔ migration codemod adds extensions only to relative ESM imports (222.226823ms)
✔ migration scanner ignores Narsese examples in comments, strings, and regex literals (573.299114ms)
✔ Narsese constructor delegation preserves either memory entry point (0.81875ms)
✔ NAL matrix summary separates timeout from an unverified semantic cause (14.88224ms)
✔ NAL matrix summary keeps a process safety limit separate from timeout (1.320886ms)
✔ NAL matrix summary records the observed nal4.7 rule-dispatch hypothesis (1.148229ms)
✔ NAL matrix summary records a longer-budget pass without rewriting the fixed-budget result (1.404791ms)
✔ NAL matrix summary preserves runner provenance for legacy rows (1.028281ms)
✔ NAL runner keeps process exit evidence separate from exception text (3.518594ms)
✔ NAL runner keeps matched markers when another error flag is present (2.376875ms)
✔ NAL runner classifies progressing process limits as warnings (0.312917ms)
✔ NAL runner counts final matched markers even when an exception occurs (5.620833ms)
✔ NAL runner keeps timeout and marker absence as separate observations (0.314896ms)
✔ NAL runner distinguishes a process crash from a single-file timeout (0.467344ms)
✔ NAL runner keeps files after a timeout separate from the timed-out file (0.253854ms)
✔ parity does not become functional pass when both engines miss the marker (1.654011ms)
✔ parity exposes Java/TypeScript result differences independently (0.475053ms)
✔ NAL runner reports marker timing against a 120-second-per-1024-cycle budget (0.754583ms)
✔ NAL runner records runtime per reasoning cycle and relative slowdown (0.307812ms)
✔ NAL runner marks stalled runtime as a lower bound instead of a functional verdict (0.29625ms)
✔ NAL runner classifies no-progress watchdog termination independently of performance (0.591822ms)
✔ NAL runner keeps a slow completed process as performance data, not a timeout (0.257917ms)
✔ NAL runner keeps a process safety limit separate from a no-progress timeout (0.456771ms)
✔ NAL runner keeps performance observations separate when a marker is missing (0.258333ms)
✔ marker parity is an equivalence route without requiring 131072 cycles or an internal trace (0.264323ms)
✔ marker parity remains equivalent when an optional internal trace differs (0.403906ms)
✔ 131072-cycle equivalence is available for inputs without Java markers (0.370364ms)
✔ NAL parity rows expose marker equivalence independently of the long-cycle target (2.562395ms)
✔ NAL runner preserves valid rows when stdout contains a diagnostic line (0.887239ms)
✔ NAL runner accepts only structured progress heartbeats (0.400625ms)
✔ NAL runner resets the no-progress watchdog for cycle, command, and marker heartbeats (0.211875ms)
✔ NAL runner preserves expected marker count on timeout rows (0.275625ms)
✔ NAL runner recognizes Windows timeout results with signal and message (0.23ms)
✔ Tense lookup accepts Java String values at the parser boundary (0.44401ms)
✔ NAL metadata separates embedded and runner-added cycles (0.463385ms)
✔ NAL runner validates and resumes a persisted per-file result (5791.374112ms)
✔ NAL runner selects the explicit M1-- corpus without limit-based truncation (2.265052ms)
✔ NAL runner rejects partial corpus options for M1-- (1.140885ms)
✔ NAL runner records an explicit TypeScript process mode and separates run keys (0.865365ms)
✔ NAL runner rejects duplicate checkpoint rows for one run (2.366042ms)
✔ NAL runner rejects duplicate input files before execution (0.558333ms)
✔ NAL runner persists cold and hot results without overwriting either run (11741.534163ms)
✔ NAL runner keeps hot results isolated from order and cold-process boundaries (23907.819054ms)
✔ NAL runner resumes after a real middle-file timeout and preserves the tail (2030.672239ms)
✔ NAL trace describes ExecutionResult with Java-equivalent operation feedback (6590.834425ms)
✔ Nar configuration keys and state strings stay native (173.665416ms)
✔ Nar diagnostics use native text literals at Java exception boundaries (3.824323ms)
✔ Nar file persistence exposes project-owned text path boundaries (2.600261ms)
✔ Nar internal input helpers keep native string values (177.721718ms)
✔ Nar metadata and configuration paths stay native strings (132.803541ms)
✔ Nar sensory channel registry keeps Java Map and Term equality semantics (156.202656ms)
✔ Nar sensory channel consumer accepts a native string boundary (134.799115ms)
✔ SensoryChannel keeps the Java plain-base class identity contract (136.731719ms)
✔ NarNode network text boundaries stay project-owned (7.392969ms)
✔ NarNode.TargetNar keeps the Java plain network-target boundary (2.088125ms)
✔ NarNode keeps class identity without inheriting jree.JavaObject (0.247656ms)
✔ NarNode stores redirection targets in insertion order (6.505104ms)
✔ Narsese follows the canonical plain-class boundary (180.579636ms)
✔ Narsese parser uses the project string boundary for temporary arguments (2.304948ms)
✔ Narsese preserves temporal statement order from Java relation dispatch (4143.956248ms)
✔ NativeDeque preserves FIFO order and removes from the head (4.412292ms)
✔ NativeDeque iterator.remove preserves the remaining order (0.854844ms)
✔ NativeDeque supports re-adding an iterator match at the tail (0.249844ms)
✔ NativeDeque matches TaskLink's bounded-record eviction condition (0.25974ms)
✔ time and multistep interfaces use native TypeScript values (2.029167ms)
✔ NativeList preserves Java ArrayList insertion and indexed access order (4.853229ms)
✔ NativeList preserves indexed removal and Java-style equality lookup (0.528385ms)
✔ NativeList equality lookup calls equals on the searched value (0.235885ms)
✔ NativeList iterator preserves removal and fail-fast behavior (0.924739ms)
✔ NativeList rejects invalid element and insertion indices (0.48849ms)
✔ native lookup tables preserve Java symbol and tense contracts (1268.143749ms)
✔ Term atom cache normalizes Java and native text keys (470.983385ms)
✔ NativeMap preserves Java Map equality, insertion order, and replacement position (5.114636ms)
✔ NativeMap scans hash collisions and removes indexed records (0.680781ms)
✔ NativeMap preserves equality fallback for object keys without hashCode (0.337031ms)
✔ NativeMap views are live and iterators support Java-style removal (1.385781ms)
✔ NativeMap distinguishes a missing key from a mapped null value (0.289167ms)
✔ NativeMap entry, key, and value views preserve Java removal contracts (0.623803ms)
✔ NativeMap clone, equals, hashCode, and putAll preserve entry values (0.69875ms)
✔ NativeMap iterators allow entry updates and only iterator removal changes version (0.440625ms)
✔ NativeMap count entries match jree LinkedHashMap on equal domain keys (849.155989ms)
✔ NativeMap implements the project MapContract without erasing Map semantics (0.496042ms)
✔ NativeReadOnlyList is a live ordered view over a native array (4.369636ms)
✔ NativeReadOnlyList preserves NativeList equality lookup and rejects mutation (1.319375ms)
✔ NativeSet preserves Java Set equality and insertion order (4.825208ms)
✔ NativeSet uses the searched value as the Java equals receiver (0.37776ms)
✔ NativeSet iterator supports Java remove and fail-fast mutation checks (1.215937ms)
✔ NativeSet.equals follows Java AbstractSet receiver direction (0.707187ms)
✔ NativeSet deduplicates structurally equal Terms used as target Set values (4010.940676ms)
✔ NativeSortedSet preserves TreeSet order and comparator uniqueness (4.672187ms)
✔ NativeSortedSet follows the Java Set equality and hash contract (0.941145ms)
✔ Term.toSortedSet supports retainAll and Java-shaped toArray (0.996354ms)
✔ Task keeps its best solution null until Java sets one (3566.05755ms)
✔ initialized Term names retain their Java string value (1.690156ms)
✔ CompoundTerm rebuilds its name after Java null cache invalidation (2.40948ms)
✔ operator constructors preserve Java string boundaries (3.303958ms)
✔ Feel constructors preserve the Java native String contract (0.542916ms)
✔ FunctionOperator accepts the Java String constructor boundary (0.323906ms)
✔ Reflect.sop preserves the translated Java varargs-array overload (1.9375ms)
✔ Reflect.sop normalizes native and boxed Java string operator names (0.665521ms)
✔ Count preserves Java's invalid-input exception contract (1.314167ms)
✔ Operation and NullOperator preserve Java invalid-argument boundaries (0.524948ms)
✔ Operation.makeName preserves Java StringBuilder text semantics (0.343229ms)
✔ Operation keeps CharSequence and exceptions behind project boundaries (0.710833ms)
✔ Operator.operationExecutionString returns native Java-equivalent output text (0.861563ms)
✔ Operator.addPrefixIfMissing normalizes boxed and native Java String inputs (0.3175ms)
✔ FunctionOperator preserves Java arity and overload exception contracts (0.863646ms)
✔ FunctionOperator copies Java parameter arguments into a fresh shallow array (3.04599ms)
✔ Operator.call preserves null and ordered empty feedback contracts (1.367813ms)
✔ Operator.reportExecution accepts native event payloads at the Java Object boundary (0.616458ms)
✔ Add preserves Java argument and result contracts (1.278541ms)
✔ Add preserves Java StringUtils.isNumeric and Integer.parseInt boundaries (1.028385ms)
✔ Reflect preserves Java argument and overload contracts (0.653958ms)
✔ Anticipate preserves its invalid-constructor exception contract (0.363854ms)
✔ Operator.call preserves its invalid-overload exception contract (0.315104ms)
✔ operator and plugin text boundaries use native strings (6.961875ms)
✔ operator and plugin exceptions use the project-owned exception layer (2.494479ms)
✔ Nar config preserves Java float parameters at the TruthValue clamp boundary (171.740938ms)
✔ Memory.cycles narrows the duration before the Java multiplication (143.371042ms)
✔ Memory.output narrows the volume ratio before the Java subtraction (142.809166ms)
✔ Parameters keeps every Java float default in binary32 (0.547813ms)
✔ Plugin CharSequence boundary accepts Java and native string values (2.653073ms)
✔ Plugin names use a project-owned CharSequence boundary (1.745833ms)
✔ plugin exception boundaries use project-owned Java exception classes (2.701198ms)
✔ ProcessAnticipation uses the project string boundary (2.300365ms)
✔ ProcessGoal keeps project-owned host and collection boundaries (2.516822ms)
✔ ProcessJudgment uses native exception text (2.172865ms)
✔ ProcessQuestion uses project-owned state exceptions (2.273541ms)
✔ jree Random.nextDouble preserves Java's 53-bit value (2.050885ms)
✔ resource helpers close in reverse order and preserve suppressed failures (4.655209ms)
✔ resource helpers attach close failures to the primary error and rethrow (0.849114ms)
✔ RuleTables keeps project-owned enum and exception boundaries (3.150937ms)
✔ javaStringLength normalizes jree and native string representations (2.869948ms)
✔ javaStringValue applies Java toString before JS interpolation (0.443073ms)
✔ Java string equality and hashing use exact UTF-16 code units (0.723542ms)
✔ jree Double compatibility preserves boxed numeric operations (0.53276ms)
✔ identity hash compatibility is stable and distinguishes object identity (0.419739ms)
✔ missing jree exception compatibility preserves Java inheritance (0.701563ms)
✔ jree object FQN marker is inherited without changing class identity (0.45177ms)
✔ shell starts without loader or jree deprecation warnings (5303.185779ms)
✔ shell reads an external config in the host adapter without warnings (5190.791665ms)
✔ Sentence normalization keeps array copying project-owned (2.272604ms)
✔ Sentence keeps exception construction inside project boundaries (2.654375ms)
✔ serial parameterized runner continues after a case failure (5.837552ms)
✔ src/language/SetExt.ts uses project-owned Java argument exceptions (2.211666ms)
✔ src/language/SetInt.ts uses project-owned Java argument exceptions (0.215052ms)
✔ SetExt and SetInt expose project-owned collection types (2.344062ms)
✔ set operator classes avoid unused direct jree imports (2.327604ms)
✔ SetTensional uses the project-owned Java state exception (2.463958ms)
✔ SetTensional keeps its CharSequence return type project-owned (2.220209ms)
✔ SetTensional builds names through the project string boundary (2.036093ms)
✔ Shell keeps the Java plain-class boundary and ThreadCompat remains local (19.98974ms)
✔ shell parses the Java-like interactive control commands (15.513334ms)
✔ shell rejects invalid automatic cycle counts (1.264011ms)
✔ Node stdin adapter stays independent from the jree InputStream runtime (2.477448ms)
✔ Node stdin adapter exposes queued bytes through Java InputStream (2.857396ms)
✔ Node stdin adapter feeds the Java line reader through the narrow host boundary (2.474271ms)
✔ Shell command-line text boundaries accept project-owned strings (11.393281ms)
✔ Shell log preserves native and boxed string output (24.869115ms)
✔ Similarity, Disjunction, and Negation avoid direct jree argument exceptions (2.647292ms)
✔ Similarity preserves project-owned argument exception identity (5.155365ms)
✔ Disjunction preserves project-owned argument exception identity (1.266146ms)
✔ Negation preserves project-owned argument exception identity (0.603385ms)
✔ checkpoint recovery stays consistent beyond 200 reasoning cycles (8311.37406ms)
✔ snapshot experiment rejects an endpoint checkpoint (1.243698ms)
✔ snapshot experiment preserves checkpoint manifests for process recovery (2335.293229ms)
✔ a fresh recovery entry point matches the zero-run tail and final state (3502.17354ms)
✔ stage digest parser requires the summary contract (5.531979ms)
✔ stage digest comparison returns equality for matching windows (4.639063ms)
✔ stage digest comparison reports the first differing stage and field (0.590782ms)
✔ stage digest comparison distinguishes missing windows from equal empty data (0.479896ms)
✔ stage digest comparison does not ignore pre-cycle input differences (0.564063ms)
✔ stage digest prefix comparison separates matched windows from unfinished execution (0.711927ms)
✔ Stamp keeps class identity and clone without a jree JavaObject shell (2.670468ms)
✔ Stamp.baseOverlap uses BaseEntry value equality, not object identity (0.595781ms)
✔ Stamp.evidenceIsCyclic detects equal BaseEntry values in one evidential base (0.443802ms)
✔ ProcessGoal evidence subset keeps Java BaseEntry equality (6489.521925ms)
✔ Stamp keeps project-owned exception and collection boundaries (6.66776ms)
✔ Stamp occurrence text keeps Java String output without StringBuilder construction (10.044167ms)
✔ Stamp appendOcurrenceTime preserves the caller builder and append contract (1.668385ms)
✔ Stamp name is a cached Java String and invalidates after occurrence changes (1.546041ms)
✔ Node strings are normalized at Narsese input boundaries (347.310521ms)
✔ Narsese compound parsing preserves native argument order (360.72474ms)
✔ Narsese functional operation parsing consumes native operator prefix text (751.596927ms)
✔ StructuralRules sequence array copies preserve Java component order (9503.590465ms)
✔ StructuralRules no longer imports jree for array copies (1.240261ms)
✔ SyllogisticRules uses project-owned argument exceptions (8.660052ms)
✔ Symbols and Narsese use project-owned argument exceptions (5.998542ms)
✔ Symbols keeps the NativeOperator contract without a direct jree import (0.771094ms)
✔ System operator executes its Java-compatible shell contract (73.620573ms)
✔ System operator exposes the Java range term (0.816458ms)
✔ System operator reports a missing host capability explicitly (1.95849ms)
✔ System operator preserves Java empty-result behavior when the host command fails (0.716094ms)
✔ Task keeps project-owned enum and string boundaries (4.656666ms)
✔ Memory refreshes an input Sentence hash after assigning occurrence (252.055417ms)
✔ Task Bag merges Java-equal derived sentences by TruthValue hash (2200.51802ms)
✔ TaskLink.Recording keeps its Java data contract without a jree object shell (3.746145ms)
✔ TemporalInferenceControl uses project host boundaries (4.221875ms)
✔ TemporalInferenceControl filters equal Task values in local attempt set (17.656094ms)
✔ TemporalRules uses project exception boundaries (5.630886ms)
✔ Term does not construct jree argument/state exceptions directly (4.566771ms)
✔ Term invalid overloads preserve project exception identity (2.659896ms)
✔ TermLink prefix preserves Java type, index order, and hexadecimal formatting (5.466719ms)
✔ Terms uses project-owned argument and state exceptions (4.596302ms)
✔ Terms invalid overloads preserve project exception identity (3094.213958ms)
✔ Texts.n2 formats values with two decimals and rounding (4.176562ms)
✔ Texts.n2 rejects out-of-range values (1.375937ms)
✔ Texts.n4 and n1 format fixed decimals (5.446562ms)
✔ Texts.yarn concatenates non-null components (0.541927ms)
✔ Texts.compareTo matches lexicographic ordering (0.720677ms)
✔ ThreadCompat uses native scheduling and preserves the translated call surface (23.02651ms)
✔ ThreadCompat keeps synchronous sleep and native interruption errors (2.089636ms)
✔ commutative conjunction follows Java term ordering for toothbrush goal (6948.563279ms)
✔ scoped variable ordering uses Java code-unit order for commutative intersections (211.015625ms)
✔ default NAR loads the internal experience plugin used by Java toothbrush (221.795782ms)
✔ tensional sets initialize Java-compatible compound complexity (2.836459ms)
✔ budget fields narrow at Java float write boundaries (2.23849ms)
✔ novel-task Bag preserves Java float level selection at the 0.8 boundary (209.564791ms)
✔ utility float accumulators narrow at each Java assignment boundary (4.500312ms)
✔ forgetting narrows Java float parameters before the exponent boundary (3.293959ms)
✔ derived task applies Java float leak operands before multiplication (197.944271ms)
✔ mental operation feedback does not create a Java operation frame (218.665313ms)
✔ sentence rendering preserves Java conceptual decimal visual indices (214.274167ms)
✔ compound-condition TermLink overload preserves Java's leading condition index (182.915937ms)
✔ conditional operation unification substitutes the grounded toothbrush term (191.282135ms)
✔ grounded toothbrush operation produces Java-style execution feedback (213.621458ms)
✔ TruthFunctions keeps project-owned enum and exception boundaries (6.144375ms)
✔ TruthValue constructor assigns fields and keeps Parameters reference (4.956354ms)
✔ TruthValue factory methods map to expected defaults (0.823854ms)
✔ TruthValue clamps confidence based on TRUTH_EPSILON (0.406875ms)
✔ TruthValue expectation and negativity follow formula (0.628541ms)
✔ TruthValue string key is stable and usable in maps (0.658386ms)
✔ TruthValue hashCode preserves Java float/double operand boundaries (0.665781ms)
✔ TruthValue equals uses Java epsilon and ignores analytic metadata (0.733437ms)
✔ TruthValue direct frequency writes preserve Java float storage (0.378646ms)
✔ TruthValue expectation difference is a Java float result (0.587395ms)
✔ TruthValue word terms use the native Term factory and preserve Java words (10.659062ms)
✔ TS-only process policy recognizes direct Java and shell launches (6.804532ms)
✔ TS-only preloader rejects Java launch without invoking a real Java binary (284.385469ms)
✔ five responsibility clusters are stable and expose two to five sentinel NAL files (8.284791ms)
✔ every current production TypeScript file belongs to exactly one responsibility cluster (39.927239ms)
✔ a risk slice selects cluster sentinels and never creates an M1-minus command (2.84401ms)
✔ a cluster close creates one M1-minus command and omits the redundant sentinel run (0.796979ms)
✔ one explicit owner may carry at most one small supporting cluster (1.577292ms)
✔ unknown, untouched and missing-evidence plans fail closed (1.039375ms)
✔ stage acceptance requests live Java, full M1 and strict markerless evidence (0.491511ms)
✔ Variable uses project-owned Java exception classes (4.155885ms)
✔ Variable constructors do not wrap native names with jree String (3.85323ms)
✔ Variables uses project-owned Java exception classes (4.215677ms)
✔ compound hasVar(type) preserves Java variable-kind dispatch (6963.336352ms)
✔ 变量统一会替换操作参数并保留 Operation 运行时类型 (5262.026977ms)
✔ common variable propagation matches Java for commutative unification (1927.114062ms)
✔ commutative unification does not reuse one matched operand index (200.690833ms)
✔ Variables initializes the Java Map pair with native ordered maps (6.631407ms)
✔ default NAR registers VisionChannel and maps decimal coordinates (6608.870831ms)
✔ VisionChannel keeps prototype order in a native array (158.839375ms)
✔ VisualSpace keeps the Java plain-class boundary and image snapshot contract (8.726719ms)
✔ VisualSpace keeps math and operator text on project boundaries (1.239062ms)
ℹ tests 484
ℹ suites 0
ℹ pass 479
ℹ fail 0
ℹ cancelled 0
ℹ skipped 5
ℹ todo 0
ℹ duration_ms 559325.965881
