
> opennars-304-ts@0.1.0 test
> npm run test:unit:serial


> opennars-304-ts@0.1.0 test:unit:serial
> node scripts/testing/run-ts-only-unit-tests.mjs

✔ TLink.getIndex returns correct index for valid level (1.533229ms)
✔ TLink.getIndex returns -1 for invalid level (0.185313ms)
✔ TLink.getIndex with empty indices array (0.129271ms)
✔ TLink.getTarget returns the linked target object (0.132031ms)
✔ TLink.getPriority returns priority value (0.170521ms)
✔ TLink.getPriority returns default priority when not specified (0.105365ms)
✔ TLink.getPriority handles zero priority (0.126146ms)
✔ TLink.getPriority handles maximum priority (0.104427ms)
✔ TLink interface supports generic Term type (0.134063ms)
✔ TLink interface supports generic Task type (0.271667ms)
✔ TLink with multi-level indices maintains order (0.138386ms)
✔ TLink.getIndex returns negative one-based index (Java compatibility) (0.134115ms)
✔ TLink mock implementation preserves immutability (0.124323ms)
✔ TLink interface can be used as type parameter (1.009427ms)
✔ TLink with floating point indices (0.12151ms)
✔ AbstractTerm keeps CharSequence as a type-only project boundary (2.839687ms)
✔ Anticipate keeps a prediction and emits the Java-compatible signal (3.853646ms)
✔ Anticipate keeps Java Prediction identity keys in its outer Map (0.319895ms)
✔ Anticipate removes a confirmed NativeSet value through its Java iterator path (0.800781ms)
✔ Anticipate subscribes and unsubscribes from its cycle events (0.65599ms)
✔ Anticipate deduplicates equal derived terms in its Set boundary (0.474114ms)
✔ Concept stores anticipation entries in a native array (0.650625ms)
✔ ProcessAnticipation accepts the native Map substitution boundary (861.973489ms)
✔ Bag keeps math and string boundaries project-owned (1.854063ms)
✔ Bag.pickOut supports both Java overload shapes (1.54099ms)
✔ Bag rejects invalid overload arity with the project Java exception (0.594218ms)
✔ Bag keeps its observed runtime class identity without jree JavaObject (0.243698ms)
✔ Bag.pickOut keeps a key object with name() on the key overload (0.849219ms)
✔ Bag merges distinct object keys through Java equals semantics (0.406041ms)
✔ Bag recovers Java-equal keys when a restored key hash differs (0.441458ms)
✔ Bag lookup remains Java-equal when the legacy hash bucket is malformed (0.350052ms)
✔ Bag removes an item when a restored hash bucket is not a JS array (0.288907ms)
✔ Bag removes from a restored Java List bucket without rebuilding the bag (0.486198ms)
✔ Bag removes from a restored Java Set bucket through iterator.remove (0.552291ms)
✔ Bag stores priority-level FIFO queues in native arrays (0.296093ms)
✔ Bag keeps the Java HashMap/LinkedHashMap contract with a native Map (1.895885ms)
✔ Bag native iteration preserves LinkedHashMap insertion order across replacement and removal (0.245156ms)
✔ Bag Java iterator and contains preserve value equality (0.33099ms)
✔ Bag takeOut removes each selected item and reaches the empty state (0.359532ms)
✔ Bag keeps native math and string boundaries (0.374791ms)
✔ budget inference narrows Java float parameters before belief feedback (2.041146ms)
✔ rankBelief narrows Java float return values at the budget boundary (0.270677ms)
✔ truthToQuality and the TruthValue budget constructor share Java float semantics (0.298073ms)
✔ BudgetFunctions keeps project-owned enum and exception boundaries (4.025365ms)
✔ BudgetValue uses native string markers (2.784063ms)
✔ BudgetValue keeps runtime compatibility behind project-owned boundaries (0.614219ms)
✔ gate policy keeps a bounded documentation or low-risk source edit at T0 (4.029688ms)
✔ gate policy escalates a hot Bag slice to T1 without spending the cluster-close M1 budget (1.173177ms)
✔ only an explicit enumerated cluster close requires M1-minus (3.295833ms)
✔ gate policy escalates baseline changes and milestone acceptance to T2 (0.399844ms)
✔ gate policy escalates broad production edits (0.572084ms)
✔ source-line gate counts only production TypeScript, excluding tests, reports, docs and JavaScript (1.044479ms)
✔ runtime dependency fingerprint ignores ordering and scripts but detects version changes (8.754584ms)
✔ ComplexEmotions keeps the Java plain-plugin boundary without a jree Object shell (1.25875ms)
✔ ComplexEmotions keeps event text on the native string boundary (0.390104ms)
✔ Emotions keeps math and text on project boundaries (0.242448ms)
✔ CompositionalRules keeps logging and map boundaries project-owned (3.84625ms)
✔ CompositionalRules.powerSet preserves Set order without a temporary List (2.155ms)
✔ CompositionalRules.powerSet handles empty and singleton sets (0.247448ms)
✔ CompositionalRules.powerSet keeps nested Set equality by value (0.332709ms)
✔ CompositionalRules.introduceVariables keeps Java Map substitution semantics (102.304739ms)
✔ TruthFunctions lookup keeps native boolean varargs and nullable selection (90.863385ms)
✔ Negation, Similarity, and Disjunction avoid direct jree imports (2.529844ms)
✔ CompoundTerm hasVar rejects invalid overloads with the project exception (1.396093ms)
✔ CompoundTerm hasVar preserves the Java argument exception identity (258.753958ms)
✔ CompoundTerm builds names through the project string boundary (1.758541ms)
✔ Concept keeps string and state boundaries project-owned (1.622396ms)
✔ ConfigReader keeps the Java plain-class boundary without a jree Object shell (1.642396ms)
✔ parseConfigXml returns a native configuration tree (4.829375ms)
✔ parseConfigXml rejects empty, missing-root and incomplete configuration (0.800469ms)
✔ embedded default configuration stays byte-for-byte aligned after line-ending normalization (5.018542ms)
✔ Nar accepts explicit configuration text without reading a config file (95.196719ms)
✔ Nar.PluginState keeps the Java lifecycle contract without a jree object shell (88.629427ms)
✔ Nar rejects a path passed to the core string configuration overload (0.574791ms)
✔ Nar records a missing capability instead of loading a Node-only plugin (89.076719ms)
✔ Nar registers the system plugin when the Node capability is supplied (89.48599ms)
✔ PluginRegistry returns a native ordered plugin sequence and diagnostics (0.598125ms)
✔ PluginRegistry consumes Java constructor arguments with float32 narrowing (0.525416ms)
✔ PluginRegistry accepts Java no-argument constructors (0.465209ms)
✔ PluginRegistry diagnoses invalid and repeated registrations without reordering valid instances (0.369427ms)
✔ PluginRegistry accepts an empty plugin section without diagnostics (0.243281ms)
✔ ConfigReader forwards the native plugin sequence without a jree list wrapper (88.645989ms)
✔ Nar exposes a live native read-only plugin list (88.981094ms)
✔ Conjunction, Inheritance, and Interval avoid direct jree argument/state exceptions (1.552188ms)
✔ Conjunction and Interval preserve project-owned argument exception identity (0.621563ms)
✔ Inheritance clone preserves project-owned argument exception identity (1.29823ms)
✔ Conjunction uses the project string boundary for generated indices (1.678281ms)
✔ translated term and sentence constructors preserve Java delegation contracts (1751.670208ms)
✔ compound factories flatten transient Java lists with native arrays (60.982135ms)
✔ Product preserves the Java List constructor boundary without a direct jree import (3.592135ms)
✔ Conjunction interval normalization preserves Java order and sums adjacent intervals (1.694896ms)
✔ Sentence normalization keeps duplicate variables in traversal order (7.863229ms)
✔ Sentence normalization keys duplicate variables by Java text value (19.983854ms)
✔ CompoundTerm iterator preserves Guava forArray contract (2.654635ms)
✔ CompoundTerm local lists preserve native storage and Java order (5.299167ms)
✔ decimal perception coordinates remain conceptual like Java Term.get (1.158646ms)
✔ countTermRecursively accepts a null accumulator like Java (2.151563ms)
✔ Concept.getBelief returns null when Java belief selection has no candidate (920.003333ms)
✔ Sentence.getTruth preserves Java's nullable query accessor (92.296406ms)
✔ DerivationContext currentBeliefLink preserves Java null lifecycle (93.572604ms)
✔ DerivationContext delayed execution state starts null and requires explicit registration (96.027708ms)
✔ DerivationContext double-premise results use the native ordered buffer (95.344531ms)
✔ TemporalRules returns the native ordered derivation buffer (96.542396ms)
✔ DerivationContext lazily builds and caches the Java newStamp (95.136615ms)
✔ ProcessGoal executable precondition preserves Java default metadata (1.015052ms)
✔ ProcessJudgment treats an empty Java Optional search as a null result (104.286875ms)
✔ ProcessGoal question staging preserves the emitted question with a native buffer (98.860677ms)
✔ ProcessGoal keeps the native general-precondition buffer iterable (94.132135ms)
✔ ProcessGoal keeps temporary substitution maps as native Map implementations (97.758802ms)
✔ FunctionOperator emits native array feedback through Operator.call (93.229115ms)
✔ Want emits native array feedback through Operator.call (90.747969ms)
✔ Evaluate emits native array feedback through Operator.call (90.289166ms)
✔ Wonder emits native array feedback after mental operator boundary migration (91.033281ms)
✔ Believe emits native array feedback after the remaining operator migration (95.46875ms)
✔ Believe keeps Java's null truth exception boundary (91.669844ms)
✔ Abbreviation emits native array feedback for empty and single-task results (114.220469ms)
✔ set factories use native equality-aware intersection and difference (3.221563ms)
✔ Stamp tense lookup uses Java temporal order constants (1.18625ms)
✔ Stamp long time arithmetic preserves bigint inputs at the boundary (0.916875ms)
✔ mixed runtime long values preserve temporal projection and interval normalization (3.716562ms)
✔ Nar explicit long overload accepts JavaScript number and bigint values (176.549531ms)
✔ CompoundTerm equality preserves Java case-sensitive key identity (94.487552ms)
✔ Concept long text preserves Java field labels (94.099271ms)
✔ Narsese truth parsing preserves Java Float.parseFloat boundaries (90.764896ms)
✔ Java implicit Object classes no longer carry a jree JavaObject base (4.411823ms)
✔ static Java utility classes no longer carry a jree JavaObject base (2.192291ms)
✔ ItemPriorityComparator keeps the Java plain comparator boundary (0.443646ms)
✔ Item keeps its value contract while using the project runtime class boundary (1.332552ms)
✔ Operator.ExecutionResult keeps the Java plain event-payload boundary (0.44927ms)
✔ CompoundTerm.ConvRectangle keeps the Java plain data-holder boundary (0.451718ms)
✔ static inference rule classes no longer carry a jree JavaObject base (2.147344ms)
✔ Counting keeps Java's plain-plugin boundary and constructor contracts (1.29625ms)
✔ Counting preserves Java's invalid constructor exception contract (0.568958ms)
✔ DerivationContext keeps project-owned exception and string boundaries (1.679323ms)
✔ Distributor fills order with expected counts (3.09901ms)
✔ Distributor.next cycles through capacity (0.383021ms)
✔ Distributor rejects non-positive range (0.801563ms)
✔ Emotions keeps the Java plain-plugin boundary and float constructor contract (1.448906ms)
✔ EventEmitter.set subscribes only to the requested event classes (3.125938ms)
✔ Events keeps the Java plain namespace-holder boundary (0.209271ms)
✔ native event classes keep stable runtime identity tokens (0.220937ms)
✔ EventEmitter uses native map and observer arrays while preserving identity removal (0.151354ms)
✔ EventEmitter.synch applies pending operations in FIFO order (0.261823ms)
✔ EventEmitter preserves native event payload order (0.198594ms)
✔ EventEmitter preserves Java exception boundaries (0.732031ms)
✔ EventHandler accepts Java-style event varargs (0.2725ms)
✔ EventHandler uses the project runtime identity boundary without jree (0.160781ms)
✔ EventHandler preserves the Java illegal-argument boundary (0.312604ms)
✔ OutputHandler preserves the Java illegal-argument boundary (0.283333ms)
✔ TextOutputHandler preserves the Java illegal-argument boundary (0.259687ms)
✔ Events.ConceptNew preserves the Java InferenceEvent constructor contract (0.292396ms)
✔ InferenceEvent keeps optional stack frames in a native ordered array (0.571042ms)
✔ Events.ConceptNew keeps event text on the project-owned string boundary (0.18974ms)
✔ Events.TaskAdd accepts native and Java string reasons at the event boundary (0.341093ms)
✔ TextOutputHandler formats throwable and array output without Java Arrays helpers (100.237292ms)
✔ TextOutputHandler keeps line prefixes on the native string boundary (91.087188ms)
✔ TextOutputHandler.LineOutput accepts project-owned text values (0.352761ms)
✔ TextOutputHandler.openSaveFile accepts project-owned text paths (101.601094ms)
✔ Float32Math narrows Java float operands and results (2.403073ms)
✔ Float32Math covers Java float operation boundaries (0.391093ms)
✔ Float32Math.pow matches Java float storage after Math.pow (0.249739ms)
✔ Float32Math.powDouble preserves Java Math.pow double result (0.300573ms)
✔ Float32Math.truthToQuality preserves Java float complement boundaries (0.370989ms)
✔ ImageExt and ImageInt do not construct jree exception classes directly (2.971562ms)
✔ ImageExt clone and make use project-owned argument/state exceptions (1308.801249ms)
✔ ImageInt clone and make use project-owned argument/state exceptions (24.653438ms)
✔ Image uses project-owned string and hash boundaries (2.744219ms)
✔ Image keeps Java-compatible generated names (1.118802ms)
✔ Implication and Equivalence use project-owned exception classes (1.56375ms)
✔ Implication invalid overloads preserve project exception identity (1.471198ms)
✔ Equivalence invalid overloads preserve project exception identity (1.216041ms)
✔ Implication and Equivalence use project-owned string boundaries (2.786718ms)
✔ Inheritance avoids direct jree String construction for operator checks (1.542969ms)
✔ Nar consumes NAL text and preserves IN creation-time semantics (109.964687ms)
✔ Nar two-argument addInputText accepts project-owned string values (91.615938ms)
✔ InternalExperience keeps the Java plain-plugin boundary and constructor contracts (1.365782ms)
✔ intersection and difference terms avoid direct jree argument/state exceptions (1.575052ms)
✔ intersection factories preserve project-owned argument exceptions (0.724062ms)
✔ difference factories preserve project-owned argument exceptions (0.32901ms)
✔ DifferenceInt keeps its invalid component-count state contract (0.255469ms)
✔ Interval uses the project string boundary for parsing and naming (1.496615ms)
✔ Parser and ConfigReader keep Java input types behind project boundaries (2.559583ms)
✔ Item text methods replace one-shot StringBuilder without changing order (1.85875ms)
✔ Item text methods retain Java null/string conversion at the boundary (0.221146ms)
✔ Item keeps Java runtime types behind project boundaries (0.469688ms)
✔ Java short-array equals preserves null, length, order, and values (2.402865ms)
✔ Java short-array hash follows Arrays.hashCode(short[]) (0.310364ms)
✔ Java Objects.hash uses the project Java value hash contract (0.367708ms)
✔ local parity runner rejects a missing selected Java artifact (150.848021ms)
✔ NAL runner rejects a missing selected Java artifact (136.474948ms)
﹣ local parity rejects the historical 3.1.0 artifact (0.205ms) # SKIP
﹣ local parity default and explicit selection identify the canonical Java artifact (0.157239ms) # SKIP
﹣ NAL runner rejects the historical 3.1.0 artifact (0.186719ms) # SKIP
﹣ NAL runner can compare TS with the frozen Java baseline without starting Java (0.14599ms) # SKIP
✔ NAL runner rejects a missing frozen Java baseline (142.666458ms)
✔ native Java throwable hierarchy preserves type and message contracts (1.422032ms)
✔ native Java exception layers retain Java-shaped subclassing (0.349531ms)
✔ native Java throwable supports Java-style cause and message updates (0.190313ms)
✔ native Java exception compatibility preserves old jree instanceof checks (0.207031ms)
✔ Statement keeps Java side-enum and native exception boundaries (770.385051ms)
✔ Implication.clone preserves the source term and runtime type (69.784583ms)
✔ Image placeholder recognition keeps Java exact-Term semantics (18.946094ms)
✔ Terms.term preserves the relation index when rebuilding images (589.719844ms)
✔ Terms image/product equivalence keeps Java Set de-duplication (5.175781ms)
✔ CompoundTerm Set helpers preserve Java equality and insertion order (4.880209ms)
✔ CompoundTerm.termList preserves Java Arrays.asList fixed-size semantics (2.292709ms)
✔ LinkedHashSet keeps insertion order for hashable Java objects (3.524115ms)
✔ LinkedHashSet add, remove, and re-add follow Java order (0.419062ms)
﹣ Java and TypeScript local algorithm fixtures remain in parity (2.096354ms) # SKIP
✔ LocalRules keeps math operations on the native boundary (2.703229ms)
✔ M3 benchmark statistics use median and nearest-rank p95 (3.972187ms)
✔ M3 benchmark exposes normalized throughput and marks qualified p95 (0.923854ms)
✔ M3 benchmark requires explicit files and accepts serial repetition settings (0.748646ms)
✔ J2 MapContract substitutes with NativeMap without changing term semantics (4.240364ms)
✔ J2 MapContract accepts Java LinkedHashMap substitution input (1.471771ms)
✔ J2 MapContract preserves recursive term counts and insertion order (2.035156ms)
✔ Memory lock marker uses the native boolean contract (2.92901ms)
✔ Memory operator registry adds, replaces, and removes operators by Java text value (100.505469ms)
✔ Memory keeps the Java plain-class boundary without a jree object shell (89.182395ms)
✔ Memory keeps Java iterator calls and native iteration as separate contracts (90.726719ms)
✔ Memory keeps task reason literals native until event conversion (1.556979ms)
✔ Memory accepts native string reasons and preserves Java event payloads (2756.418645ms)
✔ metrics and output conditions load without an ESM initialization cycle (3220.236405ms)
✔ migration codemod repairs only the narrow generic alias shape (653.884844ms)
✔ migration codemod repairs split logical operators (167.282917ms)
✔ migration codemod adds extensions only to relative ESM imports (178.880572ms)
✔ migration scanner ignores Narsese examples in comments, strings, and regex literals (323.029375ms)
✔ Narsese constructor delegation preserves either memory entry point (0.497552ms)
✔ NAL matrix summary separates timeout from an unverified semantic cause (13.246302ms)
✔ NAL matrix summary keeps a process safety limit separate from timeout (1.423438ms)
✔ NAL matrix summary records the observed nal4.7 rule-dispatch hypothesis (1.077396ms)
✔ NAL matrix summary records a longer-budget pass without rewriting the fixed-budget result (1.296354ms)
✔ NAL matrix summary preserves runner provenance for legacy rows (1.077604ms)
✔ NAL runner keeps process exit evidence separate from exception text (4.144792ms)
✔ NAL runner keeps matched markers when another error flag is present (1.807448ms)
✔ NAL runner classifies progressing process limits as warnings (0.243802ms)
✔ NAL runner counts final matched markers even when an exception occurs (3.198177ms)
✔ NAL runner keeps timeout and marker absence as separate observations (0.217916ms)
✔ NAL runner distinguishes a process crash from a single-file timeout (0.271198ms)
✔ NAL runner keeps files after a timeout separate from the timed-out file (0.155208ms)
✔ parity does not become functional pass when both engines miss the marker (0.926198ms)
✔ parity exposes Java/TypeScript result differences independently (0.204844ms)
✔ NAL runner reports marker timing against a 120-second-per-1024-cycle budget (0.474375ms)
✔ NAL runner records runtime per reasoning cycle and relative slowdown (0.2175ms)
✔ NAL runner marks stalled runtime as a lower bound instead of a functional verdict (0.196823ms)
✔ NAL runner classifies no-progress watchdog termination independently of performance (0.381354ms)
✔ NAL runner keeps a slow completed process as performance data, not a timeout (0.165521ms)
✔ NAL runner keeps a process safety limit separate from a no-progress timeout (0.229063ms)
✔ NAL runner keeps performance observations separate when a marker is missing (0.249115ms)
✔ marker parity is an equivalence route without requiring 131072 cycles or an internal trace (0.154531ms)
✔ marker parity remains equivalent when an optional internal trace differs (0.280469ms)
✔ 131072-cycle equivalence is available for inputs without Java markers (0.196406ms)
✔ NAL parity rows expose marker equivalence independently of the long-cycle target (0.204635ms)
✔ NAL runner preserves valid rows when stdout contains a diagnostic line (0.362604ms)
✔ NAL runner accepts only structured progress heartbeats (0.385625ms)
✔ NAL runner resets the no-progress watchdog for cycle, command, and marker heartbeats (0.197969ms)
✔ NAL runner preserves expected marker count on timeout rows (0.211875ms)
✔ NAL runner recognizes Windows timeout results with signal and message (0.133698ms)
✔ Tense lookup accepts Java String values at the parser boundary (0.238177ms)
✔ NAL metadata separates embedded and runner-added cycles (0.323125ms)
✔ NAL runner validates and resumes a persisted per-file result (3894.368905ms)
✔ NAL runner selects the explicit M1-- corpus without limit-based truncation (1.47776ms)
✔ NAL runner rejects partial corpus options for M1-- (0.872031ms)
✔ NAL runner records an explicit TypeScript process mode and separates run keys (0.636667ms)
✔ NAL runner rejects duplicate checkpoint rows for one run (1.633333ms)
✔ NAL runner rejects duplicate input files before execution (0.587969ms)
✔ NAL runner persists cold and hot results without overwriting either run (7403.769164ms)
✔ NAL runner keeps hot results isolated from order and cold-process boundaries (15961.930879ms)
✔ NAL runner resumes after a real middle-file timeout and preserves the tail (1951.831041ms)
✔ NAL trace describes ExecutionResult with Java-equivalent operation feedback (4239.477602ms)
✔ Nar configuration keys and state strings stay native (113.950573ms)
✔ Nar diagnostics use native text literals at Java exception boundaries (2.468541ms)
✔ Nar file persistence exposes project-owned text path boundaries (1.950781ms)
✔ Nar internal input helpers keep native string values (160.422448ms)
✔ Nar metadata and configuration paths stay native strings (119.158021ms)
✔ Nar sensory channel registry keeps Java Map and Term equality semantics (104.98026ms)
✔ Nar sensory channel consumer accepts a native string boundary (98.431406ms)
✔ SensoryChannel keeps the Java plain-base class identity contract (94.887812ms)
✔ NarNode network text boundaries stay project-owned (1.568802ms)
✔ NarNode.TargetNar keeps the Java plain network-target boundary (1.833281ms)
✔ NarNode keeps class identity without inheriting jree.JavaObject (0.237291ms)
✔ NarNode stores redirection targets in insertion order (2.349479ms)
✔ Narsese follows the canonical plain-class boundary (130.540364ms)
✔ Narsese parser uses the project string boundary for temporary arguments (1.782032ms)
✔ Narsese preserves temporal statement order from Java relation dispatch (3281.469999ms)
✔ NativeDeque preserves FIFO order and removes from the head (5.467656ms)
✔ NativeDeque iterator.remove preserves the remaining order (1.002865ms)
✔ NativeDeque supports re-adding an iterator match at the tail (0.325729ms)
✔ NativeDeque matches TaskLink's bounded-record eviction condition (0.328073ms)
✔ time and multistep interfaces use native TypeScript values (1.688489ms)
✔ NativeList preserves Java ArrayList insertion and indexed access order (3.112657ms)
✔ NativeList preserves indexed removal and Java-style equality lookup (0.361719ms)
✔ NativeList equality lookup calls equals on the searched value (0.16349ms)
✔ NativeList iterator preserves removal and fail-fast behavior (0.613125ms)
✔ NativeList rejects invalid element and insertion indices (0.248698ms)
✔ native lookup tables preserve Java symbol and tense contracts (850.600416ms)
✔ Term atom cache normalizes Java and native text keys (309.249374ms)
✔ NativeMap preserves Java Map equality, insertion order, and replacement position (6.545625ms)
✔ NativeMap scans hash collisions and removes indexed records (0.700937ms)
✔ NativeMap preserves equality fallback for object keys without hashCode (0.430364ms)
✔ NativeMap views are live and iterators support Java-style removal (1.616823ms)
✔ NativeMap distinguishes a missing key from a mapped null value (0.401197ms)
✔ NativeMap entry, key, and value views preserve Java removal contracts (0.692708ms)
✔ NativeMap clone, equals, hashCode, and putAll preserve entry values (0.81151ms)
✔ NativeMap iterators allow entry updates and only iterator removal changes version (0.696823ms)
✔ NativeMap count entries match jree LinkedHashMap on equal domain keys (552.102708ms)
✔ NativeMap implements the project MapContract without erasing Map semantics (0.322396ms)
✔ NativeReadOnlyList is a live ordered view over a native array (5.250573ms)
✔ NativeReadOnlyList preserves NativeList equality lookup and rejects mutation (1.429792ms)
✔ NativeSet preserves Java Set equality and insertion order (5.390781ms)
✔ NativeSet uses the searched value as the Java equals receiver (0.374739ms)
✔ NativeSet iterator supports Java remove and fail-fast mutation checks (1.272969ms)
✔ NativeSet.equals follows Java AbstractSet receiver direction (0.749427ms)
✔ NativeSet deduplicates structurally equal Terms used as target Set values (2738.363697ms)
✔ NativeSortedSet preserves TreeSet order and comparator uniqueness (3.549375ms)
✔ NativeSortedSet follows the Java Set equality and hash contract (0.74948ms)
✔ Term.toSortedSet supports retainAll and Java-shaped toArray (0.724636ms)
✔ Task keeps its best solution null until Java sets one (2458.820728ms)
✔ initialized Term names retain their Java string value (0.976198ms)
✔ CompoundTerm rebuilds its name after Java null cache invalidation (5.121406ms)
✔ operator constructors preserve Java string boundaries (2.477604ms)
✔ Feel constructors preserve the Java native String contract (0.382396ms)
✔ FunctionOperator accepts the Java String constructor boundary (0.285781ms)
✔ Reflect.sop preserves the translated Java varargs-array overload (1.758958ms)
✔ Reflect.sop normalizes native and boxed Java string operator names (0.620053ms)
✔ Count preserves Java's invalid-input exception contract (1.161302ms)
✔ Operation and NullOperator preserve Java invalid-argument boundaries (0.472032ms)
✔ Operation.makeName preserves Java StringBuilder text semantics (0.297552ms)
✔ Operation keeps CharSequence and exceptions behind project boundaries (0.607708ms)
✔ Operator.operationExecutionString returns native Java-equivalent output text (0.741354ms)
✔ Operator.addPrefixIfMissing normalizes boxed and native Java String inputs (0.305729ms)
✔ FunctionOperator preserves Java arity and overload exception contracts (0.614011ms)
✔ FunctionOperator copies Java parameter arguments into a fresh shallow array (2.35125ms)
✔ Operator.call preserves null and ordered empty feedback contracts (1.121511ms)
✔ Operator.reportExecution accepts native event payloads at the Java Object boundary (0.541823ms)
✔ Add preserves Java argument and result contracts (1.096719ms)
✔ Add preserves Java StringUtils.isNumeric and Integer.parseInt boundaries (0.742343ms)
✔ Reflect preserves Java argument and overload contracts (0.456667ms)
✔ Anticipate preserves its invalid-constructor exception contract (0.273542ms)
✔ Operator.call preserves its invalid-overload exception contract (0.208698ms)
✔ operator and plugin text boundaries use native strings (2.643438ms)
✔ operator and plugin exceptions use the project-owned exception layer (1.639063ms)
✔ Nar config preserves Java float parameters at the TruthValue clamp boundary (135.19ms)
✔ Memory.cycles narrows the duration before the Java multiplication (117.160156ms)
✔ Memory.output narrows the volume ratio before the Java subtraction (123.026458ms)
✔ Parameters keeps every Java float default in binary32 (0.442239ms)
✔ Plugin CharSequence boundary accepts Java and native string values (1.73901ms)
✔ Plugin names use a project-owned CharSequence boundary (0.489583ms)
✔ plugin exception boundaries use project-owned Java exception classes (2.260989ms)
✔ ProcessAnticipation uses the project string boundary (1.85ms)
✔ ProcessGoal keeps project-owned host and collection boundaries (2.462135ms)
✔ ProcessJudgment uses native exception text (1.996354ms)
✔ ProcessQuestion uses project-owned state exceptions (1.877553ms)
✔ jree Random.nextDouble preserves Java's 53-bit value (1.608906ms)
✔ RuleTables keeps project-owned enum and exception boundaries (2.515781ms)
✔ javaStringLength normalizes jree and native string representations (1.798334ms)
✔ javaStringValue applies Java toString before JS interpolation (0.250417ms)
✔ Java string equality and hashing use exact UTF-16 code units (0.425468ms)
✔ jree Double compatibility preserves boxed numeric operations (0.295417ms)
✔ identity hash compatibility is stable and distinguishes object identity (0.216511ms)
✔ missing jree exception compatibility preserves Java inheritance (0.404635ms)
✔ jree object FQN marker is inherited without changing class identity (0.332292ms)
✔ shell starts without loader or jree deprecation warnings (3864.89979ms)
✔ shell reads an external config in the host adapter without warnings (3867.968384ms)
✔ Sentence normalization keeps array copying project-owned (1.888958ms)
✔ Sentence keeps exception construction inside project boundaries (2.112865ms)
✔ serial parameterized runner continues after a case failure (3.576615ms)
✔ src/language/SetExt.ts uses project-owned Java argument exceptions (1.70349ms)
✔ src/language/SetInt.ts uses project-owned Java argument exceptions (0.164479ms)
✔ SetExt and SetInt expose project-owned collection types (2.244479ms)
✔ set operator classes avoid unused direct jree imports (2.308906ms)
✔ SetTensional uses the project-owned Java state exception (1.590104ms)
✔ SetTensional keeps its CharSequence return type project-owned (2.793594ms)
✔ SetTensional builds names through the project string boundary (2.795416ms)
✔ Shell keeps the Java plain-class boundary and ThreadCompat remains local (11.847552ms)
✔ shell parses the Java-like interactive control commands (3.173698ms)
✔ shell rejects invalid automatic cycle counts (0.52974ms)
✔ Node stdin adapter exposes queued bytes through Java InputStream (3.673646ms)
✔ Shell command-line text boundaries accept project-owned strings (3.497969ms)
✔ Similarity, Disjunction, and Negation avoid direct jree argument exceptions (1.903438ms)
✔ Similarity preserves project-owned argument exception identity (1.945677ms)
✔ Disjunction preserves project-owned argument exception identity (0.753593ms)
✔ Negation preserves project-owned argument exception identity (0.503281ms)
✔ checkpoint recovery stays consistent beyond 200 reasoning cycles (4696.226977ms)
✔ snapshot experiment rejects an endpoint checkpoint (0.876407ms)
✔ snapshot experiment preserves checkpoint manifests for process recovery (1731.240051ms)
✔ a fresh recovery entry point matches the zero-run tail and final state (2503.491666ms)
✔ stage digest parser requires the summary contract (3.183906ms)
✔ stage digest comparison returns equality for matching windows (2.570416ms)
✔ stage digest comparison reports the first differing stage and field (0.303802ms)
✔ stage digest comparison distinguishes missing windows from equal empty data (0.263281ms)
✔ stage digest comparison does not ignore pre-cycle input differences (0.313229ms)
✔ stage digest prefix comparison separates matched windows from unfinished execution (0.392135ms)
✔ Stamp keeps class identity and clone without a jree JavaObject shell (2.098177ms)
✔ Stamp.baseOverlap uses BaseEntry value equality, not object identity (0.489947ms)
✔ Stamp.evidenceIsCyclic detects equal BaseEntry values in one evidential base (0.404531ms)
✔ ProcessGoal evidence subset keeps Java BaseEntry equality (2572.210885ms)
✔ Stamp keeps project-owned exception and collection boundaries (2.896562ms)
✔ Stamp occurrence text keeps Java String output without StringBuilder construction (2.349896ms)
✔ Stamp appendOcurrenceTime preserves the caller builder and append contract (0.71ms)
✔ Stamp name is a cached Java String and invalidates after occurrence changes (0.671771ms)
✔ Node strings are normalized at Narsese input boundaries (143.626823ms)
✔ Narsese compound parsing preserves native argument order (128.338229ms)
✔ Narsese functional operation parsing consumes native operator prefix text (123.6125ms)
✔ StructuralRules sequence array copies preserve Java component order (1973.380364ms)
✔ StructuralRules no longer imports jree for array copies (0.758177ms)
✔ SyllogisticRules uses project-owned argument exceptions (2.543125ms)
✔ Symbols and Narsese use project-owned argument exceptions (2.543073ms)
✔ Symbols keeps the NativeOperator contract without a direct jree import (0.313386ms)
✔ System operator executes its Java-compatible shell contract (36.887448ms)
✔ System operator exposes the Java range term (0.295521ms)
✔ System operator reports a missing host capability explicitly (0.669323ms)
✔ System operator preserves Java empty-result behavior when the host command fails (0.248281ms)
✔ Task keeps project-owned enum and string boundaries (2.927448ms)
✔ Memory refreshes an input Sentence hash after assigning occurrence (141.036145ms)
✔ Task Bag merges Java-equal derived sentences by TruthValue hash (987.980468ms)
✔ TaskLink.Recording keeps its Java data contract without a jree object shell (1.426406ms)
✔ TemporalInferenceControl uses project host boundaries (2.261927ms)
✔ TemporalInferenceControl filters equal Task values in local attempt set (6.368959ms)
✔ TemporalRules uses project exception boundaries (2.609843ms)
✔ Term does not construct jree argument/state exceptions directly (2.260521ms)
✔ Term invalid overloads preserve project exception identity (1.161093ms)
✔ TermLink prefix preserves Java type, index order, and hexadecimal formatting (2.202604ms)
✔ Terms uses project-owned argument and state exceptions (2.907396ms)
✔ Terms invalid overloads preserve project exception identity (1266.878385ms)
✔ Texts.n2 formats values with two decimals and rounding (2.629271ms)
✔ Texts.n2 rejects out-of-range values (0.867552ms)
✔ Texts.n4 and n1 format fixed decimals (0.331458ms)
✔ Texts.yarn concatenates non-null components (0.32125ms)
✔ Texts.compareTo matches lexicographic ordering (0.426094ms)
✔ ThreadCompat uses native scheduling and preserves the translated call surface (13.640625ms)
✔ ThreadCompat keeps synchronous sleep and native interruption errors (1.663594ms)
✔ commutative conjunction follows Java term ordering for toothbrush goal (2829.210155ms)
✔ scoped variable ordering uses Java code-unit order for commutative intersections (106.518593ms)
✔ default NAR loads the internal experience plugin used by Java toothbrush (118.616719ms)
✔ tensional sets initialize Java-compatible compound complexity (2.229375ms)
✔ budget fields narrow at Java float write boundaries (1.26573ms)
✔ novel-task Bag preserves Java float level selection at the 0.8 boundary (124.602708ms)
✔ utility float accumulators narrow at each Java assignment boundary (1.311407ms)
✔ forgetting narrows Java float parameters before the exponent boundary (1.567708ms)
✔ derived task applies Java float leak operands before multiplication (116.333281ms)
✔ mental operation feedback does not create a Java operation frame (119.346875ms)
✔ sentence rendering preserves Java conceptual decimal visual indices (119.476771ms)
✔ compound-condition TermLink overload preserves Java's leading condition index (124.051198ms)
✔ conditional operation unification substitutes the grounded toothbrush term (121.039896ms)
✔ grounded toothbrush operation produces Java-style execution feedback (119.533333ms)
✔ TruthFunctions keeps project-owned enum and exception boundaries (2.606198ms)
✔ TruthValue constructor assigns fields and keeps Parameters reference (2.067083ms)
✔ TruthValue factory methods map to expected defaults (0.298438ms)
✔ TruthValue clamps confidence based on TRUTH_EPSILON (0.169115ms)
✔ TruthValue expectation and negativity follow formula (0.252031ms)
✔ TruthValue string key is stable and usable in maps (1.884532ms)
✔ TruthValue hashCode preserves Java float/double operand boundaries (0.328229ms)
✔ TruthValue equals uses Java epsilon and ignores analytic metadata (0.277344ms)
✔ TruthValue direct frequency writes preserve Java float storage (0.143229ms)
✔ TruthValue expectation difference is a Java float result (0.301041ms)
✔ TruthValue word terms use the native Term factory and preserve Java words (1.211563ms)
✔ TS-only process policy recognizes direct Java and shell launches (4.486406ms)
✔ TS-only preloader rejects Java launch without invoking a real Java binary (138.021406ms)
✔ five responsibility clusters are stable and expose two to five sentinel NAL files (3.7925ms)
✔ every current production TypeScript file belongs to exactly one responsibility cluster (17.752083ms)
✔ a risk slice selects cluster sentinels and never creates an M1-minus command (1.509427ms)
✔ a cluster close creates one M1-minus command and omits the redundant sentinel run (0.444427ms)
✔ one explicit owner may carry at most one small supporting cluster (0.856979ms)
✔ unknown, untouched and missing-evidence plans fail closed (0.483958ms)
✔ stage acceptance requests live Java, full M1 and strict markerless evidence (0.209115ms)
✔ Variable uses project-owned Java exception classes (2.106823ms)
✔ Variable constructors do not wrap native names with jree String (1.896771ms)
✔ Variables uses project-owned Java exception classes (3.071614ms)
✔ compound hasVar(type) preserves Java variable-kind dispatch (2694.406614ms)
✔ 变量统一会替换操作参数并保留 Operation 运行时类型 (2076.644375ms)
✔ common variable propagation matches Java for commutative unification (864.251354ms)
✔ commutative unification does not reuse one matched operand index (104.242813ms)
✔ Variables initializes the Java Map pair with native ordered maps (3.177969ms)
✔ default NAR registers VisionChannel and maps decimal coordinates (3118.57078ms)
✔ VisionChannel keeps prototype order in a native array (126.07125ms)
✔ VisualSpace keeps the Java plain-class boundary and image snapshot contract (3.243073ms)
✔ VisualSpace keeps math and operator text on project boundaries (0.537396ms)
ℹ tests 478
ℹ suites 0
ℹ pass 473
ℹ fail 0
ℹ cancelled 0
ℹ skipped 5
ℹ todo 0
ℹ duration_ms 314348.315193
