
> opennars-304-ts@0.1.0 test
> npm run test:unit:serial


> opennars-304-ts@0.1.0 test:unit:serial
> node scripts/testing/run-ts-only-unit-tests.mjs

✔ TLink.getIndex returns correct index for valid level (2.384635ms)
✔ TLink.getIndex returns -1 for invalid level (0.206406ms)
✔ TLink.getIndex with empty indices array (0.197656ms)
✔ TLink.getTarget returns the linked target object (0.195781ms)
✔ TLink.getPriority returns priority value (0.253594ms)
✔ TLink.getPriority returns default priority when not specified (0.15349ms)
✔ TLink.getPriority handles zero priority (0.177813ms)
✔ TLink.getPriority handles maximum priority (0.146041ms)
✔ TLink interface supports generic Term type (0.217343ms)
✔ TLink interface supports generic Task type (0.339479ms)
✔ TLink with multi-level indices maintains order (0.180938ms)
✔ TLink.getIndex returns negative one-based index (Java compatibility) (0.284271ms)
✔ TLink mock implementation preserves immutability (0.189896ms)
✔ TLink interface can be used as type parameter (0.171771ms)
✔ TLink with floating point indices (1.634479ms)
✔ AbstractTerm keeps CharSequence as a type-only project boundary (2.201719ms)
✔ Anticipate keeps a prediction and emits the Java-compatible signal (5.832864ms)
✔ Anticipate keeps Java Prediction identity keys in its outer Map (0.484635ms)
✔ Anticipate removes a confirmed NativeSet value through its Java iterator path (1.253906ms)
✔ Anticipate subscribes and unsubscribes from its cycle events (0.938385ms)
✔ Anticipate deduplicates equal derived terms in its Set boundary (0.663854ms)
✔ Concept stores anticipation entries in a native array (0.938959ms)
✔ ProcessAnticipation accepts the native Map substitution boundary (1592.795676ms)
✔ Bag keeps math and string boundaries project-owned (2.962708ms)
✔ Bag.pickOut supports both Java overload shapes (2.326511ms)
✔ Bag rejects invalid overload arity with the project Java exception (0.941771ms)
✔ Bag keeps its observed runtime class identity without jree JavaObject (0.372812ms)
✔ Bag.pickOut keeps a key object with name() on the key overload (1.206145ms)
✔ Bag merges distinct object keys through Java equals semantics (0.583385ms)
✔ Bag recovers Java-equal keys when a restored key hash differs (0.665677ms)
✔ Bag lookup remains Java-equal when the legacy hash bucket is malformed (0.54177ms)
✔ Bag removes an item when a restored hash bucket is not a JS array (0.313438ms)
✔ Bag removes from a restored Java List bucket without rebuilding the bag (0.700781ms)
✔ Bag removes from a restored Java Set bucket through iterator.remove (0.859323ms)
✔ Bag stores priority-level FIFO queues in native arrays (0.409531ms)
✔ Bag keeps the Java HashMap/LinkedHashMap contract with a native Map (2.973958ms)
✔ Bag native iteration preserves LinkedHashMap insertion order across replacement and removal (0.41026ms)
✔ Bag Java iterator and contains preserve value equality (0.48724ms)
✔ Bag takeOut removes each selected item and reaches the empty state (0.558333ms)
✔ Bag keeps native math and string boundaries (0.566614ms)
✔ budget inference narrows Java float parameters before belief feedback (2.989167ms)
✔ rankBelief narrows Java float return values at the budget boundary (0.399479ms)
✔ truthToQuality and the TruthValue budget constructor share Java float semantics (0.430625ms)
✔ BudgetFunctions keeps project-owned enum and exception boundaries (4.279636ms)
✔ BudgetValue uses native string markers (2.71526ms)
✔ BudgetValue keeps runtime compatibility behind project-owned boundaries (0.543594ms)
✔ gate policy keeps a bounded documentation or low-risk source edit at T0 (4.067292ms)
✔ gate policy escalates a hot Bag slice to T1 without spending the cluster-close M1 budget (1.218125ms)
✔ only an explicit enumerated cluster close requires M1-minus (3.48651ms)
✔ gate policy escalates baseline changes and milestone acceptance to T2 (0.404063ms)
✔ gate policy escalates broad production edits (0.524844ms)
✔ source-line gate counts only production TypeScript, excluding tests, reports, docs and JavaScript (0.728854ms)
✔ runtime dependency fingerprint ignores ordering and scripts but detects version changes (18.487031ms)
✔ ComplexEmotions keeps the Java plain-plugin boundary without a jree Object shell (1.920313ms)
✔ ComplexEmotions keeps event text on the native string boundary (0.557135ms)
✔ Emotions keeps math and text on project boundaries (0.361146ms)
✔ CompositionalRules keeps logging and map boundaries project-owned (2.870886ms)
✔ CompositionalRules.powerSet preserves Set order without a temporary List (3.603125ms)
✔ CompositionalRules.powerSet handles empty and singleton sets (0.389115ms)
✔ CompositionalRules.powerSet keeps nested Set equality by value (5.18474ms)
✔ CompositionalRules.introduceVariables keeps Java Map substitution semantics (170.11802ms)
✔ TruthFunctions lookup keeps native boolean varargs and nullable selection (142.309896ms)
✔ Negation, Similarity, and Disjunction avoid direct jree imports (2.704479ms)
✔ CompoundTerm hasVar rejects invalid overloads with the project exception (2.037865ms)
✔ CompoundTerm hasVar preserves the Java argument exception identity (346.836406ms)
✔ CompoundTerm builds names through the project string boundary (2.341823ms)
✔ Concept keeps string and state boundaries project-owned (2.518021ms)
✔ ConfigReader keeps the Java plain-class boundary without a jree Object shell (2.127135ms)
✔ parseConfigXml returns a native configuration tree (3.905989ms)
✔ parseConfigXml rejects empty, missing-root and incomplete configuration (1.047031ms)
✔ embedded default configuration stays byte-for-byte aligned after line-ending normalization (5.82151ms)
✔ Nar accepts explicit configuration text without reading a config file (141.373021ms)
✔ Nar.PluginState keeps the Java lifecycle contract without a jree object shell (138.629739ms)
✔ Nar rejects a path passed to the core string configuration overload (1.109479ms)
✔ Nar records a missing capability instead of loading a Node-only plugin (150.518541ms)
✔ Nar registers the system plugin when the Node capability is supplied (140.956042ms)
✔ PluginRegistry returns a native ordered plugin sequence and diagnostics (0.866771ms)
✔ PluginRegistry consumes Java constructor arguments with float32 narrowing (0.742448ms)
✔ PluginRegistry accepts Java no-argument constructors (0.678125ms)
✔ PluginRegistry diagnoses invalid and repeated registrations without reordering valid instances (0.524947ms)
✔ PluginRegistry accepts an empty plugin section without diagnostics (0.269635ms)
✔ ConfigReader forwards the native plugin sequence without a jree list wrapper (149.214427ms)
✔ Nar exposes a live native read-only plugin list (141.674688ms)
✔ Conjunction, Inheritance, and Interval avoid direct jree argument/state exceptions (1.955886ms)
✔ Conjunction and Interval preserve project-owned argument exception identity (0.724323ms)
✔ Inheritance clone preserves project-owned argument exception identity (1.520416ms)
✔ Conjunction uses the project string boundary for generated indices (3.370729ms)
✔ translated term and sentence constructors preserve Java delegation contracts (2627.452342ms)
✔ compound factories flatten transient Java lists with native arrays (84.092656ms)
✔ Product preserves the Java List constructor boundary without a direct jree import (4.476822ms)
✔ Conjunction interval normalization preserves Java order and sums adjacent intervals (1.682448ms)
✔ Sentence normalization keeps duplicate variables in traversal order (25.824115ms)
✔ Sentence normalization keys duplicate variables by Java text value (5.76974ms)
✔ CompoundTerm iterator preserves Guava forArray contract (1.922813ms)
✔ CompoundTerm local lists preserve native storage and Java order (6.765521ms)
✔ decimal perception coordinates remain conceptual like Java Term.get (1.129687ms)
✔ countTermRecursively accepts a null accumulator like Java (3.676511ms)
✔ Concept.getBelief returns null when Java belief selection has no candidate (1376.100312ms)
✔ Sentence.getTruth preserves Java's nullable query accessor (142.785989ms)
✔ DerivationContext currentBeliefLink preserves Java null lifecycle (150.863542ms)
✔ DerivationContext delayed execution state starts null and requires explicit registration (138.437084ms)
✔ DerivationContext double-premise results use the native ordered buffer (148.391875ms)
✔ TemporalRules returns the native ordered derivation buffer (155.195625ms)
✔ DerivationContext lazily builds and caches the Java newStamp (153.706511ms)
✔ ProcessGoal executable precondition preserves Java default metadata (1.715104ms)
✔ ProcessJudgment treats an empty Java Optional search as a null result (163.550469ms)
✔ ProcessGoal question staging preserves the emitted question with a native buffer (152.487917ms)
✔ ProcessGoal keeps the native general-precondition buffer iterable (150.111563ms)
✔ ProcessGoal keeps temporary substitution maps as native Map implementations (149.688542ms)
✔ FunctionOperator emits native array feedback through Operator.call (144.991927ms)
✔ Want emits native array feedback through Operator.call (151.046875ms)
✔ Evaluate emits native array feedback through Operator.call (155.32849ms)
✔ Wonder emits native array feedback after mental operator boundary migration (138.306406ms)
✔ Believe emits native array feedback after the remaining operator migration (134.79625ms)
✔ Believe keeps Java's null truth exception boundary (116.678386ms)
✔ Abbreviation emits native array feedback for empty and single-task results (165.622969ms)
✔ set factories use native equality-aware intersection and difference (4.599115ms)
✔ Stamp tense lookup uses Java temporal order constants (1.510729ms)
✔ Stamp long time arithmetic preserves bigint inputs at the boundary (1.034219ms)
✔ mixed runtime long values preserve temporal projection and interval normalization (4.36474ms)
✔ Nar explicit long overload accepts JavaScript number and bigint values (234.714532ms)
✔ CompoundTerm equality preserves Java case-sensitive key identity (115.809011ms)
✔ Concept long text preserves Java field labels (112.710261ms)
✔ Narsese truth parsing preserves Java Float.parseFloat boundaries (126.872188ms)
✔ Java implicit Object classes no longer carry a jree JavaObject base (7.451407ms)
✔ static Java utility classes no longer carry a jree JavaObject base (3.254375ms)
✔ ItemPriorityComparator keeps the Java plain comparator boundary (0.582708ms)
✔ Item keeps its value contract while using the project runtime class boundary (1.895156ms)
✔ Operator.ExecutionResult keeps the Java plain event-payload boundary (0.692031ms)
✔ CompoundTerm.ConvRectangle keeps the Java plain data-holder boundary (0.603438ms)
✔ static inference rule classes no longer carry a jree JavaObject base (2.822239ms)
✔ Counting keeps Java's plain-plugin boundary and constructor contracts (1.929166ms)
✔ Counting preserves Java's invalid constructor exception contract (0.845521ms)
✔ DerivationContext keeps project-owned exception and string boundaries (2.580365ms)
✔ Distributor fills order with expected counts (4.479011ms)
✔ Distributor.next cycles through capacity (0.416406ms)
✔ Distributor rejects non-positive range (0.711354ms)
✔ Emotions keeps the Java plain-plugin boundary and float constructor contract (1.660833ms)
✔ EventEmitter.set subscribes only to the requested event classes (5.23651ms)
✔ Events keeps the Java plain namespace-holder boundary (0.374323ms)
✔ native event classes keep stable runtime identity tokens (0.392343ms)
✔ EventEmitter uses native map and observer arrays while preserving identity removal (0.403073ms)
✔ EventEmitter.synch applies pending operations in FIFO order (0.446406ms)
✔ EventEmitter preserves native event payload order (0.321146ms)
✔ EventEmitter preserves Java exception boundaries (1.090312ms)
✔ EventHandler accepts Java-style event varargs (0.404011ms)
✔ EventHandler uses the project runtime identity boundary without jree (0.241614ms)
✔ EventHandler preserves the Java illegal-argument boundary (0.496354ms)
✔ OutputHandler preserves the Java illegal-argument boundary (0.506615ms)
✔ TextOutputHandler preserves the Java illegal-argument boundary (0.430625ms)
✔ Events.ConceptNew preserves the Java InferenceEvent constructor contract (0.442969ms)
✔ Events captures stack frames through the project ThreadCompat boundary (0.810625ms)
✔ InferenceEvent keeps optional stack frames in a native ordered array (0.463802ms)
✔ Events.ConceptNew keeps event text on the project-owned string boundary (0.260834ms)
✔ Events.TaskAdd accepts native and Java string reasons at the event boundary (0.458229ms)
✔ TextOutputHandler formats throwable and array output without Java Arrays helpers (165.865729ms)
✔ TextOutputHandler keeps line prefixes on the native string boundary (148.705417ms)
✔ TextOutputHandler.LineOutput accepts project-owned text values (0.467865ms)
✔ TextOutputHandler.openSaveFile accepts project-owned text paths (188.433072ms)
✔ Float32Math narrows Java float operands and results (2.26625ms)
✔ Float32Math covers Java float operation boundaries (0.35474ms)
✔ Float32Math.pow matches Java float storage after Math.pow (0.257864ms)
✔ Float32Math.powDouble preserves Java Math.pow double result (0.271094ms)
✔ Float32Math.truthToQuality preserves Java float complement boundaries (0.334062ms)
✔ ImageExt and ImageInt do not construct jree exception classes directly (2.729479ms)
✔ ImageExt clone and make use project-owned argument/state exceptions (2594.751092ms)
✔ ImageInt clone and make use project-owned argument/state exceptions (36.531563ms)
✔ Image uses project-owned string and hash boundaries (1.538593ms)
✔ Image keeps Java-compatible generated names (2.350573ms)
✔ Implication and Equivalence use project-owned exception classes (2.75677ms)
✔ Implication invalid overloads preserve project exception identity (2.533698ms)
✔ Equivalence invalid overloads preserve project exception identity (2.033542ms)
✔ Implication and Equivalence use project-owned string boundaries (2.783282ms)
✔ Inheritance avoids direct jree String construction for operator checks (2.369115ms)
✔ Nar consumes NAL text and preserves IN creation-time semantics (203.314271ms)
✔ Nar two-argument addInputText accepts project-owned string values (173.740521ms)
✔ InternalExperience keeps the Java plain-plugin boundary and constructor contracts (2.506771ms)
✔ intersection and difference terms avoid direct jree argument/state exceptions (2.673229ms)
✔ intersection factories preserve project-owned argument exceptions (1.273282ms)
✔ difference factories preserve project-owned argument exceptions (0.533021ms)
✔ DifferenceInt keeps its invalid component-count state contract (0.405417ms)
✔ Interval uses the project string boundary for parsing and naming (2.695469ms)
✔ Parser and ConfigReader keep Java input types behind project boundaries (2.733803ms)
✔ Item text methods replace one-shot StringBuilder without changing order (3.213073ms)
✔ Item text methods retain Java null/string conversion at the boundary (0.338281ms)
✔ Item keeps Java runtime types behind project boundaries (0.865208ms)
✔ Java short-array equals preserves null, length, order, and values (4.456563ms)
✔ Java short-array hash follows Arrays.hashCode(short[]) (0.372761ms)
✔ Java Objects.hash uses the project Java value hash contract (0.387917ms)
✔ local parity runner rejects a missing selected Java artifact (243.254323ms)
✔ NAL runner rejects a missing selected Java artifact (244.626771ms)
﹣ local parity rejects the historical 3.1.0 artifact (0.412396ms) # SKIP
﹣ local parity default and explicit selection identify the canonical Java artifact (0.285312ms) # SKIP
﹣ NAL runner rejects the historical 3.1.0 artifact (0.334323ms) # SKIP
﹣ NAL runner can compare TS with the frozen Java baseline without starting Java (0.251458ms) # SKIP
✔ NAL runner rejects a missing frozen Java baseline (233.588906ms)
✔ native Java throwable hierarchy preserves type and message contracts (2.473541ms)
✔ native Java exception layers retain Java-shaped subclassing (0.545521ms)
✔ native Java throwable supports Java-style cause and message updates (0.35974ms)
✔ native Java exception compatibility preserves old jree instanceof checks (0.363334ms)
✔ Statement keeps Java side-enum and native exception boundaries (1365.873385ms)
✔ Implication.clone preserves the source term and runtime type (103.415156ms)
✔ Image placeholder recognition keeps Java exact-Term semantics (34.973803ms)
✔ Terms.term preserves the relation index when rebuilding images (1043.676458ms)
✔ Terms image/product equivalence keeps Java Set de-duplication (8.06474ms)
✔ CompoundTerm Set helpers preserve Java equality and insertion order (5.838229ms)
✔ CompoundTerm.termList preserves Java Arrays.asList fixed-size semantics (3.055937ms)
✔ LinkedHashSet keeps insertion order for hashable Java objects (6.158698ms)
✔ LinkedHashSet add, remove, and re-add follow Java order (0.646458ms)
﹣ Java and TypeScript local algorithm fixtures remain in parity (2.088281ms) # SKIP
✔ LocalRules keeps math operations on the native boundary (2.637239ms)
✔ M3 benchmark statistics use median and nearest-rank p95 (6.513229ms)
✔ M3 benchmark exposes normalized throughput and marks qualified p95 (1.559166ms)
✔ M3 benchmark requires explicit files and accepts serial repetition settings (1.344583ms)
✔ J2 MapContract substitutes with NativeMap without changing term semantics (4.982031ms)
✔ J2 MapContract accepts Java LinkedHashMap substitution input (2.450208ms)
✔ J2 MapContract preserves recursive term counts and insertion order (3.620573ms)
✔ Memory lock marker uses the native boolean contract (2.559479ms)
✔ Memory operator registry adds, replaces, and removes operators by Java text value (193.829479ms)
✔ Memory keeps the Java plain-class boundary without a jree object shell (166.124792ms)
✔ Memory keeps Java iterator calls and native iteration as separate contracts (161.077812ms)
✔ Memory keeps task reason literals native until event conversion (3.328489ms)
✔ Memory accepts native string reasons and preserves Java event payloads (4917.819113ms)
✔ metrics and output conditions load without an ESM initialization cycle (5302.402602ms)
✔ migration codemod repairs only the narrow generic alias shape (916.435ms)
✔ migration codemod repairs split logical operators (231.841094ms)
✔ migration codemod adds extensions only to relative ESM imports (229.612917ms)
✔ migration scanner ignores Narsese examples in comments, strings, and regex literals (686.228594ms)
✔ Narsese constructor delegation preserves either memory entry point (0.838802ms)
✔ NAL matrix summary separates timeout from an unverified semantic cause (15.815573ms)
✔ NAL matrix summary keeps a process safety limit separate from timeout (2.281615ms)
✔ NAL matrix summary records the observed nal4.7 rule-dispatch hypothesis (2.062656ms)
✔ NAL matrix summary records a longer-budget pass without rewriting the fixed-budget result (2.950312ms)
✔ NAL matrix summary preserves runner provenance for legacy rows (1.666198ms)
✔ NAL runner keeps process exit evidence separate from exception text (4.034375ms)
✔ NAL runner keeps matched markers when another error flag is present (2.809792ms)
✔ NAL runner classifies progressing process limits as warnings (0.39026ms)
✔ NAL runner counts final matched markers even when an exception occurs (5.981771ms)
✔ NAL runner keeps timeout and marker absence as separate observations (0.328281ms)
✔ NAL runner distinguishes a process crash from a single-file timeout (0.465052ms)
✔ NAL runner keeps files after a timeout separate from the timed-out file (0.272031ms)
✔ parity does not become functional pass when both engines miss the marker (1.608229ms)
✔ parity exposes Java/TypeScript result differences independently (0.365209ms)
✔ NAL runner reports marker timing against a 120-second-per-1024-cycle budget (0.728541ms)
✔ NAL runner records runtime per reasoning cycle and relative slowdown (0.29698ms)
✔ NAL runner marks stalled runtime as a lower bound instead of a functional verdict (0.268177ms)
✔ NAL runner classifies no-progress watchdog termination independently of performance (0.628698ms)
✔ NAL runner keeps a slow completed process as performance data, not a timeout (0.383229ms)
✔ NAL runner keeps a process safety limit separate from a no-progress timeout (0.357292ms)
✔ NAL runner keeps performance observations separate when a marker is missing (0.27875ms)
✔ marker parity is an equivalence route without requiring 131072 cycles or an internal trace (0.313333ms)
✔ marker parity remains equivalent when an optional internal trace differs (0.384115ms)
✔ 131072-cycle equivalence is available for inputs without Java markers (0.277344ms)
✔ NAL parity rows expose marker equivalence independently of the long-cycle target (0.306875ms)
✔ NAL runner preserves valid rows when stdout contains a diagnostic line (0.544219ms)
✔ NAL runner accepts only structured progress heartbeats (0.454271ms)
✔ NAL runner resets the no-progress watchdog for cycle, command, and marker heartbeats (0.471667ms)
✔ NAL runner preserves expected marker count on timeout rows (0.347239ms)
✔ NAL runner recognizes Windows timeout results with signal and message (2.646354ms)
✔ Tense lookup accepts Java String values at the parser boundary (0.463282ms)
✔ NAL metadata separates embedded and runner-added cycles (0.578073ms)
✔ NAL runner validates and resumes a persisted per-file result (7106.068748ms)
✔ NAL runner selects the explicit M1-- corpus without limit-based truncation (3.150833ms)
✔ NAL runner rejects partial corpus options for M1-- (2.648229ms)
✔ NAL runner records an explicit TypeScript process mode and separates run keys (1.232916ms)
✔ NAL runner rejects duplicate checkpoint rows for one run (3.468281ms)
✔ NAL runner rejects duplicate input files before execution (0.667708ms)
✔ NAL runner persists cold and hot results without overwriting either run (12651.077964ms)
✔ NAL runner keeps hot results isolated from order and cold-process boundaries (25748.710667ms)
✔ NAL runner resumes after a real middle-file timeout and preserves the tail (2151.016197ms)
✔ NAL trace describes ExecutionResult with Java-equivalent operation feedback (6251.250831ms)
✔ Nar configuration keys and state strings stay native (183.231667ms)
✔ Nar diagnostics use native text literals at Java exception boundaries (4.179531ms)
✔ Nar file persistence exposes project-owned text path boundaries (2.953541ms)
✔ Nar internal input helpers keep native string values (209.451198ms)
✔ Nar metadata and configuration paths stay native strings (183.690156ms)
✔ Nar sensory channel registry keeps Java Map and Term equality semantics (187.486979ms)
✔ Nar sensory channel consumer accepts a native string boundary (155.488333ms)
✔ SensoryChannel keeps the Java plain-base class identity contract (163.614062ms)
✔ NarNode network text boundaries stay project-owned (3.32901ms)
✔ NarNode.TargetNar keeps the Java plain network-target boundary (6.457605ms)
✔ NarNode keeps class identity without inheriting jree.JavaObject (0.285ms)
✔ NarNode stores redirection targets in insertion order (2.846406ms)
✔ Narsese follows the canonical plain-class boundary (187.434115ms)
✔ Narsese parser uses the project string boundary for temporary arguments (2.565833ms)
✔ Narsese preserves temporal statement order from Java relation dispatch (4959.477446ms)
✔ NativeDeque preserves FIFO order and removes from the head (5.30224ms)
✔ NativeDeque iterator.remove preserves the remaining order (1.045364ms)
✔ NativeDeque supports re-adding an iterator match at the tail (0.308073ms)
✔ NativeDeque matches TaskLink's bounded-record eviction condition (0.304271ms)
✔ time and multistep interfaces use native TypeScript values (2.359479ms)
✔ NativeList preserves Java ArrayList insertion and indexed access order (7.774583ms)
✔ NativeList preserves indexed removal and Java-style equality lookup (0.615104ms)
✔ NativeList equality lookup calls equals on the searched value (0.255833ms)
✔ NativeList iterator preserves removal and fail-fast behavior (1.039479ms)
✔ NativeList rejects invalid element and insertion indices (0.413229ms)
✔ native lookup tables preserve Java symbol and tense contracts (1568.049583ms)
✔ Term atom cache normalizes Java and native text keys (523.149948ms)
✔ NativeMap preserves Java Map equality, insertion order, and replacement position (7.605052ms)
✔ NativeMap scans hash collisions and removes indexed records (0.665416ms)
✔ NativeMap preserves equality fallback for object keys without hashCode (0.409427ms)
✔ NativeMap views are live and iterators support Java-style removal (1.689063ms)
✔ NativeMap distinguishes a missing key from a mapped null value (0.362709ms)
✔ NativeMap entry, key, and value views preserve Java removal contracts (0.69802ms)
✔ NativeMap clone, equals, hashCode, and putAll preserve entry values (0.828177ms)
✔ NativeMap iterators allow entry updates and only iterator removal changes version (0.690834ms)
✔ NativeMap count entries match jree LinkedHashMap on equal domain keys (1134.263801ms)
✔ NativeMap implements the project MapContract without erasing Map semantics (0.483489ms)
✔ NativeReadOnlyList is a live ordered view over a native array (7.211979ms)
✔ NativeReadOnlyList preserves NativeList equality lookup and rejects mutation (1.321615ms)
✔ NativeSet preserves Java Set equality and insertion order (5.172969ms)
✔ NativeSet uses the searched value as the Java equals receiver (0.379531ms)
✔ NativeSet iterator supports Java remove and fail-fast mutation checks (1.165156ms)
✔ NativeSet.equals follows Java AbstractSet receiver direction (0.713073ms)
✔ NativeSet deduplicates structurally equal Terms used as target Set values (4581.956405ms)
✔ NativeSortedSet preserves TreeSet order and comparator uniqueness (5.731614ms)
✔ NativeSortedSet follows the Java Set equality and hash contract (1.153229ms)
✔ Term.toSortedSet supports retainAll and Java-shaped toArray (1.06375ms)
✔ Task keeps its best solution null until Java sets one (3743.090051ms)
✔ initialized Term names retain their Java string value (1.536614ms)
✔ CompoundTerm rebuilds its name after Java null cache invalidation (2.086562ms)
✔ operator constructors preserve Java string boundaries (3.177239ms)
✔ Feel constructors preserve the Java native String contract (0.498646ms)
✔ FunctionOperator accepts the Java String constructor boundary (0.354584ms)
✔ Reflect.sop preserves the translated Java varargs-array overload (2.235678ms)
✔ Reflect.sop normalizes native and boxed Java string operator names (0.713802ms)
✔ Count preserves Java's invalid-input exception contract (1.400781ms)
✔ Operation and NullOperator preserve Java invalid-argument boundaries (0.591615ms)
✔ Operation.makeName preserves Java StringBuilder text semantics (0.390313ms)
✔ Operation keeps CharSequence and exceptions behind project boundaries (0.773906ms)
✔ Operator.operationExecutionString returns native Java-equivalent output text (0.949948ms)
✔ Operator.addPrefixIfMissing normalizes boxed and native Java String inputs (0.341927ms)
✔ FunctionOperator preserves Java arity and overload exception contracts (0.775156ms)
✔ FunctionOperator copies Java parameter arguments into a fresh shallow array (3.034531ms)
✔ Operator.call preserves null and ordered empty feedback contracts (1.334062ms)
✔ Operator.reportExecution accepts native event payloads at the Java Object boundary (0.590365ms)
✔ Add preserves Java argument and result contracts (1.299115ms)
✔ Add preserves Java StringUtils.isNumeric and Integer.parseInt boundaries (1.053073ms)
✔ Reflect preserves Java argument and overload contracts (0.662292ms)
✔ Anticipate preserves its invalid-constructor exception contract (0.4275ms)
✔ Operator.call preserves its invalid-overload exception contract (0.317917ms)
✔ operator and plugin text boundaries use native strings (3.360677ms)
✔ operator and plugin exceptions use the project-owned exception layer (2.192188ms)
✔ Nar config preserves Java float parameters at the TruthValue clamp boundary (192.218541ms)
✔ Memory.cycles narrows the duration before the Java multiplication (163.44875ms)
✔ Memory.output narrows the volume ratio before the Java subtraction (177.727395ms)
✔ Parameters keeps every Java float default in binary32 (0.638698ms)
✔ Plugin CharSequence boundary accepts Java and native string values (2.794167ms)
✔ Plugin names use a project-owned CharSequence boundary (0.586615ms)
✔ plugin exception boundaries use project-owned Java exception classes (3.061875ms)
✔ ProcessAnticipation uses the project string boundary (3.052552ms)
✔ ProcessGoal keeps project-owned host and collection boundaries (3.292188ms)
✔ ProcessJudgment uses native exception text (3.09526ms)
✔ ProcessQuestion uses project-owned state exceptions (2.685ms)
✔ jree Random.nextDouble preserves Java's 53-bit value (2.517709ms)
✔ resource helpers close in reverse order and preserve suppressed failures (8.810833ms)
✔ resource helpers attach close failures to the primary error and rethrow (0.897448ms)
✔ RuleTables keeps project-owned enum and exception boundaries (3.004531ms)
✔ javaStringLength normalizes jree and native string representations (2.734635ms)
✔ javaStringValue applies Java toString before JS interpolation (0.368802ms)
✔ Java string equality and hashing use exact UTF-16 code units (0.695938ms)
✔ jree Double compatibility preserves boxed numeric operations (0.450157ms)
✔ identity hash compatibility is stable and distinguishes object identity (0.302969ms)
✔ missing jree exception compatibility preserves Java inheritance (0.619844ms)
✔ jree object FQN marker is inherited without changing class identity (0.413698ms)
✔ shell starts without loader or jree deprecation warnings (5361.183435ms)
✔ shell reads an external config in the host adapter without warnings (5634.875727ms)
✔ Sentence normalization keeps array copying project-owned (2.869011ms)
✔ Sentence keeps exception construction inside project boundaries (2.941927ms)
✔ serial parameterized runner continues after a case failure (4.745521ms)
✔ src/language/SetExt.ts uses project-owned Java argument exceptions (2.459271ms)
✔ src/language/SetInt.ts uses project-owned Java argument exceptions (0.248593ms)
✔ SetExt and SetInt expose project-owned collection types (2.376823ms)
✔ set operator classes avoid unused direct jree imports (2.3825ms)
✔ SetTensional uses the project-owned Java state exception (2.561459ms)
✔ SetTensional keeps its CharSequence return type project-owned (2.395052ms)
✔ SetTensional builds names through the project string boundary (2.220729ms)
✔ Shell keeps the Java plain-class boundary and ThreadCompat remains local (16.020782ms)
✔ shell parses the Java-like interactive control commands (5.242136ms)
✔ shell rejects invalid automatic cycle counts (0.914635ms)
✔ Node stdin adapter exposes queued bytes through Java InputStream (5.254479ms)
✔ Shell command-line text boundaries accept project-owned strings (5.980417ms)
✔ Shell log preserves native and boxed string output (16.22875ms)
✔ Similarity, Disjunction, and Negation avoid direct jree argument exceptions (5.042968ms)
✔ Similarity preserves project-owned argument exception identity (3.539115ms)
✔ Disjunction preserves project-owned argument exception identity (1.318385ms)
✔ Negation preserves project-owned argument exception identity (0.768333ms)
✔ checkpoint recovery stays consistent beyond 200 reasoning cycles (6488.65656ms)
✔ snapshot experiment rejects an endpoint checkpoint (1.309792ms)
✔ snapshot experiment preserves checkpoint manifests for process recovery (2511.321093ms)
✔ a fresh recovery entry point matches the zero-run tail and final state (3193.889791ms)
✔ stage digest parser requires the summary contract (3.64625ms)
✔ stage digest comparison returns equality for matching windows (3.223281ms)
✔ stage digest comparison reports the first differing stage and field (0.352239ms)
✔ stage digest comparison distinguishes missing windows from equal empty data (0.249375ms)
✔ stage digest comparison does not ignore pre-cycle input differences (0.348385ms)
✔ stage digest prefix comparison separates matched windows from unfinished execution (0.4425ms)
✔ Stamp keeps class identity and clone without a jree JavaObject shell (2.866511ms)
✔ Stamp.baseOverlap uses BaseEntry value equality, not object identity (0.64401ms)
✔ Stamp.evidenceIsCyclic detects equal BaseEntry values in one evidential base (0.483229ms)
✔ ProcessGoal evidence subset keeps Java BaseEntry equality (3125.025207ms)
✔ Stamp keeps project-owned exception and collection boundaries (3.958125ms)
✔ Stamp occurrence text keeps Java String output without StringBuilder construction (3.002188ms)
✔ Stamp appendOcurrenceTime preserves the caller builder and append contract (0.775ms)
✔ Stamp name is a cached Java String and invalidates after occurrence changes (0.911458ms)
✔ Node strings are normalized at Narsese input boundaries (197.284167ms)
✔ Narsese compound parsing preserves native argument order (172.487083ms)
✔ Narsese functional operation parsing consumes native operator prefix text (163.300469ms)
✔ StructuralRules sequence array copies preserve Java component order (3109.793593ms)
✔ StructuralRules no longer imports jree for array copies (1.38448ms)
✔ SyllogisticRules uses project-owned argument exceptions (2.895312ms)
✔ Symbols and Narsese use project-owned argument exceptions (3.407709ms)
✔ Symbols keeps the NativeOperator contract without a direct jree import (0.402864ms)
✔ System operator executes its Java-compatible shell contract (53.686823ms)
✔ System operator exposes the Java range term (0.479896ms)
✔ System operator reports a missing host capability explicitly (1.106823ms)
✔ System operator preserves Java empty-result behavior when the host command fails (0.429219ms)
✔ Task keeps project-owned enum and string boundaries (3.203594ms)
✔ Memory refreshes an input Sentence hash after assigning occurrence (209.47ms)
✔ Task Bag merges Java-equal derived sentences by TruthValue hash (1426.763489ms)
✔ TaskLink.Recording keeps its Java data contract without a jree object shell (2.148385ms)
✔ TemporalInferenceControl uses project host boundaries (2.778541ms)
✔ TemporalInferenceControl filters equal Task values in local attempt set (8.932083ms)
✔ TemporalRules uses project exception boundaries (3.232917ms)
✔ Term does not construct jree argument/state exceptions directly (2.80375ms)
✔ Term invalid overloads preserve project exception identity (1.450156ms)
✔ TermLink prefix preserves Java type, index order, and hexadecimal formatting (3.792135ms)
✔ Terms uses project-owned argument and state exceptions (4.949115ms)
✔ Terms invalid overloads preserve project exception identity (2179.406041ms)
✔ Texts.n2 formats values with two decimals and rounding (4.913958ms)
✔ Texts.n2 rejects out-of-range values (0.900937ms)
✔ Texts.n4 and n1 format fixed decimals (0.325573ms)
✔ Texts.yarn concatenates non-null components (0.290208ms)
✔ Texts.compareTo matches lexicographic ordering (0.469791ms)
✔ ThreadCompat uses native scheduling and preserves the translated call surface (12.83052ms)
✔ ThreadCompat keeps synchronous sleep and native interruption errors (1.674219ms)
✔ commutative conjunction follows Java term ordering for toothbrush goal (4722.818123ms)
✔ scoped variable ordering uses Java code-unit order for commutative intersections (173.542084ms)
✔ default NAR loads the internal experience plugin used by Java toothbrush (167.019375ms)
✔ tensional sets initialize Java-compatible compound complexity (2.937552ms)
✔ budget fields narrow at Java float write boundaries (2.044427ms)
✔ novel-task Bag preserves Java float level selection at the 0.8 boundary (181.721927ms)
✔ utility float accumulators narrow at each Java assignment boundary (1.899427ms)
✔ forgetting narrows Java float parameters before the exponent boundary (3.112396ms)
✔ derived task applies Java float leak operands before multiplication (163.408125ms)
✔ mental operation feedback does not create a Java operation frame (167.528437ms)
✔ sentence rendering preserves Java conceptual decimal visual indices (173.33052ms)
✔ compound-condition TermLink overload preserves Java's leading condition index (188.015104ms)
✔ conditional operation unification substitutes the grounded toothbrush term (188.249375ms)
✔ grounded toothbrush operation produces Java-style execution feedback (174.552239ms)
✔ TruthFunctions keeps project-owned enum and exception boundaries (3.480729ms)
✔ TruthValue constructor assigns fields and keeps Parameters reference (2.930521ms)
✔ TruthValue factory methods map to expected defaults (0.465937ms)
✔ TruthValue clamps confidence based on TRUTH_EPSILON (0.240208ms)
✔ TruthValue expectation and negativity follow formula (0.341406ms)
✔ TruthValue string key is stable and usable in maps (0.367031ms)
✔ TruthValue hashCode preserves Java float/double operand boundaries (0.399375ms)
✔ TruthValue equals uses Java epsilon and ignores analytic metadata (0.409219ms)
✔ TruthValue direct frequency writes preserve Java float storage (0.204532ms)
✔ TruthValue expectation difference is a Java float result (0.298855ms)
✔ TruthValue word terms use the native Term factory and preserve Java words (4.909115ms)
✔ TS-only process policy recognizes direct Java and shell launches (3.888177ms)
✔ TS-only preloader rejects Java launch without invoking a real Java binary (195.140834ms)
✔ five responsibility clusters are stable and expose two to five sentinel NAL files (4.758386ms)
✔ every current production TypeScript file belongs to exactly one responsibility cluster (33.346146ms)
✔ a risk slice selects cluster sentinels and never creates an M1-minus command (1.710573ms)
✔ a cluster close creates one M1-minus command and omits the redundant sentinel run (0.528333ms)
✔ one explicit owner may carry at most one small supporting cluster (1.002344ms)
✔ unknown, untouched and missing-evidence plans fail closed (0.664688ms)
✔ stage acceptance requests live Java, full M1 and strict markerless evidence (0.327656ms)
✔ Variable uses project-owned Java exception classes (2.758021ms)
✔ Variable constructors do not wrap native names with jree String (2.43474ms)
✔ Variables uses project-owned Java exception classes (2.898386ms)
✔ compound hasVar(type) preserves Java variable-kind dispatch (4899.902446ms)
✔ 变量统一会替换操作参数并保留 Operation 运行时类型 (3504.317759ms)
✔ common variable propagation matches Java for commutative unification (1333.06453ms)
✔ commutative unification does not reuse one matched operand index (167.262708ms)
✔ Variables initializes the Java Map pair with native ordered maps (5.934635ms)
✔ default NAR registers VisionChannel and maps decimal coordinates (4860.145415ms)
✔ VisionChannel keeps prototype order in a native array (175.590157ms)
✔ VisualSpace keeps the Java plain-class boundary and image snapshot contract (5.045729ms)
✔ VisualSpace keeps math and operator text on project boundaries (0.833333ms)
ℹ tests 482
ℹ suites 0
ℹ pass 477
ℹ fail 0
ℹ cancelled 0
ℹ skipped 5
ℹ todo 0
ℹ duration_ms 498909.275851
