
> opennars-304-ts@0.1.0 test
> npm run test:unit:serial


> opennars-304-ts@0.1.0 test:unit:serial
> node scripts/testing/run-ts-only-unit-tests.mjs

✔ TLink.getIndex returns correct index for valid level (3.177448ms)
✔ TLink.getIndex returns -1 for invalid level (0.154167ms)
✔ TLink.getIndex with empty indices array (0.122812ms)
✔ TLink.getTarget returns the linked target object (0.135729ms)
✔ TLink.getPriority returns priority value (0.21901ms)
✔ TLink.getPriority returns default priority when not specified (0.138697ms)
✔ TLink.getPriority handles zero priority (0.126823ms)
✔ TLink.getPriority handles maximum priority (0.098854ms)
✔ TLink interface supports generic Term type (0.135052ms)
✔ TLink interface supports generic Task type (0.252813ms)
✔ TLink with multi-level indices maintains order (0.136823ms)
✔ TLink.getIndex returns negative one-based index (Java compatibility) (0.09099ms)
✔ TLink mock implementation preserves immutability (0.137083ms)
✔ TLink interface can be used as type parameter (0.120886ms)
✔ TLink with floating point indices (0.099427ms)
✔ AbstractTerm keeps CharSequence as a type-only project boundary (2.36276ms)
✔ Anticipate keeps a prediction and emits the Java-compatible signal (3.8125ms)
✔ Anticipate keeps Java Prediction identity keys in its outer Map (0.337084ms)
✔ Anticipate removes a confirmed NativeSet value through its Java iterator path (0.802448ms)
✔ Anticipate subscribes and unsubscribes from its cycle events (0.64125ms)
✔ Anticipate deduplicates equal derived terms in its Set boundary (0.466146ms)
✔ Concept stores anticipation entries in a native array (0.655365ms)
✔ ProcessAnticipation accepts the native Map substitution boundary (850.735208ms)
✔ Bag keeps math and string boundaries project-owned (1.867604ms)
✔ Bag.pickOut supports both Java overload shapes (1.535833ms)
✔ Bag rejects invalid overload arity with the project Java exception (0.600677ms)
✔ Bag keeps its observed runtime class identity without jree JavaObject (0.24276ms)
✔ Bag.pickOut keeps a key object with name() on the key overload (0.7425ms)
✔ Bag merges distinct object keys through Java equals semantics (0.404531ms)
✔ Bag recovers Java-equal keys when a restored key hash differs (0.455573ms)
✔ Bag lookup remains Java-equal when the legacy hash bucket is malformed (0.352343ms)
✔ Bag removes an item when a restored hash bucket is not a JS array (0.212292ms)
✔ Bag removes from a restored Java List bucket without rebuilding the bag (0.549011ms)
✔ Bag removes from a restored Java Set bucket through iterator.remove (0.559114ms)
✔ Bag stores priority-level FIFO queues in native arrays (0.289271ms)
✔ Bag keeps the Java HashMap/LinkedHashMap contract with a native Map (1.735312ms)
✔ Bag native iteration preserves LinkedHashMap insertion order across replacement and removal (0.287864ms)
✔ Bag Java iterator and contains preserve value equality (0.340782ms)
✔ Bag takeOut removes each selected item and reaches the empty state (0.401667ms)
✔ Bag keeps native math and string boundaries (0.321875ms)
✔ budget inference narrows Java float parameters before belief feedback (1.895312ms)
✔ rankBelief narrows Java float return values at the budget boundary (0.27198ms)
✔ truthToQuality and the TruthValue budget constructor share Java float semantics (2.923542ms)
✔ BudgetFunctions keeps project-owned enum and exception boundaries (3.291927ms)
✔ BudgetValue uses native string markers (1.680469ms)
✔ BudgetValue keeps runtime compatibility behind project-owned boundaries (0.339271ms)
✔ gate policy keeps a bounded documentation or low-risk source edit at T0 (4.159011ms)
✔ gate policy escalates a hot Bag slice to T1 without spending the cluster-close M1 budget (1.169375ms)
✔ only an explicit enumerated cluster close requires M1-minus (2.911146ms)
✔ gate policy escalates baseline changes and milestone acceptance to T2 (0.299479ms)
✔ gate policy escalates broad production edits (0.333073ms)
✔ source-line gate counts only production TypeScript, excluding tests, reports, docs and JavaScript (0.433177ms)
✔ runtime dependency fingerprint ignores ordering and scripts but detects version changes (8.744375ms)
✔ ComplexEmotions keeps the Java plain-plugin boundary without a jree Object shell (1.254323ms)
✔ ComplexEmotions keeps event text on the native string boundary (0.414583ms)
✔ Emotions keeps math and text on project boundaries (0.246458ms)
✔ CompositionalRules keeps logging and map boundaries project-owned (1.799844ms)
✔ CompositionalRules.powerSet preserves Set order without a temporary List (2.315886ms)
✔ CompositionalRules.powerSet handles empty and singleton sets (0.275885ms)
✔ CompositionalRules.powerSet keeps nested Set equality by value (2.344635ms)
✔ CompositionalRules.introduceVariables keeps Java Map substitution semantics (102.879792ms)
✔ TruthFunctions lookup keeps native boolean varargs and nullable selection (90.599062ms)
✔ Negation, Similarity, and Disjunction avoid direct jree imports (1.752188ms)
✔ CompoundTerm hasVar rejects invalid overloads with the project exception (1.430938ms)
✔ CompoundTerm hasVar preserves the Java argument exception identity (231.665521ms)
✔ CompoundTerm builds names through the project string boundary (1.515ms)
✔ Concept keeps string and state boundaries project-owned (2.827188ms)
✔ ConfigReader keeps the Java plain-class boundary without a jree Object shell (1.475989ms)
✔ parseConfigXml returns a native configuration tree (2.590156ms)
✔ parseConfigXml rejects empty, missing-root and incomplete configuration (0.691511ms)
✔ embedded default configuration stays byte-for-byte aligned after line-ending normalization (4.994375ms)
✔ Nar accepts explicit configuration text without reading a config file (94.617604ms)
✔ Nar.PluginState keeps the Java lifecycle contract without a jree object shell (89.626614ms)
✔ Nar rejects a path passed to the core string configuration overload (0.900156ms)
✔ Nar records a missing capability instead of loading a Node-only plugin (89.782448ms)
✔ Nar registers the system plugin when the Node capability is supplied (88.532396ms)
✔ PluginRegistry returns a native ordered plugin sequence and diagnostics (0.551875ms)
✔ PluginRegistry consumes Java constructor arguments with float32 narrowing (0.502239ms)
✔ PluginRegistry accepts Java no-argument constructors (0.46651ms)
✔ PluginRegistry diagnoses invalid and repeated registrations without reordering valid instances (0.366198ms)
✔ PluginRegistry accepts an empty plugin section without diagnostics (0.184322ms)
✔ ConfigReader forwards the native plugin sequence without a jree list wrapper (89.428854ms)
✔ Nar exposes a live native read-only plugin list (89.51375ms)
✔ Conjunction, Inheritance, and Interval avoid direct jree argument/state exceptions (1.640885ms)
✔ Conjunction and Interval preserve project-owned argument exception identity (0.616406ms)
✔ Inheritance clone preserves project-owned argument exception identity (1.294844ms)
✔ Conjunction uses the project string boundary for generated indices (1.746198ms)
✔ translated term and sentence constructors preserve Java delegation contracts (1790.181771ms)
✔ compound factories flatten transient Java lists with native arrays (67.972395ms)
✔ Product preserves the Java List constructor boundary without a direct jree import (3.317761ms)
✔ Conjunction interval normalization preserves Java order and sums adjacent intervals (1.812448ms)
✔ Sentence normalization keeps duplicate variables in traversal order (19.218386ms)
✔ Sentence normalization keys duplicate variables by Java text value (4.184219ms)
✔ CompoundTerm iterator preserves Guava forArray contract (2.54224ms)
✔ CompoundTerm local lists preserve native storage and Java order (5.646667ms)
✔ decimal perception coordinates remain conceptual like Java Term.get (0.93276ms)
✔ countTermRecursively accepts a null accumulator like Java (2.974531ms)
✔ Concept.getBelief returns null when Java belief selection has no candidate (967.542708ms)
✔ Sentence.getTruth preserves Java's nullable query accessor (92.714271ms)
✔ DerivationContext currentBeliefLink preserves Java null lifecycle (94.082604ms)
✔ DerivationContext delayed execution state starts null and requires explicit registration (92.769947ms)
✔ DerivationContext double-premise results use the native ordered buffer (94.948073ms)
✔ TemporalRules returns the native ordered derivation buffer (95.926562ms)
✔ DerivationContext lazily builds and caches the Java newStamp (95.596927ms)
✔ ProcessGoal executable precondition preserves Java default metadata (1.058333ms)
✔ ProcessJudgment treats an empty Java Optional search as a null result (102.605833ms)
✔ ProcessGoal question staging preserves the emitted question with a native buffer (98.866406ms)
✔ ProcessGoal keeps the native general-precondition buffer iterable (96.371718ms)
✔ ProcessGoal keeps temporary substitution maps as native Map implementations (95.634427ms)
✔ FunctionOperator emits native array feedback through Operator.call (93.485416ms)
✔ Want emits native array feedback through Operator.call (90.858333ms)
✔ Evaluate emits native array feedback through Operator.call (91.490885ms)
✔ Wonder emits native array feedback after mental operator boundary migration (91.569323ms)
✔ Believe emits native array feedback after the remaining operator migration (94.925052ms)
✔ Believe keeps Java's null truth exception boundary (90.985573ms)
✔ Abbreviation emits native array feedback for empty and single-task results (115.661979ms)
✔ set factories use native equality-aware intersection and difference (3.796406ms)
✔ Stamp tense lookup uses Java temporal order constants (1.220625ms)
✔ Stamp long time arithmetic preserves bigint inputs at the boundary (0.865625ms)
✔ mixed runtime long values preserve temporal projection and interval normalization (3.459636ms)
✔ Nar explicit long overload accepts JavaScript number and bigint values (177.410208ms)
✔ CompoundTerm equality preserves Java case-sensitive key identity (94.338334ms)
✔ Concept long text preserves Java field labels (90.881198ms)
✔ Narsese truth parsing preserves Java Float.parseFloat boundaries (90.817917ms)
✔ Java implicit Object classes no longer carry a jree JavaObject base (4.817396ms)
✔ static Java utility classes no longer carry a jree JavaObject base (2.34ms)
✔ ItemPriorityComparator keeps the Java plain comparator boundary (0.462136ms)
✔ Item keeps its value contract while using the project runtime class boundary (1.3675ms)
✔ Operator.ExecutionResult keeps the Java plain event-payload boundary (0.4425ms)
✔ CompoundTerm.ConvRectangle keeps the Java plain data-holder boundary (0.419792ms)
✔ static inference rule classes no longer carry a jree JavaObject base (2.000312ms)
✔ Counting keeps Java's plain-plugin boundary and constructor contracts (1.301458ms)
✔ Counting preserves Java's invalid constructor exception contract (0.573438ms)
✔ DerivationContext keeps project-owned exception and string boundaries (1.656146ms)
✔ Distributor fills order with expected counts (3.042761ms)
✔ Distributor.next cycles through capacity (0.42401ms)
✔ Distributor rejects non-positive range (0.788177ms)
✔ Emotions keeps the Java plain-plugin boundary and float constructor contract (1.341771ms)
✔ EventEmitter.set subscribes only to the requested event classes (3.133333ms)
✔ Events keeps the Java plain namespace-holder boundary (0.215052ms)
✔ native event classes keep stable runtime identity tokens (0.171615ms)
✔ EventEmitter uses native map and observer arrays while preserving identity removal (0.188438ms)
✔ EventEmitter.synch applies pending operations in FIFO order (0.284948ms)
✔ EventEmitter preserves native event payload order (0.215364ms)
✔ EventEmitter preserves Java exception boundaries (0.710833ms)
✔ EventHandler accepts Java-style event varargs (0.264635ms)
✔ EventHandler uses the project runtime identity boundary without jree (0.152292ms)
✔ EventHandler preserves the Java illegal-argument boundary (0.310417ms)
✔ OutputHandler preserves the Java illegal-argument boundary (0.248906ms)
✔ TextOutputHandler preserves the Java illegal-argument boundary (0.279115ms)
✔ Events.ConceptNew preserves the Java InferenceEvent constructor contract (0.324427ms)
✔ Events.ConceptNew keeps event text on the project-owned string boundary (0.283698ms)
✔ Events.TaskAdd accepts native and Java string reasons at the event boundary (0.375729ms)
✔ TextOutputHandler keeps line prefixes on the native string boundary (100.822344ms)
✔ TextOutputHandler.LineOutput accepts project-owned text values (0.270313ms)
✔ TextOutputHandler.openSaveFile accepts project-owned text paths (104.891094ms)
✔ Float32Math narrows Java float operands and results (2.32724ms)
✔ Float32Math covers Java float operation boundaries (0.358333ms)
✔ Float32Math.pow matches Java float storage after Math.pow (0.257604ms)
✔ Float32Math.powDouble preserves Java Math.pow double result (0.325625ms)
✔ Float32Math.truthToQuality preserves Java float complement boundaries (0.358178ms)
✔ ImageExt and ImageInt do not construct jree exception classes directly (2.835938ms)
✔ ImageExt clone and make use project-owned argument/state exceptions (1287.112187ms)
✔ ImageInt clone and make use project-owned argument/state exceptions (23.043438ms)
✔ Image uses project-owned string and hash boundaries (1.457135ms)
✔ Image keeps Java-compatible generated names (1.057812ms)
✔ Implication and Equivalence use project-owned exception classes (1.615208ms)
✔ Implication invalid overloads preserve project exception identity (1.442708ms)
✔ Equivalence invalid overloads preserve project exception identity (1.149948ms)
✔ Implication and Equivalence use project-owned string boundaries (2.912865ms)
✔ Inheritance avoids direct jree String construction for operator checks (1.447656ms)
✔ Nar consumes NAL text and preserves IN creation-time semantics (107.851094ms)
✔ Nar two-argument addInputText accepts project-owned string values (91.393385ms)
✔ InternalExperience keeps the Java plain-plugin boundary and constructor contracts (1.378177ms)
✔ intersection and difference terms avoid direct jree argument/state exceptions (1.665781ms)
✔ intersection factories preserve project-owned argument exceptions (0.731771ms)
✔ difference factories preserve project-owned argument exceptions (0.319011ms)
✔ DifferenceInt keeps its invalid component-count state contract (0.23448ms)
✔ Interval uses the project string boundary for parsing and naming (1.51651ms)
✔ Parser and ConfigReader keep Java input types behind project boundaries (1.636406ms)
✔ Item text methods replace one-shot StringBuilder without changing order (1.899479ms)
✔ Item text methods retain Java null/string conversion at the boundary (0.210261ms)
✔ Item keeps Java runtime types behind project boundaries (0.465677ms)
✔ Java short-array equals preserves null, length, order, and values (2.661875ms)
✔ Java short-array hash follows Arrays.hashCode(short[]) (0.316563ms)
✔ Java Objects.hash uses the project Java value hash contract (0.4075ms)
✔ local parity runner rejects a missing selected Java artifact (148.408021ms)
✔ NAL runner rejects a missing selected Java artifact (135.288229ms)
﹣ local parity rejects the historical 3.1.0 artifact (0.193177ms) # SKIP
﹣ local parity default and explicit selection identify the canonical Java artifact (0.156719ms) # SKIP
﹣ NAL runner rejects the historical 3.1.0 artifact (0.184167ms) # SKIP
﹣ NAL runner can compare TS with the frozen Java baseline without starting Java (0.142813ms) # SKIP
✔ NAL runner rejects a missing frozen Java baseline (131.039792ms)
✔ native Java throwable hierarchy preserves type and message contracts (1.556615ms)
✔ native Java exception layers retain Java-shaped subclassing (0.305781ms)
✔ native Java throwable supports Java-style cause and message updates (0.201615ms)
✔ native Java exception compatibility preserves old jree instanceof checks (0.210416ms)
✔ Statement keeps Java side-enum and native exception boundaries (753.047604ms)
✔ Implication.clone preserves the source term and runtime type (59.709271ms)
✔ Image placeholder recognition keeps Java exact-Term semantics (21.172656ms)
✔ Terms.term preserves the relation index when rebuilding images (590.571041ms)
✔ Terms image/product equivalence keeps Java Set de-duplication (5.237917ms)
✔ CompoundTerm Set helpers preserve Java equality and insertion order (5.043855ms)
✔ CompoundTerm.termList preserves Java Arrays.asList fixed-size semantics (2.120208ms)
✔ LinkedHashSet keeps insertion order for hashable Java objects (3.605782ms)
✔ LinkedHashSet add, remove, and re-add follow Java order (0.400365ms)
﹣ Java and TypeScript local algorithm fixtures remain in parity (1.154166ms) # SKIP
✔ LocalRules keeps math operations on the native boundary (2.756875ms)
✔ M3 benchmark statistics use median and nearest-rank p95 (8.114479ms)
✔ M3 benchmark exposes normalized throughput and marks qualified p95 (1.764375ms)
✔ M3 benchmark requires explicit files and accepts serial repetition settings (1.532917ms)
✔ J2 MapContract substitutes with NativeMap without changing term semantics (2.969635ms)
✔ J2 MapContract accepts Java LinkedHashMap substitution input (1.400157ms)
✔ J2 MapContract preserves recursive term counts and insertion order (2.144375ms)
✔ Memory lock marker uses the native boolean contract (2.760781ms)
✔ Memory operator registry adds, replaces, and removes operators by Java text value (97.258125ms)
✔ Memory keeps the Java plain-class boundary without a jree object shell (89.197604ms)
✔ Memory keeps Java iterator calls and native iteration as separate contracts (91.606771ms)
✔ Memory keeps task reason literals native until event conversion (2.960781ms)
✔ Memory accepts native string reasons and preserves Java event payloads (2641.961145ms)
✔ metrics and output conditions load without an ESM initialization cycle (2846.11526ms)
✔ migration codemod repairs only the narrow generic alias shape (530.185677ms)
✔ migration codemod repairs split logical operators (139.044219ms)
✔ migration codemod adds extensions only to relative ESM imports (130.493385ms)
✔ migration scanner ignores Narsese examples in comments, strings, and regex literals (343.734167ms)
✔ Narsese constructor delegation preserves either memory entry point (0.459948ms)
✔ NAL matrix summary separates timeout from an unverified semantic cause (12.868594ms)
✔ NAL matrix summary keeps a process safety limit separate from timeout (1.453229ms)
✔ NAL matrix summary records the observed nal4.7 rule-dispatch hypothesis (1.228489ms)
✔ NAL matrix summary records a longer-budget pass without rewriting the fixed-budget result (1.410313ms)
✔ NAL matrix summary preserves runner provenance for legacy rows (1.047657ms)
✔ NAL runner keeps process exit evidence separate from exception text (3.549844ms)
✔ NAL runner keeps matched markers when another error flag is present (2.60099ms)
✔ NAL runner classifies progressing process limits as warnings (0.396355ms)
✔ NAL runner counts final matched markers even when an exception occurs (3.278073ms)
✔ NAL runner keeps timeout and marker absence as separate observations (0.212344ms)
✔ NAL runner distinguishes a process crash from a single-file timeout (0.273542ms)
✔ NAL runner keeps files after a timeout separate from the timed-out file (0.152396ms)
✔ parity does not become functional pass when both engines miss the marker (0.943855ms)
✔ parity exposes Java/TypeScript result differences independently (0.209114ms)
✔ NAL runner reports marker timing against a 120-second-per-1024-cycle budget (0.417291ms)
✔ NAL runner records runtime per reasoning cycle and relative slowdown (0.211145ms)
✔ NAL runner marks stalled runtime as a lower bound instead of a functional verdict (0.184948ms)
✔ NAL runner classifies no-progress watchdog termination independently of performance (0.345104ms)
✔ NAL runner keeps a slow completed process as performance data, not a timeout (0.200833ms)
✔ NAL runner keeps a process safety limit separate from a no-progress timeout (0.265521ms)
✔ NAL runner keeps performance observations separate when a marker is missing (0.164479ms)
✔ marker parity is an equivalence route without requiring 131072 cycles or an internal trace (0.132343ms)
✔ marker parity remains equivalent when an optional internal trace differs (0.252656ms)
✔ 131072-cycle equivalence is available for inputs without Java markers (0.174896ms)
✔ NAL parity rows expose marker equivalence independently of the long-cycle target (0.195677ms)
✔ NAL runner preserves valid rows when stdout contains a diagnostic line (0.43198ms)
✔ NAL runner accepts only structured progress heartbeats (0.28125ms)
✔ NAL runner resets the no-progress watchdog for cycle, command, and marker heartbeats (0.152083ms)
✔ NAL runner preserves expected marker count on timeout rows (0.253021ms)
✔ NAL runner recognizes Windows timeout results with signal and message (0.147968ms)
✔ Tense lookup accepts Java String values at the parser boundary (1.648281ms)
✔ NAL metadata separates embedded and runner-added cycles (0.278073ms)
✔ NAL runner validates and resumes a persisted per-file result (3742.812759ms)
✔ NAL runner selects the explicit M1-- corpus without limit-based truncation (1.2525ms)
✔ NAL runner rejects partial corpus options for M1-- (0.679479ms)
✔ NAL runner records an explicit TypeScript process mode and separates run keys (0.501875ms)
✔ NAL runner rejects duplicate checkpoint rows for one run (1.275886ms)
✔ NAL runner rejects duplicate input files before execution (0.3175ms)
✔ NAL runner persists cold and hot results without overwriting either run (6899.80807ms)
✔ NAL runner keeps hot results isolated from order and cold-process boundaries (13947.465359ms)
✔ NAL runner resumes after a real middle-file timeout and preserves the tail (1894.081041ms)
✔ NAL trace describes ExecutionResult with Java-equivalent operation feedback (3735.218071ms)
✔ Nar file persistence exposes project-owned text path boundaries (1.680938ms)
✔ Nar sensory channel registry keeps Java Map and Term equality semantics (103.202812ms)
✔ Nar sensory channel consumer accepts a native string boundary (89.463229ms)
✔ SensoryChannel keeps the Java plain-base class identity contract (89.495625ms)
✔ NarNode network text boundaries stay project-owned (1.591979ms)
✔ NarNode.TargetNar keeps the Java plain network-target boundary (1.373594ms)
✔ NarNode keeps class identity without inheriting jree.JavaObject (0.261771ms)
✔ NarNode stores redirection targets in insertion order (1.615052ms)
✔ Narsese follows the canonical plain-class boundary (104.5025ms)
✔ Narsese parser uses the project string boundary for temporary arguments (1.499323ms)
✔ Narsese preserves temporal statement order from Java relation dispatch (2771.170259ms)
✔ NativeDeque preserves FIFO order and removes from the head (5.154375ms)
✔ NativeDeque iterator.remove preserves the remaining order (0.656719ms)
✔ NativeDeque supports re-adding an iterator match at the tail (0.182708ms)
✔ NativeDeque matches TaskLink's bounded-record eviction condition (0.177709ms)
✔ time and multistep interfaces use native TypeScript values (1.399115ms)
✔ NativeList preserves Java ArrayList insertion and indexed access order (5.195781ms)
✔ NativeList preserves indexed removal and Java-style equality lookup (0.590521ms)
✔ NativeList equality lookup calls equals on the searched value (0.309375ms)
✔ NativeList iterator preserves removal and fail-fast behavior (1.027865ms)
✔ NativeList rejects invalid element and insertion indices (0.456302ms)
✔ native lookup tables preserve Java symbol and tense contracts (806.931562ms)
✔ Term atom cache normalizes Java and native text keys (301.172552ms)
✔ NativeMap preserves Java Map equality, insertion order, and replacement position (5.304583ms)
✔ NativeMap scans hash collisions and removes indexed records (0.359635ms)
✔ NativeMap preserves equality fallback for object keys without hashCode (0.225ms)
✔ NativeMap views are live and iterators support Java-style removal (0.879167ms)
✔ NativeMap distinguishes a missing key from a mapped null value (0.230261ms)
✔ NativeMap entry, key, and value views preserve Java removal contracts (0.447969ms)
✔ NativeMap clone, equals, hashCode, and putAll preserve entry values (0.462917ms)
✔ NativeMap iterators allow entry updates and only iterator removal changes version (0.313333ms)
✔ NativeMap count entries match jree LinkedHashMap on equal domain keys (567.781562ms)
✔ NativeMap implements the project MapContract without erasing Map semantics (0.447656ms)
✔ NativeReadOnlyList is a live ordered view over a native array (5.054635ms)
✔ NativeReadOnlyList preserves NativeList equality lookup and rejects mutation (1.331666ms)
✔ NativeSet preserves Java Set equality and insertion order (4.969895ms)
✔ NativeSet uses the searched value as the Java equals receiver (0.316458ms)
✔ NativeSet iterator supports Java remove and fail-fast mutation checks (1.151563ms)
✔ NativeSet.equals follows Java AbstractSet receiver direction (0.75875ms)
✔ NativeSet deduplicates structurally equal Terms used as target Set values (2509.894426ms)
✔ NativeSortedSet preserves TreeSet order and comparator uniqueness (3.138854ms)
✔ NativeSortedSet follows the Java Set equality and hash contract (0.637448ms)
✔ Term.toSortedSet supports retainAll and Java-shaped toArray (0.616354ms)
✔ Task keeps its best solution null until Java sets one (2071.212812ms)
✔ initialized Term names retain their Java string value (0.823645ms)
✔ CompoundTerm rebuilds its name after Java null cache invalidation (1.083073ms)
✔ operator constructors preserve Java string boundaries (1.938177ms)
✔ Feel constructors preserve the Java native String contract (0.278906ms)
✔ FunctionOperator accepts the Java String constructor boundary (0.217552ms)
✔ Reflect.sop preserves the translated Java varargs-array overload (1.358959ms)
✔ Reflect.sop normalizes native and boxed Java string operator names (0.428854ms)
✔ Count preserves Java's invalid-input exception contract (0.882917ms)
✔ Operation and NullOperator preserve Java invalid-argument boundaries (0.359687ms)
✔ Operation.makeName preserves Java StringBuilder text semantics (0.229219ms)
✔ Operation keeps CharSequence and exceptions behind project boundaries (0.494219ms)
✔ Operator.operationExecutionString returns native Java-equivalent output text (0.554584ms)
✔ Operator.addPrefixIfMissing normalizes boxed and native Java String inputs (0.212031ms)
✔ FunctionOperator preserves Java arity and overload exception contracts (0.467292ms)
✔ FunctionOperator copies Java parameter arguments into a fresh shallow array (1.854584ms)
✔ Operator.call preserves null and ordered empty feedback contracts (0.737813ms)
✔ Operator.reportExecution accepts native event payloads at the Java Object boundary (0.40198ms)
✔ Add preserves Java argument and result contracts (0.83073ms)
✔ Add preserves Java StringUtils.isNumeric and Integer.parseInt boundaries (0.604948ms)
✔ Reflect preserves Java argument and overload contracts (0.438281ms)
✔ Anticipate preserves its invalid-constructor exception contract (0.252396ms)
✔ Operator.call preserves its invalid-overload exception contract (0.194271ms)
✔ operator and plugin text boundaries use native strings (1.976563ms)
✔ operator and plugin exceptions use the project-owned exception layer (1.272552ms)
✔ Nar config preserves Java float parameters at the TruthValue clamp boundary (107.410208ms)
✔ Memory.cycles narrows the duration before the Java multiplication (89.756458ms)
✔ Memory.output narrows the volume ratio before the Java subtraction (93.821406ms)
✔ Parameters keeps every Java float default in binary32 (0.31651ms)
✔ Plugin CharSequence boundary accepts Java and native string values (1.550364ms)
✔ Plugin names use a project-owned CharSequence boundary (0.347656ms)
✔ plugin exception boundaries use project-owned Java exception classes (1.994063ms)
✔ ProcessAnticipation uses the project string boundary (1.778854ms)
✔ ProcessGoal keeps project-owned host and collection boundaries (1.683125ms)
✔ ProcessJudgment uses native exception text (2.647396ms)
✔ ProcessQuestion uses project-owned state exceptions (1.754375ms)
✔ jree Random.nextDouble preserves Java's 53-bit value (1.356407ms)
✔ RuleTables keeps project-owned enum and exception boundaries (1.96526ms)
✔ javaStringLength normalizes jree and native string representations (1.611041ms)
✔ javaStringValue applies Java toString before JS interpolation (0.29724ms)
✔ Java string equality and hashing use exact UTF-16 code units (0.40875ms)
✔ jree Double compatibility preserves boxed numeric operations (0.312708ms)
✔ identity hash compatibility is stable and distinguishes object identity (0.203125ms)
✔ missing jree exception compatibility preserves Java inheritance (0.378229ms)
✔ jree object FQN marker is inherited without changing class identity (0.26901ms)
✔ shell starts without loader or jree deprecation warnings (3366.821666ms)
✔ shell reads an external config in the host adapter without warnings (3420.650572ms)
✔ Sentence normalization keeps array copying project-owned (2.562239ms)
✔ Sentence keeps exception construction inside project boundaries (2.550416ms)
✔ serial parameterized runner continues after a case failure (3.243854ms)
✔ src/language/SetExt.ts uses project-owned Java argument exceptions (1.746458ms)
✔ src/language/SetInt.ts uses project-owned Java argument exceptions (0.160573ms)
✔ SetExt and SetInt expose project-owned collection types (2.788802ms)
✔ set operator classes avoid unused direct jree imports (2.842812ms)
✔ SetTensional uses the project-owned Java state exception (2.871458ms)
✔ SetTensional keeps its CharSequence return type project-owned (2.77224ms)
✔ SetTensional builds names through the project string boundary (1.532396ms)
✔ Shell keeps the Java plain-class boundary and ThreadCompat remains local (9.849791ms)
✔ shell parses the Java-like interactive control commands (2.923282ms)
✔ shell rejects invalid automatic cycle counts (0.549792ms)
✔ Node stdin adapter exposes queued bytes through Java InputStream (3.039375ms)
✔ Shell command-line text boundaries accept project-owned strings (2.938958ms)
✔ Similarity, Disjunction, and Negation avoid direct jree argument exceptions (1.604114ms)
✔ Similarity preserves project-owned argument exception identity (1.62625ms)
✔ Disjunction preserves project-owned argument exception identity (0.670208ms)
✔ Negation preserves project-owned argument exception identity (0.374844ms)
✔ checkpoint recovery stays consistent beyond 200 reasoning cycles (3465.565936ms)
✔ snapshot experiment rejects an endpoint checkpoint (0.800052ms)
✔ snapshot experiment preserves checkpoint manifests for process recovery (1347.348489ms)
✔ a fresh recovery entry point matches the zero-run tail and final state (1746.303905ms)
✔ stage digest parser requires the summary contract (2.12125ms)
✔ stage digest comparison returns equality for matching windows (1.840416ms)
✔ stage digest comparison reports the first differing stage and field (0.224427ms)
✔ stage digest comparison distinguishes missing windows from equal empty data (0.198646ms)
✔ stage digest comparison does not ignore pre-cycle input differences (0.229844ms)
✔ stage digest prefix comparison separates matched windows from unfinished execution (0.274844ms)
✔ Stamp keeps class identity and clone without a jree JavaObject shell (1.673281ms)
✔ Stamp.baseOverlap uses BaseEntry value equality, not object identity (0.343177ms)
✔ Stamp.evidenceIsCyclic detects equal BaseEntry values in one evidential base (0.288542ms)
✔ ProcessGoal evidence subset keeps Java BaseEntry equality (1868.885833ms)
✔ Stamp keeps project-owned exception and collection boundaries (2.186562ms)
✔ Stamp occurrence text keeps Java String output without StringBuilder construction (1.773698ms)
✔ Stamp appendOcurrenceTime preserves the caller builder and append contract (0.458802ms)
✔ Stamp name is a cached Java String and invalidates after occurrence changes (0.525937ms)
✔ Node strings are normalized at Narsese input boundaries (109.148697ms)
✔ Narsese compound parsing preserves native argument order (93.552864ms)
✔ Narsese functional operation parsing consumes native operator prefix text (91.081771ms)
✔ StructuralRules sequence array copies preserve Java component order (1731.136666ms)
✔ StructuralRules no longer imports jree for array copies (0.774375ms)
✔ SyllogisticRules uses project-owned argument exceptions (1.722032ms)
✔ Symbols and Narsese use project-owned argument exceptions (2.018959ms)
✔ Symbols keeps the NativeOperator contract without a direct jree import (0.234219ms)
✔ System operator executes its Java-compatible shell contract (34.942553ms)
✔ System operator exposes the Java range term (0.496719ms)
✔ System operator reports a missing host capability explicitly (1.223906ms)
✔ System operator preserves Java empty-result behavior when the host command fails (0.435677ms)
✔ Task keeps project-owned enum and string boundaries (1.667604ms)
✔ Memory refreshes an input Sentence hash after assigning occurrence (108.951354ms)
✔ Task Bag merges Java-equal derived sentences by TruthValue hash (807.524896ms)
✔ TaskLink.Recording keeps its Java data contract without a jree object shell (1.228177ms)
✔ TemporalInferenceControl uses project host boundaries (1.654479ms)
✔ TemporalInferenceControl filters equal Task values in local attempt set (4.884427ms)
✔ TemporalRules uses project exception boundaries (1.903854ms)
✔ Term does not construct jree argument/state exceptions directly (1.534479ms)
✔ Term invalid overloads preserve project exception identity (0.88276ms)
✔ TermLink prefix preserves Java type, index order, and hexadecimal formatting (1.891771ms)
✔ Terms uses project-owned argument and state exceptions (2.99651ms)
✔ Terms invalid overloads preserve project exception identity (1177.280208ms)
✔ Texts.n2 formats values with two decimals and rounding (2.649114ms)
✔ Texts.n2 rejects out-of-range values (0.894375ms)
✔ Texts.n4 and n1 format fixed decimals (0.319584ms)
✔ Texts.yarn concatenates non-null components (0.322812ms)
✔ Texts.compareTo matches lexicographic ordering (0.432344ms)
✔ ThreadCompat uses native scheduling and preserves the translated call surface (11.984688ms)
✔ ThreadCompat keeps synchronous sleep and native interruption errors (1.630365ms)
✔ commutative conjunction follows Java term ordering for toothbrush goal (2647.114947ms)
✔ scoped variable ordering uses Java code-unit order for commutative intersections (96.369219ms)
✔ default NAR loads the internal experience plugin used by Java toothbrush (92.627344ms)
✔ tensional sets initialize Java-compatible compound complexity (1.885209ms)
✔ budget fields narrow at Java float write boundaries (1.023438ms)
✔ novel-task Bag preserves Java float level selection at the 0.8 boundary (95.155052ms)
✔ utility float accumulators narrow at each Java assignment boundary (0.9325ms)
✔ forgetting narrows Java float parameters before the exponent boundary (1.348698ms)
✔ derived task applies Java float leak operands before multiplication (92.019792ms)
✔ mental operation feedback does not create a Java operation frame (93.795937ms)
✔ sentence rendering preserves Java conceptual decimal visual indices (96.023437ms)
✔ compound-condition TermLink overload preserves Java's leading condition index (102.962239ms)
✔ conditional operation unification substitutes the grounded toothbrush term (96.308698ms)
✔ grounded toothbrush operation produces Java-style execution feedback (93.001823ms)
✔ TruthFunctions keeps project-owned enum and exception boundaries (1.987187ms)
✔ TruthValue constructor assigns fields and keeps Parameters reference (1.709271ms)
✔ TruthValue factory methods map to expected defaults (0.286562ms)
✔ TruthValue clamps confidence based on TRUTH_EPSILON (0.143021ms)
✔ TruthValue expectation and negativity follow formula (0.202552ms)
✔ TruthValue string key is stable and usable in maps (0.221458ms)
✔ TruthValue hashCode preserves Java float/double operand boundaries (0.236927ms)
✔ TruthValue equals uses Java epsilon and ignores analytic metadata (0.237812ms)
✔ TruthValue direct frequency writes preserve Java float storage (0.12375ms)
✔ TruthValue expectation difference is a Java float result (0.196146ms)
✔ TruthValue word terms use the native Term factory and preserve Java words (0.980052ms)
✔ TS-only process policy recognizes direct Java and shell launches (3.887604ms)
✔ TS-only preloader rejects Java launch without invoking a real Java binary (120.219687ms)
✔ five responsibility clusters are stable and expose two to five sentinel NAL files (4.532656ms)
✔ every current production TypeScript file belongs to exactly one responsibility cluster (12.124531ms)
✔ a risk slice selects cluster sentinels and never creates an M1-minus command (0.981615ms)
✔ a cluster close creates one M1-minus command and omits the redundant sentinel run (0.374114ms)
✔ one explicit owner may carry at most one small supporting cluster (0.58651ms)
✔ unknown, untouched and missing-evidence plans fail closed (0.354531ms)
✔ stage acceptance requests live Java, full M1 and strict markerless evidence (0.156875ms)
✔ Variable uses project-owned Java exception classes (2.800573ms)
✔ Variable constructors do not wrap native names with jree String (2.606979ms)
✔ Variables uses project-owned Java exception classes (1.873021ms)
✔ compound hasVar(type) preserves Java variable-kind dispatch (2710.136041ms)
✔ 变量统一会替换操作参数并保留 Operation 运行时类型 (2013.385259ms)
✔ common variable propagation matches Java for commutative unification (771.581718ms)
✔ commutative unification does not reuse one matched operand index (93.810208ms)
✔ Variables initializes the Java Map pair with native ordered maps (2.56401ms)
✔ default NAR registers VisionChannel and maps decimal coordinates (2666.632551ms)
✔ VisionChannel keeps prototype order in a native array (92.084479ms)
✔ VisualSpace keeps the Java plain-class boundary and image snapshot contract (2.801719ms)
✔ VisualSpace keeps math and operator text on project boundaries (0.43276ms)
ℹ tests 472
ℹ suites 0
ℹ pass 467
ℹ fail 0
ℹ cancelled 0
ℹ skipped 5
ℹ todo 0
ℹ duration_ms 270579.763439
