
> opennars-304-ts@0.1.0 test
> npm run test:unit:serial


> opennars-304-ts@0.1.0 test:unit:serial
> node scripts/testing/run-ts-only-unit-tests.mjs

✔ TLink.getIndex returns correct index for valid level (2.423333ms)
✔ TLink.getIndex returns -1 for invalid level (0.214427ms)
✔ TLink.getIndex with empty indices array (0.194531ms)
✔ TLink.getTarget returns the linked target object (0.210104ms)
✔ TLink.getPriority returns priority value (0.27375ms)
✔ TLink.getPriority returns default priority when not specified (0.177604ms)
✔ TLink.getPriority handles zero priority (0.181719ms)
✔ TLink.getPriority handles maximum priority (0.156927ms)
✔ TLink interface supports generic Term type (0.271875ms)
✔ TLink interface supports generic Task type (0.352657ms)
✔ TLink with multi-level indices maintains order (0.208386ms)
✔ TLink.getIndex returns negative one-based index (Java compatibility) (0.135834ms)
✔ TLink mock implementation preserves immutability (0.188698ms)
✔ TLink interface can be used as type parameter (0.180417ms)
✔ TLink with floating point indices (1.806302ms)
✔ AbstractTerm keeps CharSequence as a type-only project boundary (2.398073ms)
✔ Anticipate keeps a prediction and emits the Java-compatible signal (6.218438ms)
✔ Anticipate keeps Java Prediction identity keys in its outer Map (0.543334ms)
✔ Anticipate removes a confirmed NativeSet value through its Java iterator path (1.331458ms)
✔ Anticipate subscribes and unsubscribes from its cycle events (1.04224ms)
✔ Anticipate deduplicates equal derived terms in its Set boundary (0.756094ms)
✔ Concept stores anticipation entries in a native array (1.041458ms)
✔ ProcessAnticipation accepts the native Map substitution boundary (1603.686614ms)
✔ Bag keeps math and string boundaries project-owned (12.405261ms)
✔ Bag.pickOut supports both Java overload shapes (5.22099ms)
✔ Bag rejects invalid overload arity with the project Java exception (1.962864ms)
✔ Bag keeps its observed runtime class identity without jree JavaObject (0.807396ms)
✔ Bag.pickOut keeps a key object with name() on the key overload (2.400208ms)
✔ Bag merges distinct object keys through Java equals semantics (1.435052ms)
✔ Bag recovers Java-equal keys when a restored key hash differs (0.878385ms)
✔ Bag lookup remains Java-equal when the legacy hash bucket is malformed (0.537761ms)
✔ Bag removes an item when a restored hash bucket is not a JS array (0.342083ms)
✔ Bag removes from a restored Java List bucket without rebuilding the bag (0.779687ms)
✔ Bag removes from a restored Java Set bucket through iterator.remove (1.060313ms)
✔ Bag stores priority-level FIFO queues in native arrays (0.445ms)
✔ Bag keeps the Java HashMap/LinkedHashMap contract with a native Map (3.101719ms)
✔ Bag native iteration preserves LinkedHashMap insertion order across replacement and removal (0.347291ms)
✔ Bag Java iterator and contains preserve value equality (0.461458ms)
✔ Bag takeOut removes each selected item and reaches the empty state (0.612812ms)
✔ Bag keeps native math and string boundaries (0.704896ms)
✔ budget inference narrows Java float parameters before belief feedback (3.367604ms)
✔ rankBelief narrows Java float return values at the budget boundary (0.477187ms)
✔ truthToQuality and the TruthValue budget constructor share Java float semantics (0.509271ms)
✔ BudgetFunctions keeps project-owned enum and exception boundaries (3.461875ms)
✔ BudgetValue uses native string markers (2.904531ms)
✔ BudgetValue keeps runtime compatibility behind project-owned boundaries (0.659948ms)
✔ gate policy keeps a bounded documentation or low-risk source edit at T0 (3.95349ms)
✔ gate policy escalates a hot Bag slice to T1 without spending the cluster-close M1 budget (1.313073ms)
✔ only an explicit enumerated cluster close requires M1-minus (3.417552ms)
✔ gate policy escalates baseline changes and milestone acceptance to T2 (0.418333ms)
✔ gate policy escalates broad production edits (0.54974ms)
✔ source-line gate counts only production TypeScript, excluding tests, reports, docs and JavaScript (0.774219ms)
✔ runtime dependency fingerprint ignores ordering and scripts but detects version changes (15.245105ms)
✔ ComplexEmotions keeps the Java plain-plugin boundary without a jree Object shell (6.633177ms)
✔ ComplexEmotions keeps event text on the native string boundary (2.493073ms)
✔ Emotions keeps math and text on project boundaries (1.434844ms)
✔ CompositionalRules keeps logging and map boundaries project-owned (3.251771ms)
✔ CompositionalRules.powerSet preserves Set order without a temporary List (12.074375ms)
✔ CompositionalRules.powerSet handles empty and singleton sets (0.576303ms)
✔ CompositionalRules.powerSet keeps nested Set equality by value (6.232135ms)
✔ CompositionalRules.introduceVariables keeps Java Map substitution semantics (215.178854ms)
✔ TruthFunctions lookup keeps native boolean varargs and nullable selection (187.909323ms)
✔ Negation, Similarity, and Disjunction avoid direct jree imports (7.39151ms)
✔ CompoundTerm hasVar rejects invalid overloads with the project exception (6.945052ms)
✔ CompoundTerm hasVar preserves the Java argument exception identity (580.245364ms)
✔ CompoundTerm builds names through the project string boundary (2.57427ms)
✔ Concept keeps string and state boundaries project-owned (2.792604ms)
✔ ConfigReader keeps the Java plain-class boundary without a jree Object shell (2.955208ms)
✔ parseConfigXml returns a native configuration tree (5.373958ms)
✔ parseConfigXml rejects empty, missing-root and incomplete configuration (19.585209ms)
✔ embedded default configuration stays byte-for-byte aligned after line-ending normalization (8.036094ms)
✔ Nar accepts explicit configuration text without reading a config file (170.367917ms)
✔ Nar.PluginState keeps the Java lifecycle contract without a jree object shell (165.445364ms)
✔ Nar rejects a path passed to the core string configuration overload (1.077239ms)
✔ Nar records a missing capability instead of loading a Node-only plugin (163.363958ms)
✔ Nar registers the system plugin when the Node capability is supplied (161.98651ms)
✔ PluginRegistry returns a native ordered plugin sequence and diagnostics (0.826771ms)
✔ PluginRegistry consumes Java constructor arguments with float32 narrowing (0.768125ms)
✔ PluginRegistry accepts Java no-argument constructors (0.875677ms)
✔ PluginRegistry diagnoses invalid and repeated registrations without reordering valid instances (0.588229ms)
✔ PluginRegistry accepts an empty plugin section without diagnostics (0.315052ms)
✔ ConfigReader forwards the native plugin sequence without a jree list wrapper (170.083541ms)
✔ Nar exposes a live native read-only plugin list (168.864635ms)
✔ Conjunction, Inheritance, and Interval avoid direct jree argument/state exceptions (5.240625ms)
✔ Conjunction and Interval preserve project-owned argument exception identity (1.074427ms)
✔ Inheritance clone preserves project-owned argument exception identity (2.224375ms)
✔ Conjunction uses the project string boundary for generated indices (1.989687ms)
✔ translated term and sentence constructors preserve Java delegation contracts (3675.979894ms)
✔ compound factories flatten transient Java lists with native arrays (132.195729ms)
✔ Product preserves the Java List constructor boundary without a direct jree import (4.473697ms)
✔ Conjunction interval normalization preserves Java order and sums adjacent intervals (2.624063ms)
✔ Sentence normalization keeps duplicate variables in traversal order (6.725052ms)
✔ Sentence normalization keys duplicate variables by Java text value (6.837708ms)
✔ CompoundTerm iterator preserves Guava forArray contract (3.000469ms)
✔ CompoundTerm local lists preserve native storage and Java order (7.740729ms)
✔ decimal perception coordinates remain conceptual like Java Term.get (1.641927ms)
✔ countTermRecursively accepts a null accumulator like Java (5.286875ms)
✔ Concept.getBelief returns null when Java belief selection has no candidate (2408.469686ms)
✔ Sentence.getTruth preserves Java's nullable query accessor (202.283594ms)
✔ DerivationContext currentBeliefLink preserves Java null lifecycle (175.19099ms)
✔ DerivationContext delayed execution state starts null and requires explicit registration (162.705052ms)
✔ DerivationContext double-premise results use the native ordered buffer (171.42198ms)
✔ TemporalRules returns the native ordered derivation buffer (185.009322ms)
✔ DerivationContext lazily builds and caches the Java newStamp (174.581875ms)
✔ ProcessGoal executable precondition preserves Java default metadata (1.788906ms)
✔ ProcessJudgment treats an empty Java Optional search as a null result (178.438333ms)
✔ ProcessGoal question staging preserves the emitted question with a native buffer (169.146042ms)
✔ ProcessGoal keeps the native general-precondition buffer iterable (174.19474ms)
✔ ProcessGoal keeps temporary substitution maps as native Map implementations (190.656667ms)
✔ FunctionOperator emits native array feedback through Operator.call (170.255313ms)
✔ Want emits native array feedback through Operator.call (162.124167ms)
✔ Evaluate emits native array feedback through Operator.call (163.055886ms)
✔ Wonder emits native array feedback after mental operator boundary migration (172.964479ms)
✔ Believe emits native array feedback after the remaining operator migration (185.936146ms)
✔ Believe keeps Java's null truth exception boundary (211.608542ms)
✔ Abbreviation emits native array feedback for empty and single-task results (238.516771ms)
✔ set factories use native equality-aware intersection and difference (14.179687ms)
✔ Stamp tense lookup uses Java temporal order constants (4.806823ms)
✔ Stamp long time arithmetic preserves bigint inputs at the boundary (4.611354ms)
✔ mixed runtime long values preserve temporal projection and interval normalization (15.57ms)
✔ Nar explicit long overload accepts JavaScript number and bigint values (496.285886ms)
✔ CompoundTerm equality preserves Java case-sensitive key identity (181.776406ms)
✔ Concept long text preserves Java field labels (162.872552ms)
✔ Narsese truth parsing preserves Java Float.parseFloat boundaries (160.668802ms)
✔ Java implicit Object classes no longer carry a jree JavaObject base (8.364896ms)
✔ static Java utility classes no longer carry a jree JavaObject base (5.893333ms)
✔ ItemPriorityComparator keeps the Java plain comparator boundary (1.300886ms)
✔ Item keeps its value contract while using the project runtime class boundary (3.872188ms)
✔ Operator.ExecutionResult keeps the Java plain event-payload boundary (0.828906ms)
✔ CompoundTerm.ConvRectangle keeps the Java plain data-holder boundary (0.717709ms)
✔ static inference rule classes no longer carry a jree JavaObject base (3.91448ms)
✔ Counting keeps Java's plain-plugin boundary and constructor contracts (2.211198ms)
✔ Counting preserves Java's invalid constructor exception contract (1.058177ms)
✔ DerivationContext keeps project-owned exception and string boundaries (4.365886ms)
✔ Distributor fills order with expected counts (3.087344ms)
✔ Distributor.next cycles through capacity (0.392865ms)
✔ Distributor rejects non-positive range (0.780989ms)
✔ Emotions keeps the Java plain-plugin boundary and float constructor contract (2.569792ms)
✔ EventEmitter.set subscribes only to the requested event classes (16.534948ms)
✔ Events keeps the Java plain namespace-holder boundary (1.483854ms)
✔ native event classes keep stable runtime identity tokens (0.552239ms)
✔ EventEmitter uses native map and observer arrays while preserving identity removal (0.347708ms)
✔ EventEmitter.synch applies pending operations in FIFO order (0.459479ms)
✔ EventEmitter preserves native event payload order (0.368698ms)
✔ EventEmitter preserves Java exception boundaries (1.254479ms)
✔ EventHandler accepts Java-style event varargs (0.44151ms)
✔ EventHandler uses the project runtime identity boundary without jree (0.254219ms)
✔ EventHandler preserves the Java illegal-argument boundary (0.518698ms)
✔ OutputHandler preserves the Java illegal-argument boundary (0.530521ms)
✔ TextOutputHandler preserves the Java illegal-argument boundary (0.422969ms)
✔ Events.ConceptNew preserves the Java InferenceEvent constructor contract (0.47474ms)
✔ Events captures stack frames through the project ThreadCompat boundary (0.702709ms)
✔ InferenceEvent keeps optional stack frames in a native ordered array (0.497031ms)
✔ Events.ConceptNew keeps event text on the project-owned string boundary (0.262969ms)
✔ Events.TaskAdd accepts native and Java string reasons at the event boundary (0.465312ms)
✔ TextOutputHandler formats throwable and array output without Java Arrays helpers (187.160416ms)
✔ TextOutputHandler keeps line prefixes on the native string boundary (192.4775ms)
✔ TextOutputHandler.LineOutput accepts project-owned text values (0.469375ms)
✔ TextOutputHandler.openSaveFile accepts project-owned text paths (193.262135ms)
✔ Float32Math narrows Java float operands and results (1.78448ms)
✔ Float32Math covers Java float operation boundaries (0.272344ms)
✔ Float32Math.pow matches Java float storage after Math.pow (0.182917ms)
✔ Float32Math.powDouble preserves Java Math.pow double result (0.2025ms)
✔ Float32Math.truthToQuality preserves Java float complement boundaries (0.268021ms)
✔ ImageExt and ImageInt do not construct jree exception classes directly (3.125989ms)
✔ ImageExt clone and make use project-owned argument/state exceptions (3401.025207ms)
✔ ImageInt clone and make use project-owned argument/state exceptions (39.452916ms)
✔ Image uses project-owned string and hash boundaries (2.684583ms)
✔ Image keeps Java-compatible generated names (1.896459ms)
✔ Implication and Equivalence use project-owned exception classes (2.68099ms)
✔ Implication invalid overloads preserve project exception identity (2.548073ms)
✔ Equivalence invalid overloads preserve project exception identity (2.000468ms)
✔ Implication and Equivalence use project-owned string boundaries (2.964011ms)
✔ Inheritance avoids direct jree String construction for operator checks (2.622292ms)
✔ Nar consumes NAL text and preserves IN creation-time semantics (213.458802ms)
✔ Nar two-argument addInputText accepts project-owned string values (166.376249ms)
✔ InternalExperience keeps the Java plain-plugin boundary and constructor contracts (2.33526ms)
✔ intersection and difference terms avoid direct jree argument/state exceptions (3.698542ms)
✔ intersection factories preserve project-owned argument exceptions (1.374948ms)
✔ difference factories preserve project-owned argument exceptions (0.65901ms)
✔ DifferenceInt keeps its invalid component-count state contract (0.430312ms)
✔ Interval uses the project string boundary for parsing and naming (2.810937ms)
✔ Parser and ConfigReader keep Java input types behind project boundaries (2.762604ms)
✔ Item text methods replace one-shot StringBuilder without changing order (3.207135ms)
✔ Item text methods retain Java null/string conversion at the boundary (0.380208ms)
✔ Item keeps Java runtime types behind project boundaries (0.815104ms)
✔ Java short-array equals preserves null, length, order, and values (2.372813ms)
✔ Java short-array hash follows Arrays.hashCode(short[]) (0.365104ms)
✔ Java Objects.hash uses the project Java value hash contract (0.369844ms)
✔ local parity runner rejects a missing selected Java artifact (225.890573ms)
✔ NAL runner rejects a missing selected Java artifact (236.96474ms)
﹣ local parity rejects the historical 3.1.0 artifact (0.505312ms) # SKIP
﹣ local parity default and explicit selection identify the canonical Java artifact (0.274635ms) # SKIP
﹣ NAL runner rejects the historical 3.1.0 artifact (0.335208ms) # SKIP
﹣ NAL runner can compare TS with the frozen Java baseline without starting Java (0.247084ms) # SKIP
✔ NAL runner rejects a missing frozen Java baseline (222.870729ms)
✔ native Java throwable hierarchy preserves type and message contracts (2.500417ms)
✔ native Java exception layers retain Java-shaped subclassing (0.523802ms)
✔ native Java throwable supports Java-style cause and message updates (0.321302ms)
✔ native Java exception compatibility preserves old jree instanceof checks (0.334062ms)
✔ Statement keeps Java side-enum and native exception boundaries (1643.82651ms)
✔ Implication.clone preserves the source term and runtime type (119.205156ms)
✔ Image placeholder recognition keeps Java exact-Term semantics (44.966667ms)
✔ Terms.term preserves the relation index when rebuilding images (1359.072708ms)
✔ Terms image/product equivalence keeps Java Set de-duplication (7.121459ms)
✔ CompoundTerm Set helpers preserve Java equality and insertion order (14.388594ms)
✔ CompoundTerm.termList preserves Java Arrays.asList fixed-size semantics (7.477969ms)
✔ LinkedHashSet keeps insertion order for hashable Java objects (6.044427ms)
✔ LinkedHashSet add, remove, and re-add follow Java order (0.783646ms)
﹣ Java and TypeScript local algorithm fixtures remain in parity (1.954583ms) # SKIP
✔ LocalRules keeps math operations on the native boundary (2.619688ms)
✔ M3 benchmark statistics use median and nearest-rank p95 (6.853385ms)
✔ M3 benchmark exposes normalized throughput and marks qualified p95 (1.69125ms)
✔ M3 benchmark requires explicit files and accepts serial repetition settings (1.263021ms)
✔ J2 MapContract substitutes with NativeMap without changing term semantics (5.049219ms)
✔ J2 MapContract accepts Java LinkedHashMap substitution input (2.467553ms)
✔ J2 MapContract preserves recursive term counts and insertion order (3.669688ms)
✔ Memory lock marker uses the native boolean contract (2.449479ms)
✔ Memory operator registry adds, replaces, and removes operators by Java text value (179.019375ms)
✔ Memory keeps the Java plain-class boundary without a jree object shell (161.075833ms)
✔ Memory keeps Java iterator calls and native iteration as separate contracts (165.906719ms)
✔ Memory keeps task reason literals native until event conversion (2.683021ms)
✔ Memory accepts native string reasons and preserves Java event payloads (5895.439998ms)
✔ metrics and output conditions load without an ESM initialization cycle (6769.857706ms)
✔ migration codemod repairs only the narrow generic alias shape (965.334531ms)
✔ migration codemod repairs split logical operators (231.339792ms)
✔ migration codemod adds extensions only to relative ESM imports (239.267135ms)
✔ migration scanner ignores Narsese examples in comments, strings, and regex literals (867.195365ms)
✔ Narsese constructor delegation preserves either memory entry point (0.924167ms)
✔ NAL matrix summary separates timeout from an unverified semantic cause (26.504531ms)
✔ NAL matrix summary keeps a process safety limit separate from timeout (3.413021ms)
✔ NAL matrix summary records the observed nal4.7 rule-dispatch hypothesis (2.778803ms)
✔ NAL matrix summary records a longer-budget pass without rewriting the fixed-budget result (2.739375ms)
✔ NAL matrix summary preserves runner provenance for legacy rows (2.2925ms)
✔ NAL runner keeps process exit evidence separate from exception text (5.374115ms)
✔ NAL runner keeps matched markers when another error flag is present (2.995417ms)
✔ NAL runner classifies progressing process limits as warnings (0.381146ms)
✔ NAL runner counts final matched markers even when an exception occurs (5.824167ms)
✔ NAL runner keeps timeout and marker absence as separate observations (0.393594ms)
✔ NAL runner distinguishes a process crash from a single-file timeout (0.445781ms)
✔ NAL runner keeps files after a timeout separate from the timed-out file (0.246511ms)
✔ parity does not become functional pass when both engines miss the marker (1.559635ms)
✔ parity exposes Java/TypeScript result differences independently (0.339948ms)
✔ NAL runner reports marker timing against a 120-second-per-1024-cycle budget (0.774062ms)
✔ NAL runner records runtime per reasoning cycle and relative slowdown (0.366146ms)
✔ NAL runner marks stalled runtime as a lower bound instead of a functional verdict (0.300052ms)
✔ NAL runner classifies no-progress watchdog termination independently of performance (0.581406ms)
✔ NAL runner keeps a slow completed process as performance data, not a timeout (0.3575ms)
✔ NAL runner keeps a process safety limit separate from a no-progress timeout (0.334322ms)
✔ NAL runner keeps performance observations separate when a marker is missing (0.282448ms)
✔ marker parity is an equivalence route without requiring 131072 cycles or an internal trace (0.239271ms)
✔ marker parity remains equivalent when an optional internal trace differs (6.338021ms)
✔ 131072-cycle equivalence is available for inputs without Java markers (0.677656ms)
✔ NAL parity rows expose marker equivalence independently of the long-cycle target (0.760677ms)
✔ NAL runner preserves valid rows when stdout contains a diagnostic line (1.044323ms)
✔ NAL runner accepts only structured progress heartbeats (0.751511ms)
✔ NAL runner resets the no-progress watchdog for cycle, command, and marker heartbeats (0.49526ms)
✔ NAL runner preserves expected marker count on timeout rows (0.632083ms)
✔ NAL runner recognizes Windows timeout results with signal and message (2.508177ms)
✔ Tense lookup accepts Java String values at the parser boundary (0.497136ms)
✔ NAL metadata separates embedded and runner-added cycles (0.525625ms)
✔ NAL runner validates and resumes a persisted per-file result (7911.718383ms)
✔ NAL runner selects the explicit M1-- corpus without limit-based truncation (3.993073ms)
✔ NAL runner rejects partial corpus options for M1-- (2.924479ms)
✔ NAL runner records an explicit TypeScript process mode and separates run keys (1.141198ms)
✔ NAL runner rejects duplicate checkpoint rows for one run (2.318958ms)
✔ NAL runner rejects duplicate input files before execution (0.387031ms)
✔ NAL runner persists cold and hot results without overwriting either run (15154.896088ms)
✔ NAL runner keeps hot results isolated from order and cold-process boundaries (33211.427696ms)
✔ NAL runner resumes after a real middle-file timeout and preserves the tail (2186.098749ms)
✔ NAL trace describes ExecutionResult with Java-equivalent operation feedback (8129.502861ms)
✔ Nar configuration keys and state strings stay native (195.035ms)
✔ Nar diagnostics use native text literals at Java exception boundaries (4.375052ms)
✔ Nar file persistence exposes project-owned text path boundaries (3.171094ms)
✔ Nar internal input helpers keep native string values (251.294323ms)
✔ Nar metadata and configuration paths stay native strings (209.995417ms)
✔ Nar sensory channel registry keeps Java Map and Term equality semantics (305.405052ms)
✔ Nar sensory channel consumer accepts a native string boundary (175.215052ms)
✔ SensoryChannel keeps the Java plain-base class identity contract (189.169114ms)
✔ NarNode network text boundaries stay project-owned (4.074271ms)
✔ NarNode.TargetNar keeps the Java plain network-target boundary (2.458542ms)
✔ NarNode keeps class identity without inheriting jree.JavaObject (0.630312ms)
✔ NarNode stores redirection targets in insertion order (7.634323ms)
✔ Narsese follows the canonical plain-class boundary (199.729739ms)
✔ Narsese parser uses the project string boundary for temporary arguments (2.609792ms)
✔ Narsese preserves temporal statement order from Java relation dispatch (5023.350779ms)
✔ NativeDeque preserves FIFO order and removes from the head (10.215ms)
✔ NativeDeque iterator.remove preserves the remaining order (1.890208ms)
✔ NativeDeque supports re-adding an iterator match at the tail (0.578125ms)
✔ NativeDeque matches TaskLink's bounded-record eviction condition (0.59073ms)
✔ time and multistep interfaces use native TypeScript values (2.433437ms)
✔ NativeList preserves Java ArrayList insertion and indexed access order (5.184062ms)
✔ NativeList preserves indexed removal and Java-style equality lookup (0.644531ms)
✔ NativeList equality lookup calls equals on the searched value (0.259687ms)
✔ NativeList iterator preserves removal and fail-fast behavior (1.002083ms)
✔ NativeList rejects invalid element and insertion indices (0.375312ms)
✔ native lookup tables preserve Java symbol and tense contracts (1567.763646ms)
✔ Term atom cache normalizes Java and native text keys (524.463802ms)
✔ NativeMap preserves Java Map equality, insertion order, and replacement position (3.718125ms)
✔ NativeMap scans hash collisions and removes indexed records (0.350208ms)
✔ NativeMap preserves equality fallback for object keys without hashCode (0.225469ms)
✔ NativeMap views are live and iterators support Java-style removal (0.891354ms)
✔ NativeMap distinguishes a missing key from a mapped null value (0.189427ms)
✔ NativeMap entry, key, and value views preserve Java removal contracts (0.367188ms)
✔ NativeMap clone, equals, hashCode, and putAll preserve entry values (0.406458ms)
✔ NativeMap iterators allow entry updates and only iterator removal changes version (0.426198ms)
✔ NativeMap count entries match jree LinkedHashMap on equal domain keys (927.770521ms)
✔ NativeMap implements the project MapContract without erasing Map semantics (0.436823ms)
✔ NativeReadOnlyList is a live ordered view over a native array (6.078958ms)
✔ NativeReadOnlyList preserves NativeList equality lookup and rejects mutation (1.225261ms)
✔ NativeSet preserves Java Set equality and insertion order (5.315885ms)
✔ NativeSet uses the searched value as the Java equals receiver (0.419792ms)
✔ NativeSet iterator supports Java remove and fail-fast mutation checks (4.062448ms)
✔ NativeSet.equals follows Java AbstractSet receiver direction (1.227604ms)
✔ NativeSet deduplicates structurally equal Terms used as target Set values (5043.377967ms)
✔ NativeSortedSet preserves TreeSet order and comparator uniqueness (5.516302ms)
✔ NativeSortedSet follows the Java Set equality and hash contract (1.154896ms)
✔ Term.toSortedSet supports retainAll and Java-shaped toArray (6.266823ms)
✔ Task keeps its best solution null until Java sets one (4300.178592ms)
✔ initialized Term names retain their Java string value (1.697136ms)
✔ CompoundTerm rebuilds its name after Java null cache invalidation (2.457916ms)
✔ operator constructors preserve Java string boundaries (3.23875ms)
✔ Feel constructors preserve the Java native String contract (0.495261ms)
✔ FunctionOperator accepts the Java String constructor boundary (0.40526ms)
✔ Reflect.sop preserves the translated Java varargs-array overload (2.204271ms)
✔ Reflect.sop normalizes native and boxed Java string operator names (0.700625ms)
✔ Count preserves Java's invalid-input exception contract (1.489792ms)
✔ Operation and NullOperator preserve Java invalid-argument boundaries (0.599844ms)
✔ Operation.makeName preserves Java StringBuilder text semantics (0.366563ms)
✔ Operation keeps CharSequence and exceptions behind project boundaries (0.805052ms)
✔ Operator.operationExecutionString returns native Java-equivalent output text (1.009271ms)
✔ Operator.addPrefixIfMissing normalizes boxed and native Java String inputs (0.377032ms)
✔ FunctionOperator preserves Java arity and overload exception contracts (0.78375ms)
✔ FunctionOperator copies Java parameter arguments into a fresh shallow array (3.104375ms)
✔ Operator.call preserves null and ordered empty feedback contracts (1.305052ms)
✔ Operator.reportExecution accepts native event payloads at the Java Object boundary (0.639687ms)
✔ Add preserves Java argument and result contracts (1.454323ms)
✔ Add preserves Java StringUtils.isNumeric and Integer.parseInt boundaries (1.027968ms)
✔ Reflect preserves Java argument and overload contracts (0.686719ms)
✔ Anticipate preserves its invalid-constructor exception contract (0.44776ms)
✔ Operator.call preserves its invalid-overload exception contract (0.374479ms)
✔ operator and plugin text boundaries use native strings (3.654375ms)
✔ operator and plugin exceptions use the project-owned exception layer (2.491302ms)
✔ Nar config preserves Java float parameters at the TruthValue clamp boundary (186.849167ms)
✔ Memory.cycles narrows the duration before the Java multiplication (180.609948ms)
✔ Memory.output narrows the volume ratio before the Java subtraction (175.227292ms)
✔ Parameters keeps every Java float default in binary32 (0.559792ms)
✔ Plugin CharSequence boundary accepts Java and native string values (2.534375ms)
✔ Plugin names use a project-owned CharSequence boundary (1.255833ms)
✔ plugin exception boundaries use project-owned Java exception classes (3.067864ms)
✔ ProcessAnticipation uses the project string boundary (2.613229ms)
✔ ProcessGoal keeps project-owned host and collection boundaries (3.435521ms)
✔ ProcessJudgment uses native exception text (2.569375ms)
✔ ProcessQuestion uses project-owned state exceptions (2.559427ms)
✔ jree Random.nextDouble preserves Java's 53-bit value (2.243541ms)
✔ RuleTables keeps project-owned enum and exception boundaries (3.147605ms)
✔ javaStringLength normalizes jree and native string representations (2.743281ms)
✔ javaStringValue applies Java toString before JS interpolation (0.359271ms)
✔ Java string equality and hashing use exact UTF-16 code units (0.649583ms)
✔ jree Double compatibility preserves boxed numeric operations (0.455313ms)
✔ identity hash compatibility is stable and distinguishes object identity (0.315104ms)
✔ missing jree exception compatibility preserves Java inheritance (0.705365ms)
✔ jree object FQN marker is inherited without changing class identity (0.420833ms)
✔ shell starts without loader or jree deprecation warnings (5557.504373ms)
✔ shell reads an external config in the host adapter without warnings (5522.399634ms)
✔ Sentence normalization keeps array copying project-owned (3.210625ms)
✔ Sentence keeps exception construction inside project boundaries (2.784062ms)
✔ serial parameterized runner continues after a case failure (5.058385ms)
✔ src/language/SetExt.ts uses project-owned Java argument exceptions (2.619531ms)
✔ src/language/SetInt.ts uses project-owned Java argument exceptions (0.248437ms)
✔ SetExt and SetInt expose project-owned collection types (2.296406ms)
✔ set operator classes avoid unused direct jree imports (2.399583ms)
✔ SetTensional uses the project-owned Java state exception (2.506875ms)
✔ SetTensional keeps its CharSequence return type project-owned (2.529271ms)
✔ SetTensional builds names through the project string boundary (2.566563ms)
✔ Shell keeps the Java plain-class boundary and ThreadCompat remains local (14.415ms)
✔ shell parses the Java-like interactive control commands (5.088542ms)
✔ shell rejects invalid automatic cycle counts (1.082917ms)
✔ Node stdin adapter exposes queued bytes through Java InputStream (5.038438ms)
✔ Shell command-line text boundaries accept project-owned strings (9.055833ms)
✔ Shell log preserves native and boxed string output (15.649635ms)
✔ Similarity, Disjunction, and Negation avoid direct jree argument exceptions (2.811302ms)
✔ Similarity preserves project-owned argument exception identity (2.826719ms)
✔ Disjunction preserves project-owned argument exception identity (1.068177ms)
✔ Negation preserves project-owned argument exception identity (0.679687ms)
✔ checkpoint recovery stays consistent beyond 200 reasoning cycles (5899.202967ms)
✔ snapshot experiment rejects an endpoint checkpoint (1.53026ms)
✔ snapshot experiment preserves checkpoint manifests for process recovery (2393.274947ms)
✔ a fresh recovery entry point matches the zero-run tail and final state (2887.268749ms)
✔ stage digest parser requires the summary contract (3.947031ms)
✔ stage digest comparison returns equality for matching windows (3.179271ms)
✔ stage digest comparison reports the first differing stage and field (0.379011ms)
✔ stage digest comparison distinguishes missing windows from equal empty data (0.26625ms)
✔ stage digest comparison does not ignore pre-cycle input differences (0.389844ms)
✔ stage digest prefix comparison separates matched windows from unfinished execution (0.631094ms)
✔ Stamp keeps class identity and clone without a jree JavaObject shell (2.594427ms)
✔ Stamp.baseOverlap uses BaseEntry value equality, not object identity (0.605781ms)
✔ Stamp.evidenceIsCyclic detects equal BaseEntry values in one evidential base (0.434167ms)
✔ ProcessGoal evidence subset keeps Java BaseEntry equality (2538.122291ms)
✔ Stamp keeps project-owned exception and collection boundaries (3.414323ms)
✔ Stamp occurrence text keeps Java String output without StringBuilder construction (2.779062ms)
✔ Stamp appendOcurrenceTime preserves the caller builder and append contract (0.755573ms)
✔ Stamp name is a cached Java String and invalidates after occurrence changes (0.794584ms)
✔ Node strings are normalized at Narsese input boundaries (172.889271ms)
✔ Narsese compound parsing preserves native argument order (150.889479ms)
✔ Narsese functional operation parsing consumes native operator prefix text (149.62ms)
✔ StructuralRules sequence array copies preserve Java component order (2702.944686ms)
✔ StructuralRules no longer imports jree for array copies (0.72651ms)
✔ SyllogisticRules uses project-owned argument exceptions (2.68474ms)
✔ Symbols and Narsese use project-owned argument exceptions (3.239219ms)
✔ Symbols keeps the NativeOperator contract without a direct jree import (0.363334ms)
✔ System operator executes its Java-compatible shell contract (54.161563ms)
✔ System operator exposes the Java range term (0.993594ms)
✔ System operator reports a missing host capability explicitly (1.861875ms)
✔ System operator preserves Java empty-result behavior when the host command fails (0.417605ms)
✔ Task keeps project-owned enum and string boundaries (2.46802ms)
✔ Memory refreshes an input Sentence hash after assigning occurrence (179.294271ms)
✔ Task Bag merges Java-equal derived sentences by TruthValue hash (1422.89151ms)
✔ TaskLink.Recording keeps its Java data contract without a jree object shell (2.236354ms)
✔ TemporalInferenceControl uses project host boundaries (2.515885ms)
✔ TemporalInferenceControl filters equal Task values in local attempt set (9.595261ms)
✔ TemporalRules uses project exception boundaries (3.059948ms)
✔ Term does not construct jree argument/state exceptions directly (2.404583ms)
✔ Term invalid overloads preserve project exception identity (1.299167ms)
✔ TermLink prefix preserves Java type, index order, and hexadecimal formatting (2.899948ms)
✔ Terms uses project-owned argument and state exceptions (2.61375ms)
✔ Terms invalid overloads preserve project exception identity (1898.85828ms)
✔ Texts.n2 formats values with two decimals and rounding (2.319375ms)
✔ Texts.n2 rejects out-of-range values (0.745209ms)
✔ Texts.n4 and n1 format fixed decimals (0.272864ms)
✔ Texts.yarn concatenates non-null components (0.237083ms)
✔ Texts.compareTo matches lexicographic ordering (0.391042ms)
✔ ThreadCompat uses native scheduling and preserves the translated call surface (10.677916ms)
✔ ThreadCompat keeps synchronous sleep and native interruption errors (1.609062ms)
✔ commutative conjunction follows Java term ordering for toothbrush goal (4077.566873ms)
✔ scoped variable ordering uses Java code-unit order for commutative intersections (153.96802ms)
✔ default NAR loads the internal experience plugin used by Java toothbrush (147.02901ms)
✔ tensional sets initialize Java-compatible compound complexity (2.101042ms)
✔ budget fields narrow at Java float write boundaries (1.532813ms)
✔ novel-task Bag preserves Java float level selection at the 0.8 boundary (161.700677ms)
✔ utility float accumulators narrow at each Java assignment boundary (1.587604ms)
✔ forgetting narrows Java float parameters before the exponent boundary (1.983386ms)
✔ derived task applies Java float leak operands before multiplication (142.114844ms)
✔ mental operation feedback does not create a Java operation frame (152.42776ms)
✔ sentence rendering preserves Java conceptual decimal visual indices (141.265573ms)
✔ compound-condition TermLink overload preserves Java's leading condition index (147.954271ms)
✔ conditional operation unification substitutes the grounded toothbrush term (147.03599ms)
✔ grounded toothbrush operation produces Java-style execution feedback (139.381146ms)
✔ TruthFunctions keeps project-owned enum and exception boundaries (3.08974ms)
✔ TruthValue constructor assigns fields and keeps Parameters reference (2.577917ms)
✔ TruthValue factory methods map to expected defaults (0.380938ms)
✔ TruthValue clamps confidence based on TRUTH_EPSILON (0.208489ms)
✔ TruthValue expectation and negativity follow formula (0.296615ms)
✔ TruthValue string key is stable and usable in maps (0.347291ms)
✔ TruthValue hashCode preserves Java float/double operand boundaries (0.35875ms)
✔ TruthValue equals uses Java epsilon and ignores analytic metadata (0.307344ms)
✔ TruthValue direct frequency writes preserve Java float storage (0.309114ms)
✔ TruthValue expectation difference is a Java float result (0.364166ms)
✔ TruthValue word terms use the native Term factory and preserve Java words (1.515833ms)
✔ TS-only process policy recognizes direct Java and shell launches (3.931927ms)
✔ TS-only preloader rejects Java launch without invoking a real Java binary (175.272552ms)
✔ five responsibility clusters are stable and expose two to five sentinel NAL files (4.118906ms)
✔ every current production TypeScript file belongs to exactly one responsibility cluster (22.625521ms)
✔ a risk slice selects cluster sentinels and never creates an M1-minus command (1.725625ms)
✔ a cluster close creates one M1-minus command and omits the redundant sentinel run (0.458854ms)
✔ one explicit owner may carry at most one small supporting cluster (0.846094ms)
✔ unknown, untouched and missing-evidence plans fail closed (0.526198ms)
✔ stage acceptance requests live Java, full M1 and strict markerless evidence (0.275521ms)
✔ Variable uses project-owned Java exception classes (2.776406ms)
✔ Variable constructors do not wrap native names with jree String (2.183125ms)
✔ Variables uses project-owned Java exception classes (2.528386ms)
✔ compound hasVar(type) preserves Java variable-kind dispatch (4156.749843ms)
✔ 变量统一会替换操作参数并保留 Operation 运行时类型 (3007.826301ms)
✔ common variable propagation matches Java for commutative unification (1115.983229ms)
✔ commutative unification does not reuse one matched operand index (147.227656ms)
✔ Variables initializes the Java Map pair with native ordered maps (4.762813ms)
✔ default NAR registers VisionChannel and maps decimal coordinates (4182.071457ms)
✔ VisionChannel keeps prototype order in a native array (141.803229ms)
✔ VisualSpace keeps the Java plain-class boundary and image snapshot contract (5.579218ms)
✔ VisualSpace keeps math and operator text on project boundaries (0.813906ms)
ℹ tests 480
ℹ suites 0
ℹ pass 475
ℹ fail 0
ℹ cancelled 0
ℹ skipped 5
ℹ todo 0
ℹ duration_ms 554954.414059
