[info] Scanned AGENTS.md
[info] Scanned README.md
[info] Scanned 通用转写方法1.1.md
[info] Scanned docs/README.md
[info] Scanned docs/babelnar-on-demand-cross-parity-test-plan.md
[info] Scanned docs/current-status-and-runbook.md
[info] Scanned docs/current-status.md
[info] Scanned docs/developer-guide.md
[info] Scanned docs/java-to-typescript-migration-patterns.md
[info] Scanned docs/luna-agent-goal-restart-prompt.md
[info] Scanned docs/luna-agent-post-g0-goal.md
[info] Scanned docs/luna-agent-review-and-next-actions.md
[info] Scanned docs/platform-neutral-single-js-library-plan.md
[info] Scanned docs/strategic-baseline.md
[info] Scanned docs/translation-deep-pitfalls.md
[info] Scanned docs/user-guide.md
[info] Scanned docs/verification-commands.md
[info] Scanned docs/diagnostic-archive.md
[info] Scanned docs/luna-agent-active-goal.md
[info] Scanned reports/20260111-025917.md
[info] Scanned reports/20260111-031507.md
[info] Scanned reports/20260111-034545.md
[info] Scanned reports/20260111-035408.md
[info] Scanned reports/20260111-045706.md
[info] Scanned reports/20260111-051038.md
[info] Scanned reports/20260111-052558.md
[info] Scanned reports/20260111-054016.md
[info] Scanned reports/20260111-135058.md
[info] Scanned reports/20260111-150801.md
[info] Scanned reports/20260111-173019.md
[info] Scanned reports/20260111-193115.md
[info] Scanned reports/20260111-193923.md
[info] Scanned reports/20260111-195353.md
[info] Scanned reports/20260111-202547.md
[info] Scanned reports/20260111-202846.md
[info] Scanned reports/20260111-204408.md
[info] Scanned reports/20260111-212015.md
[info] Scanned reports/20260111-213237.md
[info] Scanned reports/20260112-012437.md
[info] Scanned reports/20260112-015656.md
[info] Scanned reports/20260112-024553.md
[info] Scanned reports/20260112-042845.md
[info] Scanned reports/20260112-051208.md
[info] Scanned reports/20260112-051458.md
[info] Scanned reports/20260112-055357.md
[info] Scanned reports/20260821-224830.md
[info] Scanned reports/20260821-225341.md
[info] Scanned reports/20260821-231953.md
[info] Scanned reports/20260822-000701.md
[info] Scanned reports/20260822-023953.md
[info] Scanned reports/20260822-045208.md
[info] Scanned reports/20260822-061154.md
[info] Scanned reports/20260822-064650.md
[info] Scanned reports/20260822-082513.md
[info] Scanned reports/20260822-084851.md
[info] Scanned reports/20260822-095228.md
[info] Scanned reports/20260822-101840.md
[info] Scanned reports/20260822-103559.md
[info] Scanned reports/20260822-113724.md
[info] Scanned reports/20260822-130159.md
[info] Scanned reports/20260822-161935.md
[info] Scanned reports/20260822-174206.md
[info] Scanned reports/20260822-190915.md
[info] Scanned reports/20260822-203803.md
[info] Scanned reports/20260822-210709.md
[info] Scanned reports/20260822-235343.md
[info] Scanned reports/20260823-012631.md
[info] Scanned reports/20260823-015148.md
[info] Scanned reports/20260823-025123.md
[info] Scanned reports/20260823-032605.md
[info] Scanned reports/20260823-040246.md
[info] Scanned reports/20260823-042834.md
[info] Scanned reports/20260823-045328.md
[info] Scanned reports/20260823-052932.md
[info] Scanned reports/20260823-054843.md
[info] Scanned reports/20260823-060854.md
[info] Scanned reports/20260823-062237.md
[info] Scanned reports/20260823-072319.md
[info] Scanned reports/20260823-073118.md
[info] Scanned reports/20260823-073743.md
[info] Scanned reports/20260823-075457.md
[info] Scanned reports/20260823-075935.md
[info] Scanned reports/20260823-082358.md
[info] Scanned reports/20260823-092338.md
[info] Scanned reports/20260823-093214.md
[info] Scanned reports/20260823-095311.md
[info] Scanned reports/20260823-101630.md
[info] Scanned reports/20260823-102948.md
[info] Scanned reports/20260823-104705.md
[info] Scanned reports/20260823-105649.md
[info] Scanned reports/20260823-110539.md
[info] Scanned reports/20260823-112013.md
[info] Scanned reports/20260823-121354.md
[info] Scanned reports/20260823-132618.md
[info] Scanned reports/20260823-140617.md
[info] Scanned reports/20260823-154929.md
[info] Scanned reports/20260823-155751.md
[info] Scanned reports/20260823-161004.md
[info] Scanned reports/20260823-161408.md
[info] Scanned reports/20260823-161940.md
[info] Scanned reports/20260823-162307.md
[info] Scanned reports/20260823-163634.md
[info] Scanned reports/20260823-165045.md
[info] Scanned reports/20260823-171248.md
[info] Scanned reports/20260823-193828.md
[info] Scanned reports/20260823-194545.md
[info] Scanned reports/20260823-212402.md
[info] Scanned reports/20260823-214153.md
[info] Scanned reports/20260823-214803.md
[info] Scanned reports/20260823-220256.md
[info] Scanned reports/20260823-220933.md
[info] Scanned reports/20260823-223630.md
[info] Scanned reports/20260824-001924.md
[info] Scanned reports/20260824-003209.md
[info] Scanned reports/20260824-005736.md
[info] Scanned reports/20260824-012816.md
[info] Scanned reports/20260824-021421.md
[info] Scanned reports/20260824-070924.md
[info] Scanned reports/20260824-100447.md
[info] Scanned reports/20260824-102742.md
[info] Scanned reports/20260824-104118.md
[info] Scanned reports/20260824-112832.md
[info] Scanned reports/20260824-113851.md
[info] Scanned reports/20260824-115417.md
[info] Scanned reports/20260824-134059.md
[info] Scanned reports/20260824-173404.md
[info] Scanned reports/20260824-200528.md
[info] Scanned reports/20260824-201746.md
[info] Scanned reports/20260824-203349.md
[info] Scanned reports/20260824-205014.md
[info] Scanned reports/20260825-000444.md
[info] Scanned reports/20260825-002517.md
[info] Scanned reports/20260825-003243.md
[info] Scanned reports/20260825-003828.md
[info] Scanned reports/20260825-004649.md
[info] Scanned reports/20260825-012446.md
[info] Scanned reports/20260825-013440.md
[info] Scanned reports/20260825-013954.md
[info] Scanned reports/20260825-014450.md
[info] Scanned reports/20260825-015203.md
[info] Scanned reports/20260825-020212.md
[info] Scanned reports/20260825-025202.md
[info] Scanned reports/20260825-025939.md
[info] Scanned reports/20260825-032008.md
[info] Scanned reports/20260825-040324.md
[info] Scanned reports/20260825-041019.md
[info] Scanned reports/20260825-041837.md
[info] Scanned reports/20260825-043611.md
[info] Scanned reports/20260825-044543.md
[info] Scanned reports/20260825-053154.md
[info] Scanned reports/20260825-061549.md
[info] Scanned reports/20260825-062412.md
[info] Scanned reports/20260825-063637.md
[info] Scanned reports/20260825-064739.md
[info] Scanned reports/20260825-070638.md
[info] Scanned reports/20260825-072018.md
[info] Scanned reports/20260825-072538.md
[info] Scanned reports/20260825-073249.md
[info] Scanned reports/20260825-074820.md
[info] Scanned reports/20260825-075636.md
[info] Scanned reports/20260825-083310.md
[info] Scanned reports/20260825-083813.md
[info] Scanned reports/20260825-085409.md
[info] Scanned reports/20260825-085829.md
[info] Scanned reports/20260825-090202.md
[info] Scanned reports/20260825-090532.md
[info] Scanned reports/20260825-090916.md
[info] Scanned reports/20260825-092319.md
[info] Scanned reports/20260825-093457.md
[info] Scanned reports/20260825-093734.md
[info] Scanned reports/20260825-094050.md
[info] Scanned reports/20260825-094319.md
[info] Scanned reports/20260825-094923.md
[info] Scanned reports/20260825-095601.md
[info] Scanned reports/20260825-100005.md
[info] Scanned reports/20260825-100445.md
[info] Scanned reports/20260825-101243.md
[info] Scanned reports/20260825-101650.md
[info] Scanned reports/20260825-102033.md
[info] Scanned reports/20260825-102352.md
[info] Scanned reports/20260825-103139.md
[info] Scanned reports/20260825-103848.md
[info] Scanned reports/20260825-112942.md
[info] Scanned reports/20260825-120645.md
[info] Scanned reports/20260825-134235.md
[info] Scanned reports/20260825-135949.md
[info] Scanned reports/20260825-140433.md
[info] Scanned reports/20260825-140840.md
[info] Scanned reports/20260825-142017.md
[info] Scanned reports/20260825-150644.md
[info] Scanned reports/20260825-202137.md
[info] Scanned reports/20260825-205139.md
[info] Scanned reports/20260826-003800.md
[info] Scanned reports/20260826-013055.md
[info] Scanned reports/20260826-020136.md
[info] Scanned reports/20260826-023211.md
[info] Scanned reports/20260826-024409.md
[info] Scanned reports/20260826-025707.md
[info] Scanned reports/20260826-033318.md
[info] Scanned reports/20260826-051719.md
[info] Scanned reports/20260826-075309.md
[info] Scanned reports/20260826-133631.md
[info] Scanned reports/20260826-135008.md
[info] Scanned reports/20260826-140241.md
[info] Scanned reports/20260826-154846.md
[info] Scanned reports/20260826-155821.md
[info] Scanned reports/20260826-160742.md
[info] Scanned reports/20260826-163331.md
[info] Scanned reports/20260826-164336.md
[info] Scanned reports/20260826-165104.md
[info] Scanned reports/20260826-165959.md
[info] Scanned reports/20260826-171010.md
[info] Scanned reports/20260826-172637.md
[info] Scanned reports/20260826-175035.md
[info] Scanned reports/20260826-212531.md
[info] Scanned reports/20260826-214709.md
[info] Scanned reports/20260826-220315.md
[info] Scanned reports/20260827-003242.md
[info] Scanned reports/20260915-171226.md
[info] Scanned reports/20260915-173124.md
[info] Scanned reports/20260915-173959.md
[info] Scanned reports/20260915-180430.md
[info] Scanned reports/20260915-200152.md
[info] Scanned reports/20260915-234040.md
[info] Scanned reports/20260916-074856.md
[info] Scanned reports/20260916-091636.md
[info] Scanned reports/20260916-105930.md
[info] Scanned reports/20260916-153656.md
[info] Scanned reports/20260916-225427.md
[info] Scanned reports/20260917-080337.md
[info] Scanned reports/20260917-120129.md
[info] Scanned reports/20260824-144321.md
[info] Scanned reports/20260824-154835.md
[info] Scanned reports/20260824-165138.md
[info] Scanned reports/20260824-195153.md
[info] Scanned reports/20260824-201227.md
[info] Scanned reports/20260824-202407.md
[info] Scanned reports/20260824-205640.md
[info] Scanned reports/20260824-210509.md
[info] Scanned reports/20260824-211347.md
[info] Scanned reports/20260824-234344.md
[info] Scanned reports/20260825-004132.md
[info] Scanned reports/20260825-010135.md
[info] Scanned reports/20260825-010747.md
[info] Scanned reports/20260825-011210.md
[info] Scanned reports/20260825-011552.md
[info] Scanned reports/20260825-012718.md
[info] Scanned reports/20260825-020650.md
[info] Scanned reports/20260825-021408.md
[info] Scanned reports/20260825-023558.md
[info] Scanned reports/20260825-024158.md
[info] Scanned reports/20260825-030947.md
[info] Scanned reports/20260825-032809.md
[info] Scanned reports/20260825-034026.md
[info] Scanned reports/20260825-034828.md
[info] Scanned reports/20260825-035359.md
[info] Scanned reports/20260825-042537.md
[info] Scanned reports/20260825-043206.md
[info] Scanned reports/20260825-043902.md
[info] Scanned reports/20260825-045439.md
[info] Scanned reports/20260825-050038.md
[info] Scanned reports/20260825-050842.md
[info] Scanned reports/20260825-051536.md
[info] Scanned reports/20260825-052204.md
[info] Scanned reports/20260825-053526.md
[info] Scanned reports/20260825-053933.md
[info] Scanned reports/20260825-054341.md
[info] Scanned reports/20260825-055625.md
[info] Scanned reports/20260825-060232.md
[info] Scanned reports/20260825-064007.md
[info] Scanned reports/20260825-065318.md
[info] Scanned reports/20260825-070021.md
[info] Scanned reports/20260825-074118.md
[info] Scanned reports/20260825-075326.md
[info] Scanned reports/20260825-080205.md
[info] Scanned reports/20260825-081123.md
[info] Scanned reports/20260825-081640.md
[info] Scanned reports/20260825-084235.md
[info] Scanned reports/20260825-084614.md
[info] Scanned reports/20260825-091316.md
[info] Scanned reports/20260825-091655.md
[info] Scanned reports/20260825-092718.md
[info] Scanned reports/20260825-100845.md
[info] Scanned reports/20260825-102704.md
[info] Scanned reports/20260825-104331.md
[info] Scanned reports/20260825-104955.md
[info] Scanned reports/20260825-110353.md
[info] Scanned reports/20260825-112101.md
[info] Scanned reports/20260825-115042.md
[info] Scanned reports/20260825-133341.md
[info] Scanned reports/20260825-133930.md
[info] Scanned reports/20260825-134825.md
[info] Scanned reports/20260825-140555.md
[info] Scanned reports/20260825-141314.md
[info] Scanned reports/20260825-141438.md
[info] Scanned reports/20260825-142657.md
[info] Scanned reports/20260825-143428.md
[info] Scanned reports/20260825-143939.md
[info] Scanned reports/20260825-144701.md
[info] Scanned reports/20260825-145736.md
[info] Scanned reports/20260825-151744.md
[info] Scanned reports/20260825-153048.md
[info] Scanned reports/20260825-154335.md
[info] Scanned reports/20260825-161425.md
[info] Scanned reports/20260825-194939.md
[info] Scanned reports/20260826-000307.md
[info] Scanned reports/20260826-002124.md
[info] Scanned reports/20260826-022627.md
[info] Scanned reports/20260826-023622.md
[info] Scanned reports/20260826-060734.md
[info] Scanned reports/20260826-065747.md
[info] Scanned reports/20260826-124335.md
[info] Scanned reports/20260826-134045.md
[info] Scanned reports/20260826-141113.md
[info] Scanned reports/20260826-151149.md
[info] Scanned reports/20260826-163920.md
[info] Scanned reports/20260826-174319.md
[info] Scanned reports/20260826-180248.md
[info] Scanned reports/20260826-180926.md
[info] Scanned reports/20260826-181535.md
[info] Scanned reports/20260826-182050.md
[info] Scanned reports/20260826-195419.md
[info] Scanned reports/20260826-210600.md
[info] Scanned reports/20260826-213354.md
[info] Scanned reports/20260826-213835.md
[info] Scanned reports/20260826-215558.md
[info] Scanned reports/20260826-231219.md
[info] Scanned reports/20260827-011451.md
[info] Scanned reports/20260915-170037.md
[info] Scanned reports/20260915-182437.md
[info] Scanned reports/20260915-214647.md
[info] Scanned reports/20260916-143600.md
[info] Scanned reports/20260916-171613.md
[info] Scanned reports/20260916-182233.md
[info] Scanned reports/20260916-193157.md
[info] Scanned reports/20260916-212425.md
[info] Scanned reports/20260916-235913.md
[info] Scanned reports/20260917-142356.md
[info] Scanned reports/20260917-224631.md
[info] Scanned reports/20260917-232955.md
[info] Scanned reports/20260918-010229.md
[info] Scanned reports/20260918-033036.md
[info] Scanned reports/20260918-033824.md
[info] Scanned reports/20260918-055332.md
[info] Scanned reports/20260918-061135.md
[info] Scanned reports/20260918-065744.md
[info] Scanned reports/20260918-071837.md
[info] Scanned reports/20260918-101758.md
[info] Scanned reports/20260918-135638.md
[info] Scanned reports/20260918-145645.md
[info] Scanned reports/20260918-150836.md
[info] Scanned reports/20260918-155507.md
[info] Scanned reports/20260918-172328.md
[info] Scanned reports/20260919-003336.md
[info] Scanned reports/20260919-004703.md
[info] Scanned reports/20260919-065512.md
[info] Scanned reports/20260919-105710.md
[info] Scanned reports/20260919-122358.md
[info] Scanned reports/20260919-130804.md
[info] Scanned reports/20260919-174625.md
[info] Scanned reports/20260919-185533.md
[info] Scanned reports/20260919-194755.md
[info] Scanned reports/20260919-204324.md
[info] Scanned reports/20260919-213851.md
[info] Scanned reports/20260919-215546.md
[info] Scanned reports/20260919-233258.md
[info] Scanned reports/20260920-010653.md
[info] Scanned reports/20260920-091622.md
[info] Scanned reports/20260920-101035.md
[info] Scanned reports/20260920-104943.md
[info] Scanned reports/20260920-151120.md
[info] Scanned reports/20260920-153152.md
[info] Scanned reports/20260920-154935.md
[info] Scanned reports/20260924-102256.md
[info] Scanned reports/20260917-074048.md
[info] Scanned reports/20260917-083653.md
[info] Scanned reports/20260917-215904.md
[info] Scanned reports/20260918-001150.md
[info] Scanned reports/20260918-031549.md
[info] Scanned reports/20260918-040613.md
[info] Scanned reports/20260918-131542.md
[info] Scanned reports/20260918-153209.md
[info] Scanned reports/20260918-164429.md
[info] Scanned reports/20260918-171510.md
[info] Scanned reports/20260918-174105.md
[info] Scanned reports/20260918-190658.md
[info] Scanned reports/20260918-202717.md
[info] Scanned reports/20260919-030158.md
[info] Scanned reports/20260919-040006.md
[info] Scanned reports/20260919-061141.md
[info] Scanned reports/20260919-071935.md
[info] Scanned reports/20260919-080646.md
[info] Scanned reports/20260919-151046.md
[info] Scanned reports/20260919-160303.md
[info] Scanned reports/20260919-201956.md
[info] Scanned reports/20260919-210739.md
[info] Scanned reports/20260919-222957.md
[info] Scanned reports/20260919-231109.md
[info] Scanned reports/20260920-083630.md
[info] Scanned reports/20260920-085716.md
[info] Scanned reports/20260920-094615.md
[info] Scanned reports/20260920-102737.md
[info] Scanned reports/20260920-112313.md
[info] Scanned reports/20260920-114657.md
[info] Scanned reports/20260920-142558.md
[info] Scanned reports/20260920-144910.md
[info] Scanned reports/20260923-235959.md
[info] Scanned reports/20260924-165806.md
[info] Scanned reports/20260917-121256.md
[info] Scanned reports/20260917-131050.md
[info] Scanned reports/20260917-132229.md
[info] Scanned reports/20260917-192406.md
[info] Scanned reports/20260917-194533.md
[info] Scanned reports/20260917-201456.md
[info] Scanned reports/20260918-030631.md
[info] Scanned reports/20260918-035006.md
[info] Scanned reports/20260918-043246.md
[info] Scanned reports/20260918-144042.md
[info] Scanned reports/20260918-152138.md
[info] Scanned reports/20260918-154440.md
[info] Scanned reports/20260918-170220.md
[info] Scanned reports/20260918-173153.md
[info] Scanned reports/20260918-222523.md
[info] Scanned reports/20260918-234201.md
[info] Scanned reports/20260919-024737.md
[info] Scanned reports/20260919-070629.md
[info] Scanned reports/20260919-101035.md
[info] Scanned reports/20260919-201610.md
[info] Scanned reports/20260920-000117.md
[info] Scanned reports/20260920-073654.md
[info] Scanned reports/20260920-081252.md
[info] Scanned reports/20260920-105739.md
[info] Scanned reports/20260920-123219.md
[info] Scanned reports/20260920-125429.md
[info] Scanned reports/20260920-131101.md
[info] Scanned reports/20260920-132923.md
[info] Scanned reports/20260917-095625.md
[info] Scanned reports/20260917-101729.md
[info] Scanned reports/20260917-103114.md
[info] Scanned reports/20260917-125843.md
[info] Scanned reports/20260917-132959.md
[info] Scanned reports/20260917-154752.md
[info] Scanned reports/20260917-200443.md
[info] Scanned reports/20260917-210251.md
[info] Scanned reports/20260918-024414.md
[info] Scanned reports/20260918-025455.md
[info] Scanned reports/20260918-084749.md
[info] Scanned reports/20260918-111246.md
[info] Scanned reports/20260918-144110.md
[info] Scanned reports/20260918-144857.md
[info] Scanned reports/20260918-145823.md
[info] Scanned reports/20260918-175343.md
[info] Scanned reports/20260918-180501.md
[info] Scanned reports/20260918-212611.md
[info] Scanned reports/20260918-225602.md
[info] Scanned reports/20260919-020533.md
[info] Scanned reports/20260919-034853.md
[info] Scanned reports/20260919-050229.md
[info] Scanned reports/20260919-071447.md
[info] Scanned reports/20260919-084331.md
[info] Scanned reports/20260919-091928.md
[info] Scanned reports/20260919-114104.md
[info] Scanned reports/20260919-134955.md
[info] Scanned reports/20260919-164829.md
[info] Scanned reports/20260919-212629.md
[info] Scanned reports/20260919-221207.md
[info] Scanned reports/20260919-224524.md
[info] Scanned reports/20260920-002114.md
[info] Scanned reports/20260920-004339.md
[info] Scanned reports/20260920-005318.md
[info] Scanned reports/20260920-103904.md
[info] Scanned reports/20260920-120930.md
[info] Scanned reports/20260920-135009.md
[info] Scanned reports/20260920-140529.md
[info] Scanned .lean-spec/references/sub-spec-files.md
[info] Scanned .lean-spec/templates/report-template.md
[info] Scanned .lean-spec/templates/spec-template.md
[info] Scanned reports/evidence/hanzi-20260825-abbreviation.txt
[info] Scanned reports/evidence/hanzi-20260825-anticipate.txt
[info] Scanned reports/evidence/hanzi-20260825-bag.txt
[info] Scanned reports/evidence/hanzi-20260825-composite-factory.txt
[info] Scanned reports/evidence/hanzi-20260825-compound-term.txt
[info] Scanned reports/evidence/hanzi-20260825-conjunction.txt
[info] Scanned reports/evidence/hanzi-20260825-derivation-context.txt
[info] Scanned reports/evidence/hanzi-20260825-diagnostic-taxonomy.txt
[info] Scanned reports/evidence/hanzi-20260825-emotions.txt
[info] Scanned reports/evidence/hanzi-20260825-equivalence.txt
[info] Scanned reports/evidence/hanzi-20260825-eventobserver.txt
[info] Scanned reports/evidence/hanzi-20260825-implication.txt
[info] Scanned reports/evidence/hanzi-20260825-inheritance.txt
[info] Scanned reports/evidence/hanzi-20260825-internalexperience.txt
[info] Scanned reports/evidence/hanzi-20260825-interval.txt
[info] Scanned reports/evidence/hanzi-20260825-local-rules.txt
[info] Scanned reports/evidence/hanzi-20260825-memory.txt
[info] Scanned reports/evidence/hanzi-20260825-operator.txt
[info] Scanned reports/evidence/hanzi-20260825-ruletables.txt
[info] Scanned reports/evidence/hanzi-20260825-structural-rules.txt
[info] Scanned reports/evidence/hanzi-20260825-temporal-rules.txt
[info] Scanned reports/evidence/hanzi-20260825-terms.txt
[info] Scanned reports/evidence/hanzi-20260825-truthfunctions.txt
[info] Scanned reports/evidence/hanzi-20260825-variable-current.txt
[info] Scanned reports/evidence/hanzi-20260825-variable-string-constructor.txt
[info] Scanned reports/evidence/hanzi-20260825-variables.txt
[info] Scanned reports/evidence/hanzi-20260825-visualspace.txt
[info] Scanned reports/evidence/local-parity-20260825-125000-long-boundary.txt
[info] Scanned reports/evidence/local-parity-20260825-134000-javastring-public-boundary.txt
[info] Scanned reports/evidence/local-parity-20260825-abbreviation.txt
[info] Scanned reports/evidence/local-parity-20260825-bag-final.txt
[info] Scanned reports/evidence/local-parity-20260825-budget-value-long-string.txt
[info] Scanned reports/evidence/local-parity-20260825-compositional-rules-final.txt
[info] Scanned reports/evidence/local-parity-20260825-eventobserver.txt
[info] Scanned reports/evidence/local-parity-20260825-implication.txt
[info] Scanned reports/evidence/local-parity-20260825-inheritance-final.txt
[info] Scanned reports/evidence/local-parity-20260825-internalexperience.txt
[info] Scanned reports/evidence/local-parity-20260825-interval.txt
[info] Scanned reports/evidence/local-parity-20260825-legacy-test-boundary-v1.txt
[info] Scanned reports/evidence/local-parity-20260825-memory-final.txt
[info] Scanned reports/evidence/local-parity-20260825-nal-test-metrics.txt
[info] Scanned reports/evidence/local-parity-20260825-nar-sensory-contract-v2.txt
[info] Scanned reports/evidence/local-parity-20260825-narnode-compatibility-final.txt
[info] Scanned reports/evidence/local-parity-20260825-new-stamp-lazy-null.txt
[info] Scanned reports/evidence/local-parity-20260825-process-goal-executable-precondition.txt
[info] Scanned reports/evidence/local-parity-20260825-process-judgment-question-optional.txt
[info] Scanned reports/evidence/local-parity-20260825-structural-rules-final.txt
[info] Scanned reports/evidence/local-parity-20260825-syllogistic-rules-final.txt
[info] Scanned reports/evidence/local-parity-20260825-task-link-null-deque-long-string.txt
[info] Scanned reports/evidence/local-parity-20260825-temporal-inference-control-null-list.txt
[info] Scanned reports/evidence/local-parity-20260825-temporal-one-shot-metric.txt
[info] Scanned reports/evidence/local-parity-20260825-temporal-rules.txt
[info] Scanned reports/evidence/local-parity-20260825-terms-final.txt
[info] Scanned reports/evidence/local-parity-20260825-variable.txt
[info] Scanned reports/evidence/local-parity-20260825-vision-channel-final.txt
[info] Scanned reports/evidence/local-parity-20260825-135500-nal-runner-mjs-declarations.txt
[info] Scanned reports/evidence/local-parity-20260825-anticipate-final.txt
[info] Scanned reports/evidence/local-parity-20260825-composite-factory.txt
[info] Scanned reports/evidence/local-parity-20260825-compound-term-final.txt
[info] Scanned reports/evidence/local-parity-20260825-concept-get-belief-null.txt
[info] Scanned reports/evidence/local-parity-20260825-concept-nullability-long-varargs.txt
[info] Scanned reports/evidence/local-parity-20260825-conjunction.txt
[info] Scanned reports/evidence/local-parity-20260825-current-belief-link-null.txt
[info] Scanned reports/evidence/local-parity-20260825-derivation-context-lazy-fields.txt
[info] Scanned reports/evidence/local-parity-20260825-derivation-context.txt
[info] Scanned reports/evidence/local-parity-20260825-emotions.txt
[info] Scanned reports/evidence/local-parity-20260825-equivalence.txt
[info] Scanned reports/evidence/local-parity-20260825-java-boundary-batch.txt
[info] Scanned reports/evidence/local-parity-20260825-jree-exception-logger.txt
[info] Scanned reports/evidence/local-parity-20260825-local-rules-final.txt
[info] Scanned reports/evidence/npm-test-20260824-vision-fix.txt
[info] Scanned reports/evidence/local-parity-20260825-m2-string-input-batch.txt
[info] Scanned reports/evidence/local-parity-20260825-nar-sensory-contract.txt
[info] Scanned reports/evidence/local-parity-20260825-null-initialization-batch.txt
[info] Scanned reports/evidence/local-parity-20260825-operator-boundary-batch.txt
[info] Scanned reports/evidence/local-parity-20260825-operator.txt
[info] Scanned reports/evidence/local-parity-20260825-output-condition-cycle.txt
[info] Scanned reports/evidence/local-parity-20260825-output-condition-types.txt
[info] Scanned reports/evidence/local-parity-20260825-perf-runtime-compat-v2.txt
[info] Scanned reports/evidence/local-parity-20260825-ruletables.txt
[info] Scanned reports/evidence/local-parity-20260825-test-import-batch.txt
[info] Scanned reports/evidence/local-parity-20260825-test-resource-boundary-v1.txt
[info] Scanned reports/evidence/local-parity-20260825-truthfunctions.txt
[info] Scanned reports/evidence/local-parity-20260825-variable-new-name.txt
[info] Scanned reports/evidence/local-parity-20260825-variable-string-constructor.txt
[info] Scanned reports/evidence/local-parity-20260825-variables-final.txt
[info] Scanned reports/evidence/local-parity-20260825-visualspace.txt
[info] Scanned reports/evidence/nal-parity-20260825-boolean-or-batch.txt
[info] Scanned reports/evidence/nal-parity-20260825-conjunction-private-helper-batch.txt
[info] Scanned reports/evidence/nal-parity-20260825-derivation-context-javastring-batch.txt
[info] Scanned reports/evidence/nal-parity-20260825-java-exception-compat-batch.txt
[info] Scanned reports/evidence/nal-parity-20260825-jree-double-compat-batch.txt
[info] Scanned reports/evidence/nal-parity-20260825-system-exit-compat-batch.txt
[info] Scanned reports/evidence/nal-parity-20260825-termlink-javastring-batch.txt
[info] Scanned reports/evidence/npm-test-serial-20260825-abbreviation.txt
[info] Scanned reports/evidence/npm-test-serial-20260825-144000-eventhandler-varargs-full.txt
[info] Scanned reports/evidence/npm-test-serial-20260825-budget-value-long-string.txt
[info] Scanned reports/evidence/npm-test-serial-20260825-eventobserver.txt
[info] Scanned reports/evidence/npm-test-serial-20260825-implication-failure-repro-fixed.txt
[info] Scanned reports/evidence/npm-test-serial-20260825-jree-exception-logger.txt
[info] Scanned reports/evidence/npm-test-serial-20260825-legacy-test-boundary-v1.txt
[info] Scanned reports/evidence/npm-test-serial-20260825-nal-test-metrics-v2.txt
[info] Scanned reports/evidence/npm-test-serial-20260825-nar-sensory-contract-v2.txt
[info] Scanned reports/evidence/npm-test-serial-20260825-operator-boundary-batch.txt
[info] Scanned reports/evidence/npm-test-serial-20260825-operator.txt
[info] Scanned reports/evidence/npm-test-serial-20260825-output-condition-types-full.txt
[info] Scanned reports/evidence/npm-test-serial-20260825-output-condition-types-v3.txt
[info] Scanned reports/evidence/npm-test-serial-20260825-syllogistic-rules-final.txt
[info] Scanned reports/evidence/npm-test-serial-20260825-variables-query-type-recheck.txt
[info] Scanned reports/evidence/npm-test-serial-20260825-visualspace.txt
[info] Scanned reports/evidence/parity-local-20260825-abstract-term-batch.txt
[info] Scanned reports/evidence/parity-local-20260825-boxed-integer-count-batch.txt
[info] Scanned reports/evidence/parity-local-20260825-clone-nullable-batch.txt
[info] Scanned reports/evidence/parity-local-20260825-derivation-context-javastring-batch.txt
[info] Scanned reports/evidence/parity-local-20260825-logger-compat-batch.txt
[info] Scanned reports/evidence/parity-local-20260825-native-operator-type-batch.txt
[info] Scanned reports/evidence/parity-local-20260825-product-overloads-batch.txt
[info] Scanned reports/evidence/m3-current-nal4-recursion-20260826-native-bag-iteration-v2.stdout.txt
[info] Scanned reports/evidence/nal-parity-20260825-identity-hash-compat-batch.txt
[info] Scanned reports/evidence/nal-parity-20260825-nar-javastring-batch.txt
[info] Scanned reports/evidence/nal-parity-20260825-term-constructor-visibility-batch.txt
[info] Scanned reports/evidence/nal-parity-20260825-truth-revision-private-helper-batch.txt
[info] Scanned reports/evidence/npm-parity-local-20250825-set-type.txt
[info] Scanned reports/evidence/npm-parity-local-20250825-system.txt
[info] Scanned reports/evidence/npm-test-serial-20250825-anticipation-nullable.txt
[info] Scanned reports/evidence/npm-test-serial-20250825-system.txt
[info] Scanned reports/evidence/npm-test-serial-20260825-134500-test-node-null-narrowing.txt
[info] Scanned reports/evidence/npm-test-serial-20260825-150000-runtime-test-boundaries.txt
[info] Scanned reports/evidence/npm-test-serial-20260825-bag-final.txt
[info] Scanned reports/evidence/npm-test-serial-20260825-composite-factory.txt
[info] Scanned reports/evidence/npm-test-serial-20260825-compositional-rules-final.txt
[info] Scanned reports/evidence/npm-test-serial-20260825-compound-term-final.txt
[info] Scanned reports/evidence/npm-test-serial-20260825-concept-get-belief-null.txt
[info] Scanned reports/evidence/npm-test-serial-20260825-implication-fixed.txt
[info] Scanned reports/evidence/npm-test-serial-20260825-interval.txt
[info] Scanned reports/evidence/npm-test-serial-20260825-memory-final.txt
[info] Scanned reports/evidence/npm-test-serial-20260825-metrics-import.txt
[info] Scanned reports/evidence/npm-test-serial-20260825-nal-test-metrics.txt
[info] Scanned reports/evidence/npm-test-serial-20260825-output-condition-cycle.txt
[info] Scanned reports/evidence/npm-test-serial-20260825-process-goal-executable-precondition.txt
[info] Scanned reports/evidence/npm-test-serial-20260825-test-import-batch.txt
[info] Scanned reports/evidence/npm-test-serial-20260825-toothbrush-term-order.txt
[info] Scanned reports/evidence/npm-test-serial-20260825-variable-string-constructor.txt
[info] Scanned reports/evidence/npm-test-serial-20260825-variables-final.txt
[info] Scanned reports/evidence/parity-local-20260825-identity-hash-compat-batch.txt
[info] Scanned reports/evidence/parity-local-20260825-jree-double-compat-batch.txt
[info] Scanned reports/evidence/parity-local-20260825-nar-javastring-batch.txt
[info] Scanned reports/evidence/parity-local-20260825-set-factory-batch.txt
[info] Scanned reports/evidence/parity-local-20260825-shell-input-thread-batch.txt
[info] Scanned reports/evidence/parity-local-20260825-term-null-cache-batch.txt
[info] Scanned reports/evidence/parity-local-20260825-termlink-javastring-batch.txt
[info] Scanned reports/evidence/test-serial-20260825-arraylist-generic-inference-batch.txt
[info] Scanned reports/evidence/test-serial-20260825-boolean-or-batch.txt
[info] Scanned reports/evidence/test-serial-20260825-boxed-integer-count-batch.txt
[info] Scanned reports/evidence/test-serial-20260825-image-native-operator-batch.txt
[info] Scanned reports/evidence/test-serial-20260825-shell-cli-boundary-batch.txt
[info] Scanned reports/evidence/test-serial-20260825-short-array-batch.txt
[info] Scanned reports/evidence/nal-parity-20260825-internal-experience-javastring-batch.txt
[info] Scanned reports/evidence/nal-parity-20260825-logger-compat-batch.txt
[info] Scanned reports/evidence/nal-parity-20260825-product-overloads-batch.txt
[info] Scanned reports/evidence/nal-parity-20260825-shell-cli-boundary-batch.txt
[info] Scanned reports/evidence/nal-parity-20260825-shell-input-thread-batch.txt
[info] Scanned reports/evidence/nal-parity-20260825-terms-package-helper-batch.txt
[info] Scanned reports/evidence/npm-test-serial-20250825-configreader.txt
[info] Scanned reports/evidence/npm-test-serial-20260825-133500-javastring-system-operator.txt
[info] Scanned reports/evidence/npm-test-serial-20260825-134000-javastring-public-boundary.txt
[info] Scanned reports/evidence/npm-test-serial-20260825-140000-test-json-boundary-full.txt
[info] Scanned reports/evidence/npm-test-serial-20260825-140000-test-json-boundary.txt
[info] Scanned reports/evidence/npm-test-serial-20260825-anticipate-recheck.txt
[info] Scanned reports/evidence/npm-test-serial-20260825-current-belief-link-null.txt
[info] Scanned reports/evidence/npm-test-serial-20260825-derivation-context.txt
[info] Scanned reports/evidence/npm-test-serial-20260825-equivalence.txt
[info] Scanned reports/evidence/npm-test-serial-20260825-implication-failure-repro.txt
[info] Scanned reports/evidence/npm-test-serial-20260825-implication.txt
[info] Scanned reports/evidence/npm-test-serial-20260825-inheritance-final.txt
[info] Scanned reports/evidence/npm-test-serial-20260825-local-rules-final.txt
[info] Scanned reports/evidence/npm-test-serial-20260825-long-boundary.txt
[info] Scanned reports/evidence/npm-test-serial-20260825-m2-string-input-batch.txt
[info] Scanned reports/evidence/npm-test-serial-20260825-metrics-import-v3.txt
[info] Scanned reports/evidence/npm-test-serial-20260825-new-stamp-lazy-null.txt
[info] Scanned reports/evidence/npm-test-serial-20260825-null-initialization-batch.txt
[info] Scanned reports/evidence/npm-test-serial-20260825-perf-runtime-compat-target.txt
[info] Scanned reports/evidence/npm-test-serial-20260825-task-link-null-deque-long-string.txt
[info] Scanned reports/evidence/npm-test-serial-20260825-temporal-one-shot-metric.txt
[info] Scanned reports/evidence/npm-test-serial-20260825-temporal-rules.txt
[info] Scanned reports/evidence/npm-test-serial-20260825-truthfunctions.txt
[info] Scanned reports/evidence/npm-test-serial-20260825-variable-new-name.txt
[info] Scanned reports/evidence/npm-test-serial-20260825-variable.txt
[info] Scanned reports/evidence/npm-test-serial-20260825-variables-debug.txt
[info] Scanned reports/evidence/npm-test-serial-20260825-variables-failure-repro-fixed.txt
[info] Scanned reports/evidence/npm-test-serial-20260825-variables-failure-repro.txt
[info] Scanned reports/evidence/npm-test-serial-20260825-vision-channel-final.txt
[info] Scanned reports/evidence/m3-current-nal4-recursion-20260826-native-item-table-v1.stdout.txt
[info] Scanned reports/evidence/m3-current-nal4-recursion-20260826-v1.stdout.txt
[info] Scanned reports/evidence/nal-parity-20260825-sentence-javastring-batch.txt
[info] Scanned reports/evidence/nal-parity-20260825-short-array-batch.txt
[info] Scanned reports/evidence/nal-runner-semantics-20260825-m2-string-input-recheck.txt
[info] Scanned reports/evidence/nal-test-metrics-smoke-20260825.txt
[info] Scanned reports/evidence/npm-parity-local-20250825-anticipation-nullable.txt
[info] Scanned reports/evidence/npm-parity-local-20250825-configreader.txt
[info] Scanned reports/evidence/npm-test-serial-20250825-set-type.txt
[info] Scanned reports/evidence/npm-test-serial-20260825-135000-nal-runner-mjs-declarations.txt
[info] Scanned reports/evidence/npm-test-serial-20260825-144000-eventhandler-varargs.txt
[info] Scanned reports/evidence/npm-test-serial-20260825-anticipate-final.txt
[info] Scanned reports/evidence/npm-test-serial-20260825-concept-nullability-long-varargs.txt
[info] Scanned reports/evidence/npm-test-serial-20260825-conjunction.txt
[info] Scanned reports/evidence/npm-test-serial-20260825-derivation-context-lazy-fields.txt
[info] Scanned reports/evidence/npm-test-serial-20260825-emotions.txt
[info] Scanned reports/evidence/npm-test-serial-20260825-internalexperience.txt
[info] Scanned reports/evidence/npm-test-serial-20260825-java-boundary-batch.txt
[info] Scanned reports/evidence/npm-test-serial-20260825-metrics-import-v4.txt
[info] Scanned reports/evidence/npm-test-serial-20260825-narnode-compatibility-final.txt
[info] Scanned reports/evidence/npm-test-serial-20260825-perf-runtime-compat-v2.txt
[info] Scanned reports/evidence/npm-test-serial-20260825-process-judgment-question-optional.txt
[info] Scanned reports/evidence/npm-test-serial-20260825-ruletables.txt
[info] Scanned reports/evidence/npm-test-serial-20260825-structural-rules-final.txt
[info] Scanned reports/evidence/npm-test-serial-20260825-temporal-inference-control-null-list.txt
[info] Scanned reports/evidence/npm-test-serial-20260825-temporal-one-shot-metric-v2.txt
[info] Scanned reports/evidence/npm-test-serial-20260825-terms-final.txt
[info] Scanned reports/evidence/npm-test-serial-20260825-test-resource-boundary-v1.txt
[info] Scanned reports/evidence/parity-local-20260825-getclass-instance-batch.txt
[info] Scanned reports/evidence/parity-local-20260825-image-nullable-batch.txt
[info] Scanned reports/evidence/parity-local-20260825-internal-experience-javastring-batch.txt
[info] Scanned reports/evidence/parity-local-20260825-system-exit-compat-batch.txt
[info] Scanned reports/evidence/test-serial-20260825-conjunction-private-helper-batch.txt
[info] Scanned reports/evidence/test-serial-20260825-term-array-visitor-batch.txt
[info] Scanned reports/evidence/tsc-20260824-api-interface-import-batch.txt
[info] Scanned reports/evidence/tsc-20260824-java-char-sentence-batch.txt
[info] Scanned reports/evidence/tsc-20260824-java-interface-boundary-batch.txt
[info] Scanned reports/evidence/tsc-20260824-narsese-javastring-null-authoritative.txt
[info] Scanned reports/evidence/tsc-20260825-133500-javastring-system-operator-v2.txt
[info] Scanned reports/evidence/tsc-20260825-142000-termtest-boundary-v2.txt
[info] Scanned reports/evidence/tsc-20260825-anticipate-final.txt
[info] Scanned reports/evidence/tsc-20260825-local-rules-final.txt
[info] Scanned reports/evidence/tsc-20260825-nar-sensory-contract-final-v2.txt
[info] Scanned reports/evidence/tsc-20260825-null-initialization-batch.txt
[info] Scanned reports/evidence/tsc-20260825-operator-batch.txt
[info] Scanned reports/evidence/tsc-20260825-post-restart-authoritative.txt
[info] Scanned reports/evidence/tsc-20260825-post-ruletables-authoritative.txt
[info] Scanned reports/evidence/tsc-20260825-process-anticipation-batch.txt
[info] Scanned reports/evidence/tsc-20260825-resume-baseline.txt
[info] Scanned reports/evidence/tsc-20260825-structural-rules-final.txt
[info] Scanned reports/evidence/tsc-20260825-term-constructor-visibility-batch.txt
[info] Scanned reports/evidence/tsc-20260825-terms-final.txt
[info] Scanned reports/evidence/tsc-20260825-toothbrush-term-order-v2.txt
[info] Scanned reports/evidence/tsc-20260825-variables-final.txt
[info] Scanned reports/evidence/tsc-20260825-visibility-batch.txt
[info] Scanned reports/evidence/tsc-20260825-visualspace-batch.txt
[info] Scanned reports/evidence/test-serial-20260825-truth-revision-private-helper-batch.txt
[info] Scanned reports/evidence/tsc-20260824-item-budget-contract-authoritative.txt
[info] Scanned reports/evidence/tsc-20260824-item-inner-class-authoritative.txt
[info] Scanned reports/evidence/tsc-20260824-java-object-inheritance-authoritative.txt
[info] Scanned reports/evidence/tsc-20260824-type-import-boundary-authoritative.txt
[info] Scanned reports/evidence/tsc-20260825-conjunction-batch.txt
[info] Scanned reports/evidence/tsc-20260825-derivation-context-javastring-batch.txt
[info] Scanned reports/evidence/tsc-20260825-interval-final.txt
[info] Scanned reports/evidence/tsc-20260825-jree-exception-logger-v1.txt
[info] Scanned reports/evidence/tsc-20260825-logger-compat-batch.txt
[info] Scanned reports/evidence/tsc-20260825-test-import-batch.txt
[info] Scanned reports/evidence/tsc-20260825-truthfunctions-final.txt
[info] Scanned reports/evidence/tsc-20260825-variable-string-constructor.txt
[info] Scanned reports/evidence/parity-local-20260825-bag-field-initializers-batch.txt
[info] Scanned reports/evidence/parity-local-20260825-term-constructor-visibility-batch.txt
[info] Scanned reports/evidence/parity-local-20260825-term-get-string-batch.txt
[info] Scanned reports/evidence/parity-local-20260825-terms-package-helper-batch.txt
[info] Scanned reports/evidence/test-serial-20260825-image-nullable-batch.txt
[info] Scanned reports/evidence/test-serial-20260825-logger-compat-batch.txt
[info] Scanned reports/evidence/test-serial-20260825-set-factory-batch.txt
[info] Scanned reports/evidence/test-serial-20260825-term-constructor-visibility-batch.txt
[info] Scanned reports/evidence/test-serial-20260825-termlink-javastring-batch.txt
[info] Scanned reports/evidence/tsc-20260825-bag-final.txt
[info] Scanned reports/evidence/tsc-20260824-events-authoritative.txt
[info] Scanned reports/evidence/tsc-20260824-sentence-truth-nullable-authoritative.txt
[info] Scanned reports/evidence/tsc-20260825-125000-authoritative-long-boundary.txt
[info] Scanned reports/evidence/tsc-20260825-143000-apply-substitute-boundary-v2.txt
[info] Scanned reports/evidence/tsc-20260825-abbreviation-batch.txt
[info] Scanned reports/evidence/tsc-20260825-abstract-term-batch.txt
[info] Scanned reports/evidence/tsc-20260825-compound-term-final.txt
[info] Scanned reports/evidence/tsc-20260825-configreader-batch.txt
[info] Scanned reports/evidence/tsc-20260825-java-boundary-batch.txt
[info] Scanned reports/evidence/tsc-20260825-m2-string-input-batch.txt
[info] Scanned reports/evidence/tsc-20260825-memory-final.txt
[info] Scanned reports/evidence/tsc-20260825-module-exports-batch.txt
[info] Scanned reports/evidence/tsc-20260825-nal-test-metrics-v1.txt
[info] Scanned reports/evidence/tsc-20260825-operator-boundary-batch.txt
[info] Scanned reports/evidence/tsc-20260825-output-condition-cycle-v2.txt
[info] Scanned reports/evidence/tsc-20260825-ruletables-batch.txt
[info] Scanned reports/evidence/tsc-20260825-set-type-batch.txt
[info] Scanned reports/evidence/tsc-20260825-shell-input-thread-batch.txt
[info] Scanned reports/evidence/tsc-20260825-variable-new-name.txt
[info] Scanned reports/evidence/tsc-20260825-vision-channel-final.txt
[info] Scanned reports/evidence/tsc-20260825-visualspace-final.txt
[info] Scanned reports/evidence/parity-local-20260825-sentence-javastring-batch.txt
[info] Scanned reports/evidence/parity-local-20260825-tense-enum-batch.txt
[info] Scanned reports/evidence/test-node-variables-query-type-20260825-135500-rerun.txt
[info] Scanned reports/evidence/test-serial-20260825-abstract-term-batch.txt
[info] Scanned reports/evidence/test-serial-20260825-derivation-context-javastring-batch.txt
[info] Scanned reports/evidence/test-serial-20260825-jree-double-compat-batch.txt
[info] Scanned reports/evidence/ts-java-parity-20260824-compoundterm-m1-serial.stdout.txt
[info] Scanned reports/evidence/tsc-20260824-operator-mental-batch.txt
[info] Scanned reports/evidence/tsc-20260824-text-output-handler-authoritative.txt
[info] Scanned reports/evidence/tsc-20260825-140000-test-json-boundary-v2.txt
[info] Scanned reports/evidence/tsc-20260825-arraylist-generic-inference-batch.txt
[info] Scanned reports/evidence/tsc-20260825-composite-factory-final.txt
[info] Scanned reports/evidence/tsc-20260825-derivation-context-lazy-fields.txt
[info] Scanned reports/evidence/tsc-20260825-identity-hash-compat-batch.txt
[info] Scanned reports/evidence/tsc-20260825-m2-current.txt
[info] Scanned reports/evidence/tsc-20260825-process-goal-executable-precondition.txt
[info] Scanned reports/evidence/tsc-20260825-process-judgment-question-optional.txt
[info] Scanned reports/evidence/tsc-20260825-set-factory-batch.txt
[info] Scanned reports/evidence/tsc-20260825-terms-package-helper-batch.txt
[info] Scanned reports/evidence/parity-local-20260825-shell-cli-boundary-batch.txt
[info] Scanned reports/evidence/parity-local-20260825-truth-revision-private-helper-batch.txt
[info] Scanned reports/evidence/test-serial-20260825-clone-nullable-batch.txt
[info] Scanned reports/evidence/test-serial-20260825-term-null-cache-batch.txt
[info] Scanned reports/evidence/test-serial-20260825-terms-package-helper-batch.txt
[info] Scanned reports/evidence/tsc-20260824-operator-batch.txt
[info] Scanned reports/evidence/tsc-20260824-stamp-contract-authoritative.txt
[info] Scanned reports/evidence/tsc-20260825-budget-value-long-string.txt
[info] Scanned reports/evidence/tsc-20260825-compositional-rules-final.txt
[info] Scanned reports/evidence/tsc-20260825-derivation-context-batch.txt
[info] Scanned reports/evidence/tsc-20260825-diagnostic-taxonomy-baseline.txt
[info] Scanned reports/evidence/tsc-20260825-image-native-operator-batch.txt
[info] Scanned reports/evidence/tsc-20260825-internal-experience-javastring-batch.txt
[info] Scanned reports/evidence/tsc-20260825-internalexperience-batch.txt
[info] Scanned reports/evidence/tsc-20260825-internalexperience-final.txt
[info] Scanned reports/evidence/tsc-20260825-new-stamp-lazy-null.txt
[info] Scanned reports/evidence/tsc-20260825-product-overloads-batch.txt
[info] Scanned reports/evidence/tsc-20260825-system-import-batch.txt
[info] Scanned reports/evidence/tsc-20260825-term-array-visitor-batch.txt
[info] Scanned reports/evidence/tsc-20260825-truth-revision-private-helper-batch.txt
[info] Scanned reports/evidence/tsc-20260824-main-entry-imports-authoritative.txt
[info] Scanned reports/evidence/tsc-20260824-rule-language-import-batch.txt
[info] Scanned reports/evidence/tsc-20260824-symbols-char-map-authoritative.txt
[info] Scanned reports/evidence/tsc-20260824-thread-compat-authoritative.txt
[info] Scanned reports/evidence/tsc-20260825-141500-longterm-javastring-v1.txt
[info] Scanned reports/evidence/tsc-20260825-143000-m2-authoritative-after-2a736fa.txt
[info] Scanned reports/evidence/tsc-20260825-145000-outputcondition-boundary-v2.txt
[info] Scanned reports/evidence/tsc-20260825-150000-runtime-test-boundaries-v1.txt
[info] Scanned reports/evidence/tsc-20260825-bag-field-initializers-batch.txt
[info] Scanned reports/evidence/tsc-20260825-boxed-integer-count-batch.txt
[info] Scanned reports/evidence/tsc-20260825-clone-nullable-batch.txt
[info] Scanned reports/evidence/tsc-20260825-composite-factory-batch.txt
[info] Scanned reports/evidence/tsc-20260825-concept-nullability-long-varargs.txt
[info] Scanned reports/evidence/tsc-20260825-conjunction-private-helper-batch.txt
[info] Scanned reports/evidence/tsc-20260825-current-belief-link-null-v2.txt
[info] Scanned reports/evidence/tsc-20260825-equivalence-batch.txt
[info] Scanned reports/evidence/tsc-20260825-eventobserver-batch.txt
[info] Scanned reports/evidence/tsc-20260825-getclass-instance-batch.txt
[info] Scanned reports/evidence/tsc-20260825-image-nullable-batch.txt
[info] Scanned reports/evidence/tsc-20260825-jree-double-compat-batch.txt
[info] Scanned reports/evidence/tsc-20260825-module-exports-reverted.txt
[info] Scanned reports/evidence/tsc-20260825-narnode-compatibility-final-v2.txt
[info] Scanned reports/evidence/tsc-20260825-output-condition-types-v3.txt
[info] Scanned reports/evidence/tsc-20260825-system-exit-compat-batch.txt
[info] Scanned reports/evidence/tsc-20260825-task-link-null-deque-long-string.txt
[info] Scanned reports/evidence/tsc-20260825-temporal-inference-control-null-list.txt
[info] Scanned reports/evidence/tsc-20260825-term-get-string-batch.txt
[info] Scanned reports/evidence/tsc-20260825-variable-batch.txt
[info] Scanned reports/evidence/tsc-20260825-variable-constructor-overload-batch.txt
[info] Scanned reports/evidence/parity-local-20260825-arraylist-generic-inference-batch.txt
[info] Scanned reports/evidence/parity-local-20260825-boolean-or-batch.txt
[info] Scanned reports/evidence/parity-local-20260825-conjunction-private-helper-batch.txt
[info] Scanned reports/evidence/parity-local-20260825-image-native-operator-batch.txt
[info] Scanned reports/evidence/parity-local-20260825-java-exception-compat-batch.txt
[info] Scanned reports/evidence/parity-local-20260825-process-anticipation-batch.txt
[info] Scanned reports/evidence/parity-local-20260825-short-array-batch.txt
[info] Scanned reports/evidence/parity-local-20260825-term-array-visitor-batch.txt
[info] Scanned reports/evidence/parity-local-20260825-variable-constructor-overload-batch.txt
[info] Scanned reports/evidence/temporal-one-shot-metric-smoke-20260825.txt
[info] Scanned reports/evidence/test-serial-20260825-bag-field-initializers-batch.txt
[info] Scanned reports/evidence/test-serial-20260825-identity-hash-compat-batch.txt
[info] Scanned reports/evidence/test-serial-20260825-java-exception-compat-batch.txt
[info] Scanned reports/evidence/test-serial-20260825-process-anticipation-batch.txt
[info] Scanned reports/evidence/test-serial-20260825-sentence-javastring-batch.txt
[info] Scanned reports/evidence/test-serial-20260825-shell-input-thread-batch.txt
[info] Scanned reports/evidence/test-serial-20260825-tense-enum-batch.txt
[info] Scanned reports/evidence/test-serial-20260825-term-get-string-batch.txt
[info] Scanned reports/evidence/tsc-20260824-io-event-boundary-authoritative.txt
[info] Scanned reports/evidence/tsc-20260824-java-char-variable-batch.txt
[info] Scanned reports/evidence/tsc-20260824-plugin-interface-batch.txt
[info] Scanned reports/evidence/tsc-20260825-134000-javastring-public-boundary.txt
[info] Scanned reports/evidence/tsc-20260825-135000-nal-runner-mjs-declarations-v2.txt
[info] Scanned reports/evidence/tsc-20260825-anticipation-nullable-batch.txt
[info] Scanned reports/evidence/tsc-20260825-emotions-batch.txt
[info] Scanned reports/evidence/tsc-20260825-emotions-final.txt
[info] Scanned reports/evidence/tsc-20260825-implication-final.txt
[info] Scanned reports/evidence/tsc-20260825-inheritance-final.txt
[info] Scanned reports/evidence/tsc-20260825-java-exception-compat-batch.txt
[info] Scanned reports/evidence/perf-runtime-import-20260825.txt
[info] Scanned reports/evidence/test-serial-20260825-getclass-instance-batch.txt
[info] Scanned reports/evidence/test-serial-20260825-internal-experience-javastring-batch.txt
[info] Scanned reports/evidence/test-serial-20260825-nar-javastring-batch.txt
[info] Scanned reports/evidence/test-serial-20260825-native-operator-type-batch.txt
[info] Scanned reports/evidence/test-serial-20260825-product-overloads-batch.txt
[info] Scanned reports/evidence/test-serial-20260825-system-exit-compat-batch.txt
[info] Scanned reports/evidence/test-serial-20260825-variable-constructor-overload-batch.txt
[info] Scanned reports/evidence/ts-java-parity-20260824-compoundterm-m1-serial.stderr.txt
[info] Scanned reports/evidence/tsc-20260824-io-handler-contract-authoritative.txt
[info] Scanned reports/evidence/tsc-20260824-item-constructor-overload-authoritative.txt
[info] Scanned reports/evidence/tsc-20260825-134500-test-node-null-narrowing.txt
[info] Scanned reports/evidence/tsc-20260825-144000-eventhandler-varargs-v1.txt
[info] Scanned reports/evidence/tsc-20260825-boolean-or-batch.txt
[info] Scanned reports/evidence/tsc-20260825-concept-get-belief-null-v4-context-guards.txt
[info] Scanned reports/evidence/tsc-20260825-m2-resume-authoritative-v1.txt
[info] Scanned reports/evidence/tsc-20260825-output-condition-cycle-v1.txt
[info] Scanned reports/evidence/tsc-20260825-sentence-javastring-batch.txt
[info] Scanned reports/evidence/tsc-20260825-shell-cli-boundary-batch.txt
[info] Scanned reports/evidence/tsc-20260825-short-array-batch.txt
[info] Scanned reports/evidence/tsc-20260825-temporal-one-shot-metric-v1.txt
[info] Scanned reports/evidence/tsc-20260825-term-null-cache-batch.txt
[info] Scanned reports/evidence/tsc-20260825-termlink-javastring-batch.txt
[info] Scanned reports/evidence/tsc-20260825-toothbrush-term-order-v1.txt
[info] Scanned reports/evidence/tsc-20260825-truthfunctions-batch.txt
[info] Scanned reports/evidence/tsc-20260825-nar-javastring-batch.txt
[info] Scanned reports/evidence/tsc-20260825-native-operator-type-batch.txt
[info] Scanned reports/evidence/tsc-20260825-syllogistic-rules-final.txt
[info] Scanned reports/evidence/tsc-noemit-20260824-vision-fix.txt
[info] Scanned reports/evidence/tsc-20260825-perf-runtime-compat-final.txt
[info] Scanned reports/evidence/tsc-20260825-restart-authoritative.txt
[info] Scanned reports/evidence/tsc-20260825-temporal-rules-final.txt
[info] Scanned reports/evidence/tsc-20260825-tense-enum-batch.txt
[info] Scanned specs/001-ts-translation-assessment/README.md
[info] Scanned specs/001-ts-translation-assessment/plans.md
[info] Scanned specs/001-ts-translation-assessment/situation.md
[info] Scanned specs/002-ts-progress-report/README.md
[info] Scanned specs/002-ts-progress-report/progress.md
[info] Scanned specs/002-ts-progress-report/通用转译法.md
[info] Scanned specs/003-dependency-analyze-brief-plan/README.md
[info] Scanned specs/004-dependency-analyze-expanded/README.md
[info] Scanned specs/004-dependency-analyze-expanded/file_template.md
[info] Scanned specs/005-truthvalue-term-adapter/README.md
[info] Scanned specs/006-truthvalue-pure-ts/README.md
[info] Scanned specs/007-Texts-pure-ts/README.md
[info] Scanned specs/008-distributor-pure-ts/README.md
[info] Scanned specs/009-ts-java-source-headers/README.md
[info] Scanned specs/013-java-304-canonical-baseline/README.md
[info] Scanned specs/018-ts-functional-equivalence/README.md
[info] Scanned specs/019-tsc-zero-error-build/README.md
[info] Scanned specs/020-ts-performance-and-release/README.md
[info] Scanned specs/023-jree-removal-native-runtime/README.md
[info] Scanned specs/024-platform-neutral-core-host-adapters/README.md
[info] Scanned specs/003-dependency-analyze-brief-plan/tsc_checks/full_check.txt
[info] Scanned specs/003-dependency-analyze-brief-plan/tsc_checks/syntax_check.txt
[info] Scanned specs/003-dependency-analyze-brief-plan/workflow/roadmap.md
[info] Scanned specs/003-dependency-analyze-brief-plan/workflow/to_single_file.md
[info] Scanned specs/004-dependency-analyze-expanded/analysis/overview.md
[info] Scanned specs/004-dependency-analyze-expanded/analysis/control/DerivationContext.md
[info] Scanned specs/004-dependency-analyze-expanded/analysis/control/GeneralInferenceControl.md
[info] Scanned specs/004-dependency-analyze-expanded/analysis/control/TemporalInferenceControl.md
[info] Scanned specs/004-dependency-analyze-expanded/analysis/entity/BudgetValue.md
[info] Scanned specs/004-dependency-analyze-expanded/analysis/entity/Concept.md
[info] Scanned specs/004-dependency-analyze-expanded/analysis/entity/Item.md
[info] Scanned specs/004-dependency-analyze-expanded/analysis/entity/Sentence.md
[info] Scanned specs/004-dependency-analyze-expanded/analysis/entity/Stamp.md
[info] Scanned specs/004-dependency-analyze-expanded/analysis/entity/TLink.md
[info] Scanned specs/004-dependency-analyze-expanded/analysis/entity/Task.md
[info] Scanned specs/004-dependency-analyze-expanded/analysis/entity/TaskLink.md
[info] Scanned specs/004-dependency-analyze-expanded/analysis/entity/TermLink.md
[info] Scanned specs/004-dependency-analyze-expanded/analysis/entity/TruthValue.md
[info] Scanned specs/004-dependency-analyze-expanded/analysis/inference/BudgetFunctions.md
[info] Scanned specs/004-dependency-analyze-expanded/analysis/inference/CompositionalRules.md
[info] Scanned specs/004-dependency-analyze-expanded/analysis/inference/LocalRules.md
[info] Scanned specs/004-dependency-analyze-expanded/analysis/inference/RuleTables.md
[info] Scanned specs/004-dependency-analyze-expanded/analysis/inference/StructuralRules.md
[info] Scanned specs/004-dependency-analyze-expanded/analysis/inference/SyllogisticRules.md
[info] Scanned specs/004-dependency-analyze-expanded/analysis/inference/TemporalRules.md
[info] Scanned specs/004-dependency-analyze-expanded/analysis/inference/TruthFunctions.md
[info] Scanned specs/004-dependency-analyze-expanded/analysis/inference/UtilityFunctions.md
[info] Scanned specs/004-dependency-analyze-expanded/analysis/interfaces/Eventable.md
[info] Scanned specs/004-dependency-analyze-expanded/analysis/interfaces/InputFileConsumer.md
[info] Scanned specs/004-dependency-analyze-expanded/analysis/interfaces/Multistepable.md
[info] Scanned specs/004-dependency-analyze-expanded/analysis/interfaces/NarseseConsumer.md
[info] Scanned specs/004-dependency-analyze-expanded/analysis/interfaces/Pluggable.md
[info] Scanned specs/004-dependency-analyze-expanded/analysis/interfaces/Resettable.md
[info] Scanned specs/004-dependency-analyze-expanded/analysis/interfaces/SensoryChannelConsumer.md
[info] Scanned specs/004-dependency-analyze-expanded/analysis/interfaces/TaskConsumer.md
[info] Scanned specs/004-dependency-analyze-expanded/analysis/interfaces/Timable.md
[info] Scanned specs/004-dependency-analyze-expanded/analysis/io/ConfigReader.md
[info] Scanned specs/004-dependency-analyze-expanded/analysis/io/Narsese.md
[info] Scanned specs/004-dependency-analyze-expanded/analysis/io/Parser.md
[info] Scanned specs/004-dependency-analyze-expanded/analysis/io/Symbols.md
[info] Scanned specs/004-dependency-analyze-expanded/analysis/io/Texts.md
[info] Scanned specs/004-dependency-analyze-expanded/analysis/language/AbstractTerm.md
[info] Scanned specs/004-dependency-analyze-expanded/analysis/language/CompoundTerm.md
[info] Scanned specs/004-dependency-analyze-expanded/analysis/language/Conjunction.md
[info] Scanned specs/004-dependency-analyze-expanded/analysis/language/DifferenceExt.md
[info] Scanned specs/004-dependency-analyze-expanded/analysis/language/DifferenceInt.md
[info] Scanned specs/004-dependency-analyze-expanded/analysis/language/Disjunction.md
[info] Scanned specs/004-dependency-analyze-expanded/analysis/language/Equivalence.md
[info] Scanned specs/004-dependency-analyze-expanded/analysis/language/Image.md
[info] Scanned specs/004-dependency-analyze-expanded/analysis/language/ImageExt.md
[info] Scanned specs/004-dependency-analyze-expanded/analysis/language/ImageInt.md
[info] Scanned specs/004-dependency-analyze-expanded/analysis/language/Implication.md
[info] Scanned specs/004-dependency-analyze-expanded/analysis/language/Inheritance.md
[info] Scanned specs/004-dependency-analyze-expanded/analysis/language/Instance.md
[info] Scanned specs/004-dependency-analyze-expanded/analysis/language/InstanceProperty.md
[info] Scanned specs/004-dependency-analyze-expanded/analysis/language/IntersectionExt.md
[info] Scanned specs/004-dependency-analyze-expanded/analysis/language/IntersectionInt.md
[info] Scanned specs/004-dependency-analyze-expanded/analysis/language/Interval.md
[info] Scanned specs/004-dependency-analyze-expanded/analysis/language/Negation.md
[info] Scanned specs/004-dependency-analyze-expanded/analysis/language/Product.md
[info] Scanned specs/004-dependency-analyze-expanded/analysis/language/Property.md
[info] Scanned specs/004-dependency-analyze-expanded/analysis/language/SetExt.md
[info] Scanned specs/004-dependency-analyze-expanded/analysis/language/SetInt.md
[info] Scanned specs/004-dependency-analyze-expanded/analysis/language/SetTensional.md
[info] Scanned specs/004-dependency-analyze-expanded/analysis/language/Similarity.md
[info] Scanned specs/004-dependency-analyze-expanded/analysis/language/Statement.md
[info] Scanned specs/004-dependency-analyze-expanded/analysis/language/Tense.md
[info] Scanned specs/004-dependency-analyze-expanded/analysis/language/Term.md
[info] Scanned specs/004-dependency-analyze-expanded/analysis/language/Terms.md
[info] Scanned specs/004-dependency-analyze-expanded/analysis/language/Variable.md
[info] Scanned specs/004-dependency-analyze-expanded/analysis/language/Variables.md
[info] Scanned specs/004-dependency-analyze-expanded/analysis/main/Debug.md
[info] Scanned specs/004-dependency-analyze-expanded/analysis/main/Nar.md
[info] Scanned specs/004-dependency-analyze-expanded/analysis/main/NarNode.md
[info] Scanned specs/004-dependency-analyze-expanded/analysis/main/Parameters.md
[info] Scanned specs/004-dependency-analyze-expanded/analysis/main/Shell.md
[info] Scanned specs/004-dependency-analyze-expanded/analysis/operator/FunctionOperator.md
[info] Scanned specs/004-dependency-analyze-expanded/analysis/operator/ImaginationSpace.md
[info] Scanned specs/004-dependency-analyze-expanded/analysis/operator/NullOperator.md
[info] Scanned specs/004-dependency-analyze-expanded/analysis/operator/Operation.md
[info] Scanned specs/004-dependency-analyze-expanded/analysis/operator/Operator.md
[info] Scanned specs/004-dependency-analyze-expanded/analysis/plugin/Plugin.md
[info] Scanned specs/004-dependency-analyze-expanded/analysis/storage/Bag.md
[info] Scanned specs/004-dependency-analyze-expanded/analysis/storage/Distributor.md
[info] Scanned specs/004-dependency-analyze-expanded/analysis/storage/Memory.md
[info] Scanned specs/004-dependency-analyze-expanded/analysis/util/ListUtil.md
[info] Scanned specs/004-dependency-analyze-expanded/analysis/control/concept/ProcessAnticipation.md
[info] Scanned specs/004-dependency-analyze-expanded/analysis/control/concept/ProcessGoal.md
[info] Scanned specs/004-dependency-analyze-expanded/analysis/control/concept/ProcessJudgment.md
[info] Scanned specs/004-dependency-analyze-expanded/analysis/control/concept/ProcessQuestion.md
[info] Scanned specs/004-dependency-analyze-expanded/analysis/control/concept/ProcessTask.md
[info] Scanned specs/004-dependency-analyze-expanded/analysis/interfaces/pub/Reasoner.md
[info] Scanned specs/004-dependency-analyze-expanded/analysis/io/events/AnswerHandler.md
[info] Scanned specs/004-dependency-analyze-expanded/analysis/io/events/EventEmitter.md
[info] Scanned specs/004-dependency-analyze-expanded/analysis/io/events/EventHandler.md
[info] Scanned specs/004-dependency-analyze-expanded/analysis/io/events/Events.md
[info] Scanned specs/004-dependency-analyze-expanded/analysis/io/events/OutputHandler.md
[info] Scanned specs/004-dependency-analyze-expanded/analysis/io/events/TextOutputHandler.md
[info] Scanned specs/004-dependency-analyze-expanded/analysis/operator/mental/Anticipate.md
[info] Scanned specs/004-dependency-analyze-expanded/analysis/operator/mental/Believe.md
[info] Scanned specs/004-dependency-analyze-expanded/analysis/operator/mental/Consider.md
[info] Scanned specs/004-dependency-analyze-expanded/analysis/operator/mental/Doubt.md
[info] Scanned specs/004-dependency-analyze-expanded/analysis/operator/mental/Evaluate.md
[info] Scanned specs/004-dependency-analyze-expanded/analysis/operator/mental/Feel.md
[info] Scanned specs/004-dependency-analyze-expanded/analysis/operator/mental/FeelBusy.md
[info] Scanned specs/004-dependency-analyze-expanded/analysis/operator/mental/FeelSatisfied.md
[info] Scanned specs/004-dependency-analyze-expanded/analysis/operator/mental/Hesitate.md
[info] Scanned specs/004-dependency-analyze-expanded/analysis/operator/mental/Name.md
[info] Scanned specs/004-dependency-analyze-expanded/analysis/operator/mental/Register.md
[info] Scanned specs/004-dependency-analyze-expanded/analysis/operator/mental/Remind.md
[info] Scanned specs/004-dependency-analyze-expanded/analysis/operator/mental/Want.md
[info] Scanned specs/004-dependency-analyze-expanded/analysis/operator/mental/Wonder.md
[info] Scanned specs/004-dependency-analyze-expanded/analysis/operator/misc/Add.md
[info] Scanned specs/004-dependency-analyze-expanded/analysis/operator/misc/Count.md
[info] Scanned specs/004-dependency-analyze-expanded/analysis/operator/misc/Reflect.md
[info] Scanned specs/004-dependency-analyze-expanded/analysis/operator/misc/System.md
[info] Scanned specs/004-dependency-analyze-expanded/analysis/plugin/mental/Abbreviation.md
[info] Scanned specs/004-dependency-analyze-expanded/analysis/plugin/mental/ComplexEmotions.md
[info] Scanned specs/004-dependency-analyze-expanded/analysis/plugin/mental/Counting.md
[info] Scanned specs/004-dependency-analyze-expanded/analysis/plugin/mental/Emotions.md
[info] Scanned specs/004-dependency-analyze-expanded/analysis/plugin/mental/InternalExperience.md
[info] Scanned specs/004-dependency-analyze-expanded/analysis/plugin/perception/SensoryChannel.md
[info] Scanned specs/004-dependency-analyze-expanded/analysis/plugin/perception/VisionChannel.md
[info] Scanned specs/004-dependency-analyze-expanded/analysis/plugin/perception/VisualSpace.md
[info] Scanned .local/run/current-jree-files.txt
[info] Scanned .local/304-ts-assets/OpenNARS-304-java-canonical-fixed-build/CHANGELOG.md
[info] Scanned .local/304-ts-assets/OpenNARS-304-java-canonical-fixed-build/CODE_OF_CONDUCT.md
[info] Scanned .local/304-ts-assets/OpenNARS-304-java-canonical-fixed-build/CONTRIBUTING.md
[info] Scanned .local/304-ts-assets/OpenNARS-304-java-canonical-fixed-build/CONTRIBUTORS.md
[info] Scanned .local/304-ts-assets/OpenNARS-304-java-canonical-fixed-build/README.md
[info] Scanned .local/304-ts-assets/OpenNARS-304-java-canonical-fixed-build/构建经验.md
[info] Scanned .local/304-ts-assets/OpenNARS-304-java-canonical-fixed-build/ob-notes/control/DerivationContext.md
[info] Scanned .local/304-ts-assets/OpenNARS-304-java-canonical-fixed-build/ob-notes/control/GeneralInferenceControl.md
[info] Scanned .local/304-ts-assets/OpenNARS-304-java-canonical-fixed-build/ob-notes/control/TemporalInferenceControl.md
[info] Scanned .local/304-ts-assets/OpenNARS-304-java-canonical-fixed-build/ob-notes/entity/BudgetValue.md
[info] Scanned .local/304-ts-assets/OpenNARS-304-java-canonical-fixed-build/ob-notes/entity/Concept.md
[info] Scanned .local/304-ts-assets/OpenNARS-304-java-canonical-fixed-build/ob-notes/entity/Item.md
[info] Scanned .local/304-ts-assets/OpenNARS-304-java-canonical-fixed-build/ob-notes/entity/Sentence.md
[info] Scanned .local/304-ts-assets/OpenNARS-304-java-canonical-fixed-build/ob-notes/entity/Stamp.md
[info] Scanned .local/304-ts-assets/OpenNARS-304-java-canonical-fixed-build/ob-notes/entity/Task.md
[info] Scanned .local/304-ts-assets/OpenNARS-304-java-canonical-fixed-build/ob-notes/entity/TaskLink.md
[info] Scanned .local/304-ts-assets/OpenNARS-304-java-canonical-fixed-build/ob-notes/entity/TermLink.md
[info] Scanned .local/304-ts-assets/OpenNARS-304-java-canonical-fixed-build/ob-notes/entity/TLink.md
[info] Scanned .local/304-ts-assets/OpenNARS-304-java-canonical-fixed-build/ob-notes/entity/TruthValue.md
[info] Scanned .local/304-ts-assets/OpenNARS-304-java-canonical-fixed-build/ob-notes/inference/BudgetFunctions.md
[info] Scanned .local/304-ts-assets/OpenNARS-304-java-canonical-fixed-build/ob-notes/inference/CompositionalRules.md
[info] Scanned .local/304-ts-assets/OpenNARS-304-java-canonical-fixed-build/ob-notes/inference/LocalRules.md
[info] Scanned .local/304-ts-assets/OpenNARS-304-java-canonical-fixed-build/ob-notes/inference/RuleTables.md
[info] Scanned .local/304-ts-assets/OpenNARS-304-java-canonical-fixed-build/ob-notes/inference/StructuralRules.md
[info] Scanned .local/304-ts-assets/OpenNARS-304-java-canonical-fixed-build/ob-notes/inference/SyllogisticRules.md
[info] Scanned .local/304-ts-assets/OpenNARS-304-java-canonical-fixed-build/ob-notes/inference/TemporalRules.md
[info] Scanned .local/304-ts-assets/OpenNARS-304-java-canonical-fixed-build/ob-notes/inference/TruthFunctions.md
[info] Scanned .local/304-ts-assets/OpenNARS-304-java-canonical-fixed-build/ob-notes/inference/UtilityFunctions.md
[info] Scanned .local/304-ts-assets/OpenNARS-304-java-canonical-fixed-build/ob-notes/interfaces/Eventable.md
[info] Scanned .local/304-ts-assets/OpenNARS-304-java-canonical-fixed-build/ob-notes/interfaces/InputFileConsumer.md
[info] Scanned .local/304-ts-assets/OpenNARS-304-java-canonical-fixed-build/ob-notes/interfaces/Multistepable.md
[info] Scanned .local/304-ts-assets/OpenNARS-304-java-canonical-fixed-build/ob-notes/interfaces/NarseseConsumer.md
[info] Scanned .local/304-ts-assets/OpenNARS-304-java-canonical-fixed-build/ob-notes/interfaces/Pluggable.md
[info] Scanned .local/304-ts-assets/OpenNARS-304-java-canonical-fixed-build/ob-notes/interfaces/Resettable.md
[info] Scanned .local/304-ts-assets/OpenNARS-304-java-canonical-fixed-build/ob-notes/interfaces/SensoryChannelConsumer.md
[info] Scanned .local/304-ts-assets/OpenNARS-304-java-canonical-fixed-build/ob-notes/interfaces/TaskConsumer.md
[info] Scanned .local/304-ts-assets/OpenNARS-304-java-canonical-fixed-build/ob-notes/interfaces/Timable.md
[info] Scanned .local/304-ts-assets/OpenNARS-304-java-canonical-fixed-build/ob-notes/io/ConfigReader.md
[info] Scanned .local/304-ts-assets/OpenNARS-304-java-canonical-fixed-build/ob-notes/io/Narsese.md
[info] Scanned .local/304-ts-assets/OpenNARS-304-java-canonical-fixed-build/ob-notes/io/Parser.md
[info] Scanned .local/304-ts-assets/OpenNARS-304-java-canonical-fixed-build/ob-notes/io/Symbols.md
[info] Scanned .local/304-ts-assets/OpenNARS-304-java-canonical-fixed-build/ob-notes/io/Texts.md
[info] Scanned .local/304-ts-assets/OpenNARS-304-java-canonical-fixed-build/ob-notes/language/AbstractTerm.md
[info] Scanned .local/304-ts-assets/OpenNARS-304-java-canonical-fixed-build/ob-notes/language/CompoundTerm.md
[info] Scanned .local/304-ts-assets/OpenNARS-304-java-canonical-fixed-build/ob-notes/language/Conjunction.md
[info] Scanned .local/304-ts-assets/OpenNARS-304-java-canonical-fixed-build/ob-notes/language/DifferenceExt.md
[info] Scanned .local/304-ts-assets/OpenNARS-304-java-canonical-fixed-build/ob-notes/language/DifferenceInt.md
[info] Scanned .local/304-ts-assets/OpenNARS-304-java-canonical-fixed-build/ob-notes/language/Disjunction.md
[info] Scanned .local/304-ts-assets/OpenNARS-304-java-canonical-fixed-build/ob-notes/language/Equivalence.md
[info] Scanned .local/304-ts-assets/OpenNARS-304-java-canonical-fixed-build/ob-notes/language/Image.md
[info] Scanned .local/304-ts-assets/OpenNARS-304-java-canonical-fixed-build/ob-notes/language/ImageExt.md
[info] Scanned .local/304-ts-assets/OpenNARS-304-java-canonical-fixed-build/ob-notes/language/ImageInt.md
[info] Scanned .local/304-ts-assets/OpenNARS-304-java-canonical-fixed-build/ob-notes/language/Implication.md
[info] Scanned .local/304-ts-assets/OpenNARS-304-java-canonical-fixed-build/ob-notes/language/Inheritance.md
[info] Scanned .local/304-ts-assets/OpenNARS-304-java-canonical-fixed-build/ob-notes/language/Instance.md
[info] Scanned .local/304-ts-assets/OpenNARS-304-java-canonical-fixed-build/ob-notes/language/InstanceProperty.md
[info] Scanned .local/304-ts-assets/OpenNARS-304-java-canonical-fixed-build/ob-notes/language/IntersectionExt.md
[info] Scanned .local/304-ts-assets/OpenNARS-304-java-canonical-fixed-build/ob-notes/language/IntersectionInt.md
[info] Scanned .local/304-ts-assets/OpenNARS-304-java-canonical-fixed-build/ob-notes/language/Interval.md
[info] Scanned .local/304-ts-assets/OpenNARS-304-java-canonical-fixed-build/ob-notes/language/Negation.md
[info] Scanned .local/304-ts-assets/OpenNARS-304-java-canonical-fixed-build/ob-notes/language/Product.md
[info] Scanned .local/304-ts-assets/OpenNARS-304-java-canonical-fixed-build/ob-notes/language/Property.md
[info] Scanned .local/304-ts-assets/OpenNARS-304-java-canonical-fixed-build/ob-notes/language/SetExt.md
[info] Scanned .local/304-ts-assets/OpenNARS-304-java-canonical-fixed-build/ob-notes/language/SetInt.md
[info] Scanned .local/304-ts-assets/OpenNARS-304-java-canonical-fixed-build/ob-notes/language/SetTensional.md
[info] Scanned .local/304-ts-assets/OpenNARS-304-java-canonical-fixed-build/ob-notes/language/Similarity.md
[info] Scanned .local/304-ts-assets/OpenNARS-304-java-canonical-fixed-build/ob-notes/language/Statement.md
[info] Scanned .local/304-ts-assets/OpenNARS-304-java-canonical-fixed-build/ob-notes/language/Tense.md
[info] Scanned .local/304-ts-assets/OpenNARS-304-java-canonical-fixed-build/ob-notes/language/Term.md
[info] Scanned .local/304-ts-assets/OpenNARS-304-java-canonical-fixed-build/ob-notes/language/Terms.md
[info] Scanned .local/304-ts-assets/OpenNARS-304-java-canonical-fixed-build/ob-notes/language/Variable.md
[info] Scanned .local/304-ts-assets/OpenNARS-304-java-canonical-fixed-build/ob-notes/language/Variables.md
[info] Scanned .local/304-ts-assets/OpenNARS-304-java-canonical-fixed-build/ob-notes/main/Nar.md
[info] Scanned .local/304-ts-assets/OpenNARS-304-java-canonical-fixed-build/ob-notes/main/NarNode.md
[info] Scanned .local/304-ts-assets/OpenNARS-304-java-canonical-fixed-build/ob-notes/main/overview.html.md
[info] Scanned .local/304-ts-assets/OpenNARS-304-java-canonical-fixed-build/ob-notes/main/Shell.md
[info] Scanned .local/304-ts-assets/OpenNARS-304-java-canonical-fixed-build/ob-notes/operator/FunctionOperator.md
[info] Scanned .local/304-ts-assets/OpenNARS-304-java-canonical-fixed-build/ob-notes/operator/ImaginationSpace.md
[info] Scanned .local/304-ts-assets/OpenNARS-304-java-canonical-fixed-build/ob-notes/operator/NullOperator.md
[info] Scanned .local/304-ts-assets/OpenNARS-304-java-canonical-fixed-build/ob-notes/operator/Operation.md
[info] Scanned .local/304-ts-assets/OpenNARS-304-java-canonical-fixed-build/ob-notes/operator/Operator.md
[info] Scanned .local/304-ts-assets/OpenNARS-304-java-canonical-fixed-build/ob-notes/parameter/Debug.md
[info] Scanned .local/304-ts-assets/OpenNARS-304-java-canonical-fixed-build/ob-notes/parameter/Parameters.md
[info] Scanned .local/304-ts-assets/OpenNARS-304-java-canonical-fixed-build/ob-notes/plugin/Plugin.md
[info] Scanned .local/304-ts-assets/OpenNARS-304-java-canonical-fixed-build/ob-notes/storage/Bag.md
[info] Scanned .local/304-ts-assets/OpenNARS-304-java-canonical-fixed-build/ob-notes/storage/Distributor.md
[info] Scanned .local/304-ts-assets/OpenNARS-304-java-canonical-fixed-build/ob-notes/storage/Memory.md
[info] Scanned .local/304-ts-assets/OpenNARS-304-java-canonical-fixed-build/ob-notes/util/ListUtil.md
[info] Scanned .local/304-ts-assets/OpenNARS-304-java-canonical-fixed-build/ob-notes/control/concept/ProcessAnticipation.md
[info] Scanned .local/304-ts-assets/OpenNARS-304-java-canonical-fixed-build/ob-notes/control/concept/ProcessGoal.md
[info] Scanned .local/304-ts-assets/OpenNARS-304-java-canonical-fixed-build/ob-notes/control/concept/ProcessJudgment.md
[info] Scanned .local/304-ts-assets/OpenNARS-304-java-canonical-fixed-build/ob-notes/control/concept/ProcessQuestion.md
[info] Scanned .local/304-ts-assets/OpenNARS-304-java-canonical-fixed-build/ob-notes/control/concept/ProcessTask.md
[info] Scanned .local/304-ts-assets/OpenNARS-304-java-canonical-fixed-build/ob-notes/interfaces/pub/Reasoner.md
[info] Scanned .local/304-ts-assets/OpenNARS-304-java-canonical-fixed-build/ob-notes/io/events/AnswerHandler.md
[info] Scanned .local/304-ts-assets/OpenNARS-304-java-canonical-fixed-build/ob-notes/io/events/EventEmitter.md
[info] Scanned .local/304-ts-assets/OpenNARS-304-java-canonical-fixed-build/ob-notes/io/events/EventHandler.md
[info] Scanned .local/304-ts-assets/OpenNARS-304-java-canonical-fixed-build/ob-notes/io/events/Events.md
[info] Scanned .local/304-ts-assets/OpenNARS-304-java-canonical-fixed-build/ob-notes/io/events/OutputHandler.md
[info] Scanned .local/304-ts-assets/OpenNARS-304-java-canonical-fixed-build/ob-notes/io/events/TextOutputHandler.md
[info] Scanned .local/304-ts-assets/OpenNARS-304-java-canonical-fixed-build/ob-notes/operator/mental/Anticipate.md
[info] Scanned .local/304-ts-assets/OpenNARS-304-java-canonical-fixed-build/ob-notes/operator/mental/Believe.md
[info] Scanned .local/304-ts-assets/OpenNARS-304-java-canonical-fixed-build/ob-notes/operator/mental/Consider.md
[info] Scanned .local/304-ts-assets/OpenNARS-304-java-canonical-fixed-build/ob-notes/operator/mental/Doubt.md
[info] Scanned .local/304-ts-assets/OpenNARS-304-java-canonical-fixed-build/ob-notes/operator/mental/Evaluate.md
[info] Scanned .local/304-ts-assets/OpenNARS-304-java-canonical-fixed-build/ob-notes/operator/mental/Feel.md
[info] Scanned .local/304-ts-assets/OpenNARS-304-java-canonical-fixed-build/ob-notes/operator/mental/FeelBusy.md
[info] Scanned .local/304-ts-assets/OpenNARS-304-java-canonical-fixed-build/ob-notes/operator/mental/FeelSatisfied.md
[info] Scanned .local/304-ts-assets/OpenNARS-304-java-canonical-fixed-build/ob-notes/operator/mental/Hesitate.md
[info] Scanned .local/304-ts-assets/OpenNARS-304-java-canonical-fixed-build/ob-notes/operator/mental/Name.md
[info] Scanned .local/304-ts-assets/OpenNARS-304-java-canonical-fixed-build/ob-notes/operator/mental/Register.md
[info] Scanned .local/304-ts-assets/OpenNARS-304-java-canonical-fixed-build/ob-notes/operator/mental/Remind.md
[info] Scanned .local/304-ts-assets/OpenNARS-304-java-canonical-fixed-build/ob-notes/operator/mental/Want.md
[info] Scanned .local/304-ts-assets/OpenNARS-304-java-canonical-fixed-build/ob-notes/operator/mental/Wonder.md
[info] Scanned .local/304-ts-assets/OpenNARS-304-java-canonical-fixed-build/ob-notes/operator/misc/Add.md
[info] Scanned .local/304-ts-assets/OpenNARS-304-java-canonical-fixed-build/ob-notes/operator/misc/Count.md
[info] Scanned .local/304-ts-assets/OpenNARS-304-java-canonical-fixed-build/ob-notes/operator/misc/Reflect.md
[info] Scanned .local/304-ts-assets/OpenNARS-304-java-canonical-fixed-build/ob-notes/operator/misc/System.md
[info] Scanned .local/304-ts-assets/OpenNARS-304-java-canonical-fixed-build/ob-notes/plugin/mental/Abbreviation.md
[info] Scanned .local/304-ts-assets/OpenNARS-304-java-canonical-fixed-build/ob-notes/plugin/mental/ComplexEmotions.md
[info] Scanned .local/304-ts-assets/OpenNARS-304-java-canonical-fixed-build/ob-notes/plugin/mental/Counting.md
[info] Scanned .local/304-ts-assets/OpenNARS-304-java-canonical-fixed-build/ob-notes/plugin/mental/Emotions.md
[info] Scanned .local/304-ts-assets/OpenNARS-304-java-canonical-fixed-build/ob-notes/plugin/mental/InternalExperience.md
[info] Scanned .local/304-ts-assets/OpenNARS-304-java-canonical-fixed-build/ob-notes/plugin/perception/SensoryChannel.md
[info] Scanned .local/304-ts-assets/OpenNARS-304-java-canonical-fixed-build/ob-notes/plugin/perception/VisionChannel.md
[info] Scanned .local/304-ts-assets/OpenNARS-304-java-canonical-fixed-build/ob-notes/plugin/perception/VisualSpace.md
[info] Scanned .local/304-ts-assets/OpenNARS-304-java-canonical-fixed-build/src/main/resources/nal/single_step/README.txt
[info] Scanned .local/304-ts-assets/OpenNARS-304-java-canonical-fixed-build/target/surefire-reports/org.opennars.core.ApplySubstituteTest.txt
[info] Scanned .local/304-ts-assets/OpenNARS-304-java-canonical-fixed-build/target/surefire-reports/org.opennars.core.AttentionTest.txt
[info] Scanned .local/304-ts-assets/OpenNARS-304-java-canonical-fixed-build/target/surefire-reports/org.opennars.core.bag.BagIteratorTest.txt
[info] Scanned .local/304-ts-assets/OpenNARS-304-java-canonical-fixed-build/target/surefire-reports/org.opennars.core.bag.BagOperationsTest.txt
[info] Scanned .local/304-ts-assets/OpenNARS-304-java-canonical-fixed-build/target/surefire-reports/org.opennars.core.NALTest.txt
[info] Scanned .local/304-ts-assets/OpenNARS-304-java-canonical-fixed-build/target/surefire-reports/org.opennars.core.NarNodeTest.txt
[info] Scanned .local/304-ts-assets/OpenNARS-304-java-canonical-fixed-build/target/surefire-reports/org.opennars.core.ReplaceIntervalTest.txt
[info] Scanned .local/304-ts-assets/OpenNARS-304-java-canonical-fixed-build/target/surefire-reports/org.opennars.core.SaveLoadMemoryTest.txt
[info] Scanned .local/304-ts-assets/OpenNARS-304-java-canonical-fixed-build/target/surefire-reports/org.opennars.core.StabilityTest.txt
[info] Scanned .local/304-ts-assets/OpenNARS-304-java-canonical-fixed-build/target/surefire-reports/org.opennars.core.TermTest.txt
[info] Scanned .local/304-ts-assets/OpenNARS-304-java-canonical-fixed-build/target/surefire-reports/org.opennars.core.TestStamp.txt
[info] Scanned .local/304-ts-assets/OpenNARS-304-java-canonical-fixed-build/target/surefire-reports/org.opennars.core.UnificationTest.txt
[info] Scanned .local/304-ts-assets/OpenNARS-304-java-canonical-fixed-build/target/surefire-reports/org.opennars.core.VariableTest.txt
[info] Scanned .local/304-ts-assets/OpenNARS-304-java-canonical-fixed-build/target/surefire-reports/org.opennars.ops.TestSystemOperator.txt
[info] Scanned .local/304-ts-assets/OpenNARS-304-java-canonical-fixed-build/target/surefire-reports/org.opennars.util.TextsTest.txt
[info] Scanned .local/304-ts-assets/OpenNARS-304-java-canonical-fixed-build/target/classes/nal/single_step/README.txt
[info] Scanned 1187 files under PosixPath('<termux-project-root>').

[ok] No encoding anomalies were found.
[info] Wrote JSON report to scripts/checking/hanzi-report.json
